
> igs-wdio-framework@1.0.0 web
> npm run clean && wdio run config/wdio.web.config.ts


> igs-wdio-framework@1.0.0 clean
> rimraf dist/ allure-results/ allure-report/ timeline-reports/

node.exe : 2026-03-12T07:12:55.476Z WARN @wdio/config:ConfigParser: pattern 
./test/specs/mobile.simple.spec.ts did not match any file
At line:1 char:1
+ & "C:\Program Files\nodejs/node.exe" "C:\Program Files\nodejs/node_mo ...
+ ~~~~~~~~~~~~~~~~~~~~~~~~~~~~~~~~~~~~~~~~~~~~~~~~~~~~~~~~~~~~~~~~~~~~~
    + CategoryInfo          : NotSpecified: (2026-03-12T07:1... match any file 
   :String) [], RemoteException
    + FullyQualifiedErrorId : NativeCommandError
 
2026-03-12T07:12:55.478Z WARN @wdio/config:ConfigParser: pattern 
./test/specs/api.simple.spec.ts did not match any file
2026-03-12T07:12:55.480Z WARN @wdio/config:ConfigParser: pattern 
./test/specs/multiremote.simple.spec.ts did not match any file

Execution of 1 workers started at 2026-03-12T07:12:55.481Z

2026-03-12T07:12:55.504Z INFO @wdio/cli:launcher: Run onPrepare hook
2026-03-12T07:12:55.505Z INFO @wdio/utils: Setting up browser driver for: chrome@stable
2026-03-12T07:12:55.506Z INFO @wdio/utils: Setting up browser binaries for: chrome@stable
2026-03-12T07:12:55.509Z INFO webdriver: Using Chromedriver v145.0.7632.160 from cache directory C:\Users\Santhosh\AppData\Local\Temp
2026-03-12T07:12:55.513Z WARN @wdio/config:ConfigParser: pattern 
./test/specs/mobile.simple.spec.ts did not match any file
2026-03-12T07:12:55.514Z WARN @wdio/config:ConfigParser: pattern 
./test/specs/api.simple.spec.ts did not match any file
2026-03-12T07:12:55.515Z WARN @wdio/config:ConfigParser: pattern 
./test/specs/multiremote.simple.spec.ts did not match any file
2026-03-12T07:12:55.516Z INFO @wdio/cli:launcher: Run onWorkerStart hook
2026-03-12T07:12:55.516Z INFO @wdio/xvfb: XvfbManager.init() called
2026-03-12T07:12:55.517Z INFO @wdio/xvfb: Xvfb not needed on current platform
2026-03-12T07:12:55.518Z INFO @wdio/local-runner: Start worker 0-0 with arg: run config/wdio.web.config.ts
2026-03-12T07:12:55.539Z INFO @wdio/xvfb:ProcessFactory: xvfb-run not found, falling back to regular fork
2026-03-12T07:12:55.539Z INFO @wdio/xvfb:ProcessFactory: ProcessFactory: shouldRun=false, isAvailable=false
2026-03-12T07:12:55.539Z INFO @wdio/xvfb:ProcessFactory: Creating worker process with regular fork
[0-0] 2026-03-12T07:12:56.499Z INFO @wdio/local-runner: Run worker command: run
[0-0] [dotenv@17.2.1] injecting env (0) from .env -- tip: ÔÜÖ´©Å  override existing env vars with { override: true }
[0-0] RUNNING in chrome - file:///C:/MobileAutomation/igs-wdio-framework-main/test/specs/sanity.spec.ts
[0-0] 2026-03-12T07:12:57.557Z INFO webdriver: Initiate new session using the WebDriver protocol
[0-0] 2026-03-12T07:12:57.748Z INFO webdriver: Using Chromedriver v145.0.7632.160 from cache directory C:\Users\Santhosh\AppData\Local\Temp
[0-0] 2026-03-12T07:12:57.773Z INFO chromedriver: Starting ChromeDriver 145.0.7632.160 (662e0d7961bd91ebe77fe6c52f369e45647af51c-refs/branch-heads/7632@{#3674}) on port 63685
[0-0] 2026-03-12T07:12:57.774Z INFO chromedriver: Remote connections are allowed by an allowlist (0.0.0.0).
[0-0] 2026-03-12T07:12:57.774Z INFO chromedriver: Please see https://chromedriver.chromium.org/security-considerations for suggestions on keeping ChromeDriver safe.
[0-0] 2026-03-12T07:12:57.779Z INFO chromedriver: ChromeDriver was started successfully on port 63685.
[0-0] 2026-03-12T07:12:57.877Z INFO @wdio/utils: Started Chromedriver v145.0.7632.160 with params --port=63685 --allowed-origins=* --allowed-ips=0.0.0.0 in 137ms on port 63685
[0-0] 2026-03-12T07:12:57.881Z INFO webdriver: [POST] http://localhost:63685/session
[0-0] 2026-03-12T07:12:58.627Z INFO webdriver: Register BiDi handler for session with id 5d2a52135f3ca42c5a09df103853a5d9
[0-0] 2026-03-12T07:12:58.628Z INFO webdriver: Connecting to webSocketUrl ws://127.0.0.1:63685/session/5d2a52135f3ca42c5a09df103853a5d9
[0-0] 2026-03-12T07:12:58.659Z INFO webdriver: Connected to Bidi protocol at ws://127.0.0.1:63685/session/5d2a52135f3ca42c5a09df103853a5d9
[0-0] 2026-03-12T07:12:58.660Z INFO webdriver: Connected to WebDriver Bidi interface at ws://127.0.0.1:63685/session/5d2a52135f3ca42c5a09df103853a5d9
[0-0] 2026-03-12T07:12:58.663Z INFO webdriver: COMMAND getWindowHandle()
[0-0] 2026-03-12T07:12:58.666Z INFO webdriver: BIDI COMMAND browsingContext.getTree {}
[0-0] 2026-03-12T07:12:58.670Z INFO webdriver: BIDI COMMAND session.subscribe {"events":["browsingContext.contextCreated"]}
[0-0] 2026-03-12T07:12:58.671Z INFO webdriver: BIDI COMMAND session.subscribe {"events":["log.entryAdded","browsingContext.navigationStarted"]}
[0-0] 2026-03-12T07:12:58.671Z INFO webdriver: BIDI COMMAND script.addPreloadScript { functionDeclaration: <PreloadScript[1319 bytes]>, contexts: undefined }
[0-0] 2026-03-12T07:12:58.672Z INFO webdriver: BIDI COMMAND session.subscribe {"events":["browsingContext.navigationStarted","browsingContext.fragmentNavigated","network.responseCompleted","network.beforeRequestSent","network.fetchError"]}
[0-0] 2026-03-12T07:12:58.673Z INFO webdriver: BIDI COMMAND session.subscribe {"events":["browsingContext.userPromptOpened"]}
[0-0] 2026-03-12T07:12:58.674Z INFO webdriver: [GET] http://localhost:63685/session/5d2a52135f3ca42c5a09df103853a5d9/window
[0-0] 2026-03-12T07:12:58.677Z INFO webdriver: BIDI COMMAND session.subscribe {"events":["browsingContext.navigationStarted"]}
[0-0] 2026-03-12T07:12:58.685Z INFO webdriver: RESULT 71570B84A100E7D5AC5A43C7AC995386
[0-0] 2026-03-12T07:12:58.693Z INFO webdriver: BIDI RESULT {"id":1,"result":{"contexts":[{"children":[],"clientWindow":"423640912","context":"71570B84A100E7D5AC5A43C7AC995386","originalOpener":null,"parent":null,"url":"about:blank","userContext":"default"}]},"type":"success"}
[0-0] 2026-03-12T07:12:58.695Z INFO webdriverio:PolyfillManager: Adding polyfill script to context with id 71570B84A100E7D5AC5A43C7AC995386
[0-0] 2026-03-12T07:12:58.695Z INFO webdriver: BIDI COMMAND script.callFunction {"functionDeclaration":"<Function[443 bytes] webdriverioPolyfill>","target":{"children":[],"clientWindow":"423640912","context":"71570B84A100E7D5AC5A43C7AC995386","originalOpener":null,"parent":null,"url":"about:blank","userContext":"default"},"awaitPromise":false}
[0-0] 2026-03-12T07:12:58.696Z INFO webdriver: BIDI COMMAND script.addPreloadScript { functionDeclaration: <PreloadScript[443 bytes]>, contexts: ["71570B84A100E7D5AC5A43C7AC995386"] }
[0-0] 2026-03-12T07:12:58.698Z INFO webdriver: BIDI RESULT {"id":2,"result":{"subscription":"ae3b2b2e-dba3-4dae-a7a3-764218e0d085"},"type":"success"}
[0-0] 2026-03-12T07:12:58.699Z INFO webdriver: BIDI RESULT {"id":3,"result":{"subscription":"197775ed-dda6-41ae-adbd-c283787dd15e"},"type":"success"}
[0-0] 2026-03-12T07:12:58.702Z INFO webdriver: BIDI RESULT {"id":5,"result":{"subscription":"ffa42ae6-43c4-4330-b4c7-a6529704b403"},"type":"success"}
[0-0] 2026-03-12T07:12:58.703Z INFO webdriver: BIDI RESULT {"id":6,"result":{"subscription":"91750d27-4c86-4da5-9e85-9ae0ad204679"},"type":"success"}
[0-0] 2026-03-12T07:12:58.704Z INFO webdriver: BIDI RESULT {"id":4,"result":{"script":"955f45dc-2779-4bc7-9f9c-7951edbb8079"},"type":"success"}
[0-0] 2026-03-12T07:12:58.705Z INFO webdriver: BIDI RESULT {"id":7,"result":{"subscription":"099b86c2-649a-4518-8d11-50e2d17d9d89"},"type":"success"}
[0-0] 2026-03-12T07:12:58.708Z INFO webdriver: BIDI RESULT {"id":8,"result":{"realm":"-5935025529943365825.-6375318587745248067","result":{"type":"undefined"},"type":"success"},"type":"success"}
[0-0] 2026-03-12T07:12:58.710Z INFO webdriver: BIDI RESULT {"id":9,"result":{"script":"fe07f426-8122-413b-8d57-d2c602e1307f"},"type":"success"}
[0-0] Starting test suite: Sanity Test
[0-0] 2026-03-12T07:12:58.735Z INFO webdriver: BIDI COMMAND browsingContext.navigate {"context":"71570B84A100E7D5AC5A43C7AC995386","url":"https://iwanttfc.com/","wait":"complete"}
[0-0] 2026-03-12T07:13:00.800Z INFO webdriverio:ShadowRootManager: Registered new shadow root for element <next-route-announcer /> with id f.71570B84A100E7D5AC5A43C7AC995386.d.EEC0A60280837299ABFD2012A539F7BE.e.5
[0-0] 2026-03-12T07:13:00.893Z INFO webdriverio:PolyfillManager: Adding polyfill script to context with id C698F29B8CCEDEF741BD33E49D1D1B58
[0-0] 2026-03-12T07:13:00.893Z INFO webdriver: BIDI COMMAND script.callFunction {"functionDeclaration":"<Function[443 bytes] webdriverioPolyfill>","target":{"children":null,"clientWindow":"423640912","context":"C698F29B8CCEDEF741BD33E49D1D1B58","originalOpener":null,"parent":"71570B84A100E7D5AC5A43C7AC995386","url":"about:blank","userContext":"default"},"awaitPromise":false}
[0-0] 2026-03-12T07:13:00.909Z INFO webdriver: BIDI RESULT {"id":11,"result":{"realm":"-813203571929908005.1308392684581978191","result":{"type":"undefined"},"type":"success"},"type":"success"}
[0-0] 2026-03-12T07:13:01.151Z INFO webdriverio:PolyfillManager: Adding polyfill script to context with id 64CC6DE0B4D5687295B81A6D252454E3
[0-0] 2026-03-12T07:13:01.151Z INFO webdriver: BIDI COMMAND script.callFunction {"functionDeclaration":"<Function[443 bytes] webdriverioPolyfill>","target":{"children":null,"clientWindow":"423640912","context":"64CC6DE0B4D5687295B81A6D252454E3","originalOpener":null,"parent":"71570B84A100E7D5AC5A43C7AC995386","url":"about:blank","userContext":"default"},"awaitPromise":false}
[0-0] 2026-03-12T07:13:01.155Z INFO webdriverio:PolyfillManager: Adding polyfill script to context with id 9367EE76474A8C21A555F0F1ED72D265
[0-0] 2026-03-12T07:13:01.155Z INFO webdriver: BIDI COMMAND script.callFunction {"functionDeclaration":"<Function[443 bytes] webdriverioPolyfill>","target":{"children":null,"clientWindow":"423640912","context":"9367EE76474A8C21A555F0F1ED72D265","originalOpener":null,"parent":"71570B84A100E7D5AC5A43C7AC995386","url":"about:blank","userContext":"default"},"awaitPromise":false}
[0-0] 2026-03-12T07:13:01.157Z INFO webdriverio:PolyfillManager: Adding polyfill script to context with id D465F3E78B20DA85FD885E0EEBB94BEA
[0-0] 2026-03-12T07:13:01.157Z INFO webdriver: BIDI COMMAND script.callFunction {"functionDeclaration":"<Function[443 bytes] webdriverioPolyfill>","target":{"children":null,"clientWindow":"423640912","context":"D465F3E78B20DA85FD885E0EEBB94BEA","originalOpener":null,"parent":"71570B84A100E7D5AC5A43C7AC995386","url":"about:blank","userContext":"default"},"awaitPromise":false}
[0-0] 2026-03-12T07:13:01.173Z INFO webdriverio:PolyfillManager: Adding polyfill script to context with id D7518B875A129FA673154D9E45D47446
[0-0] 2026-03-12T07:13:01.173Z INFO webdriver: BIDI COMMAND script.callFunction {"functionDeclaration":"<Function[443 bytes] webdriverioPolyfill>","target":{"children":null,"clientWindow":"423640912","context":"D7518B875A129FA673154D9E45D47446","originalOpener":null,"parent":"71570B84A100E7D5AC5A43C7AC995386","url":"about:blank","userContext":"default"},"awaitPromise":false}
[0-0] 2026-03-12T07:13:01.175Z INFO webdriver: BIDI COMMAND browsingContext.getTree {}
[0-0] 2026-03-12T07:13:01.176Z INFO webdriver: BIDI RESULT {"id":12,"result":{"realm":"3075020546770679891.-5960748604150094425","result":{"type":"undefined"},"type":"success"},"type":"success"}
[0-0] 2026-03-12T07:13:01.177Z INFO webdriver: BIDI RESULT {"id":13,"result":{"realm":"-8996943921763952267.6252382069608916848","result":{"type":"undefined"},"type":"success"},"type":"success"}
[0-0] 2026-03-12T07:13:01.178Z INFO webdriver: BIDI RESULT {"id":14,"result":{"realm":"3921028539276579800.6905179781799343877","result":{"type":"undefined"},"type":"success"},"type":"success"}
[0-0] 2026-03-12T07:13:01.178Z INFO webdriver: BIDI RESULT {"id":16,"result":{"contexts":[{"children":[{"children":[],"clientWindow":"423640912","context":"C698F29B8CCEDEF741BD33E49D1D1B58","originalOpener":null,"url":"about:blank","userContext":"default"},{"children":[],"clientWindow":"423640912","context":"64CC6DE0B4D5687295B81A6D252454E3","originalOpener":null,"url":"about:blank","userContext":"default"},{"children":[],"clientWindow":"423640912","context":"9367EE76474A8C21A555F0F1ED72D265","originalOpener":null,"url":"about:blank","userContext":"default"},{"children":[],"clientWindow":"423640912","context":"D465F3E78B20DA85FD885E0EEBB94BEA","originalOpener":null,"url":"about:blank","userContext":"default"},{"children":[],"clientWindow":"423640912","context":"D7518B875A129FA673154D9E45D47446","originalOpener":null,"url":"about:blank","userContext":"default"}],"clientWindow":"423640912","context":"71570B84A100E7D5AC5A43C7AC995386","originalOpener":null,"parent":null,"url":"https://www.iwanttfc.com/","userContext":"default"}]},"type":"success"}
[0-0] 2026-03-12T07:13:01.351Z INFO webdriver: BIDI RESULT {"error":"unknown error","id":15,"message":"execution contexts cleared","stacktrace":"Error\n    at new UnknownErrorException (\u003Canonymous>:65:5630)\n    at \u003Canonymous>:679:9165\n    at \u003Canonymous>:1:271\n    at Array.map (\u003Canonymous>)\n    at Object.emit (\u003Canonymous>:1:254)\n    at MapperCdpClient.emit (\u003Canonymous>:17:333)\n    at #onMessage (\u003Canonymous>:920:2529)\n    at WindowCdpTransport.window.cdp.onmessage (\u003Canonymous>:1000:4443)\n    at \u003Canonymous>:1:18","type":"error"}
[0-0] 2026-03-12T07:13:01.511Z INFO webdriver: BIDI RESULT {"id":10,"result":{"navigation":"45289b43-2ea5-4d13-8add-0bdf720654b1","url":"https://www.iwanttfc.com/"},"type":"success"}
[0-0] 2026-03-12T07:13:01.514Z INFO webdriver: BIDI COMMAND script.callFunction {"functionDeclaration":"<Function[128 bytes] anonymous>","awaitPromise":true,"arguments":[],"target":{"context":"71570B84A100E7D5AC5A43C7AC995386"}}
[0-0] 2026-03-12T07:13:01.521Z INFO webdriver: BIDI RESULT {"id":17,"result":{"realm":"-7634908283619026321.-2705657744451804115","result":{"type":"string","value":"complete"},"type":"success"},"type":"success"}
[0-0] Starting test: Verify user navigates to coorect screen on tapping the shared deeplink.
[0-0] 2026-03-12T07:13:02.545Z INFO webdriver: BIDI COMMAND browsingContext.locateNodes {"locator":{"type":"xpath","value":"//img[@alt='loader']"},"context":"71570B84A100E7D5AC5A43C7AC995386","startNodes":[{"sharedId":"f.71570B84A100E7D5AC5A43C7AC995386.d.EEC0A60280837299ABFD2012A539F7BE.e.6"},{"sharedId":"f.71570B84A100E7D5AC5A43C7AC995386.d.EEC0A60280837299ABFD2012A539F7BE.e.4"},{"sharedId":"f.71570B84A100E7D5AC5A43C7AC995386.d.EEC0A60280837299ABFD2012A539F7BE.e.5"}]}
[0-0] 2026-03-12T07:13:02.561Z INFO webdriver: BIDI RESULT {"error":"unknown error","id":18,"message":"Unexpected error in selector script: NotSupportedError: Failed to execute 'evaluate' on 'XPathExpression': The node provided is '#document-fragment', which is not a valid context node type.","stacktrace":"Error\n    at new UnknownErrorException (\u003Canonymous>:65:5630)\n    at #locateNodesByLocator (\u003Canonymous>:679:28977)\n    at async BrowsingContextImpl.locateNodes (\u003Canonymous>:679:21570)\n    at async BrowsingContextProcessor.locateNodes (\u003Canonymous>:113:7692)\n    at async #processCommand (\u003Canonymous>:485:5665)\n    at async CommandProcessor.processCommand (\u003Canonymous>:485:12768)","type":"error"}
[0-0] 2026-03-12T07:13:02.672Z WARN webdriverio: Failed to execute 
browser.browsingContextLocateNodes({ ... }) due to Error: WebDriver Bidi 
command "browsingContext.locateNodes" failed with error: unknown error - 
Unexpected error in selector script: NotSupportedError: Failed to execute 
'evaluate' on 'XPathExpression': The node provided is '#document-fragment', 
which is not a valid context node type., falling back to regular WebDriver 
Classic command
[0-0] 2026-03-12T07:13:02.679Z INFO webdriver: COMMAND findElement("xpath", "//img[@alt='loader']")
[0-0] 2026-03-12T07:13:02.680Z INFO webdriver: [POST] http://localhost:63685/session/5d2a52135f3ca42c5a09df103853a5d9/element
[0-0] 2026-03-12T07:13:02.680Z INFO webdriver: DATA {"using":"xpath","value":"//img[@alt='loader']"}
[0-0] 2026-03-12T07:13:02.715Z INFO webdriver: RESULT {
[0-0]   'element-6066-11e4-a52e-4f735466cecf': 'f.71570B84A100E7D5AC5A43C7AC995386.d.EEC0A60280837299ABFD2012A539F7BE.e.13'
[0-0] }
[0-0] 2026-03-12T07:13:02.738Z INFO webdriver: BIDI COMMAND script.callFunction {"functionDeclaration":"<Function[478 bytes] anonymous>","awaitPromise":true,"arguments":[{"sharedId":"f.71570B84A100E7D5AC5A43C7AC995386.d.EEC0A60280837299ABFD2012A539F7BE.e.13"}],"target":{"context":"71570B84A100E7D5AC5A43C7AC995386"}}
[0-0] 2026-03-12T07:13:02.739Z INFO webdriver: BIDI COMMAND script.callFunction {"functionDeclaration":"<Function[279 bytes] checkVisibility>","awaitPromise":true,"arguments":[{"sharedId":"f.71570B84A100E7D5AC5A43C7AC995386.d.EEC0A60280837299ABFD2012A539F7BE.e.13"},{"type":"object","value":[["withinViewport",{"type":"boolean","value":false}],["contentVisibilityAuto",{"type":"boolean","value":true}],["opacityProperty",{"type":"boolean","value":true}],["visibilityProperty",{"type":"boolean","value":true}]]}],"target":{"context":"71570B84A100E7D5AC5A43C7AC995386"}}
[0-0] 2026-03-12T07:13:02.781Z INFO webdriver: BIDI RESULT {"id":19,"result":{"realm":"-7634908283619026321.-2705657744451804115","result":{"type":"object","value":[["value",{"type":"string","value":"block"}]]},"type":"success"},"type":"success"}
[0-0] 2026-03-12T07:13:02.784Z INFO webdriver: BIDI RESULT {"id":20,"result":{"realm":"-7634908283619026321.-2705657744451804115","result":{"type":"boolean","value":true},"type":"success"},"type":"success"}
[0-0] 2026-03-12T07:13:02.785Z INFO webdriver: BIDI COMMAND script.callFunction {"functionDeclaration":"<Function[478 bytes] anonymous>","awaitPromise":true,"arguments":[{"sharedId":"f.71570B84A100E7D5AC5A43C7AC995386.d.EEC0A60280837299ABFD2012A539F7BE.e.13"}],"target":{"context":"71570B84A100E7D5AC5A43C7AC995386"}}
[0-0] 2026-03-12T07:13:02.786Z INFO webdriver: BIDI COMMAND script.callFunction {"functionDeclaration":"<Function[279 bytes] checkVisibility>","awaitPromise":true,"arguments":[{"sharedId":"f.71570B84A100E7D5AC5A43C7AC995386.d.EEC0A60280837299ABFD2012A539F7BE.e.13"},{"type":"object","value":[["withinViewport",{"type":"boolean","value":false}],["contentVisibilityAuto",{"type":"boolean","value":true}],["opacityProperty",{"type":"boolean","value":true}],["visibilityProperty",{"type":"boolean","value":true}]]}],"target":{"context":"71570B84A100E7D5AC5A43C7AC995386"}}
[0-0] 2026-03-12T07:13:02.816Z INFO webdriver: BIDI RESULT {"id":21,"result":{"realm":"-7634908283619026321.-2705657744451804115","result":{"type":"object","value":[["value",{"type":"string","value":"block"}]]},"type":"success"},"type":"success"}
[0-0] 2026-03-12T07:13:02.817Z INFO webdriver: BIDI RESULT {"id":22,"result":{"realm":"-7634908283619026321.-2705657744451804115","result":{"type":"boolean","value":true},"type":"success"},"type":"success"}
[0-0] 2026-03-12T07:13:02.891Z INFO webdriver: BIDI COMMAND script.callFunction {"functionDeclaration":"<Function[478 bytes] anonymous>","awaitPromise":true,"arguments":[{"sharedId":"f.71570B84A100E7D5AC5A43C7AC995386.d.EEC0A60280837299ABFD2012A539F7BE.e.13"}],"target":{"context":"71570B84A100E7D5AC5A43C7AC995386"}}
[0-0] 2026-03-12T07:13:02.892Z INFO webdriver: BIDI COMMAND script.callFunction {"functionDeclaration":"<Function[279 bytes] checkVisibility>","awaitPromise":true,"arguments":[{"sharedId":"f.71570B84A100E7D5AC5A43C7AC995386.d.EEC0A60280837299ABFD2012A539F7BE.e.13"},{"type":"object","value":[["withinViewport",{"type":"boolean","value":false}],["contentVisibilityAuto",{"type":"boolean","value":true}],["opacityProperty",{"type":"boolean","value":true}],["visibilityProperty",{"type":"boolean","value":true}]]}],"target":{"context":"71570B84A100E7D5AC5A43C7AC995386"}}
[0-0] 2026-03-12T07:13:02.915Z INFO webdriver: BIDI RESULT {"id":23,"result":{"realm":"-7634908283619026321.-2705657744451804115","result":{"type":"object","value":[["value",{"type":"string","value":"block"}]]},"type":"success"},"type":"success"}
[0-0] 2026-03-12T07:13:02.919Z INFO webdriver: BIDI RESULT {"id":24,"result":{"realm":"-7634908283619026321.-2705657744451804115","result":{"type":"boolean","value":true},"type":"success"},"type":"success"}
[0-0] 2026-03-12T07:13:02.992Z INFO webdriver: BIDI COMMAND script.callFunction {"functionDeclaration":"<Function[478 bytes] anonymous>","awaitPromise":true,"arguments":[{"sharedId":"f.71570B84A100E7D5AC5A43C7AC995386.d.EEC0A60280837299ABFD2012A539F7BE.e.13"}],"target":{"context":"71570B84A100E7D5AC5A43C7AC995386"}}
[0-0] 2026-03-12T07:13:02.993Z INFO webdriver: BIDI COMMAND script.callFunction {"functionDeclaration":"<Function[279 bytes] checkVisibility>","awaitPromise":true,"arguments":[{"sharedId":"f.71570B84A100E7D5AC5A43C7AC995386.d.EEC0A60280837299ABFD2012A539F7BE.e.13"},{"type":"object","value":[["withinViewport",{"type":"boolean","value":false}],["contentVisibilityAuto",{"type":"boolean","value":true}],["opacityProperty",{"type":"boolean","value":true}],["visibilityProperty",{"type":"boolean","value":true}]]}],"target":{"context":"71570B84A100E7D5AC5A43C7AC995386"}}
[0-0] 2026-03-12T07:13:03.255Z INFO webdriver: BIDI RESULT {"id":25,"result":{"realm":"-7634908283619026321.-2705657744451804115","result":{"type":"object","value":[["value",{"type":"string","value":""}]]},"type":"success"},"type":"success"}
[0-0] 2026-03-12T07:13:03.345Z INFO webdriver: BIDI RESULT {"id":26,"result":{"realm":"-7634908283619026321.-2705657744451804115","result":{"type":"boolean","value":false},"type":"success"},"type":"success"}
[0-0] 2026-03-12T07:13:03.347Z INFO webdriver: BIDI COMMAND browsingContext.locateNodes {"locator":{"type":"xpath","value":"//img[@alt='search-icon']"},"context":"71570B84A100E7D5AC5A43C7AC995386","startNodes":[{"sharedId":"f.71570B84A100E7D5AC5A43C7AC995386.d.EEC0A60280837299ABFD2012A539F7BE.e.6"},{"sharedId":"f.71570B84A100E7D5AC5A43C7AC995386.d.EEC0A60280837299ABFD2012A539F7BE.e.4"},{"sharedId":"f.71570B84A100E7D5AC5A43C7AC995386.d.EEC0A60280837299ABFD2012A539F7BE.e.5"}]}
[0-0] 2026-03-12T07:13:03.354Z INFO webdriver: BIDI RESULT {"error":"unknown error","id":27,"message":"Unexpected error in selector script: NotSupportedError: Failed to execute 'evaluate' on 'XPathExpression': The node provided is '#document-fragment', which is not a valid context node type.","stacktrace":"Error\n    at new UnknownErrorException (\u003Canonymous>:65:5630)\n    at #locateNodesByLocator (\u003Canonymous>:679:28977)\n    at async BrowsingContextImpl.locateNodes (\u003Canonymous>:679:21570)\n    at async BrowsingContextProcessor.locateNodes (\u003Canonymous>:113:7692)\n    at async #processCommand (\u003Canonymous>:485:5665)\n    at async CommandProcessor.processCommand (\u003Canonymous>:485:12768)","type":"error"}
[0-0] 2026-03-12T07:13:03.355Z WARN webdriverio: Failed to execute 
browser.browsingContextLocateNodes({ ... }) due to Error: WebDriver Bidi 
command "browsingContext.locateNodes" failed with error: unknown error - 
Unexpected error in selector script: NotSupportedError: Failed to execute 
'evaluate' on 'XPathExpression': The node provided is '#document-fragment', 
which is not a valid context node type., falling back to regular WebDriver 
Classic command
[0-0] 2026-03-12T07:13:03.357Z INFO webdriver: COMMAND findElement("xpath", "//img[@alt='search-icon']")
[0-0] 2026-03-12T07:13:03.358Z INFO webdriver: [POST] http://localhost:63685/session/5d2a52135f3ca42c5a09df103853a5d9/element
[0-0] 2026-03-12T07:13:03.358Z INFO webdriver: DATA {"using":"xpath","value":"//img[@alt='search-icon']"}
[0-0] 2026-03-12T07:13:03.386Z INFO webdriver: RESULT {
[0-0]   'element-6066-11e4-a52e-4f735466cecf': 'f.71570B84A100E7D5AC5A43C7AC995386.d.EEC0A60280837299ABFD2012A539F7BE.e.23'
[0-0] }
[0-0] 2026-03-12T07:13:03.392Z INFO webdriver: BIDI COMMAND script.callFunction {"functionDeclaration":"<Function[478 bytes] anonymous>","awaitPromise":true,"arguments":[{"sharedId":"f.71570B84A100E7D5AC5A43C7AC995386.d.EEC0A60280837299ABFD2012A539F7BE.e.23"}],"target":{"context":"71570B84A100E7D5AC5A43C7AC995386"}}
[0-0] 2026-03-12T07:13:03.393Z INFO webdriver: BIDI COMMAND script.callFunction {"functionDeclaration":"<Function[279 bytes] checkVisibility>","awaitPromise":true,"arguments":[{"sharedId":"f.71570B84A100E7D5AC5A43C7AC995386.d.EEC0A60280837299ABFD2012A539F7BE.e.23"},{"type":"object","value":[["withinViewport",{"type":"boolean","value":false}],["contentVisibilityAuto",{"type":"boolean","value":true}],["opacityProperty",{"type":"boolean","value":true}],["visibilityProperty",{"type":"boolean","value":true}]]}],"target":{"context":"71570B84A100E7D5AC5A43C7AC995386"}}
[0-0] 2026-03-12T07:13:03.433Z INFO webdriver: BIDI RESULT {"id":28,"result":{"realm":"-7634908283619026321.-2705657744451804115","result":{"type":"object","value":[["value",{"type":"string","value":"block"}]]},"type":"success"},"type":"success"}
[0-0] 2026-03-12T07:13:03.434Z INFO webdriver: BIDI RESULT {"id":29,"result":{"realm":"-7634908283619026321.-2705657744451804115","result":{"type":"boolean","value":true},"type":"success"},"type":"success"}
[0-0] 2026-03-12T07:13:03.435Z INFO webdriver: BIDI COMMAND script.callFunction {"functionDeclaration":"<Function[4336 bytes] isElementClickable>","awaitPromise":true,"arguments":[{"sharedId":"f.71570B84A100E7D5AC5A43C7AC995386.d.EEC0A60280837299ABFD2012A539F7BE.e.23"}],"target":{"context":"71570B84A100E7D5AC5A43C7AC995386"}}
[0-0] 2026-03-12T07:13:03.442Z INFO webdriver: BIDI RESULT {"id":30,"result":{"realm":"-7634908283619026321.-2705657744451804115","result":{"type":"boolean","value":true},"type":"success"},"type":"success"}
[0-0] 2026-03-12T07:13:03.443Z INFO webdriver: COMMAND elementClick("f.71570B84A100E7D5AC5A43C7AC995386.d.EEC0A60280837299ABFD2012A539F7BE.e.23")
[0-0] 2026-03-12T07:13:03.445Z INFO webdriver: [POST] http://localhost:63685/session/5d2a52135f3ca42c5a09df103853a5d9/element/f.71570B84A100E7D5AC5A43C7AC995386.d.EEC0A60280837299ABFD2012A539F7BE.e.23/click
[0-0] 2026-03-12T07:13:03.445Z INFO webdriver: DATA {}
[0-0] 2026-03-12T07:13:03.665Z INFO webdriver: RESULT null
[0-0] 2026-03-12T07:13:04.676Z INFO webdriver: BIDI COMMAND browsingContext.locateNodes {"locator":{"type":"xpath","value":"//input[@placeholder='Search by title, actor, genre...']"},"context":"71570B84A100E7D5AC5A43C7AC995386","startNodes":[{"sharedId":"f.71570B84A100E7D5AC5A43C7AC995386.d.EEC0A60280837299ABFD2012A539F7BE.e.6"},{"sharedId":"f.71570B84A100E7D5AC5A43C7AC995386.d.EEC0A60280837299ABFD2012A539F7BE.e.4"},{"sharedId":"f.71570B84A100E7D5AC5A43C7AC995386.d.EEC0A60280837299ABFD2012A539F7BE.e.5"}]}
[0-0] 2026-03-12T07:13:04.691Z INFO webdriver: BIDI RESULT {"error":"unknown error","id":31,"message":"Unexpected error in selector script: NotSupportedError: Failed to execute 'evaluate' on 'XPathExpression': The node provided is '#document-fragment', which is not a valid context node type.","stacktrace":"Error\n    at new UnknownErrorException (\u003Canonymous>:65:5630)\n    at #locateNodesByLocator (\u003Canonymous>:679:28977)\n    at async BrowsingContextImpl.locateNodes (\u003Canonymous>:679:21570)\n    at async BrowsingContextProcessor.locateNodes (\u003Canonymous>:113:7692)\n    at async #processCommand (\u003Canonymous>:485:5665)\n    at async CommandProcessor.processCommand (\u003Canonymous>:485:12768)","type":"error"}
[0-0] 2026-03-12T07:13:04.692Z WARN webdriverio: Failed to execute 
browser.browsingContextLocateNodes({ ... }) due to Error: WebDriver Bidi 
command "browsingContext.locateNodes" failed with error: unknown error - 
Unexpected error in selector script: NotSupportedError: Failed to execute 
'evaluate' on 'XPathExpression': The node provided is '#document-fragment', 
which is not a valid context node type., falling back to regular WebDriver 
Classic command
[0-0] 2026-03-12T07:13:04.696Z INFO webdriver: COMMAND findElement("xpath", "//input[@placeholder='Search by title, actor, genre...']")
[0-0] 2026-03-12T07:13:04.697Z INFO webdriver: [POST] http://localhost:63685/session/5d2a52135f3ca42c5a09df103853a5d9/element
[0-0] 2026-03-12T07:13:04.697Z INFO webdriver: DATA {"using":"xpath","value":"//input[@placeholder='Search by title, actor, genre...']"}
[0-0] 2026-03-12T07:13:04.722Z INFO webdriver: RESULT {
[0-0]   'element-6066-11e4-a52e-4f735466cecf': 'f.71570B84A100E7D5AC5A43C7AC995386.d.EEC0A60280837299ABFD2012A539F7BE.e.8'
[0-0] }
[0-0] 2026-03-12T07:13:04.732Z INFO webdriver: BIDI COMMAND script.callFunction {"functionDeclaration":"<Function[478 bytes] anonymous>","awaitPromise":true,"arguments":[{"sharedId":"f.71570B84A100E7D5AC5A43C7AC995386.d.EEC0A60280837299ABFD2012A539F7BE.e.8"}],"target":{"context":"71570B84A100E7D5AC5A43C7AC995386"}}
[0-0] 2026-03-12T07:13:04.732Z INFO webdriver: BIDI COMMAND script.callFunction {"functionDeclaration":"<Function[279 bytes] checkVisibility>","awaitPromise":true,"arguments":[{"sharedId":"f.71570B84A100E7D5AC5A43C7AC995386.d.EEC0A60280837299ABFD2012A539F7BE.e.8"},{"type":"object","value":[["withinViewport",{"type":"boolean","value":false}],["contentVisibilityAuto",{"type":"boolean","value":true}],["opacityProperty",{"type":"boolean","value":true}],["visibilityProperty",{"type":"boolean","value":true}]]}],"target":{"context":"71570B84A100E7D5AC5A43C7AC995386"}}
[0-0] 2026-03-12T07:13:04.753Z INFO webdriver: BIDI RESULT {"id":32,"result":{"realm":"-7634908283619026321.-2705657744451804115","result":{"type":"object","value":[["value",{"type":"string","value":"inline-block"}]]},"type":"success"},"type":"success"}
[0-0] 2026-03-12T07:13:04.754Z INFO webdriver: BIDI RESULT {"id":33,"result":{"realm":"-7634908283619026321.-2705657744451804115","result":{"type":"boolean","value":true},"type":"success"},"type":"success"}
[0-0] 2026-03-12T07:13:04.756Z INFO webdriver: COMMAND elementClear("f.71570B84A100E7D5AC5A43C7AC995386.d.EEC0A60280837299ABFD2012A539F7BE.e.8")
[0-0] 2026-03-12T07:13:04.757Z INFO webdriver: [POST] http://localhost:63685/session/5d2a52135f3ca42c5a09df103853a5d9/element/f.71570B84A100E7D5AC5A43C7AC995386.d.EEC0A60280837299ABFD2012A539F7BE.e.8/clear
[0-0] 2026-03-12T07:13:04.757Z INFO webdriver: DATA {}
[0-0] 2026-03-12T07:13:04.818Z INFO webdriver: RESULT null
[0-0] 2026-03-12T07:13:04.820Z INFO webdriver: COMMAND elementSendKeys("f.71570B84A100E7D5AC5A43C7AC995386.d.EEC0A60280837299ABFD2012A539F7BE.e.8", "Possessed: Real Stories from Filipino Exorcists")
[0-0] 2026-03-12T07:13:04.820Z INFO webdriver: [POST] http://localhost:63685/session/5d2a52135f3ca42c5a09df103853a5d9/element/f.71570B84A100E7D5AC5A43C7AC995386.d.EEC0A60280837299ABFD2012A539F7BE.e.8/value
[0-0] 2026-03-12T07:13:04.821Z INFO webdriver: DATA {"text":"Possessed: Real Stories from Filipino Exorcists"}
[0-0] 2026-03-12T07:13:04.927Z INFO webdriver: RESULT null
[0-0] 2026-03-12T07:13:06.934Z INFO webdriver: BIDI COMMAND browsingContext.locateNodes {"locator":{"type":"xpath","value":"//img[@alt='loader']"},"context":"71570B84A100E7D5AC5A43C7AC995386","startNodes":[{"sharedId":"f.71570B84A100E7D5AC5A43C7AC995386.d.EEC0A60280837299ABFD2012A539F7BE.e.6"},{"sharedId":"f.71570B84A100E7D5AC5A43C7AC995386.d.EEC0A60280837299ABFD2012A539F7BE.e.4"},{"sharedId":"f.71570B84A100E7D5AC5A43C7AC995386.d.EEC0A60280837299ABFD2012A539F7BE.e.5"}]}
[0-0] 2026-03-12T07:13:06.949Z INFO webdriver: BIDI RESULT {"error":"unknown error","id":34,"message":"Unexpected error in selector script: NotSupportedError: Failed to execute 'evaluate' on 'XPathExpression': The node provided is '#document-fragment', which is not a valid context node type.","stacktrace":"Error\n    at new UnknownErrorException (\u003Canonymous>:65:5630)\n    at #locateNodesByLocator (\u003Canonymous>:679:28977)\n    at async BrowsingContextImpl.locateNodes (\u003Canonymous>:679:21570)\n    at async BrowsingContextProcessor.locateNodes (\u003Canonymous>:113:7692)\n    at async #processCommand (\u003Canonymous>:485:5665)\n    at async CommandProcessor.processCommand (\u003Canonymous>:485:12768)","type":"error"}
[0-0] 2026-03-12T07:13:06.951Z WARN webdriverio: Failed to execute 
browser.browsingContextLocateNodes({ ... }) due to Error: WebDriver Bidi 
command "browsingContext.locateNodes" failed with error: unknown error - 
Unexpected error in selector script: NotSupportedError: Failed to execute 
'evaluate' on 'XPathExpression': The node provided is '#document-fragment', 
which is not a valid context node type., falling back to regular WebDriver 
Classic command
[0-0] 2026-03-12T07:13:06.953Z INFO webdriver: COMMAND findElement("xpath", "//img[@alt='loader']")
[0-0] 2026-03-12T07:13:06.954Z INFO webdriver: [POST] http://localhost:63685/session/5d2a52135f3ca42c5a09df103853a5d9/element
[0-0] 2026-03-12T07:13:06.954Z INFO webdriver: DATA {"using":"xpath","value":"//img[@alt='loader']"}
[0-0] 2026-03-12T07:13:06.970Z INFO webdriver: RESULT {
[0-0]   'element-6066-11e4-a52e-4f735466cecf': 'f.71570B84A100E7D5AC5A43C7AC995386.d.EEC0A60280837299ABFD2012A539F7BE.e.50'
[0-0] }
[0-0] 2026-03-12T07:13:06.984Z INFO webdriver: BIDI COMMAND script.callFunction {"functionDeclaration":"<Function[478 bytes] anonymous>","awaitPromise":true,"arguments":[{"sharedId":"f.71570B84A100E7D5AC5A43C7AC995386.d.EEC0A60280837299ABFD2012A539F7BE.e.50"}],"target":{"context":"71570B84A100E7D5AC5A43C7AC995386"}}
[0-0] 2026-03-12T07:13:06.984Z INFO webdriver: BIDI COMMAND script.callFunction {"functionDeclaration":"<Function[279 bytes] checkVisibility>","awaitPromise":true,"arguments":[{"sharedId":"f.71570B84A100E7D5AC5A43C7AC995386.d.EEC0A60280837299ABFD2012A539F7BE.e.50"},{"type":"object","value":[["withinViewport",{"type":"boolean","value":false}],["contentVisibilityAuto",{"type":"boolean","value":true}],["opacityProperty",{"type":"boolean","value":true}],["visibilityProperty",{"type":"boolean","value":true}]]}],"target":{"context":"71570B84A100E7D5AC5A43C7AC995386"}}
[0-0] 2026-03-12T07:13:06.999Z INFO webdriver: BIDI RESULT {"id":35,"result":{"realm":"-7634908283619026321.-2705657744451804115","result":{"type":"object","value":[["value",{"type":"string","value":"block"}]]},"type":"success"},"type":"success"}
[0-0] 2026-03-12T07:13:07.000Z INFO webdriver: BIDI RESULT {"id":36,"result":{"realm":"-7634908283619026321.-2705657744451804115","result":{"type":"boolean","value":true},"type":"success"},"type":"success"}
[0-0] 2026-03-12T07:13:07.001Z INFO webdriver: BIDI COMMAND script.callFunction {"functionDeclaration":"<Function[478 bytes] anonymous>","awaitPromise":true,"arguments":[{"sharedId":"f.71570B84A100E7D5AC5A43C7AC995386.d.EEC0A60280837299ABFD2012A539F7BE.e.50"}],"target":{"context":"71570B84A100E7D5AC5A43C7AC995386"}}
[0-0] 2026-03-12T07:13:07.001Z INFO webdriver: BIDI COMMAND script.callFunction {"functionDeclaration":"<Function[279 bytes] checkVisibility>","awaitPromise":true,"arguments":[{"sharedId":"f.71570B84A100E7D5AC5A43C7AC995386.d.EEC0A60280837299ABFD2012A539F7BE.e.50"},{"type":"object","value":[["withinViewport",{"type":"boolean","value":false}],["contentVisibilityAuto",{"type":"boolean","value":true}],["opacityProperty",{"type":"boolean","value":true}],["visibilityProperty",{"type":"boolean","value":true}]]}],"target":{"context":"71570B84A100E7D5AC5A43C7AC995386"}}
[0-0] 2026-03-12T07:13:07.015Z INFO webdriver: BIDI RESULT {"id":37,"result":{"realm":"-7634908283619026321.-2705657744451804115","result":{"type":"object","value":[["value",{"type":"string","value":"block"}]]},"type":"success"},"type":"success"}
[0-0] 2026-03-12T07:13:07.016Z INFO webdriver: BIDI RESULT {"id":38,"result":{"realm":"-7634908283619026321.-2705657744451804115","result":{"type":"boolean","value":true},"type":"success"},"type":"success"}
[0-0] 2026-03-12T07:13:07.109Z INFO webdriver: BIDI COMMAND script.callFunction {"functionDeclaration":"<Function[478 bytes] anonymous>","awaitPromise":true,"arguments":[{"sharedId":"f.71570B84A100E7D5AC5A43C7AC995386.d.EEC0A60280837299ABFD2012A539F7BE.e.50"}],"target":{"context":"71570B84A100E7D5AC5A43C7AC995386"}}
[0-0] 2026-03-12T07:13:07.110Z INFO webdriver: BIDI COMMAND script.callFunction {"functionDeclaration":"<Function[279 bytes] checkVisibility>","awaitPromise":true,"arguments":[{"sharedId":"f.71570B84A100E7D5AC5A43C7AC995386.d.EEC0A60280837299ABFD2012A539F7BE.e.50"},{"type":"object","value":[["withinViewport",{"type":"boolean","value":false}],["contentVisibilityAuto",{"type":"boolean","value":true}],["opacityProperty",{"type":"boolean","value":true}],["visibilityProperty",{"type":"boolean","value":true}]]}],"target":{"context":"71570B84A100E7D5AC5A43C7AC995386"}}
[0-0] 2026-03-12T07:13:07.135Z INFO webdriver: BIDI RESULT {"id":39,"result":{"realm":"-7634908283619026321.-2705657744451804115","result":{"type":"object","value":[["value",{"type":"string","value":"block"}]]},"type":"success"},"type":"success"}
[0-0] 2026-03-12T07:13:07.136Z INFO webdriver: BIDI RESULT {"id":40,"result":{"realm":"-7634908283619026321.-2705657744451804115","result":{"type":"boolean","value":true},"type":"success"},"type":"success"}
[0-0] 2026-03-12T07:13:07.218Z INFO webdriver: BIDI COMMAND script.callFunction {"functionDeclaration":"<Function[478 bytes] anonymous>","awaitPromise":true,"arguments":[{"sharedId":"f.71570B84A100E7D5AC5A43C7AC995386.d.EEC0A60280837299ABFD2012A539F7BE.e.50"}],"target":{"context":"71570B84A100E7D5AC5A43C7AC995386"}}
[0-0] 2026-03-12T07:13:07.219Z INFO webdriver: BIDI COMMAND script.callFunction {"functionDeclaration":"<Function[279 bytes] checkVisibility>","awaitPromise":true,"arguments":[{"sharedId":"f.71570B84A100E7D5AC5A43C7AC995386.d.EEC0A60280837299ABFD2012A539F7BE.e.50"},{"type":"object","value":[["withinViewport",{"type":"boolean","value":false}],["contentVisibilityAuto",{"type":"boolean","value":true}],["opacityProperty",{"type":"boolean","value":true}],["visibilityProperty",{"type":"boolean","value":true}]]}],"target":{"context":"71570B84A100E7D5AC5A43C7AC995386"}}
[0-0] 2026-03-12T07:13:07.243Z INFO webdriver: BIDI RESULT {"id":41,"result":{"realm":"-7634908283619026321.-2705657744451804115","result":{"type":"object","value":[["value",{"type":"string","value":"block"}]]},"type":"success"},"type":"success"}
[0-0] 2026-03-12T07:13:07.243Z INFO webdriver: BIDI RESULT {"id":42,"result":{"realm":"-7634908283619026321.-2705657744451804115","result":{"type":"boolean","value":true},"type":"success"},"type":"success"}
[0-0] 2026-03-12T07:13:07.308Z INFO webdriver: BIDI COMMAND script.callFunction {"functionDeclaration":"<Function[478 bytes] anonymous>","awaitPromise":true,"arguments":[{"sharedId":"f.71570B84A100E7D5AC5A43C7AC995386.d.EEC0A60280837299ABFD2012A539F7BE.e.50"}],"target":{"context":"71570B84A100E7D5AC5A43C7AC995386"}}
[0-0] 2026-03-12T07:13:07.308Z INFO webdriver: BIDI COMMAND script.callFunction {"functionDeclaration":"<Function[279 bytes] checkVisibility>","awaitPromise":true,"arguments":[{"sharedId":"f.71570B84A100E7D5AC5A43C7AC995386.d.EEC0A60280837299ABFD2012A539F7BE.e.50"},{"type":"object","value":[["withinViewport",{"type":"boolean","value":false}],["contentVisibilityAuto",{"type":"boolean","value":true}],["opacityProperty",{"type":"boolean","value":true}],["visibilityProperty",{"type":"boolean","value":true}]]}],"target":{"context":"71570B84A100E7D5AC5A43C7AC995386"}}
[0-0] 2026-03-12T07:13:07.331Z INFO webdriver: BIDI RESULT {"id":43,"result":{"realm":"-7634908283619026321.-2705657744451804115","result":{"type":"object","value":[["value",{"type":"string","value":"block"}]]},"type":"success"},"type":"success"}
[0-0] 2026-03-12T07:13:07.332Z INFO webdriver: BIDI RESULT {"id":44,"result":{"realm":"-7634908283619026321.-2705657744451804115","result":{"type":"boolean","value":true},"type":"success"},"type":"success"}
[0-0] 2026-03-12T07:13:07.405Z INFO webdriver: BIDI COMMAND script.callFunction {"functionDeclaration":"<Function[478 bytes] anonymous>","awaitPromise":true,"arguments":[{"sharedId":"f.71570B84A100E7D5AC5A43C7AC995386.d.EEC0A60280837299ABFD2012A539F7BE.e.50"}],"target":{"context":"71570B84A100E7D5AC5A43C7AC995386"}}
[0-0] 2026-03-12T07:13:07.406Z INFO webdriver: BIDI COMMAND script.callFunction {"functionDeclaration":"<Function[279 bytes] checkVisibility>","awaitPromise":true,"arguments":[{"sharedId":"f.71570B84A100E7D5AC5A43C7AC995386.d.EEC0A60280837299ABFD2012A539F7BE.e.50"},{"type":"object","value":[["withinViewport",{"type":"boolean","value":false}],["contentVisibilityAuto",{"type":"boolean","value":true}],["opacityProperty",{"type":"boolean","value":true}],["visibilityProperty",{"type":"boolean","value":true}]]}],"target":{"context":"71570B84A100E7D5AC5A43C7AC995386"}}
[0-0] 2026-03-12T07:13:07.437Z INFO webdriver: BIDI RESULT {"id":45,"result":{"realm":"-7634908283619026321.-2705657744451804115","result":{"type":"object","value":[["value",{"type":"string","value":"block"}]]},"type":"success"},"type":"success"}
[0-0] 2026-03-12T07:13:07.437Z INFO webdriver: BIDI RESULT {"id":46,"result":{"realm":"-7634908283619026321.-2705657744451804115","result":{"type":"boolean","value":true},"type":"success"},"type":"success"}
[0-0] 2026-03-12T07:13:07.510Z INFO webdriver: BIDI COMMAND script.callFunction {"functionDeclaration":"<Function[478 bytes] anonymous>","awaitPromise":true,"arguments":[{"sharedId":"f.71570B84A100E7D5AC5A43C7AC995386.d.EEC0A60280837299ABFD2012A539F7BE.e.50"}],"target":{"context":"71570B84A100E7D5AC5A43C7AC995386"}}
[0-0] 2026-03-12T07:13:07.511Z INFO webdriver: BIDI COMMAND script.callFunction {"functionDeclaration":"<Function[279 bytes] checkVisibility>","awaitPromise":true,"arguments":[{"sharedId":"f.71570B84A100E7D5AC5A43C7AC995386.d.EEC0A60280837299ABFD2012A539F7BE.e.50"},{"type":"object","value":[["withinViewport",{"type":"boolean","value":false}],["contentVisibilityAuto",{"type":"boolean","value":true}],["opacityProperty",{"type":"boolean","value":true}],["visibilityProperty",{"type":"boolean","value":true}]]}],"target":{"context":"71570B84A100E7D5AC5A43C7AC995386"}}
[0-0] 2026-03-12T07:13:07.562Z INFO webdriver: BIDI RESULT {"id":47,"result":{"realm":"-7634908283619026321.-2705657744451804115","result":{"type":"object","value":[["value",{"type":"string","value":""}]]},"type":"success"},"type":"success"}
[0-0] 2026-03-12T07:13:07.569Z INFO webdriver: BIDI RESULT {"id":48,"result":{"realm":"-7634908283619026321.-2705657744451804115","result":{"type":"boolean","value":false},"type":"success"},"type":"success"}
[0-0] 2026-03-12T07:13:07.570Z INFO webdriver: BIDI COMMAND browsingContext.locateNodes {"locator":{"type":"xpath","value":"//img[@alt=\"https://pql-static.iwanttfc.com/static/prod/common/images/monetisation/free.png\"]"},"context":"71570B84A100E7D5AC5A43C7AC995386","startNodes":[{"sharedId":"f.71570B84A100E7D5AC5A43C7AC995386.d.EEC0A60280837299ABFD2012A539F7BE.e.6"},{"sharedId":"f.71570B84A100E7D5AC5A43C7AC995386.d.EEC0A60280837299ABFD2012A539F7BE.e.4"},{"sharedId":"f.71570B84A100E7D5AC5A43C7AC995386.d.EEC0A60280837299ABFD2012A539F7BE.e.5"}]}
[0-0] 2026-03-12T07:13:07.582Z INFO webdriver: BIDI RESULT {"error":"unknown error","id":49,"message":"Unexpected error in selector script: NotSupportedError: Failed to execute 'evaluate' on 'XPathExpression': The node provided is '#document-fragment', which is not a valid context node type.","stacktrace":"Error\n    at new UnknownErrorException (\u003Canonymous>:65:5630)\n    at #locateNodesByLocator (\u003Canonymous>:679:28977)\n    at async BrowsingContextImpl.locateNodes (\u003Canonymous>:679:21570)\n    at async BrowsingContextProcessor.locateNodes (\u003Canonymous>:113:7692)\n    at async #processCommand (\u003Canonymous>:485:5665)\n    at async CommandProcessor.processCommand (\u003Canonymous>:485:12768)","type":"error"}
[0-0] 2026-03-12T07:13:07.585Z WARN webdriverio: Failed to execute 
browser.browsingContextLocateNodes({ ... }) due to Error: WebDriver Bidi 
command "browsingContext.locateNodes" failed with error: unknown error - 
Unexpected error in selector script: NotSupportedError: Failed to execute 
'evaluate' on 'XPathExpression': The node provided is '#document-fragment', 
which is not a valid context node type., falling back to regular WebDriver 
Classic command
[0-0] 2026-03-12T07:13:07.586Z INFO webdriver: COMMAND findElement("xpath", "//img[@alt="https://pql-static.iwanttfc.com/static/prod/common/images/monetisation/free.png"]")
[0-0] 2026-03-12T07:13:07.588Z INFO webdriver: [POST] http://localhost:63685/session/5d2a52135f3ca42c5a09df103853a5d9/element
[0-0] 2026-03-12T07:13:07.589Z INFO webdriver: DATA {"using":"xpath","value":"//img[@alt=\"https://pql-static.iwanttfc.com/static/prod/common/images/monetisation/free.png\"]"}
[0-0] 2026-03-12T07:13:07.624Z INFO webdriver: RESULT {
[0-0]   'element-6066-11e4-a52e-4f735466cecf': 'f.71570B84A100E7D5AC5A43C7AC995386.d.EEC0A60280837299ABFD2012A539F7BE.e.54'
[0-0] }
[0-0] 2026-03-12T07:13:07.633Z INFO webdriver: BIDI COMMAND script.callFunction {"functionDeclaration":"<Function[478 bytes] anonymous>","awaitPromise":true,"arguments":[{"sharedId":"f.71570B84A100E7D5AC5A43C7AC995386.d.EEC0A60280837299ABFD2012A539F7BE.e.54"}],"target":{"context":"71570B84A100E7D5AC5A43C7AC995386"}}
[0-0] 2026-03-12T07:13:07.634Z INFO webdriver: BIDI COMMAND script.callFunction {"functionDeclaration":"<Function[279 bytes] checkVisibility>","awaitPromise":true,"arguments":[{"sharedId":"f.71570B84A100E7D5AC5A43C7AC995386.d.EEC0A60280837299ABFD2012A539F7BE.e.54"},{"type":"object","value":[["withinViewport",{"type":"boolean","value":false}],["contentVisibilityAuto",{"type":"boolean","value":true}],["opacityProperty",{"type":"boolean","value":true}],["visibilityProperty",{"type":"boolean","value":true}]]}],"target":{"context":"71570B84A100E7D5AC5A43C7AC995386"}}
[0-0] 2026-03-12T07:13:07.648Z INFO webdriver: BIDI RESULT {"id":50,"result":{"realm":"-7634908283619026321.-2705657744451804115","result":{"type":"object","value":[["value",{"type":"string","value":"block"}]]},"type":"success"},"type":"success"}
[0-0] 2026-03-12T07:13:07.649Z INFO webdriver: BIDI RESULT {"id":51,"result":{"realm":"-7634908283619026321.-2705657744451804115","result":{"type":"boolean","value":true},"type":"success"},"type":"success"}
[0-0] 2026-03-12T07:13:07.650Z INFO webdriver: BIDI COMMAND script.callFunction {"functionDeclaration":"<Function[478 bytes] anonymous>","awaitPromise":true,"arguments":[{"sharedId":"f.71570B84A100E7D5AC5A43C7AC995386.d.EEC0A60280837299ABFD2012A539F7BE.e.54"}],"target":{"context":"71570B84A100E7D5AC5A43C7AC995386"}}
[0-0] 2026-03-12T07:13:07.651Z INFO webdriver: BIDI COMMAND script.callFunction {"functionDeclaration":"<Function[279 bytes] checkVisibility>","awaitPromise":true,"arguments":[{"sharedId":"f.71570B84A100E7D5AC5A43C7AC995386.d.EEC0A60280837299ABFD2012A539F7BE.e.54"},{"type":"object","value":[["withinViewport",{"type":"boolean","value":false}],["contentVisibilityAuto",{"type":"boolean","value":true}],["opacityProperty",{"type":"boolean","value":true}],["visibilityProperty",{"type":"boolean","value":true}]]}],"target":{"context":"71570B84A100E7D5AC5A43C7AC995386"}}
[0-0] 2026-03-12T07:13:07.668Z INFO webdriver: BIDI RESULT {"id":52,"result":{"realm":"-7634908283619026321.-2705657744451804115","result":{"type":"object","value":[["value",{"type":"string","value":"block"}]]},"type":"success"},"type":"success"}
[0-0] 2026-03-12T07:13:07.669Z INFO webdriver: BIDI RESULT {"id":53,"result":{"realm":"-7634908283619026321.-2705657744451804115","result":{"type":"boolean","value":true},"type":"success"},"type":"success"}
[0-0] 2026-03-12T07:13:07.675Z INFO webdriver: BIDI COMMAND browsingContext.locateNodes {"locator":{"type":"xpath","value":"//img[@alt=\"https://pql-static.iwanttfc.com/static/prod/common/images/monetisation/free.png\"]"},"context":"71570B84A100E7D5AC5A43C7AC995386","startNodes":[{"sharedId":"f.71570B84A100E7D5AC5A43C7AC995386.d.EEC0A60280837299ABFD2012A539F7BE.e.6"},{"sharedId":"f.71570B84A100E7D5AC5A43C7AC995386.d.EEC0A60280837299ABFD2012A539F7BE.e.4"},{"sharedId":"f.71570B84A100E7D5AC5A43C7AC995386.d.EEC0A60280837299ABFD2012A539F7BE.e.5"}]}
[0-0] 2026-03-12T07:13:07.684Z INFO webdriver: BIDI RESULT {"error":"unknown error","id":54,"message":"Unexpected error in selector script: NotSupportedError: Failed to execute 'evaluate' on 'XPathExpression': The node provided is '#document-fragment', which is not a valid context node type.","stacktrace":"Error\n    at new UnknownErrorException (\u003Canonymous>:65:5630)\n    at #locateNodesByLocator (\u003Canonymous>:679:28977)\n    at async BrowsingContextImpl.locateNodes (\u003Canonymous>:679:21570)\n    at async BrowsingContextProcessor.locateNodes (\u003Canonymous>:113:7692)\n    at async #processCommand (\u003Canonymous>:485:5665)\n    at async CommandProcessor.processCommand (\u003Canonymous>:485:12768)","type":"error"}
[0-0] 2026-03-12T07:13:07.685Z WARN webdriverio: Failed to execute 
browser.browsingContextLocateNodes({ ... }) due to Error: WebDriver Bidi 
command "browsingContext.locateNodes" failed with error: unknown error - 
Unexpected error in selector script: NotSupportedError: Failed to execute 
'evaluate' on 'XPathExpression': The node provided is '#document-fragment', 
which is not a valid context node type., falling back to regular WebDriver 
Classic command
[0-0] 2026-03-12T07:13:07.687Z INFO webdriver: COMMAND findElements("xpath", "//img[@alt="https://pql-static.iwanttfc.com/static/prod/common/images/monetisation/free.png"]")
[0-0] 2026-03-12T07:13:07.688Z INFO webdriver: [POST] http://localhost:63685/session/5d2a52135f3ca42c5a09df103853a5d9/elements
[0-0] 2026-03-12T07:13:07.688Z INFO webdriver: DATA {"using":"xpath","value":"//img[@alt=\"https://pql-static.iwanttfc.com/static/prod/common/images/monetisation/free.png\"]"}
[0-0] 2026-03-12T07:13:07.706Z INFO webdriver: RESULT [
[0-0]   {
[0-0]     'element-6066-11e4-a52e-4f735466cecf': 'f.71570B84A100E7D5AC5A43C7AC995386.d.EEC0A60280837299ABFD2012A539F7BE.e.54'
[0-0]   },
[0-0]   {
[0-0]     'element-6066-11e4-a52e-4f735466cecf': 'f.71570B84A100E7D5AC5A43C7AC995386.d.EEC0A60280837299ABFD2012A539F7BE.e.55'
[0-0]   },
[0-0]   {
[0-0]     'element-6066-11e4-a52e-4f735466cecf': 'f.71570B84A100E7D5AC5A43C7AC995386.d.EEC0A60280837299ABFD2012A539F7BE.e.56'
[0-0]   },
[0-0]   {
[0-0]     'element-6066-11e4-a52e-4f735466cecf': 'f.71570B84A100E7D5AC5A43C7AC995386.d.EEC0A60280837299ABFD2012A539F7BE.e.57'
[0-0]   },
[0-0]   {
[0-0]     'element-6066-11e4-a52e-4f735466cecf': 'f.71570B84A100E7D5AC5A43C7AC995386.d.EEC0A60280837299ABFD2012A539F7BE.e.58'
[0-0]   },
[0-0]   {
[0-0]     'element-6066-11e4-a52e-4f735466cecf': 'f.71570B84A100E7D5AC5A43C7AC995386.d.EEC0A60280837299ABFD2012A539F7BE.e.59'
[0-0]   },
[0-0]   {
[0-0]     'element-6066-11e4-a52e-4f735466cecf': 'f.71570B84A100E7D5AC5A43C7AC995386.d.EEC0A60280837299ABFD2012A539F7BE.e.60'
[0-0]   },
[0-0]   {
[0-0]     'element-6066-11e4-a52e-4f735466cecf': 'f.71570B84A100E7D5AC5A43C7AC995386.d.EEC0A60280837299ABFD2012A539F7BE.e.61'
[0-0]   },
[0-0]   {
[0-0]     'element-6066-11e4-a52e-4f735466cecf': 'f.71570B84A100E7D5AC5A43C7AC995386.d.EEC0A60280837299ABFD2012A539F7BE.e.62'
[0-0]   },
[0-0]   {
[0-0]     'element-6066-11e4-a52e-4f735466cecf': 'f.71570B84A100E7D5AC5A43C7AC995386.d.EEC0A60280837299ABFD2012A539F7BE.e.63'
[0-0]   },
[0-0]   {
[0-0]     'element-6066-11e4-a52e-4f735466cecf': 'f.71570B84A100E7D5AC5A43C7AC995386.d.EEC0A60280837299ABFD2012A539F7BE.e.64'
[0-0]   }
[0-0] ]
[0-0] 2026-03-12T07:13:07.750Z INFO webdriver: BIDI COMMAND browsingContext.locateNodes {"locator":{"type":"xpath","value":"//img[@alt=\"https://pql-static.iwanttfc.com/static/prod/common/images/monetisation/free.png\"]"},"context":"71570B84A100E7D5AC5A43C7AC995386","startNodes":[{"sharedId":"f.71570B84A100E7D5AC5A43C7AC995386.d.EEC0A60280837299ABFD2012A539F7BE.e.6"},{"sharedId":"f.71570B84A100E7D5AC5A43C7AC995386.d.EEC0A60280837299ABFD2012A539F7BE.e.4"},{"sharedId":"f.71570B84A100E7D5AC5A43C7AC995386.d.EEC0A60280837299ABFD2012A539F7BE.e.5"}]}
[0-0] 2026-03-12T07:13:07.765Z INFO webdriver: BIDI RESULT {"error":"unknown error","id":55,"message":"Unexpected error in selector script: NotSupportedError: Failed to execute 'evaluate' on 'XPathExpression': The node provided is '#document-fragment', which is not a valid context node type.","stacktrace":"Error\n    at new UnknownErrorException (\u003Canonymous>:65:5630)\n    at #locateNodesByLocator (\u003Canonymous>:679:28977)\n    at async BrowsingContextImpl.locateNodes (\u003Canonymous>:679:21570)\n    at async BrowsingContextProcessor.locateNodes (\u003Canonymous>:113:7692)\n    at async #processCommand (\u003Canonymous>:485:5665)\n    at async CommandProcessor.processCommand (\u003Canonymous>:485:12768)","type":"error"}
[0-0] 2026-03-12T07:13:07.766Z WARN webdriverio: Failed to execute 
browser.browsingContextLocateNodes({ ... }) due to Error: WebDriver Bidi 
command "browsingContext.locateNodes" failed with error: unknown error - 
Unexpected error in selector script: NotSupportedError: Failed to execute 
'evaluate' on 'XPathExpression': The node provided is '#document-fragment', 
which is not a valid context node type., falling back to regular WebDriver 
Classic command
[0-0] 2026-03-12T07:13:07.767Z INFO webdriver: COMMAND findElement("xpath", "//img[@alt="https://pql-static.iwanttfc.com/static/prod/common/images/monetisation/free.png"]")
[0-0] 2026-03-12T07:13:07.768Z INFO webdriver: [POST] http://localhost:63685/session/5d2a52135f3ca42c5a09df103853a5d9/element
[0-0] 2026-03-12T07:13:07.768Z INFO webdriver: DATA {"using":"xpath","value":"//img[@alt=\"https://pql-static.iwanttfc.com/static/prod/common/images/monetisation/free.png\"]"}
[0-0] 2026-03-12T07:13:07.784Z INFO webdriver: RESULT {
[0-0]   'element-6066-11e4-a52e-4f735466cecf': 'f.71570B84A100E7D5AC5A43C7AC995386.d.EEC0A60280837299ABFD2012A539F7BE.e.54'
[0-0] }
[0-0] 2026-03-12T07:13:07.791Z INFO webdriver: BIDI COMMAND script.callFunction {"functionDeclaration":"<Function[478 bytes] anonymous>","awaitPromise":true,"arguments":[{"sharedId":"f.71570B84A100E7D5AC5A43C7AC995386.d.EEC0A60280837299ABFD2012A539F7BE.e.54"}],"target":{"context":"71570B84A100E7D5AC5A43C7AC995386"}}
[0-0] 2026-03-12T07:13:07.792Z INFO webdriver: BIDI COMMAND script.callFunction {"functionDeclaration":"<Function[279 bytes] checkVisibility>","awaitPromise":true,"arguments":[{"sharedId":"f.71570B84A100E7D5AC5A43C7AC995386.d.EEC0A60280837299ABFD2012A539F7BE.e.54"},{"type":"object","value":[["withinViewport",{"type":"boolean","value":false}],["contentVisibilityAuto",{"type":"boolean","value":true}],["opacityProperty",{"type":"boolean","value":true}],["visibilityProperty",{"type":"boolean","value":true}]]}],"target":{"context":"71570B84A100E7D5AC5A43C7AC995386"}}
[0-0] 2026-03-12T07:13:07.807Z INFO webdriver: BIDI RESULT {"id":56,"result":{"realm":"-7634908283619026321.-2705657744451804115","result":{"type":"object","value":[["value",{"type":"string","value":"block"}]]},"type":"success"},"type":"success"}
[0-0] 2026-03-12T07:13:07.807Z INFO webdriver: BIDI RESULT {"id":57,"result":{"realm":"-7634908283619026321.-2705657744451804115","result":{"type":"boolean","value":true},"type":"success"},"type":"success"}
[0-0] 2026-03-12T07:13:07.809Z INFO webdriver: BIDI COMMAND script.callFunction {"functionDeclaration":"<Function[4336 bytes] isElementClickable>","awaitPromise":true,"arguments":[{"sharedId":"f.71570B84A100E7D5AC5A43C7AC995386.d.EEC0A60280837299ABFD2012A539F7BE.e.54"}],"target":{"context":"71570B84A100E7D5AC5A43C7AC995386"}}
[0-0] 2026-03-12T07:13:07.815Z INFO webdriver: BIDI RESULT {"id":58,"result":{"realm":"-7634908283619026321.-2705657744451804115","result":{"type":"boolean","value":true},"type":"success"},"type":"success"}
[0-0] 2026-03-12T07:13:07.816Z INFO webdriver: COMMAND elementClick("f.71570B84A100E7D5AC5A43C7AC995386.d.EEC0A60280837299ABFD2012A539F7BE.e.54")
[0-0] 2026-03-12T07:13:07.817Z INFO webdriver: [POST] http://localhost:63685/session/5d2a52135f3ca42c5a09df103853a5d9/element/f.71570B84A100E7D5AC5A43C7AC995386.d.EEC0A60280837299ABFD2012A539F7BE.e.54/click
[0-0] 2026-03-12T07:13:07.817Z INFO webdriver: DATA {}
[0-0] 2026-03-12T07:13:07.905Z INFO webdriver: RESULT null
[0-0] 2026-03-12T07:13:07.905Z INFO webdriver: BIDI COMMAND browsingContext.locateNodes {"locator":{"type":"xpath","value":"//img[@alt='loader']"},"context":"71570B84A100E7D5AC5A43C7AC995386","startNodes":[{"sharedId":"f.71570B84A100E7D5AC5A43C7AC995386.d.EEC0A60280837299ABFD2012A539F7BE.e.6"},{"sharedId":"f.71570B84A100E7D5AC5A43C7AC995386.d.EEC0A60280837299ABFD2012A539F7BE.e.4"},{"sharedId":"f.71570B84A100E7D5AC5A43C7AC995386.d.EEC0A60280837299ABFD2012A539F7BE.e.5"}]}
[0-0] 2026-03-12T07:13:07.915Z INFO webdriver: BIDI RESULT {"error":"unknown error","id":59,"message":"Unexpected error in selector script: NotSupportedError: Failed to execute 'evaluate' on 'XPathExpression': The node provided is '#document-fragment', which is not a valid context node type.","stacktrace":"Error\n    at new UnknownErrorException (\u003Canonymous>:65:5630)\n    at #locateNodesByLocator (\u003Canonymous>:679:28977)\n    at async BrowsingContextImpl.locateNodes (\u003Canonymous>:679:21570)\n    at async BrowsingContextProcessor.locateNodes (\u003Canonymous>:113:7692)\n    at async #processCommand (\u003Canonymous>:485:5665)\n    at async CommandProcessor.processCommand (\u003Canonymous>:485:12768)","type":"error"}
[0-0] 2026-03-12T07:13:07.916Z WARN webdriverio: Failed to execute 
browser.browsingContextLocateNodes({ ... }) due to Error: WebDriver Bidi 
command "browsingContext.locateNodes" failed with error: unknown error - 
Unexpected error in selector script: NotSupportedError: Failed to execute 
'evaluate' on 'XPathExpression': The node provided is '#document-fragment', 
which is not a valid context node type., falling back to regular WebDriver 
Classic command
[0-0] 2026-03-12T07:13:07.917Z INFO webdriver: COMMAND findElement("xpath", "//img[@alt='loader']")
[0-0] 2026-03-12T07:13:07.918Z INFO webdriver: [POST] http://localhost:63685/session/5d2a52135f3ca42c5a09df103853a5d9/element
[0-0] 2026-03-12T07:13:07.918Z INFO webdriver: DATA {"using":"xpath","value":"//img[@alt='loader']"}
[0-0] 2026-03-12T07:13:07.932Z INFO webdriver: RESULT {
[0-0]   error: 'no such element',
[0-0]   message: `no such element: Unable to locate element: {"method":"xpath","selector":"//img[@alt='loader']"}\n` +
[0-0]     '  (Session info: chrome=145.0.7632.160)',
[0-0]   stacktrace: 'Symbols not available. Dumping unresolved backtrace:\n' +
[0-0]     '\t0x7ff752464105\n' +
[0-0]     '\t0x7ff752464160\n' +
[0-0]     '\t0x7ff7521fd72d\n' +
[0-0]     '\t0x7ff752258632\n' +
[0-0]     '\t0x7ff75225893c\n' +
[0-0]     '\t0x7ff7522a8d47\n' +
[0-0]     '\t0x7ff7522a58d9\n' +
[0-0]     '\t0x7ff7522490b8\n' +
[0-0]     '\t0x7ff752249fa3\n' +
[0-0]     '\t0x7ff75272fdf0\n' +
[0-0]     '\t0x7ff75272a29d\n' +
[0-0]     '\t0x7ff75274a52a\n' +
[0-0]     '\t0x7ff752480705\n' +
[0-0]     '\t0x7ff75248917c\n' +
[0-0]     '\t0x7ff75246d544\n' +
[0-0]     '\t0x7ff75246d6f6\n' +
[0-0]     '\t0x7ff7524533d7\n' +
[0-0]     '\t0x7ffd040ae8d7\n' +
[0-0]     '\t0x7ffd05aec48c\n'
[0-0] }
[0-0] 2026-03-12T07:13:07.943Z INFO webdriver: BIDI COMMAND browsingContext.locateNodes {"locator":{"type":"xpath","value":"//img[@alt='loader']"},"context":"71570B84A100E7D5AC5A43C7AC995386","startNodes":[{"sharedId":"f.71570B84A100E7D5AC5A43C7AC995386.d.EEC0A60280837299ABFD2012A539F7BE.e.6"},{"sharedId":"f.71570B84A100E7D5AC5A43C7AC995386.d.EEC0A60280837299ABFD2012A539F7BE.e.4"},{"sharedId":"f.71570B84A100E7D5AC5A43C7AC995386.d.EEC0A60280837299ABFD2012A539F7BE.e.5"}]}
[0-0] 2026-03-12T07:13:07.948Z INFO webdriver: BIDI RESULT {"error":"unknown error","id":60,"message":"Unexpected error in selector script: NotSupportedError: Failed to execute 'evaluate' on 'XPathExpression': The node provided is '#document-fragment', which is not a valid context node type.","stacktrace":"Error\n    at new UnknownErrorException (\u003Canonymous>:65:5630)\n    at #locateNodesByLocator (\u003Canonymous>:679:28977)\n    at async BrowsingContextImpl.locateNodes (\u003Canonymous>:679:21570)\n    at async BrowsingContextProcessor.locateNodes (\u003Canonymous>:113:7692)\n    at async #processCommand (\u003Canonymous>:485:5665)\n    at async CommandProcessor.processCommand (\u003Canonymous>:485:12768)","type":"error"}
[0-0] 2026-03-12T07:13:07.949Z WARN webdriverio: Failed to execute 
browser.browsingContextLocateNodes({ ... }) due to Error: WebDriver Bidi 
command "browsingContext.locateNodes" failed with error: unknown error - 
Unexpected error in selector script: NotSupportedError: Failed to execute 
'evaluate' on 'XPathExpression': The node provided is '#document-fragment', 
which is not a valid context node type., falling back to regular WebDriver 
Classic command
[0-0] 2026-03-12T07:13:07.951Z INFO webdriver: COMMAND findElement("xpath", "//img[@alt='loader']")
[0-0] 2026-03-12T07:13:07.951Z INFO webdriver: [POST] http://localhost:63685/session/5d2a52135f3ca42c5a09df103853a5d9/element
[0-0] 2026-03-12T07:13:07.951Z INFO webdriver: DATA {"using":"xpath","value":"//img[@alt='loader']"}
[0-0] 2026-03-12T07:13:07.959Z INFO webdriver: RESULT {
[0-0]   error: 'no such element',
[0-0]   message: `no such element: Unable to locate element: {"method":"xpath","selector":"//img[@alt='loader']"}\n` +
[0-0]     '  (Session info: chrome=145.0.7632.160)',
[0-0]   stacktrace: 'Symbols not available. Dumping unresolved backtrace:\n' +
[0-0]     '\t0x7ff752464105\n' +
[0-0]     '\t0x7ff752464160\n' +
[0-0]     '\t0x7ff7521fd72d\n' +
[0-0]     '\t0x7ff752258632\n' +
[0-0]     '\t0x7ff75225893c\n' +
[0-0]     '\t0x7ff7522a8d47\n' +
[0-0]     '\t0x7ff7522a58d9\n' +
[0-0]     '\t0x7ff7522490b8\n' +
[0-0]     '\t0x7ff752249fa3\n' +
[0-0]     '\t0x7ff75272fdf0\n' +
[0-0]     '\t0x7ff75272a29d\n' +
[0-0]     '\t0x7ff75274a52a\n' +
[0-0]     '\t0x7ff752480705\n' +
[0-0]     '\t0x7ff75248917c\n' +
[0-0]     '\t0x7ff75246d544\n' +
[0-0]     '\t0x7ff75246d6f6\n' +
[0-0]     '\t0x7ff7524533d7\n' +
[0-0]     '\t0x7ffd040ae8d7\n' +
[0-0]     '\t0x7ffd05aec48c\n'
[0-0] }
[0-0] 2026-03-12T07:13:07.967Z INFO webdriver: BIDI COMMAND browsingContext.locateNodes {"locator":{"type":"xpath","value":"//div[@class='relative w-auto']//img"},"context":"71570B84A100E7D5AC5A43C7AC995386","startNodes":[{"sharedId":"f.71570B84A100E7D5AC5A43C7AC995386.d.EEC0A60280837299ABFD2012A539F7BE.e.6"},{"sharedId":"f.71570B84A100E7D5AC5A43C7AC995386.d.EEC0A60280837299ABFD2012A539F7BE.e.4"},{"sharedId":"f.71570B84A100E7D5AC5A43C7AC995386.d.EEC0A60280837299ABFD2012A539F7BE.e.5"}]}
[0-0] 2026-03-12T07:13:07.974Z INFO webdriver: BIDI RESULT {"error":"unknown error","id":61,"message":"Unexpected error in selector script: NotSupportedError: Failed to execute 'evaluate' on 'XPathExpression': The node provided is '#document-fragment', which is not a valid context node type.","stacktrace":"Error\n    at new UnknownErrorException (\u003Canonymous>:65:5630)\n    at #locateNodesByLocator (\u003Canonymous>:679:28977)\n    at async BrowsingContextImpl.locateNodes (\u003Canonymous>:679:21570)\n    at async BrowsingContextProcessor.locateNodes (\u003Canonymous>:113:7692)\n    at async #processCommand (\u003Canonymous>:485:5665)\n    at async CommandProcessor.processCommand (\u003Canonymous>:485:12768)","type":"error"}
[0-0] 2026-03-12T07:13:07.975Z WARN webdriverio: Failed to execute 
browser.browsingContextLocateNodes({ ... }) due to Error: WebDriver Bidi 
command "browsingContext.locateNodes" failed with error: unknown error - 
Unexpected error in selector script: NotSupportedError: Failed to execute 
'evaluate' on 'XPathExpression': The node provided is '#document-fragment', 
which is not a valid context node type., falling back to regular WebDriver 
Classic command
[0-0] 2026-03-12T07:13:07.977Z INFO webdriver: COMMAND findElement("xpath", "//div[@class='relative w-auto']//img")
[0-0] 2026-03-12T07:13:07.977Z INFO webdriver: [POST] http://localhost:63685/session/5d2a52135f3ca42c5a09df103853a5d9/element
[0-0] 2026-03-12T07:13:07.977Z INFO webdriver: DATA {"using":"xpath","value":"//div[@class='relative w-auto']//img"}
[0-0] 2026-03-12T07:13:07.992Z INFO webdriver: RESULT {
[0-0]   error: 'no such element',
[0-0]   message: `no such element: Unable to locate element: {"method":"xpath","selector":"//div[@class='relative w-auto']//img"}\n` +
[0-0]     '  (Session info: chrome=145.0.7632.160)',
[0-0]   stacktrace: 'Symbols not available. Dumping unresolved backtrace:\n' +
[0-0]     '\t0x7ff752464105\n' +
[0-0]     '\t0x7ff752464160\n' +
[0-0]     '\t0x7ff7521fd72d\n' +
[0-0]     '\t0x7ff752258632\n' +
[0-0]     '\t0x7ff75225893c\n' +
[0-0]     '\t0x7ff7522a8d47\n' +
[0-0]     '\t0x7ff7522a58d9\n' +
[0-0]     '\t0x7ff7522490b8\n' +
[0-0]     '\t0x7ff752249fa3\n' +
[0-0]     '\t0x7ff75272fdf0\n' +
[0-0]     '\t0x7ff75272a29d\n' +
[0-0]     '\t0x7ff75274a52a\n' +
[0-0]     '\t0x7ff752480705\n' +
[0-0]     '\t0x7ff75248917c\n' +
[0-0]     '\t0x7ff75246d544\n' +
[0-0]     '\t0x7ff75246d6f6\n' +
[0-0]     '\t0x7ff7524533d7\n' +
[0-0]     '\t0x7ffd040ae8d7\n' +
[0-0]     '\t0x7ffd05aec48c\n'
[0-0] }
[0-0] 2026-03-12T07:13:08.000Z INFO webdriver: BIDI COMMAND browsingContext.locateNodes {"locator":{"type":"xpath","value":"//div[@class='relative w-auto']//img"},"context":"71570B84A100E7D5AC5A43C7AC995386","startNodes":[{"sharedId":"f.71570B84A100E7D5AC5A43C7AC995386.d.EEC0A60280837299ABFD2012A539F7BE.e.6"},{"sharedId":"f.71570B84A100E7D5AC5A43C7AC995386.d.EEC0A60280837299ABFD2012A539F7BE.e.4"},{"sharedId":"f.71570B84A100E7D5AC5A43C7AC995386.d.EEC0A60280837299ABFD2012A539F7BE.e.5"}]}
[0-0] 2026-03-12T07:13:08.007Z INFO webdriver: BIDI RESULT {"error":"unknown error","id":62,"message":"Unexpected error in selector script: NotSupportedError: Failed to execute 'evaluate' on 'XPathExpression': The node provided is '#document-fragment', which is not a valid context node type.","stacktrace":"Error\n    at new UnknownErrorException (\u003Canonymous>:65:5630)\n    at #locateNodesByLocator (\u003Canonymous>:679:28977)\n    at async BrowsingContextImpl.locateNodes (\u003Canonymous>:679:21570)\n    at async BrowsingContextProcessor.locateNodes (\u003Canonymous>:113:7692)\n    at async #processCommand (\u003Canonymous>:485:5665)\n    at async CommandProcessor.processCommand (\u003Canonymous>:485:12768)","type":"error"}
[0-0] 2026-03-12T07:13:08.008Z WARN webdriverio: Failed to execute 
browser.browsingContextLocateNodes({ ... }) due to Error: WebDriver Bidi 
command "browsingContext.locateNodes" failed with error: unknown error - 
Unexpected error in selector script: NotSupportedError: Failed to execute 
'evaluate' on 'XPathExpression': The node provided is '#document-fragment', 
which is not a valid context node type., falling back to regular WebDriver 
Classic command
[0-0] 2026-03-12T07:13:08.010Z INFO webdriver: COMMAND findElement("xpath", "//div[@class='relative w-auto']//img")
[0-0] 2026-03-12T07:13:08.011Z INFO webdriver: [POST] http://localhost:63685/session/5d2a52135f3ca42c5a09df103853a5d9/element
[0-0] 2026-03-12T07:13:08.011Z INFO webdriver: DATA {"using":"xpath","value":"//div[@class='relative w-auto']//img"}
[0-0] 2026-03-12T07:13:08.026Z INFO webdriver: RESULT {
[0-0]   error: 'no such element',
[0-0]   message: `no such element: Unable to locate element: {"method":"xpath","selector":"//div[@class='relative w-auto']//img"}\n` +
[0-0]     '  (Session info: chrome=145.0.7632.160)',
[0-0]   stacktrace: 'Symbols not available. Dumping unresolved backtrace:\n' +
[0-0]     '\t0x7ff752464105\n' +
[0-0]     '\t0x7ff752464160\n' +
[0-0]     '\t0x7ff7521fd72d\n' +
[0-0]     '\t0x7ff752258632\n' +
[0-0]     '\t0x7ff75225893c\n' +
[0-0]     '\t0x7ff7522a8d47\n' +
[0-0]     '\t0x7ff7522a58d9\n' +
[0-0]     '\t0x7ff7522490b8\n' +
[0-0]     '\t0x7ff752249fa3\n' +
[0-0]     '\t0x7ff75272fdf0\n' +
[0-0]     '\t0x7ff75272a29d\n' +
[0-0]     '\t0x7ff75274a52a\n' +
[0-0]     '\t0x7ff752480705\n' +
[0-0]     '\t0x7ff75248917c\n' +
[0-0]     '\t0x7ff75246d544\n' +
[0-0]     '\t0x7ff75246d6f6\n' +
[0-0]     '\t0x7ff7524533d7\n' +
[0-0]     '\t0x7ffd040ae8d7\n' +
[0-0]     '\t0x7ffd05aec48c\n'
[0-0] }
[0-0] 2026-03-12T07:13:08.108Z INFO webdriver: BIDI COMMAND browsingContext.locateNodes {"locator":{"type":"xpath","value":"//div[@class='relative w-auto']//img"},"context":"71570B84A100E7D5AC5A43C7AC995386","startNodes":[{"sharedId":"f.71570B84A100E7D5AC5A43C7AC995386.d.EEC0A60280837299ABFD2012A539F7BE.e.6"},{"sharedId":"f.71570B84A100E7D5AC5A43C7AC995386.d.EEC0A60280837299ABFD2012A539F7BE.e.4"},{"sharedId":"f.71570B84A100E7D5AC5A43C7AC995386.d.EEC0A60280837299ABFD2012A539F7BE.e.5"}]}
[0-0] 2026-03-12T07:13:08.122Z INFO webdriver: BIDI RESULT {"error":"unknown error","id":63,"message":"Unexpected error in selector script: NotSupportedError: Failed to execute 'evaluate' on 'XPathExpression': The node provided is '#document-fragment', which is not a valid context node type.","stacktrace":"Error\n    at new UnknownErrorException (\u003Canonymous>:65:5630)\n    at #locateNodesByLocator (\u003Canonymous>:679:28977)\n    at async BrowsingContextImpl.locateNodes (\u003Canonymous>:679:21570)\n    at async BrowsingContextProcessor.locateNodes (\u003Canonymous>:113:7692)\n    at async #processCommand (\u003Canonymous>:485:5665)\n    at async CommandProcessor.processCommand (\u003Canonymous>:485:12768)","type":"error"}
[0-0] 2026-03-12T07:13:08.123Z WARN webdriverio: Failed to execute 
browser.browsingContextLocateNodes({ ... }) due to Error: WebDriver Bidi 
command "browsingContext.locateNodes" failed with error: unknown error - 
Unexpected error in selector script: NotSupportedError: Failed to execute 
'evaluate' on 'XPathExpression': The node provided is '#document-fragment', 
which is not a valid context node type., falling back to regular WebDriver 
Classic command
[0-0] 2026-03-12T07:13:08.125Z INFO webdriver: COMMAND findElement("xpath", "//div[@class='relative w-auto']//img")
[0-0] 2026-03-12T07:13:08.126Z INFO webdriver: [POST] http://localhost:63685/session/5d2a52135f3ca42c5a09df103853a5d9/element
[0-0] 2026-03-12T07:13:08.126Z INFO webdriver: DATA {"using":"xpath","value":"//div[@class='relative w-auto']//img"}
[0-0] 2026-03-12T07:13:08.145Z INFO webdriver: RESULT {
[0-0]   error: 'no such element',
[0-0]   message: `no such element: Unable to locate element: {"method":"xpath","selector":"//div[@class='relative w-auto']//img"}\n` +
[0-0]     '  (Session info: chrome=145.0.7632.160)',
[0-0]   stacktrace: 'Symbols not available. Dumping unresolved backtrace:\n' +
[0-0]     '\t0x7ff752464105\n' +
[0-0]     '\t0x7ff752464160\n' +
[0-0]     '\t0x7ff7521fd72d\n' +
[0-0]     '\t0x7ff752258632\n' +
[0-0]     '\t0x7ff75225893c\n' +
[0-0]     '\t0x7ff7522a8d47\n' +
[0-0]     '\t0x7ff7522a58d9\n' +
[0-0]     '\t0x7ff7522490b8\n' +
[0-0]     '\t0x7ff752249fa3\n' +
[0-0]     '\t0x7ff75272fdf0\n' +
[0-0]     '\t0x7ff75272a29d\n' +
[0-0]     '\t0x7ff75274a52a\n' +
[0-0]     '\t0x7ff752480705\n' +
[0-0]     '\t0x7ff75248917c\n' +
[0-0]     '\t0x7ff75246d544\n' +
[0-0]     '\t0x7ff75246d6f6\n' +
[0-0]     '\t0x7ff7524533d7\n' +
[0-0]     '\t0x7ffd040ae8d7\n' +
[0-0]     '\t0x7ffd05aec48c\n'
[0-0] }
[0-0] 2026-03-12T07:13:08.199Z INFO webdriver: BIDI COMMAND browsingContext.locateNodes {"locator":{"type":"xpath","value":"//div[@class='relative w-auto']//img"},"context":"71570B84A100E7D5AC5A43C7AC995386","startNodes":[{"sharedId":"f.71570B84A100E7D5AC5A43C7AC995386.d.EEC0A60280837299ABFD2012A539F7BE.e.6"},{"sharedId":"f.71570B84A100E7D5AC5A43C7AC995386.d.EEC0A60280837299ABFD2012A539F7BE.e.4"},{"sharedId":"f.71570B84A100E7D5AC5A43C7AC995386.d.EEC0A60280837299ABFD2012A539F7BE.e.5"}]}
[0-0] 2026-03-12T07:13:08.209Z INFO webdriver: BIDI RESULT {"error":"unknown error","id":64,"message":"Unexpected error in selector script: NotSupportedError: Failed to execute 'evaluate' on 'XPathExpression': The node provided is '#document-fragment', which is not a valid context node type.","stacktrace":"Error\n    at new UnknownErrorException (\u003Canonymous>:65:5630)\n    at #locateNodesByLocator (\u003Canonymous>:679:28977)\n    at async BrowsingContextImpl.locateNodes (\u003Canonymous>:679:21570)\n    at async BrowsingContextProcessor.locateNodes (\u003Canonymous>:113:7692)\n    at async #processCommand (\u003Canonymous>:485:5665)\n    at async CommandProcessor.processCommand (\u003Canonymous>:485:12768)","type":"error"}
[0-0] 2026-03-12T07:13:08.210Z WARN webdriverio: Failed to execute 
browser.browsingContextLocateNodes({ ... }) due to Error: WebDriver Bidi 
command "browsingContext.locateNodes" failed with error: unknown error - 
Unexpected error in selector script: NotSupportedError: Failed to execute 
'evaluate' on 'XPathExpression': The node provided is '#document-fragment', 
which is not a valid context node type., falling back to regular WebDriver 
Classic command
[0-0] 2026-03-12T07:13:08.214Z INFO webdriver: COMMAND findElement("xpath", "//div[@class='relative w-auto']//img")
[0-0] 2026-03-12T07:13:08.215Z INFO webdriver: [POST] http://localhost:63685/session/5d2a52135f3ca42c5a09df103853a5d9/element
[0-0] 2026-03-12T07:13:08.215Z INFO webdriver: DATA {"using":"xpath","value":"//div[@class='relative w-auto']//img"}
[0-0] 2026-03-12T07:13:08.231Z INFO webdriver: RESULT {
[0-0]   error: 'no such element',
[0-0]   message: `no such element: Unable to locate element: {"method":"xpath","selector":"//div[@class='relative w-auto']//img"}\n` +
[0-0]     '  (Session info: chrome=145.0.7632.160)',
[0-0]   stacktrace: 'Symbols not available. Dumping unresolved backtrace:\n' +
[0-0]     '\t0x7ff752464105\n' +
[0-0]     '\t0x7ff752464160\n' +
[0-0]     '\t0x7ff7521fd72d\n' +
[0-0]     '\t0x7ff752258632\n' +
[0-0]     '\t0x7ff75225893c\n' +
[0-0]     '\t0x7ff7522a8d47\n' +
[0-0]     '\t0x7ff7522a58d9\n' +
[0-0]     '\t0x7ff7522490b8\n' +
[0-0]     '\t0x7ff752249fa3\n' +
[0-0]     '\t0x7ff75272fdf0\n' +
[0-0]     '\t0x7ff75272a29d\n' +
[0-0]     '\t0x7ff75274a52a\n' +
[0-0]     '\t0x7ff752480705\n' +
[0-0]     '\t0x7ff75248917c\n' +
[0-0]     '\t0x7ff75246d544\n' +
[0-0]     '\t0x7ff75246d6f6\n' +
[0-0]     '\t0x7ff7524533d7\n' +
[0-0]     '\t0x7ffd040ae8d7\n' +
[0-0]     '\t0x7ffd05aec48c\n'
[0-0] }
[0-0] 2026-03-12T07:13:08.301Z INFO webdriver: BIDI COMMAND browsingContext.locateNodes {"locator":{"type":"xpath","value":"//div[@class='relative w-auto']//img"},"context":"71570B84A100E7D5AC5A43C7AC995386","startNodes":[{"sharedId":"f.71570B84A100E7D5AC5A43C7AC995386.d.EEC0A60280837299ABFD2012A539F7BE.e.6"},{"sharedId":"f.71570B84A100E7D5AC5A43C7AC995386.d.EEC0A60280837299ABFD2012A539F7BE.e.4"},{"sharedId":"f.71570B84A100E7D5AC5A43C7AC995386.d.EEC0A60280837299ABFD2012A539F7BE.e.5"}]}
[0-0] 2026-03-12T07:13:08.308Z INFO webdriver: BIDI RESULT {"error":"unknown error","id":65,"message":"Unexpected error in selector script: NotSupportedError: Failed to execute 'evaluate' on 'XPathExpression': The node provided is '#document-fragment', which is not a valid context node type.","stacktrace":"Error\n    at new UnknownErrorException (\u003Canonymous>:65:5630)\n    at #locateNodesByLocator (\u003Canonymous>:679:28977)\n    at async BrowsingContextImpl.locateNodes (\u003Canonymous>:679:21570)\n    at async BrowsingContextProcessor.locateNodes (\u003Canonymous>:113:7692)\n    at async #processCommand (\u003Canonymous>:485:5665)\n    at async CommandProcessor.processCommand (\u003Canonymous>:485:12768)","type":"error"}
[0-0] 2026-03-12T07:13:08.309Z WARN webdriverio: Failed to execute 
browser.browsingContextLocateNodes({ ... }) due to Error: WebDriver Bidi 
command "browsingContext.locateNodes" failed with error: unknown error - 
Unexpected error in selector script: NotSupportedError: Failed to execute 
'evaluate' on 'XPathExpression': The node provided is '#document-fragment', 
which is not a valid context node type., falling back to regular WebDriver 
Classic command
[0-0] 2026-03-12T07:13:08.311Z INFO webdriver: COMMAND findElement("xpath", "//div[@class='relative w-auto']//img")
[0-0] 2026-03-12T07:13:08.312Z INFO webdriver: [POST] http://localhost:63685/session/5d2a52135f3ca42c5a09df103853a5d9/element
[0-0] 2026-03-12T07:13:08.312Z INFO webdriver: DATA {"using":"xpath","value":"//div[@class='relative w-auto']//img"}
[0-0] 2026-03-12T07:13:08.328Z INFO webdriver: RESULT {
[0-0]   error: 'no such element',
[0-0]   message: `no such element: Unable to locate element: {"method":"xpath","selector":"//div[@class='relative w-auto']//img"}\n` +
[0-0]     '  (Session info: chrome=145.0.7632.160)',
[0-0]   stacktrace: 'Symbols not available. Dumping unresolved backtrace:\n' +
[0-0]     '\t0x7ff752464105\n' +
[0-0]     '\t0x7ff752464160\n' +
[0-0]     '\t0x7ff7521fd72d\n' +
[0-0]     '\t0x7ff752258632\n' +
[0-0]     '\t0x7ff75225893c\n' +
[0-0]     '\t0x7ff7522a8d47\n' +
[0-0]     '\t0x7ff7522a58d9\n' +
[0-0]     '\t0x7ff7522490b8\n' +
[0-0]     '\t0x7ff752249fa3\n' +
[0-0]     '\t0x7ff75272fdf0\n' +
[0-0]     '\t0x7ff75272a29d\n' +
[0-0]     '\t0x7ff75274a52a\n' +
[0-0]     '\t0x7ff752480705\n' +
[0-0]     '\t0x7ff75248917c\n' +
[0-0]     '\t0x7ff75246d544\n' +
[0-0]     '\t0x7ff75246d6f6\n' +
[0-0]     '\t0x7ff7524533d7\n' +
[0-0]     '\t0x7ffd040ae8d7\n' +
[0-0]     '\t0x7ffd05aec48c\n'
[0-0] }
[0-0] 2026-03-12T07:13:08.400Z INFO webdriver: BIDI COMMAND browsingContext.locateNodes {"locator":{"type":"xpath","value":"//div[@class='relative w-auto']//img"},"context":"71570B84A100E7D5AC5A43C7AC995386","startNodes":[{"sharedId":"f.71570B84A100E7D5AC5A43C7AC995386.d.EEC0A60280837299ABFD2012A539F7BE.e.6"},{"sharedId":"f.71570B84A100E7D5AC5A43C7AC995386.d.EEC0A60280837299ABFD2012A539F7BE.e.4"},{"sharedId":"f.71570B84A100E7D5AC5A43C7AC995386.d.EEC0A60280837299ABFD2012A539F7BE.e.5"}]}
[0-0] 2026-03-12T07:13:08.426Z INFO webdriver: BIDI RESULT {"error":"unknown error","id":66,"message":"Unexpected error in selector script: NotSupportedError: Failed to execute 'evaluate' on 'XPathExpression': The node provided is '#document-fragment', which is not a valid context node type.","stacktrace":"Error\n    at new UnknownErrorException (\u003Canonymous>:65:5630)\n    at #locateNodesByLocator (\u003Canonymous>:679:28977)\n    at async BrowsingContextImpl.locateNodes (\u003Canonymous>:679:21570)\n    at async BrowsingContextProcessor.locateNodes (\u003Canonymous>:113:7692)\n    at async #processCommand (\u003Canonymous>:485:5665)\n    at async CommandProcessor.processCommand (\u003Canonymous>:485:12768)","type":"error"}
[0-0] 2026-03-12T07:13:08.427Z WARN webdriverio: Failed to execute 
browser.browsingContextLocateNodes({ ... }) due to Error: WebDriver Bidi 
command "browsingContext.locateNodes" failed with error: unknown error - 
Unexpected error in selector script: NotSupportedError: Failed to execute 
'evaluate' on 'XPathExpression': The node provided is '#document-fragment', 
which is not a valid context node type., falling back to regular WebDriver 
Classic command
[0-0] 2026-03-12T07:13:08.428Z INFO webdriver: COMMAND findElement("xpath", "//div[@class='relative w-auto']//img")
[0-0] 2026-03-12T07:13:08.429Z INFO webdriver: [POST] http://localhost:63685/session/5d2a52135f3ca42c5a09df103853a5d9/element
[0-0] 2026-03-12T07:13:08.429Z INFO webdriver: DATA {"using":"xpath","value":"//div[@class='relative w-auto']//img"}
[0-0] 2026-03-12T07:13:08.446Z INFO webdriver: RESULT {
[0-0]   error: 'no such element',
[0-0]   message: `no such element: Unable to locate element: {"method":"xpath","selector":"//div[@class='relative w-auto']//img"}\n` +
[0-0]     '  (Session info: chrome=145.0.7632.160)',
[0-0]   stacktrace: 'Symbols not available. Dumping unresolved backtrace:\n' +
[0-0]     '\t0x7ff752464105\n' +
[0-0]     '\t0x7ff752464160\n' +
[0-0]     '\t0x7ff7521fd72d\n' +
[0-0]     '\t0x7ff752258632\n' +
[0-0]     '\t0x7ff75225893c\n' +
[0-0]     '\t0x7ff7522a8d47\n' +
[0-0]     '\t0x7ff7522a58d9\n' +
[0-0]     '\t0x7ff7522490b8\n' +
[0-0]     '\t0x7ff752249fa3\n' +
[0-0]     '\t0x7ff75272fdf0\n' +
[0-0]     '\t0x7ff75272a29d\n' +
[0-0]     '\t0x7ff75274a52a\n' +
[0-0]     '\t0x7ff752480705\n' +
[0-0]     '\t0x7ff75248917c\n' +
[0-0]     '\t0x7ff75246d544\n' +
[0-0]     '\t0x7ff75246d6f6\n' +
[0-0]     '\t0x7ff7524533d7\n' +
[0-0]     '\t0x7ffd040ae8d7\n' +
[0-0]     '\t0x7ffd05aec48c\n'
[0-0] }
[0-0] 2026-03-12T07:13:08.510Z INFO webdriver: BIDI COMMAND browsingContext.locateNodes {"locator":{"type":"xpath","value":"//div[@class='relative w-auto']//img"},"context":"71570B84A100E7D5AC5A43C7AC995386","startNodes":[{"sharedId":"f.71570B84A100E7D5AC5A43C7AC995386.d.EEC0A60280837299ABFD2012A539F7BE.e.6"},{"sharedId":"f.71570B84A100E7D5AC5A43C7AC995386.d.EEC0A60280837299ABFD2012A539F7BE.e.4"},{"sharedId":"f.71570B84A100E7D5AC5A43C7AC995386.d.EEC0A60280837299ABFD2012A539F7BE.e.5"}]}
[0-0] 2026-03-12T07:13:08.522Z INFO webdriver: BIDI RESULT {"error":"unknown error","id":67,"message":"Unexpected error in selector script: NotSupportedError: Failed to execute 'evaluate' on 'XPathExpression': The node provided is '#document-fragment', which is not a valid context node type.","stacktrace":"Error\n    at new UnknownErrorException (\u003Canonymous>:65:5630)\n    at #locateNodesByLocator (\u003Canonymous>:679:28977)\n    at async BrowsingContextImpl.locateNodes (\u003Canonymous>:679:21570)\n    at async BrowsingContextProcessor.locateNodes (\u003Canonymous>:113:7692)\n    at async #processCommand (\u003Canonymous>:485:5665)\n    at async CommandProcessor.processCommand (\u003Canonymous>:485:12768)","type":"error"}
[0-0] 2026-03-12T07:13:08.523Z WARN webdriverio: Failed to execute 
browser.browsingContextLocateNodes({ ... }) due to Error: WebDriver Bidi 
command "browsingContext.locateNodes" failed with error: unknown error - 
Unexpected error in selector script: NotSupportedError: Failed to execute 
'evaluate' on 'XPathExpression': The node provided is '#document-fragment', 
which is not a valid context node type., falling back to regular WebDriver 
Classic command
[0-0] 2026-03-12T07:13:08.525Z INFO webdriver: COMMAND findElement("xpath", "//div[@class='relative w-auto']//img")
[0-0] 2026-03-12T07:13:08.526Z INFO webdriver: [POST] http://localhost:63685/session/5d2a52135f3ca42c5a09df103853a5d9/element
[0-0] 2026-03-12T07:13:08.526Z INFO webdriver: DATA {"using":"xpath","value":"//div[@class='relative w-auto']//img"}
[0-0] 2026-03-12T07:13:08.544Z INFO webdriver: RESULT {
[0-0]   error: 'no such element',
[0-0]   message: `no such element: Unable to locate element: {"method":"xpath","selector":"//div[@class='relative w-auto']//img"}\n` +
[0-0]     '  (Session info: chrome=145.0.7632.160)',
[0-0]   stacktrace: 'Symbols not available. Dumping unresolved backtrace:\n' +
[0-0]     '\t0x7ff752464105\n' +
[0-0]     '\t0x7ff752464160\n' +
[0-0]     '\t0x7ff7521fd72d\n' +
[0-0]     '\t0x7ff752258632\n' +
[0-0]     '\t0x7ff75225893c\n' +
[0-0]     '\t0x7ff7522a8d47\n' +
[0-0]     '\t0x7ff7522a58d9\n' +
[0-0]     '\t0x7ff7522490b8\n' +
[0-0]     '\t0x7ff752249fa3\n' +
[0-0]     '\t0x7ff75272fdf0\n' +
[0-0]     '\t0x7ff75272a29d\n' +
[0-0]     '\t0x7ff75274a52a\n' +
[0-0]     '\t0x7ff752480705\n' +
[0-0]     '\t0x7ff75248917c\n' +
[0-0]     '\t0x7ff75246d544\n' +
[0-0]     '\t0x7ff75246d6f6\n' +
[0-0]     '\t0x7ff7524533d7\n' +
[0-0]     '\t0x7ffd040ae8d7\n' +
[0-0]     '\t0x7ffd05aec48c\n'
[0-0] }
[0-0] 2026-03-12T07:13:08.601Z INFO webdriver: BIDI COMMAND browsingContext.locateNodes {"locator":{"type":"xpath","value":"//div[@class='relative w-auto']//img"},"context":"71570B84A100E7D5AC5A43C7AC995386","startNodes":[{"sharedId":"f.71570B84A100E7D5AC5A43C7AC995386.d.EEC0A60280837299ABFD2012A539F7BE.e.6"},{"sharedId":"f.71570B84A100E7D5AC5A43C7AC995386.d.EEC0A60280837299ABFD2012A539F7BE.e.4"},{"sharedId":"f.71570B84A100E7D5AC5A43C7AC995386.d.EEC0A60280837299ABFD2012A539F7BE.e.5"}]}
[0-0] 2026-03-12T07:13:08.614Z INFO webdriver: BIDI RESULT {"error":"unknown error","id":68,"message":"Unexpected error in selector script: NotSupportedError: Failed to execute 'evaluate' on 'XPathExpression': The node provided is '#document-fragment', which is not a valid context node type.","stacktrace":"Error\n    at new UnknownErrorException (\u003Canonymous>:65:5630)\n    at #locateNodesByLocator (\u003Canonymous>:679:28977)\n    at async BrowsingContextImpl.locateNodes (\u003Canonymous>:679:21570)\n    at async BrowsingContextProcessor.locateNodes (\u003Canonymous>:113:7692)\n    at async #processCommand (\u003Canonymous>:485:5665)\n    at async CommandProcessor.processCommand (\u003Canonymous>:485:12768)","type":"error"}
[0-0] 2026-03-12T07:13:08.615Z WARN webdriverio: Failed to execute 
browser.browsingContextLocateNodes({ ... }) due to Error: WebDriver Bidi 
command "browsingContext.locateNodes" failed with error: unknown error - 
Unexpected error in selector script: NotSupportedError: Failed to execute 
'evaluate' on 'XPathExpression': The node provided is '#document-fragment', 
which is not a valid context node type., falling back to regular WebDriver 
Classic command
[0-0] 2026-03-12T07:13:08.619Z INFO webdriver: COMMAND findElement("xpath", "//div[@class='relative w-auto']//img")
[0-0] 2026-03-12T07:13:08.620Z INFO webdriver: [POST] http://localhost:63685/session/5d2a52135f3ca42c5a09df103853a5d9/element
[0-0] 2026-03-12T07:13:08.620Z INFO webdriver: DATA {"using":"xpath","value":"//div[@class='relative w-auto']//img"}
[0-0] 2026-03-12T07:13:08.640Z INFO webdriver: RESULT {
[0-0]   error: 'no such element',
[0-0]   message: `no such element: Unable to locate element: {"method":"xpath","selector":"//div[@class='relative w-auto']//img"}\n` +
[0-0]     '  (Session info: chrome=145.0.7632.160)',
[0-0]   stacktrace: 'Symbols not available. Dumping unresolved backtrace:\n' +
[0-0]     '\t0x7ff752464105\n' +
[0-0]     '\t0x7ff752464160\n' +
[0-0]     '\t0x7ff7521fd72d\n' +
[0-0]     '\t0x7ff752258632\n' +
[0-0]     '\t0x7ff75225893c\n' +
[0-0]     '\t0x7ff7522a8d47\n' +
[0-0]     '\t0x7ff7522a58d9\n' +
[0-0]     '\t0x7ff7522490b8\n' +
[0-0]     '\t0x7ff752249fa3\n' +
[0-0]     '\t0x7ff75272fdf0\n' +
[0-0]     '\t0x7ff75272a29d\n' +
[0-0]     '\t0x7ff75274a52a\n' +
[0-0]     '\t0x7ff752480705\n' +
[0-0]     '\t0x7ff75248917c\n' +
[0-0]     '\t0x7ff75246d544\n' +
[0-0]     '\t0x7ff75246d6f6\n' +
[0-0]     '\t0x7ff7524533d7\n' +
[0-0]     '\t0x7ffd040ae8d7\n' +
[0-0]     '\t0x7ffd05aec48c\n'
[0-0] }
[0-0] 2026-03-12T07:13:08.701Z INFO webdriver: BIDI COMMAND browsingContext.locateNodes {"locator":{"type":"xpath","value":"//div[@class='relative w-auto']//img"},"context":"71570B84A100E7D5AC5A43C7AC995386","startNodes":[{"sharedId":"f.71570B84A100E7D5AC5A43C7AC995386.d.EEC0A60280837299ABFD2012A539F7BE.e.6"},{"sharedId":"f.71570B84A100E7D5AC5A43C7AC995386.d.EEC0A60280837299ABFD2012A539F7BE.e.4"},{"sharedId":"f.71570B84A100E7D5AC5A43C7AC995386.d.EEC0A60280837299ABFD2012A539F7BE.e.5"}]}
[0-0] 2026-03-12T07:13:08.781Z INFO webdriver: BIDI RESULT {"error":"unknown error","id":69,"message":"Unexpected error in selector script: NotSupportedError: Failed to execute 'evaluate' on 'XPathExpression': The node provided is '#document-fragment', which is not a valid context node type.","stacktrace":"Error\n    at new UnknownErrorException (\u003Canonymous>:65:5630)\n    at #locateNodesByLocator (\u003Canonymous>:679:28977)\n    at async BrowsingContextImpl.locateNodes (\u003Canonymous>:679:21570)\n    at async BrowsingContextProcessor.locateNodes (\u003Canonymous>:113:7692)\n    at async #processCommand (\u003Canonymous>:485:5665)\n    at async CommandProcessor.processCommand (\u003Canonymous>:485:12768)","type":"error"}
[0-0] 2026-03-12T07:13:08.782Z WARN webdriverio: Failed to execute 
browser.browsingContextLocateNodes({ ... }) due to Error: WebDriver Bidi 
command "browsingContext.locateNodes" failed with error: unknown error - 
Unexpected error in selector script: NotSupportedError: Failed to execute 
'evaluate' on 'XPathExpression': The node provided is '#document-fragment', 
which is not a valid context node type., falling back to regular WebDriver 
Classic command
[0-0] 2026-03-12T07:13:08.785Z INFO webdriver: COMMAND findElement("xpath", "//div[@class='relative w-auto']//img")
[0-0] 2026-03-12T07:13:08.785Z INFO webdriver: [POST] http://localhost:63685/session/5d2a52135f3ca42c5a09df103853a5d9/element
[0-0] 2026-03-12T07:13:08.785Z INFO webdriver: DATA {"using":"xpath","value":"//div[@class='relative w-auto']//img"}
[0-0] 2026-03-12T07:13:08.828Z INFO webdriver: RESULT {
[0-0]   'element-6066-11e4-a52e-4f735466cecf': 'f.71570B84A100E7D5AC5A43C7AC995386.d.EEC0A60280837299ABFD2012A539F7BE.e.74'
[0-0] }
[0-0] 2026-03-12T07:13:08.835Z INFO webdriver: BIDI COMMAND script.callFunction {"functionDeclaration":"<Function[478 bytes] anonymous>","awaitPromise":true,"arguments":[{}],"target":{"context":"71570B84A100E7D5AC5A43C7AC995386"}}
[0-0] 2026-03-12T07:13:08.835Z INFO webdriver: BIDI COMMAND script.callFunction {"functionDeclaration":"<Function[279 bytes] checkVisibility>","awaitPromise":true,"arguments":[{},{"type":"object","value":[["withinViewport",{"type":"boolean","value":false}],["contentVisibilityAuto",{"type":"boolean","value":true}],["opacityProperty",{"type":"boolean","value":true}],["visibilityProperty",{"type":"boolean","value":true}]]}],"target":{"context":"71570B84A100E7D5AC5A43C7AC995386"}}
[0-0] 2026-03-12T07:13:08.839Z INFO webdriver: BIDI RESULT {"error":"invalid argument","id":70,"message":"Invalid input in \"arguments\"/0.","type":"error"}
[0-0] 2026-03-12T07:13:08.850Z INFO webdriver: BIDI COMMAND script.callFunction {"functionDeclaration":"<Function[478 bytes] anonymous>","awaitPromise":true,"arguments":[{"sharedId":"f.71570B84A100E7D5AC5A43C7AC995386.d.EEC0A60280837299ABFD2012A539F7BE.e.74"}],"target":{"context":"71570B84A100E7D5AC5A43C7AC995386"}}
[0-0] 2026-03-12T07:13:08.851Z INFO webdriver: BIDI COMMAND script.callFunction {"functionDeclaration":"<Function[279 bytes] checkVisibility>","awaitPromise":true,"arguments":[{"sharedId":"f.71570B84A100E7D5AC5A43C7AC995386.d.EEC0A60280837299ABFD2012A539F7BE.e.74"},{"type":"object","value":[["withinViewport",{"type":"boolean","value":false}],["contentVisibilityAuto",{"type":"boolean","value":true}],["opacityProperty",{"type":"boolean","value":true}],["visibilityProperty",{"type":"boolean","value":true}]]}],"target":{"context":"71570B84A100E7D5AC5A43C7AC995386"}}
[0-0] 2026-03-12T07:13:08.851Z INFO webdriver: BIDI RESULT {"error":"invalid argument","id":71,"message":"Invalid input in \"arguments\"/0.","type":"error"}
[0-0] 2026-03-12T07:13:08.867Z INFO webdriver: BIDI RESULT {"id":72,"result":{"realm":"-7634908283619026321.-2705657744451804115","result":{"type":"object","value":[["value",{"type":"string","value":"block"}]]},"type":"success"},"type":"success"}
[0-0] 2026-03-12T07:13:08.868Z INFO webdriver: BIDI RESULT {"id":73,"result":{"realm":"-7634908283619026321.-2705657744451804115","result":{"type":"boolean","value":true},"type":"success"},"type":"success"}
[0-0] 2026-03-12T07:13:08.869Z INFO webdriver: COMMAND getElementText("f.71570B84A100E7D5AC5A43C7AC995386.d.EEC0A60280837299ABFD2012A539F7BE.e.74")
[0-0] 2026-03-12T07:13:08.869Z INFO webdriver: [GET] http://localhost:63685/session/5d2a52135f3ca42c5a09df103853a5d9/element/f.71570B84A100E7D5AC5A43C7AC995386.d.EEC0A60280837299ABFD2012A539F7BE.e.74/text
[0-0] 2026-03-12T07:13:08.887Z INFO webdriver: RESULT 
[0-0] 2026-03-12T07:13:08.887Z INFO webdriver: BIDI COMMAND browsingContext.locateNodes {"locator":{"type":"xpath","value":"//div[@id='share']//img"},"context":"71570B84A100E7D5AC5A43C7AC995386","startNodes":[{"sharedId":"f.71570B84A100E7D5AC5A43C7AC995386.d.EEC0A60280837299ABFD2012A539F7BE.e.6"},{"sharedId":"f.71570B84A100E7D5AC5A43C7AC995386.d.EEC0A60280837299ABFD2012A539F7BE.e.4"},{"sharedId":"f.71570B84A100E7D5AC5A43C7AC995386.d.EEC0A60280837299ABFD2012A539F7BE.e.5"}]}
[0-0] 2026-03-12T07:13:08.917Z INFO webdriver: BIDI RESULT {"error":"unknown error","id":74,"message":"Unexpected error in selector script: NotSupportedError: Failed to execute 'evaluate' on 'XPathExpression': The node provided is '#document-fragment', which is not a valid context node type.","stacktrace":"Error\n    at new UnknownErrorException (\u003Canonymous>:65:5630)\n    at #locateNodesByLocator (\u003Canonymous>:679:28977)\n    at async BrowsingContextImpl.locateNodes (\u003Canonymous>:679:21570)\n    at async BrowsingContextProcessor.locateNodes (\u003Canonymous>:113:7692)\n    at async #processCommand (\u003Canonymous>:485:5665)\n    at async CommandProcessor.processCommand (\u003Canonymous>:485:12768)","type":"error"}
[0-0] 2026-03-12T07:13:08.918Z WARN webdriverio: Failed to execute 
browser.browsingContextLocateNodes({ ... }) due to Error: WebDriver Bidi 
command "browsingContext.locateNodes" failed with error: unknown error - 
Unexpected error in selector script: NotSupportedError: Failed to execute 
'evaluate' on 'XPathExpression': The node provided is '#document-fragment', 
which is not a valid context node type., falling back to regular WebDriver 
Classic command
[0-0] 2026-03-12T07:13:08.919Z INFO webdriver: COMMAND findElement("xpath", "//div[@id='share']//img")
[0-0] 2026-03-12T07:13:08.920Z INFO webdriver: [POST] http://localhost:63685/session/5d2a52135f3ca42c5a09df103853a5d9/element
[0-0] 2026-03-12T07:13:08.920Z INFO webdriver: DATA {"using":"xpath","value":"//div[@id='share']//img"}
[0-0] 2026-03-12T07:13:08.937Z INFO webdriver: RESULT {
[0-0]   'element-6066-11e4-a52e-4f735466cecf': 'f.71570B84A100E7D5AC5A43C7AC995386.d.EEC0A60280837299ABFD2012A539F7BE.e.75'
[0-0] }
[0-0] 2026-03-12T07:13:08.945Z INFO webdriver: BIDI COMMAND script.callFunction {"functionDeclaration":"<Function[478 bytes] anonymous>","awaitPromise":true,"arguments":[{"sharedId":"f.71570B84A100E7D5AC5A43C7AC995386.d.EEC0A60280837299ABFD2012A539F7BE.e.75"}],"target":{"context":"71570B84A100E7D5AC5A43C7AC995386"}}
[0-0] 2026-03-12T07:13:08.946Z INFO webdriver: BIDI COMMAND script.callFunction {"functionDeclaration":"<Function[279 bytes] checkVisibility>","awaitPromise":true,"arguments":[{"sharedId":"f.71570B84A100E7D5AC5A43C7AC995386.d.EEC0A60280837299ABFD2012A539F7BE.e.75"},{"type":"object","value":[["withinViewport",{"type":"boolean","value":false}],["contentVisibilityAuto",{"type":"boolean","value":true}],["opacityProperty",{"type":"boolean","value":true}],["visibilityProperty",{"type":"boolean","value":true}]]}],"target":{"context":"71570B84A100E7D5AC5A43C7AC995386"}}
[0-0] 2026-03-12T07:13:08.962Z INFO webdriver: BIDI RESULT {"id":75,"result":{"realm":"-7634908283619026321.-2705657744451804115","result":{"type":"object","value":[["value",{"type":"string","value":"block"}]]},"type":"success"},"type":"success"}
[0-0] 2026-03-12T07:13:08.963Z INFO webdriver: BIDI RESULT {"id":76,"result":{"realm":"-7634908283619026321.-2705657744451804115","result":{"type":"boolean","value":true},"type":"success"},"type":"success"}
[0-0] 2026-03-12T07:13:08.964Z INFO webdriver: BIDI COMMAND script.callFunction {"functionDeclaration":"<Function[478 bytes] anonymous>","awaitPromise":true,"arguments":[{"sharedId":"f.71570B84A100E7D5AC5A43C7AC995386.d.EEC0A60280837299ABFD2012A539F7BE.e.75"}],"target":{"context":"71570B84A100E7D5AC5A43C7AC995386"}}
[0-0] 2026-03-12T07:13:08.964Z INFO webdriver: BIDI COMMAND script.callFunction {"functionDeclaration":"<Function[279 bytes] checkVisibility>","awaitPromise":true,"arguments":[{"sharedId":"f.71570B84A100E7D5AC5A43C7AC995386.d.EEC0A60280837299ABFD2012A539F7BE.e.75"},{"type":"object","value":[["withinViewport",{"type":"boolean","value":false}],["contentVisibilityAuto",{"type":"boolean","value":true}],["opacityProperty",{"type":"boolean","value":true}],["visibilityProperty",{"type":"boolean","value":true}]]}],"target":{"context":"71570B84A100E7D5AC5A43C7AC995386"}}
[0-0] 2026-03-12T07:13:08.980Z INFO webdriver: BIDI RESULT {"id":77,"result":{"realm":"-7634908283619026321.-2705657744451804115","result":{"type":"object","value":[["value",{"type":"string","value":"block"}]]},"type":"success"},"type":"success"}
[0-0] 2026-03-12T07:13:08.981Z INFO webdriver: BIDI RESULT {"id":78,"result":{"realm":"-7634908283619026321.-2705657744451804115","result":{"type":"boolean","value":true},"type":"success"},"type":"success"}
[0-0] 2026-03-12T07:13:08.982Z INFO webdriver: BIDI COMMAND browsingContext.locateNodes {"locator":{"type":"xpath","value":"//div[@id='share']//img"},"context":"71570B84A100E7D5AC5A43C7AC995386","startNodes":[{"sharedId":"f.71570B84A100E7D5AC5A43C7AC995386.d.EEC0A60280837299ABFD2012A539F7BE.e.6"},{"sharedId":"f.71570B84A100E7D5AC5A43C7AC995386.d.EEC0A60280837299ABFD2012A539F7BE.e.4"},{"sharedId":"f.71570B84A100E7D5AC5A43C7AC995386.d.EEC0A60280837299ABFD2012A539F7BE.e.5"}]}
[0-0] 2026-03-12T07:13:08.988Z INFO webdriver: BIDI RESULT {"error":"unknown error","id":79,"message":"Unexpected error in selector script: NotSupportedError: Failed to execute 'evaluate' on 'XPathExpression': The node provided is '#document-fragment', which is not a valid context node type.","stacktrace":"Error\n    at new UnknownErrorException (\u003Canonymous>:65:5630)\n    at #locateNodesByLocator (\u003Canonymous>:679:28977)\n    at async BrowsingContextImpl.locateNodes (\u003Canonymous>:679:21570)\n    at async BrowsingContextProcessor.locateNodes (\u003Canonymous>:113:7692)\n    at async #processCommand (\u003Canonymous>:485:5665)\n    at async CommandProcessor.processCommand (\u003Canonymous>:485:12768)","type":"error"}
[0-0] 2026-03-12T07:13:08.989Z WARN webdriverio: Failed to execute 
browser.browsingContextLocateNodes({ ... }) due to Error: WebDriver Bidi 
command "browsingContext.locateNodes" failed with error: unknown error - 
Unexpected error in selector script: NotSupportedError: Failed to execute 
'evaluate' on 'XPathExpression': The node provided is '#document-fragment', 
which is not a valid context node type., falling back to regular WebDriver 
Classic command
[0-0] 2026-03-12T07:13:08.991Z INFO webdriver: COMMAND findElement("xpath", "//div[@id='share']//img")
[0-0] 2026-03-12T07:13:08.992Z INFO webdriver: [POST] http://localhost:63685/session/5d2a52135f3ca42c5a09df103853a5d9/element
[0-0] 2026-03-12T07:13:08.992Z INFO webdriver: DATA {"using":"xpath","value":"//div[@id='share']//img"}
[0-0] 2026-03-12T07:13:09.005Z INFO webdriver: RESULT {
[0-0]   'element-6066-11e4-a52e-4f735466cecf': 'f.71570B84A100E7D5AC5A43C7AC995386.d.EEC0A60280837299ABFD2012A539F7BE.e.75'
[0-0] }
[0-0] 2026-03-12T07:13:09.015Z INFO webdriver: BIDI COMMAND script.callFunction {"functionDeclaration":"<Function[478 bytes] anonymous>","awaitPromise":true,"arguments":[{"sharedId":"f.71570B84A100E7D5AC5A43C7AC995386.d.EEC0A60280837299ABFD2012A539F7BE.e.75"}],"target":{"context":"71570B84A100E7D5AC5A43C7AC995386"}}
[0-0] 2026-03-12T07:13:09.015Z INFO webdriver: BIDI COMMAND script.callFunction {"functionDeclaration":"<Function[279 bytes] checkVisibility>","awaitPromise":true,"arguments":[{"sharedId":"f.71570B84A100E7D5AC5A43C7AC995386.d.EEC0A60280837299ABFD2012A539F7BE.e.75"},{"type":"object","value":[["withinViewport",{"type":"boolean","value":false}],["contentVisibilityAuto",{"type":"boolean","value":true}],["opacityProperty",{"type":"boolean","value":true}],["visibilityProperty",{"type":"boolean","value":true}]]}],"target":{"context":"71570B84A100E7D5AC5A43C7AC995386"}}
[0-0] 2026-03-12T07:13:09.039Z INFO webdriver: BIDI RESULT {"id":80,"result":{"realm":"-7634908283619026321.-2705657744451804115","result":{"type":"object","value":[["value",{"type":"string","value":"block"}]]},"type":"success"},"type":"success"}
[0-0] 2026-03-12T07:13:09.040Z INFO webdriver: BIDI RESULT {"id":81,"result":{"realm":"-7634908283619026321.-2705657744451804115","result":{"type":"boolean","value":true},"type":"success"},"type":"success"}
[0-0] 2026-03-12T07:13:09.040Z INFO webdriver: BIDI COMMAND script.callFunction {"functionDeclaration":"<Function[4336 bytes] isElementClickable>","awaitPromise":true,"arguments":[{"sharedId":"f.71570B84A100E7D5AC5A43C7AC995386.d.EEC0A60280837299ABFD2012A539F7BE.e.75"}],"target":{"context":"71570B84A100E7D5AC5A43C7AC995386"}}
[0-0] 2026-03-12T07:13:09.048Z INFO webdriver: BIDI RESULT {"id":82,"result":{"realm":"-7634908283619026321.-2705657744451804115","result":{"type":"boolean","value":true},"type":"success"},"type":"success"}
[0-0] 2026-03-12T07:13:09.049Z INFO webdriver: COMMAND elementClick("f.71570B84A100E7D5AC5A43C7AC995386.d.EEC0A60280837299ABFD2012A539F7BE.e.75")
[0-0] 2026-03-12T07:13:09.049Z INFO webdriver: [POST] http://localhost:63685/session/5d2a52135f3ca42c5a09df103853a5d9/element/f.71570B84A100E7D5AC5A43C7AC995386.d.EEC0A60280837299ABFD2012A539F7BE.e.75/click
[0-0] 2026-03-12T07:13:09.049Z INFO webdriver: DATA {}
[0-0] 2026-03-12T07:13:09.154Z INFO webdriver: RESULT null
[0-0] 2026-03-12T07:13:09.155Z INFO webdriver: BIDI COMMAND browsingContext.locateNodes {"locator":{"type":"xpath","value":"//img[@alt='toast-icon']//following-sibling::p"},"context":"71570B84A100E7D5AC5A43C7AC995386","startNodes":[{"sharedId":"f.71570B84A100E7D5AC5A43C7AC995386.d.EEC0A60280837299ABFD2012A539F7BE.e.6"},{"sharedId":"f.71570B84A100E7D5AC5A43C7AC995386.d.EEC0A60280837299ABFD2012A539F7BE.e.4"},{"sharedId":"f.71570B84A100E7D5AC5A43C7AC995386.d.EEC0A60280837299ABFD2012A539F7BE.e.5"}]}
[0-0] 2026-03-12T07:13:09.169Z INFO webdriver: BIDI RESULT {"error":"unknown error","id":83,"message":"Unexpected error in selector script: NotSupportedError: Failed to execute 'evaluate' on 'XPathExpression': The node provided is '#document-fragment', which is not a valid context node type.","stacktrace":"Error\n    at new UnknownErrorException (\u003Canonymous>:65:5630)\n    at #locateNodesByLocator (\u003Canonymous>:679:28977)\n    at async BrowsingContextImpl.locateNodes (\u003Canonymous>:679:21570)\n    at async BrowsingContextProcessor.locateNodes (\u003Canonymous>:113:7692)\n    at async #processCommand (\u003Canonymous>:485:5665)\n    at async CommandProcessor.processCommand (\u003Canonymous>:485:12768)","type":"error"}
[0-0] 2026-03-12T07:13:09.170Z WARN webdriverio: Failed to execute 
browser.browsingContextLocateNodes({ ... }) due to Error: WebDriver Bidi 
command "browsingContext.locateNodes" failed with error: unknown error - 
Unexpected error in selector script: NotSupportedError: Failed to execute 
'evaluate' on 'XPathExpression': The node provided is '#document-fragment', 
which is not a valid context node type., falling back to regular WebDriver 
Classic command
[0-0] 2026-03-12T07:13:09.172Z INFO webdriver: COMMAND findElement("xpath", "//img[@alt='toast-icon']//following-sibling::p")
[0-0] 2026-03-12T07:13:09.172Z INFO webdriver: [POST] http://localhost:63685/session/5d2a52135f3ca42c5a09df103853a5d9/element
[0-0] 2026-03-12T07:13:09.172Z INFO webdriver: DATA {"using":"xpath","value":"//img[@alt='toast-icon']//following-sibling::p"}
[0-0] 2026-03-12T07:13:09.191Z INFO webdriver: RESULT {
[0-0]   'element-6066-11e4-a52e-4f735466cecf': 'f.71570B84A100E7D5AC5A43C7AC995386.d.EEC0A60280837299ABFD2012A539F7BE.e.77'
[0-0] }
[0-0] 2026-03-12T07:13:09.198Z INFO webdriver: BIDI COMMAND script.callFunction {"functionDeclaration":"<Function[478 bytes] anonymous>","awaitPromise":true,"arguments":[{"sharedId":"f.71570B84A100E7D5AC5A43C7AC995386.d.EEC0A60280837299ABFD2012A539F7BE.e.77"}],"target":{"context":"71570B84A100E7D5AC5A43C7AC995386"}}
[0-0] 2026-03-12T07:13:09.199Z INFO webdriver: BIDI COMMAND script.callFunction {"functionDeclaration":"<Function[279 bytes] checkVisibility>","awaitPromise":true,"arguments":[{"sharedId":"f.71570B84A100E7D5AC5A43C7AC995386.d.EEC0A60280837299ABFD2012A539F7BE.e.77"},{"type":"object","value":[["withinViewport",{"type":"boolean","value":false}],["contentVisibilityAuto",{"type":"boolean","value":true}],["opacityProperty",{"type":"boolean","value":true}],["visibilityProperty",{"type":"boolean","value":true}]]}],"target":{"context":"71570B84A100E7D5AC5A43C7AC995386"}}
[0-0] 2026-03-12T07:13:09.214Z INFO webdriver: BIDI RESULT {"id":84,"result":{"realm":"-7634908283619026321.-2705657744451804115","result":{"type":"object","value":[["value",{"type":"string","value":"block"}]]},"type":"success"},"type":"success"}
[0-0] 2026-03-12T07:13:09.214Z INFO webdriver: BIDI RESULT {"id":85,"result":{"realm":"-7634908283619026321.-2705657744451804115","result":{"type":"boolean","value":true},"type":"success"},"type":"success"}
[0-0] 2026-03-12T07:13:09.218Z INFO webdriver: COMMAND getElementText("f.71570B84A100E7D5AC5A43C7AC995386.d.EEC0A60280837299ABFD2012A539F7BE.e.77")
[0-0] 2026-03-12T07:13:09.219Z INFO webdriver: [GET] http://localhost:63685/session/5d2a52135f3ca42c5a09df103853a5d9/element/f.71570B84A100E7D5AC5A43C7AC995386.d.EEC0A60280837299ABFD2012A539F7BE.e.77/text
[0-0] 2026-03-12T07:13:09.236Z INFO webdriver: RESULT Share link copied to clipboard
[0-0] 2026-03-12T07:13:09.241Z INFO webdriver: BIDI COMMAND script.callFunction {"functionDeclaration":"<Function[159 bytes] anonymous>","awaitPromise":true,"arguments":[],"target":{"context":"71570B84A100E7D5AC5A43C7AC995386"}}
[0-0] Error in "Sanity Test.Verify user navigates to coorect screen on tapping the shared deeplink."
Error: Timeout of 60000ms exceeded. The execution in the test "Sanity Test Verify user navigates to coorect screen on tapping the shared deeplink." took too long. Try to reduce the run time or increase your timeout for test specs (https://webdriver.io/docs/timeouts). (C:\MobileAutomation\igs-wdio-framework-main\test\specs\sanity.spec.ts)
    at createTimeoutError (C:\MobileAutomation\igs-wdio-framework-main\node_modules\mocha\lib\errors.js:498:15)
    at Runnable._timeoutError (C:\MobileAutomation\igs-wdio-framework-main\node_modules\mocha\lib\runnable.js:429:10)
    at Timeout.<anonymous> (C:\MobileAutomation\igs-wdio-framework-main\node_modules\mocha\lib\runnable.js:244:24)
    at listOnTimeout (node:internal/timers:588:17)
    at process.processTimers (node:internal/timers:523:7)
[0-0] 2026-03-12T07:14:01.569Z INFO webdriver: COMMAND deleteAllCookies()
[0-0] 2026-03-12T07:14:01.569Z INFO webdriver: [DELETE] http://localhost:63685/session/5d2a52135f3ca42c5a09df103853a5d9/cookie
[0-0] 2026-03-12T07:14:01.686Z INFO webdriver: RESULT null
[0-0] 2026-03-12T07:14:01.686Z INFO webdriver: BIDI COMMAND script.callFunction {"functionDeclaration":"<Function[129 bytes] anonymous>","awaitPromise":true,"arguments":[],"target":{"context":"71570B84A100E7D5AC5A43C7AC995386"}}
[0-0] 2026-03-12T07:14:01.691Z INFO webdriver: BIDI RESULT {"id":87,"result":{"realm":"-7634908283619026321.-2705657744451804115","result":{"type":"undefined"},"type":"success"},"type":"success"}
[0-0] 2026-03-12T07:14:01.692Z INFO webdriver: BIDI COMMAND script.callFunction {"functionDeclaration":"<Function[131 bytes] anonymous>","awaitPromise":true,"arguments":[],"target":{"context":"71570B84A100E7D5AC5A43C7AC995386"}}
[0-0] 2026-03-12T07:14:01.695Z INFO webdriver: BIDI RESULT {"id":88,"result":{"realm":"-7634908283619026321.-2705657744451804115","result":{"type":"undefined"},"type":"success"},"type":"success"}
[0-0] 2026-03-12T07:14:01.696Z INFO webdriver: COMMAND navigateTo("about:blank")
[0-0] 2026-03-12T07:14:01.697Z INFO webdriver: [POST] http://localhost:63685/session/5d2a52135f3ca42c5a09df103853a5d9/url
[0-0] 2026-03-12T07:14:01.697Z INFO webdriver: DATA {"url":"about:blank"}
[0-0] 2026-03-12T07:14:01.731Z INFO webdriver: BIDI RESULT {"error":"unknown error","id":86,"message":"Inspected target navigated or closed","stacktrace":"Error\n    at new UnknownErrorException (\u003Canonymous>:65:5630)\n    at CommandProcessor.processCommand (\u003Canonymous>:485:13324)","type":"error"}
[0-0] 2026-03-12T07:14:01.798Z INFO webdriver: RESULT null
[0-0] 2026-03-12T07:14:01.803Z INFO webdriver: COMMAND deleteSession()
[0-0] 2026-03-12T07:14:01.803Z INFO webdriver: [DELETE] http://localhost:63685/session/5d2a52135f3ca42c5a09df103853a5d9
[0-0] 2026-03-12T07:14:01.957Z INFO webdriver: RESULT null
[0-0] 2026-03-12T07:14:01.957Z INFO webdriver: Close Bidi connection to ws://127.0.0.1:63685/session/5d2a52135f3ca42c5a09df103853a5d9
[0-0] 2026-03-12T07:14:01.958Z INFO webdriver: Kill driver process with PID 10084
[0-0] FAILED in chrome - file:///C:/MobileAutomation/igs-wdio-framework-main/test/specs/sanity.spec.ts
2026-03-12T07:14:02.096Z INFO @wdio/cli:launcher: Run onWorkerEnd hook

 "spec" Reporter:
------------------------------------------------------------------
[chrome 145.0.7632.160 windows #0-0] Running: chrome (v145.0.7632.160) on windows
[chrome 145.0.7632.160 windows #0-0] Session ID: 5d2a52135f3ca42c5a09df103853a5d9
[chrome 145.0.7632.160 windows #0-0]
[chrome 145.0.7632.160 windows #0-0] ┬╗ test\specs\sanity.spec.ts
[chrome 145.0.7632.160 windows #0-0] Sanity Test
[chrome 145.0.7632.160 windows #0-0]    Ô£û Verify user navigates to coorect screen on tapping the shared deeplink.
[chrome 145.0.7632.160 windows #0-0]
[chrome 145.0.7632.160 windows #0-0] 1 failing (1m 3.2s)
[chrome 145.0.7632.160 windows #0-0]
[chrome 145.0.7632.160 windows #0-0] 1) Sanity Test Verify user navigates to coorect screen on tapping the shared deeplink.
[chrome 145.0.7632.160 windows #0-0] Timeout of 60000ms exceeded. The execution in the test "Sanity Test Verify user navigates to coorect screen on tapping the shared deeplink." took too long. Try to reduce the run time or increase your timeout for test specs (https://webdriver.io/docs/timeouts). (C:\MobileAutomation\igs-wdio-framework-main\test\specs\sanity.spec.ts)
[chrome 145.0.7632.160 windows #0-0] Error: Timeout of 60000ms exceeded. The execution in the test "Sanity Test Verify user navigates to coorect screen on tapping the shared deeplink." took too long. Try to reduce the run time or increase your timeout for test specs (https://webdriver.io/docs/timeouts). (C:\MobileAutomation\igs-wdio-framework-main\test\specs\sanity.spec.ts)
[chrome 145.0.7632.160 windows #0-0]     at createTimeoutError (C:\MobileAutomation\igs-wdio-framework-main\node_modules\mocha\lib\errors.js:498:15)
[chrome 145.0.7632.160 windows #0-0]     at Runnable._timeoutError (C:\MobileAutomation\igs-wdio-framework-main\node_modules\mocha\lib\runnable.js:429:10)
[chrome 145.0.7632.160 windows #0-0]     at Timeout.<anonymous> (C:\MobileAutomation\igs-wdio-framework-main\node_modules\mocha\lib\runnable.js:244:24)
[chrome 145.0.7632.160 windows #0-0]     at listOnTimeout (node:internal/timers:588:17)
[chrome 145.0.7632.160 windows #0-0]     at process.processTimers (node:internal/timers:523:7)


Spec Files:	 0 passed, 1 failed, 1 total (100% completed) in 00:01:06  

2026-03-12T07:14:02.097Z INFO @wdio/local-runner: Shutting down spawned worker
2026-03-12T07:14:02.358Z INFO @wdio/local-runner: Waiting for 0 to shut down gracefully
2026-03-12T07:14:02.358Z INFO @wdio/local-runner: shutting down
2026-03-12T07:14:02.358Z INFO @wdio/cli:launcher: Run onComplete hook
Test execution completed
