node.exe : 2026-02-16T07:37:28.704Z WARN @wdio/config:ConfigParser: pattern 
C:/MobileAutomation/igs-wdio-framework-main/test/specs/web.simple.spec.ts did 
not match any file
At line:1 char:1
+ & "C:\Program Files\nodejs/node.exe" "C:\Program Files\nodejs/node_mo ...
+ ~~~~~~~~~~~~~~~~~~~~~~~~~~~~~~~~~~~~~~~~~~~~~~~~~~~~~~~~~~~~~~~~~~~~~
    + CategoryInfo          : NotSpecified: (2026-02-16T07:3... match any file 
   :String) [], RemoteException
    + FullyQualifiedErrorId : NativeCommandError
 
2026-02-16T07:37:28.711Z WARN @wdio/config:ConfigParser: pattern 
./test/specs/mobile.simple.spec.ts did not match any file
2026-02-16T07:37:28.712Z WARN @wdio/config:ConfigParser: pattern 
./test/specs/api.simple.spec.ts did not match any file
2026-02-16T07:37:28.713Z WARN @wdio/config:ConfigParser: pattern 
./test/specs/multiremote.simple.spec.ts did not match any file

Execution of 1 workers started at 2026-02-16T07:37:28.713Z

2026-02-16T07:37:28.739Z INFO @wdio/cli:launcher: Run onPrepare hook
2026-02-16T07:37:28.740Z INFO @wdio/utils: Setting up browser driver for: chrome@stable
2026-02-16T07:37:28.741Z INFO @wdio/utils: Setting up browser binaries for: chrome@stable
2026-02-16T07:37:28.743Z INFO webdriver: Using Chromedriver v144.0.7559.133 from cache directory C:\Users\Santhosh\AppData\Local\Temp
2026-02-16T07:37:28.744Z WARN @wdio/config:ConfigParser: pattern 
./test/specs/mobile.simple.spec.ts did not match any file
2026-02-16T07:37:28.745Z WARN @wdio/config:ConfigParser: pattern 
./test/specs/api.simple.spec.ts did not match any file
2026-02-16T07:37:28.745Z WARN @wdio/config:ConfigParser: pattern 
./test/specs/multiremote.simple.spec.ts did not match any file
2026-02-16T07:37:28.746Z INFO @wdio/cli:launcher: Run onWorkerStart hook
2026-02-16T07:37:28.746Z INFO @wdio/xvfb: XvfbManager.init() called
2026-02-16T07:37:28.746Z INFO @wdio/xvfb: Xvfb not needed on current platform
2026-02-16T07:37:28.747Z INFO @wdio/local-runner: Start worker 0-0 with arg: run config/wdio.web.config.ts --spec test/specs/signUpIwant.spec.ts
2026-02-16T07:37:28.772Z INFO @wdio/xvfb:ProcessFactory: xvfb-run not found, falling back to regular fork
2026-02-16T07:37:28.772Z INFO @wdio/xvfb:ProcessFactory: ProcessFactory: shouldRun=false, isAvailable=false
2026-02-16T07:37:28.772Z INFO @wdio/xvfb:ProcessFactory: Creating worker process with regular fork
[0-0] 2026-02-16T07:37:30.035Z INFO @wdio/local-runner: Run worker command: run
[0-0] 2026-02-16T07:37:30.071Z WARN @wdio/config:ConfigParser: pattern 
C:/MobileAutomation/igs-wdio-framework-main/test/specs/web.simple.spec.ts did 
not match any file
[0-0] [dotenv@17.2.1] injecting env (0) from .env -- tip: ÔÜÖ´©Å  load multiple .env files with { path: ['.env.local', '.env'] }
[0-0] RUNNING in chrome - file:///C:/MobileAutomation/igs-wdio-framework-main/test/specs/signUpIwant.spec.ts
[0-0] 2026-02-16T07:37:31.739Z INFO webdriver: Initiate new session using the WebDriver protocol
[0-0] 2026-02-16T07:37:31.976Z INFO webdriver: Using Chromedriver v144.0.7559.133 from cache directory C:\Users\Santhosh\AppData\Local\Temp
[0-0] 2026-02-16T07:37:32.014Z INFO chromedriver: Starting ChromeDriver 144.0.7559.133 (7da823b1d594d1b49797911900e003ec96a8c0e7-refs/branch-heads/7559@{#4253}) on port 57033
[0-0] 2026-02-16T07:37:32.014Z INFO chromedriver: Remote connections are allowed by an allowlist (0.0.0.0).
[0-0] 2026-02-16T07:37:32.015Z INFO chromedriver: Please see https://chromedriver.chromium.org/security-considerations for suggestions on keeping ChromeDriver safe.
[0-0] 2026-02-16T07:37:32.019Z INFO chromedriver: ChromeDriver was started successfully on port 57033.
[0-0] 2026-02-16T07:37:32.107Z INFO @wdio/utils: Started Chromedriver v144.0.7559.133 with params --port=57033 --allowed-origins=* --allowed-ips=0.0.0.0 in 141ms on port 57033
[0-0] 2026-02-16T07:37:32.110Z INFO webdriver: [POST] http://localhost:57033/session
[0-0] 2026-02-16T07:37:33.275Z INFO webdriver: Register BiDi handler for session with id b76876907725149ab99c7c8c36f96a74
[0-0] 2026-02-16T07:37:33.277Z INFO webdriver: Connecting to webSocketUrl ws://127.0.0.1:57033/session/b76876907725149ab99c7c8c36f96a74
[0-0] 2026-02-16T07:37:33.308Z INFO webdriver: Connected to Bidi protocol at ws://127.0.0.1:57033/session/b76876907725149ab99c7c8c36f96a74
[0-0] 2026-02-16T07:37:33.308Z INFO webdriver: Connected to WebDriver Bidi interface at ws://127.0.0.1:57033/session/b76876907725149ab99c7c8c36f96a74
[0-0] 2026-02-16T07:37:33.310Z INFO webdriver: COMMAND getWindowHandle()
[0-0] 2026-02-16T07:37:33.312Z INFO webdriver: BIDI COMMAND browsingContext.getTree {}
[0-0] 2026-02-16T07:37:33.315Z INFO webdriver: BIDI COMMAND session.subscribe {"events":["browsingContext.contextCreated"]}
[0-0] 2026-02-16T07:37:33.316Z INFO webdriver: BIDI COMMAND session.subscribe {"events":["log.entryAdded","browsingContext.navigationStarted"]}
[0-0] 2026-02-16T07:37:33.317Z INFO webdriver: BIDI COMMAND script.addPreloadScript { functionDeclaration: <PreloadScript[1319 bytes]>, contexts: undefined }
[0-0] 2026-02-16T07:37:33.317Z INFO webdriver: BIDI COMMAND session.subscribe {"events":["browsingContext.navigationStarted","browsingContext.fragmentNavigated","network.responseCompleted","network.beforeRequestSent","network.fetchError"]}
[0-0] 2026-02-16T07:37:33.318Z INFO webdriver: BIDI COMMAND session.subscribe {"events":["browsingContext.userPromptOpened"]}
[0-0] 2026-02-16T07:37:33.319Z INFO webdriver: [GET] http://localhost:57033/session/b76876907725149ab99c7c8c36f96a74/window
[0-0] 2026-02-16T07:37:33.321Z INFO webdriver: BIDI COMMAND session.subscribe {"events":["browsingContext.navigationStarted"]}
[0-0] 2026-02-16T07:37:33.327Z INFO webdriver: RESULT 8AA54734AA77FC8FA71C50576EE7DE7A
[0-0] 2026-02-16T07:37:33.332Z INFO webdriver: BIDI RESULT {"id":1,"result":{"contexts":[{"children":[],"clientWindow":"420434531","context":"8AA54734AA77FC8FA71C50576EE7DE7A","originalOpener":null,"parent":null,"url":"about:blank","userContext":"default"}]},"type":"success"}
[0-0] 2026-02-16T07:37:33.333Z INFO webdriverio:PolyfillManager: Adding polyfill script to context with id 8AA54734AA77FC8FA71C50576EE7DE7A
[0-0] 2026-02-16T07:37:33.333Z INFO webdriver: BIDI COMMAND script.callFunction {"functionDeclaration":"<Function[443 bytes] webdriverioPolyfill>","target":{"children":[],"clientWindow":"420434531","context":"8AA54734AA77FC8FA71C50576EE7DE7A","originalOpener":null,"parent":null,"url":"about:blank","userContext":"default"},"awaitPromise":false}
[0-0] 2026-02-16T07:37:33.334Z INFO webdriver: BIDI COMMAND script.addPreloadScript { functionDeclaration: <PreloadScript[443 bytes]>, contexts: ["8AA54734AA77FC8FA71C50576EE7DE7A"] }
[0-0] 2026-02-16T07:37:33.336Z INFO webdriver: BIDI RESULT {"id":2,"result":{"subscription":"a715ed20-0db5-4274-9856-2147a2bf5533"},"type":"success"}
[0-0] 2026-02-16T07:37:33.337Z INFO webdriver: BIDI RESULT {"id":3,"result":{"subscription":"b472b461-a748-41d4-8c38-c5b18c0354c2"},"type":"success"}
[0-0] 2026-02-16T07:37:33.337Z INFO webdriver: BIDI RESULT {"id":5,"result":{"subscription":"8fcd5a5b-4d94-4e92-b729-1d077f7e5ebd"},"type":"success"}
[0-0] 2026-02-16T07:37:33.338Z INFO webdriver: BIDI RESULT {"id":4,"result":{"script":"232eb743-b382-4657-877f-085ac0856c16"},"type":"success"}
[0-0] 2026-02-16T07:37:33.339Z INFO webdriver: BIDI RESULT {"id":6,"result":{"subscription":"3e430405-48c3-419d-b0ca-27435548be49"},"type":"success"}
[0-0] 2026-02-16T07:37:33.339Z INFO webdriver: BIDI RESULT {"id":7,"result":{"subscription":"f4f7d002-2bde-49b4-bb6f-2b3b476d2cc1"},"type":"success"}
[0-0] 2026-02-16T07:37:33.342Z INFO webdriver: BIDI RESULT {"id":8,"result":{"realm":"-5832113849773813694.3289011214711481913","result":{"type":"undefined"},"type":"success"},"type":"success"}
[0-0] 2026-02-16T07:37:33.343Z INFO webdriver: BIDI RESULT {"id":9,"result":{"script":"135b21ba-c9db-4812-9610-7bda08af1a73"},"type":"success"}
[0-0] Starting test suite: Login Test
[0-0] Starting test: should capture signin button attributes
[0-0] 2026-02-16T07:37:33.365Z INFO webdriver: BIDI COMMAND browsingContext.navigate {"context":"8AA54734AA77FC8FA71C50576EE7DE7A","url":"https://uat.iwanttfc.com/","wait":"complete"}
[0-0] 2026-02-16T07:37:35.235Z INFO webdriverio:ShadowRootManager: Registered new shadow root for element <next-route-announcer /> with id f.8AA54734AA77FC8FA71C50576EE7DE7A.d.81896DEF35B35D6ACD8ACA98F9D48BFD.e.5
[0-0] 2026-02-16T07:37:35.340Z INFO webdriverio:PolyfillManager: Adding polyfill script to context with id 99FAA2F77F20C40BEF4E9BB17D61B116
[0-0] 2026-02-16T07:37:35.341Z INFO webdriver: BIDI COMMAND script.callFunction {"functionDeclaration":"<Function[443 bytes] webdriverioPolyfill>","target":{"children":null,"clientWindow":"420434531","context":"99FAA2F77F20C40BEF4E9BB17D61B116","originalOpener":null,"parent":"8AA54734AA77FC8FA71C50576EE7DE7A","url":"about:blank","userContext":"default"},"awaitPromise":false}
[0-0] 2026-02-16T07:37:35.356Z INFO webdriver: BIDI RESULT {"id":11,"result":{"realm":"2244229889370084191.2241988361129559987","result":{"type":"undefined"},"type":"success"},"type":"success"}
[0-0] 2026-02-16T07:37:35.618Z INFO webdriverio:PolyfillManager: Adding polyfill script to context with id 71E4E23087AF7A360B714F5261C83283
[0-0] 2026-02-16T07:37:35.619Z INFO webdriver: BIDI COMMAND script.callFunction {"functionDeclaration":"<Function[443 bytes] webdriverioPolyfill>","target":{"children":null,"clientWindow":"420434531","context":"71E4E23087AF7A360B714F5261C83283","originalOpener":null,"parent":"8AA54734AA77FC8FA71C50576EE7DE7A","url":"about:blank","userContext":"default"},"awaitPromise":false}
[0-0] 2026-02-16T07:37:35.620Z INFO webdriverio:PolyfillManager: Adding polyfill script to context with id 4AC541D222D36A7899A82C31A46F3C9A
[0-0] 2026-02-16T07:37:35.620Z INFO webdriver: BIDI COMMAND script.callFunction {"functionDeclaration":"<Function[443 bytes] webdriverioPolyfill>","target":{"children":null,"clientWindow":"420434531","context":"4AC541D222D36A7899A82C31A46F3C9A","originalOpener":null,"parent":"8AA54734AA77FC8FA71C50576EE7DE7A","url":"about:blank","userContext":"default"},"awaitPromise":false}
[0-0] 2026-02-16T07:37:35.625Z INFO webdriverio:PolyfillManager: Adding polyfill script to context with id F12FFCFDB4E0A2F1B7F37BC67B4920D3
[0-0] 2026-02-16T07:37:35.625Z INFO webdriver: BIDI COMMAND script.callFunction {"functionDeclaration":"<Function[443 bytes] webdriverioPolyfill>","target":{"children":null,"clientWindow":"420434531","context":"F12FFCFDB4E0A2F1B7F37BC67B4920D3","originalOpener":null,"parent":"8AA54734AA77FC8FA71C50576EE7DE7A","url":"about:blank","userContext":"default"},"awaitPromise":false}
[0-0] 2026-02-16T07:37:35.648Z INFO webdriverio:PolyfillManager: Adding polyfill script to context with id 63D3B6911F9AE992259654A8388351A8
[0-0] 2026-02-16T07:37:35.648Z INFO webdriver: BIDI COMMAND script.callFunction {"functionDeclaration":"<Function[443 bytes] webdriverioPolyfill>","target":{"children":null,"clientWindow":"420434531","context":"63D3B6911F9AE992259654A8388351A8","originalOpener":null,"parent":"8AA54734AA77FC8FA71C50576EE7DE7A","url":"about:blank","userContext":"default"},"awaitPromise":false}
[0-0] 2026-02-16T07:37:35.649Z INFO webdriver: BIDI COMMAND browsingContext.getTree {}
[0-0] 2026-02-16T07:37:35.650Z INFO webdriver: BIDI RESULT {"id":12,"result":{"realm":"4302821782990582660.3175752088261289693","result":{"type":"undefined"},"type":"success"},"type":"success"}
[0-0] 2026-02-16T07:37:35.650Z INFO webdriver: BIDI RESULT {"id":13,"result":{"realm":"-557630357858125588.-5099272330611152427","result":{"type":"undefined"},"type":"success"},"type":"success"}
[0-0] 2026-02-16T07:37:35.651Z INFO webdriver: BIDI RESULT {"id":14,"result":{"realm":"5278544027211544375.-9209612738481375010","result":{"type":"undefined"},"type":"success"},"type":"success"}
[0-0] 2026-02-16T07:37:35.652Z INFO webdriver: BIDI RESULT {"id":16,"result":{"contexts":[{"children":[{"children":[],"clientWindow":"420434531","context":"99FAA2F77F20C40BEF4E9BB17D61B116","originalOpener":null,"url":"about:blank","userContext":"default"},{"children":[],"clientWindow":"420434531","context":"71E4E23087AF7A360B714F5261C83283","originalOpener":null,"url":"about:blank","userContext":"default"},{"children":[],"clientWindow":"420434531","context":"4AC541D222D36A7899A82C31A46F3C9A","originalOpener":null,"url":"about:blank","userContext":"default"},{"children":[],"clientWindow":"420434531","context":"F12FFCFDB4E0A2F1B7F37BC67B4920D3","originalOpener":null,"url":"about:blank","userContext":"default"},{"children":[],"clientWindow":"420434531","context":"63D3B6911F9AE992259654A8388351A8","originalOpener":null,"url":"about:blank","userContext":"default"}],"clientWindow":"420434531","context":"8AA54734AA77FC8FA71C50576EE7DE7A","originalOpener":null,"parent":null,"url":"https://uat.iwanttfc.com/","userContext":"default"}]},"type":"success"}
[0-0] 2026-02-16T07:37:35.792Z INFO webdriver: BIDI RESULT {"error":"unknown error","id":15,"message":"execution contexts cleared","stacktrace":"Error\n    at new UnknownErrorException (\u003Canonymous>:65:5630)\n    at \u003Canonymous>:679:9165\n    at \u003Canonymous>:1:271\n    at Array.map (\u003Canonymous>)\n    at Object.emit (\u003Canonymous>:1:254)\n    at MapperCdpClient.emit (\u003Canonymous>:17:333)\n    at #onMessage (\u003Canonymous>:920:2529)\n    at WindowCdpTransport.window.cdp.onmessage (\u003Canonymous>:1000:4443)\n    at \u003Canonymous>:1:18","type":"error"}
[0-0] 2026-02-16T07:37:35.818Z INFO webdriver: BIDI RESULT {"id":10,"result":{"navigation":"358b205c-8e2e-4552-928e-8f695ac1111b","url":"https://uat.iwanttfc.com/"},"type":"success"}
[0-0] 2026-02-16T07:37:38.827Z INFO webdriver: BIDI COMMAND browsingContext.locateNodes {"locator":{"type":"css","value":"[alt=\"account\"]"},"context":"8AA54734AA77FC8FA71C50576EE7DE7A","startNodes":[{"sharedId":"f.8AA54734AA77FC8FA71C50576EE7DE7A.d.81896DEF35B35D6ACD8ACA98F9D48BFD.e.6"},{"sharedId":"f.8AA54734AA77FC8FA71C50576EE7DE7A.d.81896DEF35B35D6ACD8ACA98F9D48BFD.e.4"},{"sharedId":"f.8AA54734AA77FC8FA71C50576EE7DE7A.d.81896DEF35B35D6ACD8ACA98F9D48BFD.e.5"}]}
[0-0] 2026-02-16T07:37:38.835Z INFO webdriver: BIDI RESULT {"id":17,"result":{"nodes":[{"sharedId":"f.8AA54734AA77FC8FA71C50576EE7DE7A.d.81896DEF35B35D6ACD8ACA98F9D48BFD.e.23","type":"node","value":{"attributes":{"alt":"account","class":"h-[4rem] w-[4rem] object-contain","data-nimg":"1","decoding":"async","height":"40","loading":"lazy","src":"/assets/menu_icons/user.svg","style":"color: transparent;","width":"40"},"childNodeCount":0,"localName":"img","namespaceURI":"http://www.w3.org/1999/xhtml","nodeType":1,"shadowRoot":null}}]},"type":"success"}
[0-0] 2026-02-16T07:37:38.845Z INFO webdriver: COMMAND elementClick("f.8AA54734AA77FC8FA71C50576EE7DE7A.d.81896DEF35B35D6ACD8ACA98F9D48BFD.e.23")
[0-0] 2026-02-16T07:37:38.845Z INFO webdriver: [POST] http://localhost:57033/session/b76876907725149ab99c7c8c36f96a74/element/f.8AA54734AA77FC8FA71C50576EE7DE7A.d.81896DEF35B35D6ACD8ACA98F9D48BFD.e.23/click
[0-0] 2026-02-16T07:37:38.845Z INFO webdriver: DATA {}
[0-0] 2026-02-16T07:37:38.919Z INFO webdriver: RESULT null
[0-0] 2026-02-16T07:37:40.922Z INFO webdriver: BIDI COMMAND browsingContext.locateNodes {"locator":{"type":"css","value":"button"},"context":"8AA54734AA77FC8FA71C50576EE7DE7A","startNodes":[{"sharedId":"f.8AA54734AA77FC8FA71C50576EE7DE7A.d.81896DEF35B35D6ACD8ACA98F9D48BFD.e.6"},{"sharedId":"f.8AA54734AA77FC8FA71C50576EE7DE7A.d.81896DEF35B35D6ACD8ACA98F9D48BFD.e.4"},{"sharedId":"f.8AA54734AA77FC8FA71C50576EE7DE7A.d.81896DEF35B35D6ACD8ACA98F9D48BFD.e.5"}]}
[0-0] 2026-02-16T07:37:40.928Z INFO webdriver: BIDI RESULT {"id":18,"result":{"nodes":[]},"type":"success"}
[0-0] 
[0-0] ===== FOUND 0 BUTTONS =====
[0-0] 
[0-0] 2026-02-16T07:37:40.930Z INFO webdriver: BIDI COMMAND browsingContext.locateNodes {"locator":{"type":"css","value":"*:not(style)"},"context":"8AA54734AA77FC8FA71C50576EE7DE7A","startNodes":[{"sharedId":"f.8AA54734AA77FC8FA71C50576EE7DE7A.d.81896DEF35B35D6ACD8ACA98F9D48BFD.e.6"},{"sharedId":"f.8AA54734AA77FC8FA71C50576EE7DE7A.d.81896DEF35B35D6ACD8ACA98F9D48BFD.e.4"},{"sharedId":"f.8AA54734AA77FC8FA71C50576EE7DE7A.d.81896DEF35B35D6ACD8ACA98F9D48BFD.e.5"}]}
[0-0] 2026-02-16T07:37:41.111Z INFO webdriver: BIDI RESULT {"id":19,"result":{"nodes":[{"sharedId":"f.8AA54734AA77FC8FA71C50576EE7DE7A.d.81896DEF35B35D6ACD8ACA98F9D48BFD.e.38","type":"node","value":{"attributes":{},"childNodeCount":91,"localName":"head","namespaceURI":"http://www.w3.org/1999/xhtml","nodeType":1,"shadowRoot":null}},{"sharedId":"f.8AA54734AA77FC8FA71C50576EE7DE7A.d.81896DEF35B35D6ACD8ACA98F9D48BFD.e.39","type":"node","value":{"attributes":{"charset":"utf-8"},"childNodeCount":0,"localName":"meta","namespaceURI":"http://www.w3.org/1999/xhtml","nodeType":1,"shadowRoot":null}},{"sharedId":"f.8AA54734AA77FC8FA71C50576EE7DE7A.d.81896DEF35B35D6ACD8ACA98F9D48BFD.e.40","type":"node","value":{"attributes":{"content":"width=device-width, initial-scale=1, maximum-scale=1","name":"viewport"},"childNodeCount":0,"localName":"meta","namespaceURI":"http://www.w3.org/1999/xhtml","nodeType":1,"shadowRoot":null}},{"sharedId":"f.8AA54734AA77FC8FA71C50576EE7DE7A.d.81896DEF35B35D6ACD8ACA98F9D48BFD.e.41","type":"node","value":{"attributes":{"as":"font","crossorigin":"","href":"/_next/static/media/b957ea75a84b6ea7-s.p.woff2","rel":"preload","type":"font/woff2"},"childNodeCount":0,"localName":"link","namespaceURI":"http://www.w3.org/1999/xhtml","nodeType":1,"shadowRoot":null}},{"sharedId":"f.8AA54734AA77FC8FA71C50576EE7DE7A.d.81896DEF35B35D6ACD8ACA98F9D48BFD.e.42","type":"node","value":{"attributes":{"as":"font","crossorigin":"","href":"/_next/static/media/eafabf029ad39a43-s.p.woff2","rel":"preload","type":"font/woff2"},"childNodeCount":0,"localName":"link","namespaceURI":"http://www.w3.org/1999/xhtml","nodeType":1,"shadowRoot":null}},{"sharedId":"f.8AA54734AA77FC8FA71C50576EE7DE7A.d.81896DEF35B35D6ACD8ACA98F9D48BFD.e.43","type":"node","value":{"attributes":{"as":"image","imagesrcset":"/_next/image?url=%2Fassets%2Fapp_icons%2Floader.gif&w=256&q=75 1x, /_next/image?url=%2Fassets%2Fapp_icons%2Floader.gif&w=384&q=75 2x","rel":"preload"},"childNodeCount":0,"localName":"link","namespaceURI":"http://www.w3.org/1999/xhtml","nodeType":1,"shadowRoot":null}},{"sharedId":"f.8AA54734AA77FC8FA71C50576EE7DE7A.d.81896DEF35B35D6ACD8ACA98F9D48BFD.e.44","type":"node","value":{"attributes":{"data-precedence":"next","href":"/_next/static/css/a3971cd7a130a059.css","rel":"stylesheet"},"childNodeCount":0,"localName":"link","namespaceURI":"http://www.w3.org/1999/xhtml","nodeType":1,"shadowRoot":null}},{"sharedId":"f.8AA54734AA77FC8FA71C50576EE7DE7A.d.81896DEF35B35D6ACD8ACA98F9D48BFD.e.45","type":"node","value":{"attributes":{"data-precedence":"next","href":"/_next/static/css/c72666522ecbced6.css","rel":"stylesheet"},"childNodeCount":0,"localName":"link","namespaceURI":"http://www.w3.org/1999/xhtml","nodeType":1,"shadowRoot":null}},{"sharedId":"f.8AA54734AA77FC8FA71C50576EE7DE7A.d.81896DEF35B35D6ACD8ACA98F9D48BFD.e.46","type":"node","value":{"attributes":{"as":"script","fetchpriority":"low","href":"/_next/static/chunks/webpack-dd596dff73ee4488.js","rel":"preload"},"childNodeCount":0,"localName":"link","namespaceURI":"http://www.w3.org/1999/xhtml","nodeType":1,"shadowRoot":null}},{"sharedId":"f.8AA54734AA77FC8FA71C50576EE7DE7A.d.81896DEF35B35D6ACD8ACA98F9D48BFD.e.47","type":"node","value":{"attributes":{"async":"","src":"/_next/static/chunks/701f8d2a-f984e5f59e218502.js"},"childNodeCount":0,"localName":"script","namespaceURI":"http://www.w3.org/1999/xhtml","nodeType":1,"shadowRoot":null}},{"sharedId":"f.8AA54734AA77FC8FA71C50576EE7DE7A.d.81896DEF35B35D6ACD8ACA98F9D48BFD.e.48","type":"node","value":{"attributes":{"async":"","src":"/_next/static/chunks/942-6a8e20622e2f034b.js"},"childNodeCount":0,"localName":"script","namespaceURI":"http://www.w3.org/1999/xhtml","nodeType":1,"shadowRoot":null}},{"sharedId":"f.8AA54734AA77FC8FA71C50576EE7DE7A.d.81896DEF35B35D6ACD8ACA98F9D48BFD.e.49","type":"node","value":{"attributes":{"async":"","src":"/_next/static/chunks/main-app-f5d1d0f5fe9b7424.js"},"childNodeCount":0,"localName":"script","namespaceURI":"http://www.w3.org/1999/xhtml","nodeType":1,"shadowRoot":null}},{"sharedId":"f.8AA54734AA77FC8FA71C50576EE7DE7A.d.81896DEF35B35D6ACD8ACA98F9D48BFD.e.50","type":"node","value":{"attributes":{"async":"","src":"/_next/static/chunks/505-3cac84518388a129.js"},"childNodeCount":0,"localName":"script","namespaceURI":"http://www.w3.org/1999/xhtml","nodeType":1,"shadowRoot":null}},{"sharedId":"f.8AA54734AA77FC8FA71C50576EE7DE7A.d.81896DEF35B35D6ACD8ACA98F9D48BFD.e.51","type":"node","value":{"attributes":{"async":"","src":"/_next/static/chunks/320-20ac24430acfc419.js"},"childNodeCount":0,"localName":"script","namespaceURI":"http://www.w3.org/1999/xhtml","nodeType":1,"shadowRoot":null}},{"sharedId":"f.8AA54734AA77FC8FA71C50576EE7DE7A.d.81896DEF35B35D6ACD8ACA98F9D48BFD.e.52","type":"node","value":{"attributes":{"async":"","src":"/_next/static/chunks/905-1aeeffd8dc016d54.js"},"childNodeCount":0,"localName":"script","namespaceURI":"http://www.w3.org/1999/xhtml","nodeType":1,"shadowRoot":null}},{"sharedId":"f.8AA54734AA77FC8FA71C50576EE7DE7A.d.81896DEF35B35D6ACD8ACA98F9D48BFD.e.53","type":"node","value":{"attributes":{"async":"","src":"/_next/static/chunks/436-a861c6196f49df2b.js"},"childNodeCount":0,"localName":"script","namespaceURI":"http://www.w3.org/1999/xhtml","nodeType":1,"shadowRoot":null}},{"sharedId":"f.8AA54734AA77FC8FA71C50576EE7DE7A.d.81896DEF35B35D6ACD8ACA98F9D48BFD.e.54","type":"node","value":{"attributes":{"async":"","src":"/_next/static/chunks/633-509b14aa8862220a.js"},"childNodeCount":0,"localName":"script","namespaceURI":"http://www.w3.org/1999/xhtml","nodeType":1,"shadowRoot":null}},{"sharedId":"f.8AA54734AA77FC8FA71C50576EE7DE7A.d.81896DEF35B35D6ACD8ACA98F9D48BFD.e.55","type":"node","value":{"attributes":{"async":"","src":"/_next/static/chunks/app/error-3b8387406f5c05e2.js"},"childNodeCount":0,"localName":"script","namespaceURI":"http://www.w3.org/1999/xhtml","nodeType":1,"shadowRoot":null}},{"sharedId":"f.8AA54734AA77FC8FA71C50576EE7DE7A.d.81896DEF35B35D6ACD8ACA98F9D48BFD.e.56","type":"node","value":{"attributes":{"async":"","src":"/_next/static/chunks/191-ac02c5b4863fc284.js"},"childNodeCount":0,"localName":"script","namespaceURI":"http://www.w3.org/1999/xhtml","nodeType":1,"shadowRoot":null}},{"sharedId":"f.8AA54734AA77FC8FA71C50576EE7DE7A.d.81896DEF35B35D6ACD8ACA98F9D48BFD.e.57","type":"node","value":{"attributes":{"async":"","src":"/_next/static/chunks/app/page-aac18d315524e524.js"},"childNodeCount":0,"localName":"script","namespaceURI":"http://www.w3.org/1999/xhtml","nodeType":1,"shadowRoot":null}},{"sharedId":"f.8AA54734AA77FC8FA71C50576EE7DE7A.d.81896DEF35B35D6ACD8ACA98F9D48BFD.e.58","type":"node","value":{"attributes":{"as":"style","href":"/_next/static/css/c72666522ecbced6.css","rel":"preload"},"childNodeCount":0,"localName":"link","namespaceURI":"http://www.w3.org/1999/xhtml","nodeType":1,"shadowRoot":null}},{"sharedId":"f.8AA54734AA77FC8FA71C50576EE7DE7A.d.81896DEF35B35D6ACD8ACA98F9D48BFD.e.59","type":"node","value":{"attributes":{"as":"script","crossorigin":"","href":"https://securepubads.g.doubleclick.net/tag/js/gpt.js","rel":"preload"},"childNodeCount":0,"localName":"link","namespaceURI":"http://www.w3.org/1999/xhtml","nodeType":1,"shadowRoot":null}},{"sharedId":"f.8AA54734AA77FC8FA71C50576EE7DE7A.d.81896DEF35B35D6ACD8ACA98F9D48BFD.e.60","type":"node","value":{"attributes":{"as":"script","href":"//imasdk.googleapis.com/js/sdkloader/ima3.js","rel":"preload"},"childNodeCount":0,"localName":"link","namespaceURI":"http://www.w3.org/1999/xhtml","nodeType":1,"shadowRoot":null}},{"sharedId":"f.8AA54734AA77FC8FA71C50576EE7DE7A.d.81896DEF35B35D6ACD8ACA98F9D48BFD.e.61","type":"node","value":{"attributes":{"as":"script","href":"https://www.gstatic.com/cv/js/sender/v1/cast_sender.js?loadCastFramework=1","rel":"preload"},"childNodeCount":0,"localName":"link","namespaceURI":"http://www.w3.org/1999/xhtml","nodeType":1,"shadowRoot":null}},{"sharedId":"f.8AA54734AA77FC8FA71C50576EE7DE7A.d.81896DEF35B35D6ACD8ACA98F9D48BFD.e.62","type":"node","value":{"attributes":{"content":"","name":"next-size-adjust"},"childNodeCount":0,"localName":"meta","namespaceURI":"http://www.w3.org/1999/xhtml","nodeType":1,"shadowRoot":null}},{"sharedId":"f.8AA54734AA77FC8FA71C50576EE7DE7A.d.81896DEF35B35D6ACD8ACA98F9D48BFD.e.63","type":"node","value":{"attributes":{},"childNodeCount":1,"localName":"title","namespaceURI":"http://www.w3.org/1999/xhtml","nodeType":1,"shadowRoot":null}},{"sharedId":"f.8AA54734AA77FC8FA71C50576EE7DE7A.d.81896DEF35B35D6ACD8ACA98F9D48BFD.e.64","type":"node","value":{"attributes":{"content":"Stream the latest Filipino movies, TV shows, and exclusive content. Watch anywhere, anytime with iWant - your gateway to premium Filipino entertainment.","name":"description"},"childNodeCount":0,"localName":"meta","namespaceURI":"http://www.w3.org/1999/xhtml","nodeType":1,"shadowRoot":null}},{"sharedId":"f.8AA54734AA77FC8FA71C50576EE7DE7A.d.81896DEF35B35D6ACD8ACA98F9D48BFD.e.65","type":"node","value":{"attributes":{"content":"iWant","name":"author"},"childNodeCount":0,"localName":"meta","namespaceURI":"http://www.w3.org/1999/xhtml","nodeType":1,"shadowRoot":null}},{"sharedId":"f.8AA54734AA77FC8FA71C50576EE7DE7A.d.81896DEF35B35D6ACD8ACA98F9D48BFD.e.66","type":"node","value":{"attributes":{"href":"/site.webmanifest","rel":"manifest"},"childNodeCount":0,"localName":"link","namespaceURI":"http://www.w3.org/1999/xhtml","nodeType":1,"shadowRoot":null}},{"sharedId":"f.8AA54734AA77FC8FA71C50576EE7DE7A.d.81896DEF35B35D6ACD8ACA98F9D48BFD.e.67","type":"node","value":{"attributes":{"content":"Filipino movies,TV shows,streaming,Philippine entertainment,TFC,iWant","name":"keywords"},"childNodeCount":0,"localName":"meta","namespaceURI":"http://www.w3.org/1999/xhtml","nodeType":1,"shadowRoot":null}},{"sharedId":"f.8AA54734AA77FC8FA71C50576EE7DE7A.d.81896DEF35B35D6ACD8ACA98F9D48BFD.e.68","type":"node","value":{"attributes":{"content":"iWant","name":"creator"},"childNodeCount":0,"localName":"meta","namespaceURI":"http://www.w3.org/1999/xhtml","nodeType":1,"shadowRoot":null}},{"sharedId":"f.8AA54734AA77FC8FA71C50576EE7DE7A.d.81896DEF35B35D6ACD8ACA98F9D48BFD.e.69","type":"node","value":{"attributes":{"content":"iWant","name":"publisher"},"childNodeCount":0,"localName":"meta","namespaceURI":"http://www.w3.org/1999/xhtml","nodeType":1,"shadowRoot":null}},{"sharedId":"f.8AA54734AA77FC8FA71C50576EE7DE7A.d.81896DEF35B35D6ACD8ACA98F9D48BFD.e.70","type":"node","value":{"attributes":{"content":"index, follow","name":"robots"},"childNodeCount":0,"localName":"meta","namespaceURI":"http://www.w3.org/1999/xhtml","nodeType":1,"shadowRoot":null}},{"sharedId":"f.8AA54734AA77FC8FA71C50576EE7DE7A.d.81896DEF35B35D6ACD8ACA98F9D48BFD.e.71","type":"node","value":{"attributes":{"content":"index, follow, max-video-preview:-1, max-image-preview:large, max-snippet:-1","name":"googlebot"},"childNodeCount":0,"localName":"meta","namespaceURI":"http://www.w3.org/1999/xhtml","nodeType":1,"shadowRoot":null}},{"sharedId":"f.8AA54734AA77FC8FA71C50576EE7DE7A.d.81896DEF35B35D6ACD8ACA98F9D48BFD.e.72","type":"node","value":{"attributes":{"href":"https://www.iwanttfc.com","rel":"canonical"},"childNodeCount":0,"localName":"link","namespaceURI":"http://www.w3.org/1999/xhtml","nodeType":1,"shadowRoot":null}},{"sharedId":"f.8AA54734AA77FC8FA71C50576EE7DE7A.d.81896DEF35B35D6ACD8ACA98F9D48BFD.e.73","type":"node","value":{"attributes":{"content":"your-google-site-verification-code","name":"google-site-verification"},"childNodeCount":0,"localName":"meta","namespaceURI":"http://www.w3.org/1999/xhtml","nodeType":1,"shadowRoot":null}},{"sharedId":"f.8AA54734AA77FC8FA71C50576EE7DE7A.d.81896DEF35B35D6ACD8ACA98F9D48BFD.e.74","type":"node","value":{"attributes":{"content":"iWant | Stream Filipino Movies & TV Shows","property":"og:title"},"childNodeCount":0,"localName":"meta","namespaceURI":"http://www.w3.org/1999/xhtml","nodeType":1,"shadowRoot":null}},{"sharedId":"f.8AA54734AA77FC8FA71C50576EE7DE7A.d.81896DEF35B35D6ACD8ACA98F9D48BFD.e.75","type":"node","value":{"attributes":{"content":"Stream the latest Filipino movies, TV shows, and exclusive content. Watch anywhere, anytime with iWant - your gateway to premium Filipino entertainment.","property":"og:description"},"childNodeCount":0,"localName":"meta","namespaceURI":"http://www.w3.org/1999/xhtml","nodeType":1,"shadowRoot":null}},{"sharedId":"f.8AA54734AA77FC8FA71C50576EE7DE7A.d.81896DEF35B35D6ACD8ACA98F9D48BFD.e.76","type":"node","value":{"attributes":{"content":"https://www.iwanttfc.com","property":"og:url"},"childNodeCount":0,"localName":"meta","namespaceURI":"http://www.w3.org/1999/xhtml","nodeType":1,"shadowRoot":null}},{"sharedId":"f.8AA54734AA77FC8FA71C50576EE7DE7A.d.81896DEF35B35D6ACD8ACA98F9D48BFD.e.77","type":"node","value":{"attributes":{"content":"iWant","property":"og:site_name"},"childNodeCount":0,"localName":"meta","namespaceURI":"http://www.w3.org/1999/xhtml","nodeType":1,"shadowRoot":null}},{"sharedId":"f.8AA54734AA77FC8FA71C50576EE7DE7A.d.81896DEF35B35D6ACD8ACA98F9D48BFD.e.78","type":"node","value":{"attributes":{"content":"en_US","property":"og:locale"},"childNodeCount":0,"localName":"meta","namespaceURI":"http://www.w3.org/1999/xhtml","nodeType":1,"shadowRoot":null}},{"sharedId":"f.8AA54734AA77FC8FA71C50576EE7DE7A.d.81896DEF35B35D6ACD8ACA98F9D48BFD.e.79","type":"node","value":{"attributes":{"content":"https://www.iwanttfc.com/preview_full_logo.png","property":"og:image"},"childNodeCount":0,"localName":"meta","namespaceURI":"http://www.w3.org/1999/xhtml","nodeType":1,"shadowRoot":null}},{"sharedId":"f.8AA54734AA77FC8FA71C50576EE7DE7A.d.81896DEF35B35D6ACD8ACA98F9D48BFD.e.80","type":"node","value":{"attributes":{"content":"1200","property":"og:image:width"},"childNodeCount":0,"localName":"meta","namespaceURI":"http://www.w3.org/1999/xhtml","nodeType":1,"shadowRoot":null}},{"sharedId":"f.8AA54734AA77FC8FA71C50576EE7DE7A.d.81896DEF35B35D6ACD8ACA98F9D48BFD.e.81","type":"node","value":{"attributes":{"content":"630","property":"og:image:height"},"childNodeCount":0,"localName":"meta","namespaceURI":"http://www.w3.org/1999/xhtml","nodeType":1,"shadowRoot":null}},{"sharedId":"f.8AA54734AA77FC8FA71C50576EE7DE7A.d.81896DEF35B35D6ACD8ACA98F9D48BFD.e.82","type":"node","value":{"attributes":{"content":"iWant - Stream Filipino Movies & TV Shows","property":"og:image:alt"},"childNodeCount":0,"localName":"meta","namespaceURI":"http://www.w3.org/1999/xhtml","nodeType":1,"shadowRoot":null}},{"sharedId":"f.8AA54734AA77FC8FA71C50576EE7DE7A.d.81896DEF35B35D6ACD8ACA98F9D48BFD.e.83","type":"node","value":{"attributes":{"content":"image/png","property":"og:image:type"},"childNodeCount":0,"localName":"meta","namespaceURI":"http://www.w3.org/1999/xhtml","nodeType":1,"shadowRoot":null}},{"sharedId":"f.8AA54734AA77FC8FA71C50576EE7DE7A.d.81896DEF35B35D6ACD8ACA98F9D48BFD.e.84","type":"node","value":{"attributes":{"content":"website","property":"og:type"},"childNodeCount":0,"localName":"meta","namespaceURI":"http://www.w3.org/1999/xhtml","nodeType":1,"shadowRoot":null}},{"sharedId":"f.8AA54734AA77FC8FA71C50576EE7DE7A.d.81896DEF35B35D6ACD8ACA98F9D48BFD.e.85","type":"node","value":{"attributes":{"content":"summary_large_image","name":"twitter:card"},"childNodeCount":0,"localName":"meta","namespaceURI":"http://www.w3.org/1999/xhtml","nodeType":1,"shadowRoot":null}},{"sharedId":"f.8AA54734AA77FC8FA71C50576EE7DE7A.d.81896DEF35B35D6ACD8ACA98F9D48BFD.e.86","type":"node","value":{"attributes":{"content":"@iwant","name":"twitter:site"},"childNodeCount":0,"localName":"meta","namespaceURI":"http://www.w3.org/1999/xhtml","nodeType":1,"shadowRoot":null}},{"sharedId":"f.8AA54734AA77FC8FA71C50576EE7DE7A.d.81896DEF35B35D6ACD8ACA98F9D48BFD.e.87","type":"node","value":{"attributes":{"content":"@iwant","name":"twitter:creator"},"childNodeCount":0,"localName":"meta","namespaceURI":"http://www.w3.org/1999/xhtml","nodeType":1,"shadowRoot":null}},{"sharedId":"f.8AA54734AA77FC8FA71C50576EE7DE7A.d.81896DEF35B35D6ACD8ACA98F9D48BFD.e.88","type":"node","value":{"attributes":{"content":"iWant | Stream Filipino Movies & TV Shows","name":"twitter:title"},"childNodeCount":0,"localName":"meta","namespaceURI":"http://www.w3.org/1999/xhtml","nodeType":1,"shadowRoot":null}},{"sharedId":"f.8AA54734AA77FC8FA71C50576EE7DE7A.d.81896DEF35B35D6ACD8ACA98F9D48BFD.e.89","type":"node","value":{"attributes":{"content":"Stream the latest Filipino movies, TV shows, and exclusive content. Watch anywhere, anytime with iWant.","name":"twitter:description"},"childNodeCount":0,"localName":"meta","namespaceURI":"http://www.w3.org/1999/xhtml","nodeType":1,"shadowRoot":null}},{"sharedId":"f.8AA54734AA77FC8FA71C50576EE7DE7A.d.81896DEF35B35D6ACD8ACA98F9D48BFD.e.90","type":"node","value":{"attributes":{"content":"https://www.iwanttfc.com/preview_full_logo.png","name":"twitter:image"},"childNodeCount":0,"localName":"meta","namespaceURI":"http://www.w3.org/1999/xhtml","nodeType":1,"shadowRoot":null}},{"sharedId":"f.8AA54734AA77FC8FA71C50576EE7DE7A.d.81896DEF35B35D6ACD8ACA98F9D48BFD.e.91","type":"node","value":{"attributes":{"href":"/iwant_favicon.png","rel":"icon"},"childNodeCount":0,"localName":"link","namespaceURI":"http://www.w3.org/1999/xhtml","nodeType":1,"shadowRoot":null}},{"sharedId":"f.8AA54734AA77FC8FA71C50576EE7DE7A.d.81896DEF35B35D6ACD8ACA98F9D48BFD.e.92","type":"node","value":{"attributes":{"href":"/iwant_favicon.png","rel":"apple-touch-icon"},"childNodeCount":0,"localName":"link","namespaceURI":"http://www.w3.org/1999/xhtml","nodeType":1,"shadowRoot":null}},{"sharedId":"f.8AA54734AA77FC8FA71C50576EE7DE7A.d.81896DEF35B35D6ACD8ACA98F9D48BFD.e.93","type":"node","value":{"attributes":{},"childNodeCount":1,"localName":"script","namespaceURI":"http://www.w3.org/1999/xhtml","nodeType":1,"shadowRoot":null}},{"sharedId":"f.8AA54734AA77FC8FA71C50576EE7DE7A.d.81896DEF35B35D6ACD8ACA98F9D48BFD.e.94","type":"node","value":{"attributes":{"nomodule":"","src":"/_next/static/chunks/polyfills-42372ed130431b0a.js"},"childNodeCount":0,"localName":"script","namespaceURI":"http://www.w3.org/1999/xhtml","nodeType":1,"shadowRoot":null}},{"sharedId":"f.8AA54734AA77FC8FA71C50576EE7DE7A.d.81896DEF35B35D6ACD8ACA98F9D48BFD.e.95","type":"node","value":{"attributes":{},"childNodeCount":1,"localName":"script","namespaceURI":"http://www.w3.org/1999/xhtml","nodeType":1,"shadowRoot":null}},{"sharedId":"f.8AA54734AA77FC8FA71C50576EE7DE7A.d.81896DEF35B35D6ACD8ACA98F9D48BFD.e.96","type":"node","value":{"attributes":{},"childNodeCount":1,"localName":"script","namespaceURI":"http://www.w3.org/1999/xhtml","nodeType":1,"shadowRoot":null}},{"sharedId":"f.8AA54734AA77FC8FA71C50576EE7DE7A.d.81896DEF35B35D6ACD8ACA98F9D48BFD.e.97","type":"node","value":{"attributes":{"as":"script","href":"https://s.go-mpulse.net/boomerang/RWVGY-RXKAT-A3L48-T8285-GYS8R","rel":"preload"},"childNodeCount":0,"localName":"link","namespaceURI":"http://www.w3.org/1999/xhtml","nodeType":1,"shadowRoot":null}},{"sharedId":"f.8AA54734AA77FC8FA71C50576EE7DE7A.d.81896DEF35B35D6ACD8ACA98F9D48BFD.e.98","type":"node","value":{"attributes":{"async":"","id":"boomr-scr-as","src":"https://s.go-mpulse.net/boomerang/RWVGY-RXKAT-A3L48-T8285-GYS8R"},"childNodeCount":0,"localName":"script","namespaceURI":"http://www.w3.org/1999/xhtml","nodeType":1,"shadowRoot":null}},{"sharedId":"f.8AA54734AA77FC8FA71C50576EE7DE7A.d.81896DEF35B35D6ACD8ACA98F9D48BFD.e.99","type":"node","value":{"attributes":{"crossorigin":"anonymous","src":"https://securepubads.g.doubleclick.net/tag/js/gpt.js"},"childNodeCount":0,"localName":"script","namespaceURI":"http://www.w3.org/1999/xhtml","nodeType":1,"shadowRoot":null}},{"sharedId":"f.8AA54734AA77FC8FA71C50576EE7DE7A.d.81896DEF35B35D6ACD8ACA98F9D48BFD.e.100","type":"node","value":{"attributes":{"content":"AlK2UR5SkAlj8jjdEc9p3F3xuFYlF6LYjAML3EOqw1g26eCwWPjdmecULvBH5MVPoqKYrOfPhYVL71xAXI1IBQoAAAB8eyJvcmlnaW4iOiJodHRwczovL2RvdWJsZWNsaWNrLm5ldDo0NDMiLCJmZWF0dXJlIjoiV2ViVmlld1hSZXF1ZXN0ZWRXaXRoRGVwcmVjYXRpb24iLCJleHBpcnkiOjE3NTgwNjcxOTksImlzU3ViZG9tYWluIjp0cnVlfQ==","http-equiv":"origin-trial"},"childNodeCount":0,"localName":"meta","namespaceURI":"http://www.w3.org/1999/xhtml","nodeType":1,"shadowRoot":null}},{"sharedId":"f.8AA54734AA77FC8FA71C50576EE7DE7A.d.81896DEF35B35D6ACD8ACA98F9D48BFD.e.101","type":"node","value":{"attributes":{"content":"Amm8/NmvvQfhwCib6I7ZsmUxiSCfOxWxHayJwyU1r3gRIItzr7bNQid6O8ZYaE1GSQTa69WwhPC9flq/oYkRBwsAAACCeyJvcmlnaW4iOiJodHRwczovL2dvb2dsZXN5bmRpY2F0aW9uLmNvbTo0NDMiLCJmZWF0dXJlIjoiV2ViVmlld1hSZXF1ZXN0ZWRXaXRoRGVwcmVjYXRpb24iLCJleHBpcnkiOjE3NTgwNjcxOTksImlzU3ViZG9tYWluIjp0cnVlfQ==","http-equiv":"origin-trial"},"childNodeCount":0,"localName":"meta","namespaceURI":"http://www.w3.org/1999/xhtml","nodeType":1,"shadowRoot":null}},{"sharedId":"f.8AA54734AA77FC8FA71C50576EE7DE7A.d.81896DEF35B35D6ACD8ACA98F9D48BFD.e.102","type":"node","value":{"attributes":{"content":"A9nrunKdU5m96PSN1XsSGr3qOP0lvPFUB2AiAylCDlN5DTl17uDFkpQuHj1AFtgWLxpLaiBZuhrtb2WOu7ofHwEAAACKeyJvcmlnaW4iOiJodHRwczovL2RvdWJsZWNsaWNrLm5ldDo0NDMiLCJmZWF0dXJlIjoiQUlQcm9tcHRBUElNdWx0aW1vZGFsSW5wdXQiLCJleHBpcnkiOjE3NzQzMTA0MDAsImlzU3ViZG9tYWluIjp0cnVlLCJpc1RoaXJkUGFydHkiOnRydWV9","http-equiv":"origin-trial"},"childNodeCount":0,"localName":"meta","namespaceURI":"http://www.w3.org/1999/xhtml","nodeType":1,"shadowRoot":null}},{"sharedId":"f.8AA54734AA77FC8FA71C50576EE7DE7A.d.81896DEF35B35D6ACD8ACA98F9D48BFD.e.103","type":"node","value":{"attributes":{"content":"A93bovR+QVXNx2/38qDbmeYYf1wdte9EO37K9eMq3r+541qo0byhYU899BhPB7Cv9QqD7wIbR1B6OAc9kEfYCA4AAACQeyJvcmlnaW4iOiJodHRwczovL2dvb2dsZXN5bmRpY2F0aW9uLmNvbTo0NDMiLCJmZWF0dXJlIjoiQUlQcm9tcHRBUElNdWx0aW1vZGFsSW5wdXQiLCJleHBpcnkiOjE3NzQzMTA0MDAsImlzU3ViZG9tYWluIjp0cnVlLCJpc1RoaXJkUGFydHkiOnRydWV9","http-equiv":"origin-trial"},"childNodeCount":0,"localName":"meta","namespaceURI":"http://www.w3.org/1999/xhtml","nodeType":1,"shadowRoot":null}},{"sharedId":"f.8AA54734AA77FC8FA71C50576EE7DE7A.d.81896DEF35B35D6ACD8ACA98F9D48BFD.e.104","type":"node","value":{"attributes":{"content":"A1S5fojrAunSDrFbD8OfGmFHdRFZymSM/1ss3G+NEttCLfHkXvlcF6LGLH8Mo5PakLO1sCASXU1/gQf6XGuTBgwAAACQeyJvcmlnaW4iOiJodHRwczovL2dvb2dsZXRhZ3NlcnZpY2VzLmNvbTo0NDMiLCJmZWF0dXJlIjoiQUlQcm9tcHRBUElNdWx0aW1vZGFsSW5wdXQiLCJleHBpcnkiOjE3NzQzMTA0MDAsImlzU3ViZG9tYWluIjp0cnVlLCJpc1RoaXJkUGFydHkiOnRydWV9","http-equiv":"origin-trial"},"childNodeCount":0,"localName":"meta","namespaceURI":"http://www.w3.org/1999/xhtml","nodeType":1,"shadowRoot":null}},{"sharedId":"f.8AA54734AA77FC8FA71C50576EE7DE7A.d.81896DEF35B35D6ACD8ACA98F9D48BFD.e.105","type":"node","value":{"attributes":{"async":"","crossorigin":"anonymous","src":"https://securepubads.g.doubleclick.net/pagead/managed/js/gpt/m202602100101/pubads_impl.js"},"childNodeCount":0,"localName":"script","namespaceURI":"http://www.w3.org/1999/xhtml","nodeType":1,"shadowRoot":null}},{"sharedId":"f.8AA54734AA77FC8FA71C50576EE7DE7A.d.81896DEF35B35D6ACD8ACA98F9D48BFD.e.106","type":"node","value":{"attributes":{"href":"https://securepubads.g.doubleclick.net/pagead/managed/dict/m202602120101/gpt","rel":"compression-dictionary"},"childNodeCount":0,"localName":"link","namespaceURI":"http://www.w3.org/1999/xhtml","nodeType":1,"shadowRoot":null}},{"sharedId":"f.8AA54734AA77FC8FA71C50576EE7DE7A.d.81896DEF35B35D6ACD8ACA98F9D48BFD.e.107","type":"node","value":{"attributes":{"src":"//www.gstatic.com/cast/sdk/libs/sender/1.0/cast_framework.js"},"childNodeCount":0,"localName":"script","namespaceURI":"http://www.w3.org/1999/xhtml","nodeType":1,"shadowRoot":null}},{"sharedId":"f.8AA54734AA77FC8FA71C50576EE7DE7A.d.81896DEF35B35D6ACD8ACA98F9D48BFD.e.108","type":"node","value":{"attributes":{"src":"//www.gstatic.com/eureka/clank/144/cast_sender.js"},"childNodeCount":0,"localName":"script","namespaceURI":"http://www.w3.org/1999/xhtml","nodeType":1,"shadowRoot":null}},{"sharedId":"f.8AA54734AA77FC8FA71C50576EE7DE7A.d.81896DEF35B35D6ACD8ACA98F9D48BFD.e.109","type":"node","value":{"attributes":{"async":"","src":"https://fundingchoicesmessages.google.com/i/2744311?ers=3"},"childNodeCount":0,"localName":"script","namespaceURI":"http://www.w3.org/1999/xhtml","nodeType":1,"shadowRoot":null}},{"sharedId":"f.8AA54734AA77FC8FA71C50576EE7DE7A.d.81896DEF35B35D6ACD8ACA98F9D48BFD.e.110","type":"node","value":{"attributes":{"async":"","src":"https://fundingchoicesmessages.google.com/f/AGSKWxXgGjnQ2onxhZE_4MRRpEvDJjO3ElEWwmvA0OyV-EOkHdUK741CnM_myYfQO68R25VT7AGdeao5QdrRRjzIaA62nmcDvpZuPyxeMeiaYkg8V6LRqBe-RUEAR0JvPqBYAfHbze0akQ==?fccs=W251bGwsbnVsbCxudWxsLG51bGwsbnVsbCxudWxsLFsxNzcxMjI3NDU1LDYzOTAwMDAwMF0sbnVsbCxudWxsLG51bGwsW251bGwsWzddXSwiaHR0cHM6Ly91YXQuaXdhbnR0ZmMuY29tLyIsbnVsbCxbWzgsIktVbG9CcUdXWlhBIl0sWzksImVuLUdCIl0sWzE5LCIyIl0sWzE3LCJbMF0iXSxbMjQsIiJdLFsyOSwiZmFsc2UiXV1d"},"childNodeCount":0,"localName":"script","namespaceURI":"http://www.w3.org/1999/xhtml","nodeType":1,"shadowRoot":null}},{"sharedId":"f.8AA54734AA77FC8FA71C50576EE7DE7A.d.81896DEF35B35D6ACD8ACA98F9D48BFD.e.111","type":"node","value":{"attributes":{"async":"","src":"https://fundingchoicesmessages.google.com/f/AGSKWxUoAo5C92VTgIv1AchX9Cxs2QNSavNZDyoGz-gFUPQgV1mhLICeTouqDlBIfVySD26x5E6MSEvYslC0VFLUi6_uAzGmgNyaSTNB4RRXsN8L1bc_4BYayAqWj3Vic6UL60_0aSOnHg==?fccs=W251bGwsbnVsbCxudWxsLG51bGwsbnVsbCxudWxsLFsxNzcxMjI3NDU1LDcwOTAwMDAwMF0sbnVsbCxudWxsLG51bGwsW251bGwsWzcsOV0sbnVsbCwyLG51bGwsImVuLUdCIl0sImh0dHBzOi8vdWF0Lml3YW50dGZjLmNvbS8iLG51bGwsW1s4LCJLVWxvQnFHV1pYQSJdLFs5LCJlbi1HQiJdLFsxOSwiMiJdLFsxNywiWzBdIl0sWzI0LCIiXSxbMjksImZhbHNlIl1dXQ"},"childNodeCount":0,"localName":"script","namespaceURI":"http://www.w3.org/1999/xhtml","nodeType":1,"shadowRoot":null}},{"sharedId":"f.8AA54734AA77FC8FA71C50576EE7DE7A.d.81896DEF35B35D6ACD8ACA98F9D48BFD.e.112","type":"node","value":{"attributes":{"async":"","src":"https://fundingchoicesmessages.google.com/f/AGSKWxV_CB5mHVClDU69rgD3cj_PzhHuJ2e0GSYFyEcSfbfPJZMgSqI9cfy_Y9SCxNqhMmvUYzAm3Z7XFaef5odGyAjvcsxP9yMZa_5C1XahUVctcOaGIzNgeTFFa66wVqV_UAJ_FaitfA==?fccs=W251bGwsbnVsbCxudWxsLG51bGwsbnVsbCxudWxsLFsxNzcxMjI3NDU2LDQ2NzAwMDAwMF0sbnVsbCxudWxsLG51bGwsW251bGwsWzcsOSw2XSxudWxsLDIsbnVsbCwiZW4tR0IiLG51bGwsbnVsbCxudWxsLG51bGwsbnVsbCwxXSwiaHR0cHM6Ly91YXQuaXdhbnR0ZmMuY29tLyIsbnVsbCxbWzgsIktVbG9CcUdXWlhBIl0sWzksImVuLUdCIl0sWzE5LCIyIl0sWzE3LCJbMF0iXSxbMjQsIiJdLFsyOSwiZmFsc2UiXV1d"},"childNodeCount":0,"localName":"script","namespaceURI":"http://www.w3.org/1999/xhtml","nodeType":1,"shadowRoot":null}},{"sharedId":"f.8AA54734AA77FC8FA71C50576EE7DE7A.d.81896DEF35B35D6ACD8ACA98F9D48BFD.e.113","type":"node","value":{"attributes":{"as":"image","href":"/iwant_logo.svg","rel":"preload"},"childNodeCount":0,"localName":"link","namespaceURI":"http://www.w3.org/1999/xhtml","nodeType":1,"shadowRoot":null}},{"sharedId":"f.8AA54734AA77FC8FA71C50576EE7DE7A.d.81896DEF35B35D6ACD8ACA98F9D48BFD.e.114","type":"node","value":{"attributes":{"as":"image","href":"/assets/menu_icons/search.svg","rel":"preload"},"childNodeCount":0,"localName":"link","namespaceURI":"http://www.w3.org/1999/xhtml","nodeType":1,"shadowRoot":null}},{"sharedId":"f.8AA54734AA77FC8FA71C50576EE7DE7A.d.81896DEF35B35D6ACD8ACA98F9D48BFD.e.115","type":"node","value":{"attributes":{"as":"image","href":"/iwant_full_logo.svg","rel":"preload"},"childNodeCount":0,"localName":"link","namespaceURI":"http://www.w3.org/1999/xhtml","nodeType":1,"shadowRoot":null}},{"sharedId":"f.8AA54734AA77FC8FA71C50576EE7DE7A.d.81896DEF35B35D6ACD8ACA98F9D48BFD.e.116","type":"node","value":{"attributes":{"as":"image","href":"/assets/icons/facebook.svg","rel":"preload"},"childNodeCount":0,"localName":"link","namespaceURI":"http://www.w3.org/1999/xhtml","nodeType":1,"shadowRoot":null}},{"sharedId":"f.8AA54734AA77FC8FA71C50576EE7DE7A.d.81896DEF35B35D6ACD8ACA98F9D48BFD.e.117","type":"node","value":{"attributes":{"as":"image","href":"/assets/icons/instagram.svg","rel":"preload"},"childNodeCount":0,"localName":"link","namespaceURI":"http://www.w3.org/1999/xhtml","nodeType":1,"shadowRoot":null}},{"sharedId":"f.8AA54734AA77FC8FA71C50576EE7DE7A.d.81896DEF35B35D6ACD8ACA98F9D48BFD.e.118","type":"node","value":{"attributes":{"as":"image","href":"/assets/icons/tiktok.svg","rel":"preload"},"childNodeCount":0,"localName":"link","namespaceURI":"http://www.w3.org/1999/xhtml","nodeType":1,"shadowRoot":null}},{"sharedId":"f.8AA54734AA77FC8FA71C50576EE7DE7A.d.81896DEF35B35D6ACD8ACA98F9D48BFD.e.119","type":"node","value":{"attributes":{"as":"image","href":"/assets/icons/twitter.svg","rel":"preload"},"childNodeCount":0,"localName":"link","namespaceURI":"http://www.w3.org/1999/xhtml","nodeType":1,"shadowRoot":null}},{"sharedId":"f.8AA54734AA77FC8FA71C50576EE7DE7A.d.81896DEF35B35D6ACD8ACA98F9D48BFD.e.120","type":"node","value":{"attributes":{"as":"image","href":"/assets/icons/youtube.svg","rel":"preload"},"childNodeCount":0,"localName":"link","namespaceURI":"http://www.w3.org/1999/xhtml","nodeType":1,"shadowRoot":null}},{"sharedId":"f.8AA54734AA77FC8FA71C50576EE7DE7A.d.81896DEF35B35D6ACD8ACA98F9D48BFD.e.121","type":"node","value":{"attributes":{"type":"text/javascript"},"childNodeCount":1,"localName":"script","namespaceURI":"http://www.w3.org/1999/xhtml","nodeType":1,"shadowRoot":null}},{"sharedId":"f.8AA54734AA77FC8FA71C50576EE7DE7A.d.81896DEF35B35D6ACD8ACA98F9D48BFD.e.122","type":"node","value":{"attributes":{"async":"","src":"https://cdn.moengage.com/release/dc_1/versions/2.53.5/moe_webSdk.min.latest.js"},"childNodeCount":0,"localName":"script","namespaceURI":"http://www.w3.org/1999/xhtml","nodeType":1,"shadowRoot":null}},{"sharedId":"f.8AA54734AA77FC8FA71C50576EE7DE7A.d.81896DEF35B35D6ACD8ACA98F9D48BFD.e.123","type":"node","value":{"attributes":{"as":"image","href":"/assets/menu_icons/separator_v.svg","rel":"preload"},"childNodeCount":0,"localName":"link","namespaceURI":"http://www.w3.org/1999/xhtml","nodeType":1,"shadowRoot":null}},{"sharedId":"f.8AA54734AA77FC8FA71C50576EE7DE7A.d.81896DEF35B35D6ACD8ACA98F9D48BFD.e.124","type":"node","value":{"attributes":{"as":"image","imagesizes":"100vw","imagesrcset":"/_next/image?url=https%3A%2F%2Fpql-static.abs-cbn.com%2Fstatic%2Fprod%2Fcommon%2Fimages%2Ficons%2Fmenu_item_gma.png&w=640&q=75 640w, /_next/image?url=https%3A%2F%2Fpql-static.abs-cbn.com%2Fstatic%2Fprod%2Fcommon%2Fimages%2Ficons%2Fmenu_item_gma.png&w=750&q=75 750w, /_next/image?url=https%3A%2F%2Fpql-static.abs-cbn.com%2Fstatic%2Fprod%2Fcommon%2Fimages%2Ficons%2Fmenu_item_gma.png&w=828&q=75 828w, /_next/image?url=https%3A%2F%2Fpql-static.abs-cbn.com%2Fstatic%2Fprod%2Fcommon%2Fimages%2Ficons%2Fmenu_item_gma.png&w=1080&q=75 1080w, /_next/image?url=https%3A%2F%2Fpql-static.abs-cbn.com%2Fstatic%2Fprod%2Fcommon%2Fimages%2Ficons%2Fmenu_item_gma.png&w=1200&q=75 1200w, /_next/image?url=https%3A%2F%2Fpql-static.abs-cbn.com%2Fstatic%2Fprod%2Fcommon%2Fimages%2Ficons%2Fmenu_item_gma.png&w=1920&q=75 1920w, /_next/image?url=https%3A%2F%2Fpql-static.abs-cbn.com%2Fstatic%2Fprod%2Fcommon%2Fimages%2Ficons%2Fmenu_item_gma.png&w=2048&q=75 2048w, /_next/image?url=https%3A%2F%2Fpql-static.abs-cbn.com%2Fstatic%2Fprod%2Fcommon%2Fimages%2Ficons%2Fmenu_item_gma.png&w=3840&q=75 3840w","rel":"preload"},"childNodeCount":0,"localName":"link","namespaceURI":"http://www.w3.org/1999/xhtml","nodeType":1,"shadowRoot":null}},{"sharedId":"f.8AA54734AA77FC8FA71C50576EE7DE7A.d.81896DEF35B35D6ACD8ACA98F9D48BFD.e.125","type":"node","value":{"attributes":{"as":"image","href":"/assets/menu_icons/tv.svg","rel":"preload"},"childNodeCount":0,"localName":"link","namespaceURI":"http://www.w3.org/1999/xhtml","nodeType":1,"shadowRoot":null}},{"sharedId":"f.8AA54734AA77FC8FA71C50576EE7DE7A.d.81896DEF35B35D6ACD8ACA98F9D48BFD.e.126","type":"node","value":{"attributes":{"as":"image","href":"/assets/menu_icons/help.svg","rel":"preload"},"childNodeCount":0,"localName":"link","namespaceURI":"http://www.w3.org/1999/xhtml","nodeType":1,"shadowRoot":null}},{"sharedId":"f.8AA54734AA77FC8FA71C50576EE7DE7A.d.81896DEF35B35D6ACD8ACA98F9D48BFD.e.127","type":"node","value":{"attributes":{"as":"image","href":"/assets/menu_icons/sign-out.svg","rel":"preload"},"childNodeCount":0,"localName":"link","namespaceURI":"http://www.w3.org/1999/xhtml","nodeType":1,"shadowRoot":null}},{"sharedId":"f.8AA54734AA77FC8FA71C50576EE7DE7A.d.81896DEF35B35D6ACD8ACA98F9D48BFD.e.128","type":"node","value":{"attributes":{"class":"overflow-x-hidden overscroll-none"},"childNodeCount":19,"localName":"body","namespaceURI":"http://www.w3.org/1999/xhtml","nodeType":1,"shadowRoot":null}},{"sharedId":"f.8AA54734AA77FC8FA71C50576EE7DE7A.d.81896DEF35B35D6ACD8ACA98F9D48BFD.e.129","type":"node","value":{"attributes":{"async":"","src":"/_next/static/chunks/webpack-dd596dff73ee4488.js"},"childNodeCount":0,"localName":"script","namespaceURI":"http://www.w3.org/1999/xhtml","nodeType":1,"shadowRoot":null}},{"sharedId":"f.8AA54734AA77FC8FA71C50576EE7DE7A.d.81896DEF35B35D6ACD8ACA98F9D48BFD.e.130","type":"node","value":{"attributes":{},"childNodeCount":1,"localName":"script","namespaceURI":"http://www.w3.org/1999/xhtml","nodeType":1,"shadowRoot":null}},{"sharedId":"f.8AA54734AA77FC8FA71C50576EE7DE7A.d.81896DEF35B35D6ACD8ACA98F9D48BFD.e.131","type":"node","value":{"attributes":{},"childNodeCount":1,"localName":"script","namespaceURI":"http://www.w3.org/1999/xhtml","nodeType":1,"shadowRoot":null}},{"sharedId":"f.8AA54734AA77FC8FA71C50576EE7DE7A.d.81896DEF35B35D6ACD8ACA98F9D48BFD.e.132","type":"node","value":{"attributes":{},"childNodeCount":1,"localName":"script","namespaceURI":"http://www.w3.org/1999/xhtml","nodeType":1,"shadowRoot":null}},{"sharedId":"f.8AA54734AA77FC8FA71C50576EE7DE7A.d.81896DEF35B35D6ACD8ACA98F9D48BFD.e.133","type":"node","value":{"attributes":{},"childNodeCount":1,"localName":"script","namespaceURI":"http://www.w3.org/1999/xhtml","nodeType":1,"shadowRoot":null}},{"sharedId":"f.8AA54734AA77FC8FA71C50576EE7DE7A.d.81896DEF35B35D6ACD8ACA98F9D48BFD.e.134","type":"node","value":{"attributes":{},"childNodeCount":1,"localName":"script","namespaceURI":"http://www.w3.org/1999/xhtml","nodeType":1,"shadowRoot":null}},{"sharedId":"f.8AA54734AA77FC8FA71C50576EE7DE7A.d.81896DEF35B35D6ACD8ACA98F9D48BFD.e.135","type":"node","value":{"attributes":{},"childNodeCount":1,"localName":"script","namespaceURI":"http://www.w3.org/1999/xhtml","nodeType":1,"shadowRoot":null}},{"sharedId":"f.8AA54734AA77FC8FA71C50576EE7DE7A.d.81896DEF35B35D6ACD8ACA98F9D48BFD.e.136","type":"node","value":{"attributes":{},"childNodeCount":1,"localName":"script","namespaceURI":"http://www.w3.org/1999/xhtml","nodeType":1,"shadowRoot":null}},{"sharedId":"f.8AA54734AA77FC8FA71C50576EE7DE7A.d.81896DEF35B35D6ACD8ACA98F9D48BFD.e.137","type":"node","value":{"attributes":{},"childNodeCount":1,"localName":"script","namespaceURI":"http://www.w3.org/1999/xhtml","nodeType":1,"shadowRoot":null}},{"sharedId":"f.8AA54734AA77FC8FA71C50576EE7DE7A.d.81896DEF35B35D6ACD8ACA98F9D48BFD.e.138","type":"node","value":{"attributes":{},"childNodeCount":1,"localName":"script","namespaceURI":"http://www.w3.org/1999/xhtml","nodeType":1,"shadowRoot":null}},{"sharedId":"f.8AA54734AA77FC8FA71C50576EE7DE7A.d.81896DEF35B35D6ACD8ACA98F9D48BFD.e.139","type":"node","value":{"attributes":{},"childNodeCount":1,"localName":"script","namespaceURI":"http://www.w3.org/1999/xhtml","nodeType":1,"shadowRoot":null}},{"sharedId":"f.8AA54734AA77FC8FA71C50576EE7DE7A.d.81896DEF35B35D6ACD8ACA98F9D48BFD.e.140","type":"node","value":{"attributes":{"data-nscript":"afterInteractive","id":"ima3-sdk","src":"//imasdk.googleapis.com/js/sdkloader/ima3.js"},"childNodeCount":0,"localName":"script","namespaceURI":"http://www.w3.org/1999/xhtml","nodeType":1,"shadowRoot":null}},{"sharedId":"f.8AA54734AA77FC8FA71C50576EE7DE7A.d.81896DEF35B35D6ACD8ACA98F9D48BFD.e.141","type":"node","value":{"attributes":{"data-nscript":"afterInteractive","src":"https://www.gstatic.com/cv/js/sender/v1/cast_sender.js?loadCastFramework=1"},"childNodeCount":0,"localName":"script","namespaceURI":"http://www.w3.org/1999/xhtml","nodeType":1,"shadowRoot":null}},{"sharedId":"f.8AA54734AA77FC8FA71C50576EE7DE7A.d.81896DEF35B35D6ACD8ACA98F9D48BFD.e.4","type":"node","value":{"attributes":{"style":"position: absolute;"},"childNodeCount":0,"localName":"next-route-announcer","namespaceURI":"http://www.w3.org/1999/xhtml","nodeType":1,"shadowRoot":{"sharedId":"f.8AA54734AA77FC8FA71C50576EE7DE7A.d.81896DEF35B35D6ACD8ACA98F9D48BFD.e.5","type":"node","value":{"childNodeCount":1,"mode":"open","nodeType":11}}}},{"sharedId":"f.8AA54734AA77FC8FA71C50576EE7DE7A.d.81896DEF35B35D6ACD8ACA98F9D48BFD.e.142","type":"node","value":{"attributes":{"name":"googlefcPresent","style":"display: none; width: 0px; height: 0px; border: none; z-index: -1000; left: -1000px; top: -1000px;"},"childNodeCount":0,"localName":"iframe","namespaceURI":"http://www.w3.org/1999/xhtml","nodeType":1,"shadowRoot":null}},{"sharedId":"f.8AA54734AA77FC8FA71C50576EE7DE7A.d.81896DEF35B35D6ACD8ACA98F9D48BFD.e.143","type":"node","value":{"attributes":{"name":"__tcfapiLocator","src":"about:blank","style":"display: none; width: 0px; height: 0px; border: none; z-index: -1000; left: -1000px; top: -1000px;"},"childNodeCount":0,"localName":"iframe","namespaceURI":"http://www.w3.org/1999/xhtml","nodeType":1,"shadowRoot":null}},{"sharedId":"f.8AA54734AA77FC8FA71C50576EE7DE7A.d.81896DEF35B35D6ACD8ACA98F9D48BFD.e.144","type":"node","value":{"attributes":{"name":"googlefcInactive","src":"about:blank","style":"display: none; width: 0px; height: 0px; border: none; z-index: -1000; left: -1000px; top: -1000px;"},"childNodeCount":0,"localName":"iframe","namespaceURI":"http://www.w3.org/1999/xhtml","nodeType":1,"shadowRoot":null}},{"sharedId":"f.8AA54734AA77FC8FA71C50576EE7DE7A.d.81896DEF35B35D6ACD8ACA98F9D48BFD.e.145","type":"node","value":{"attributes":{"name":"googlefcLoaded","src":"about:blank","style":"display: none; width: 0px; height: 0px; border: none; z-index: -1000; left: -1000px; top: -1000px;"},"childNodeCount":0,"localName":"iframe","namespaceURI":"http://www.w3.org/1999/xhtml","nodeType":1,"shadowRoot":null}},{"sharedId":"f.8AA54734AA77FC8FA71C50576EE7DE7A.d.81896DEF35B35D6ACD8ACA98F9D48BFD.e.146","type":"node","value":{"attributes":{"class":"root-layout h-screen"},"childNodeCount":3,"localName":"div","namespaceURI":"http://www.w3.org/1999/xhtml","nodeType":1,"shadowRoot":null}},{"sharedId":"f.8AA54734AA77FC8FA71C50576EE7DE7A.d.81896DEF35B35D6ACD8ACA98F9D48BFD.e.147","type":"node","value":{"attributes":{"class":"top-menu-bar fixed top-[2.8rem] z-50 mx-[2.8rem] flex h-[9.6rem] w-full max-w-[calc(100%-5.6rem)] items-center justify-between rounded-[1.6rem] bg-iw-black-tr p-[2rem]","style":"backdrop-filter: none; transition: background-color 0.3s, backdrop-filter 0.3s;"},"childNodeCount":2,"localName":"nav","namespaceURI":"http://www.w3.org/1999/xhtml","nodeType":1,"shadowRoot":null}},{"sharedId":"f.8AA54734AA77FC8FA71C50576EE7DE7A.d.81896DEF35B35D6ACD8ACA98F9D48BFD.e.21","type":"node","value":{"attributes":{"class":"flex items-center gap-[4.8rem]"},"childNodeCount":2,"localName":"div","namespaceURI":"http://www.w3.org/1999/xhtml","nodeType":1,"shadowRoot":null}},{"sharedId":"f.8AA54734AA77FC8FA71C50576EE7DE7A.d.81896DEF35B35D6ACD8ACA98F9D48BFD.e.148","type":"node","value":{"attributes":{"alt":"iWant Logo","class":"z-[100] h-[5.6rem] w-[5.6rem] cursor-pointer","data-nimg":"1","decoding":"async","height":"56","src":"/iwant_logo.svg","style":"color: transparent;","width":"56"},"childNodeCount":0,"localName":"img","namespaceURI":"http://www.w3.org/1999/xhtml","nodeType":1,"shadowRoot":null}},{"sharedId":"f.8AA54734AA77FC8FA71C50576EE7DE7A.d.81896DEF35B35D6ACD8ACA98F9D48BFD.e.149","type":"node","value":{"attributes":{"class":"flex items-center gap-[4.8rem]"},"childNodeCount":6,"localName":"div","namespaceURI":"http://www.w3.org/1999/xhtml","nodeType":1,"shadowRoot":null}},{"sharedId":"f.8AA54734AA77FC8FA71C50576EE7DE7A.d.81896DEF35B35D6ACD8ACA98F9D48BFD.e.150","type":"node","value":{"attributes":{"class":"flex items-center jusify-center py-[0.8rem] px-[1.6rem] rounded-[2.7rem] border-none cursor-pointer","id":"home","style":"background-color: rgb(255, 255, 255);"},"childNodeCount":1,"localName":"div","namespaceURI":"http://www.w3.org/1999/xhtml","nodeType":1,"shadowRoot":null}},{"sharedId":"f.8AA54734AA77FC8FA71C50576EE7DE7A.d.81896DEF35B35D6ACD8ACA98F9D48BFD.e.151","type":"node","value":{"attributes":{"class":"text-[1.6rem] font-medium leading-[2.4rem]","style":"color: rgb(0, 0, 0);"},"childNodeCount":1,"localName":"p","namespaceURI":"http://www.w3.org/1999/xhtml","nodeType":1,"shadowRoot":null}},{"sharedId":"f.8AA54734AA77FC8FA71C50576EE7DE7A.d.81896DEF35B35D6ACD8ACA98F9D48BFD.e.152","type":"node","value":{"attributes":{"class":"flex items-center jusify-center py-[0.8rem] px-[1.6rem] rounded-[2.7rem] border-none cursor-pointer","id":"movies","style":"background-color: transparent;"},"childNodeCount":1,"localName":"div","namespaceURI":"http://www.w3.org/1999/xhtml","nodeType":1,"shadowRoot":null}},{"sharedId":"f.8AA54734AA77FC8FA71C50576EE7DE7A.d.81896DEF35B35D6ACD8ACA98F9D48BFD.e.153","type":"node","value":{"attributes":{"class":"text-[1.6rem] font-medium leading-[2.4rem]","style":"color: rgb(255, 255, 255);"},"childNodeCount":1,"localName":"p","namespaceURI":"http://www.w3.org/1999/xhtml","nodeType":1,"shadowRoot":null}},{"sharedId":"f.8AA54734AA77FC8FA71C50576EE7DE7A.d.81896DEF35B35D6ACD8ACA98F9D48BFD.e.154","type":"node","value":{"attributes":{"class":"flex items-center jusify-center py-[0.8rem] px-[1.6rem] rounded-[2.7rem] border-none cursor-pointer","id":"shows","style":"background-color: transparent;"},"childNodeCount":1,"localName":"div","namespaceURI":"http://www.w3.org/1999/xhtml","nodeType":1,"shadowRoot":null}},{"sharedId":"f.8AA54734AA77FC8FA71C50576EE7DE7A.d.81896DEF35B35D6ACD8ACA98F9D48BFD.e.155","type":"node","value":{"attributes":{"class":"text-[1.6rem] font-medium leading-[2.4rem]","style":"color: rgb(255, 255, 255);"},"childNodeCount":1,"localName":"p","namespaceURI":"http://www.w3.org/1999/xhtml","nodeType":1,"shadowRoot":null}},{"sharedId":"f.8AA54734AA77FC8FA71C50576EE7DE7A.d.81896DEF35B35D6ACD8ACA98F9D48BFD.e.156","type":"node","value":{"attributes":{"class":"flex items-center jusify-center py-[0.8rem] px-[1.6rem] rounded-[2.7rem] border-none cursor-pointer","id":"my-watchlist","style":"background-color: transparent;"},"childNodeCount":1,"localName":"div","namespaceURI":"http://www.w3.org/1999/xhtml","nodeType":1,"shadowRoot":null}},{"sharedId":"f.8AA54734AA77FC8FA71C50576EE7DE7A.d.81896DEF35B35D6ACD8ACA98F9D48BFD.e.157","type":"node","value":{"attributes":{"class":"text-[1.6rem] font-medium leading-[2.4rem]","style":"color: rgb(255, 255, 255);"},"childNodeCount":1,"localName":"p","namespaceURI":"http://www.w3.org/1999/xhtml","nodeType":1,"shadowRoot":null}},{"sharedId":"f.8AA54734AA77FC8FA71C50576EE7DE7A.d.81896DEF35B35D6ACD8ACA98F9D48BFD.e.158","type":"node","value":{"attributes":{"alt":"separator","class":"h-[4.8rem] w-[0.2rem]","data-nimg":"1","decoding":"async","height":"48","src":"/assets/menu_icons/separator_v.svg","style":"color: transparent;","width":"2"},"childNodeCount":0,"localName":"img","namespaceURI":"http://www.w3.org/1999/xhtml","nodeType":1,"shadowRoot":null}},{"sharedId":"f.8AA54734AA77FC8FA71C50576EE7DE7A.d.81896DEF35B35D6ACD8ACA98F9D48BFD.e.159","type":"node","value":{"attributes":{"class":"flex items-center jusify-center py-[0.8rem] px-[1.6rem] rounded-[2.7rem] border-none cursor-pointer","id":"gma","style":"background-color: transparent;"},"childNodeCount":1,"localName":"div","namespaceURI":"http://www.w3.org/1999/xhtml","nodeType":1,"shadowRoot":null}},{"sharedId":"f.8AA54734AA77FC8FA71C50576EE7DE7A.d.81896DEF35B35D6ACD8ACA98F9D48BFD.e.160","type":"node","value":{"attributes":{"class":"relative h-[6rem] w-[6rem]"},"childNodeCount":1,"localName":"div","namespaceURI":"http://www.w3.org/1999/xhtml","nodeType":1,"shadowRoot":null}},{"sharedId":"f.8AA54734AA77FC8FA71C50576EE7DE7A.d.81896DEF35B35D6ACD8ACA98F9D48BFD.e.161","type":"node","value":{"attributes":{"alt":"","class":"absolute inset-0 object-cover","data-nimg":"fill","decoding":"async","sizes":"100vw","src":"/_next/image?url=https%3A%2F%2Fpql-static.abs-cbn.com%2Fstatic%2Fprod%2Fcommon%2Fimages%2Ficons%2Fmenu_item_gma.png&w=3840&q=75","srcset":"/_next/image?url=https%3A%2F%2Fpql-static.abs-cbn.com%2Fstatic%2Fprod%2Fcommon%2Fimages%2Ficons%2Fmenu_item_gma.png&w=640&q=75 640w, /_next/image?url=https%3A%2F%2Fpql-static.abs-cbn.com%2Fstatic%2Fprod%2Fcommon%2Fimages%2Ficons%2Fmenu_item_gma.png&w=750&q=75 750w, /_next/image?url=https%3A%2F%2Fpql-static.abs-cbn.com%2Fstatic%2Fprod%2Fcommon%2Fimages%2Ficons%2Fmenu_item_gma.png&w=828&q=75 828w, /_next/image?url=https%3A%2F%2Fpql-static.abs-cbn.com%2Fstatic%2Fprod%2Fcommon%2Fimages%2Ficons%2Fmenu_item_gma.png&w=1080&q=75 1080w, /_next/image?url=https%3A%2F%2Fpql-static.abs-cbn.com%2Fstatic%2Fprod%2Fcommon%2Fimages%2Ficons%2Fmenu_item_gma.png&w=1200&q=75 1200w, /_next/image?url=https%3A%2F%2Fpql-static.abs-cbn.com%2Fstatic%2Fprod%2Fcommon%2Fimages%2Ficons%2Fmenu_item_gma.png&w=1920&q=75 1920w, /_next/image?url=https%3A%2F%2Fpql-static.abs-cbn.com%2Fstatic%2Fprod%2Fcommon%2Fimages%2Ficons%2Fmenu_item_gma.png&w=2048&q=75 2048w, /_next/image?url=https%3A%2F%2Fpql-static.abs-cbn.com%2Fstatic%2Fprod%2Fcommon%2Fimages%2Ficons%2Fmenu_item_gma.png&w=3840&q=75 3840w","style":"position: absolute; height: 100%; width: 100%; inset: 0px; color: transparent;"},"childNodeCount":0,"localName":"img","namespaceURI":"http://www.w3.org/1999/xhtml","nodeType":1,"shadowRoot":{"sharedId":"f.8AA54734AA77FC8FA71C50576EE7DE7A.d.81896DEF35B35D6ACD8ACA98F9D48BFD.e.162","type":"node","value":{"childNodeCount":1,"mode":"closed","nodeType":11}}}},{"sharedId":"f.8AA54734AA77FC8FA71C50576EE7DE7A.d.81896DEF35B35D6ACD8ACA98F9D48BFD.e.163","type":"node","value":{"attributes":{"class":"flex items-center gap-[2.4rem]"},"childNodeCount":2,"localName":"div","namespaceURI":"http://www.w3.org/1999/xhtml","nodeType":1,"shadowRoot":null}},{"sharedId":"f.8AA54734AA77FC8FA71C50576EE7DE7A.d.81896DEF35B35D6ACD8ACA98F9D48BFD.e.164","type":"node","value":{"attributes":{"class":"relative flex items-center"},"childNodeCount":1,"localName":"div","namespaceURI":"http://www.w3.org/1999/xhtml","nodeType":1,"shadowRoot":null}},{"sharedId":"f.8AA54734AA77FC8FA71C50576EE7DE7A.d.81896DEF35B35D6ACD8ACA98F9D48BFD.e.165","type":"node","value":{"attributes":{"class":"relative flex items-center transition-all duration-300 ease-in-out w-[4.4rem]"},"childNodeCount":2,"localName":"div","namespaceURI":"http://www.w3.org/1999/xhtml","nodeType":1,"shadowRoot":null}},{"sharedId":"f.8AA54734AA77FC8FA71C50576EE7DE7A.d.81896DEF35B35D6ACD8ACA98F9D48BFD.e.166","type":"node","value":{"attributes":{"class":"absolute top-1/2 z-10 -translate-y-1/2 cursor-pointer bg-transparent transition-all duration-300 ease-in-out left-1/2 -translate-x-1/2 rounded-[50%] p-[1rem] hover:bg-white/20"},"childNodeCount":1,"localName":"div","namespaceURI":"http://www.w3.org/1999/xhtml","nodeType":1,"shadowRoot":null}},{"sharedId":"f.8AA54734AA77FC8FA71C50576EE7DE7A.d.81896DEF35B35D6ACD8ACA98F9D48BFD.e.167","type":"node","value":{"attributes":{"alt":"search-icon","class":"h-[2.4rem] min-h-[2.4rem] w-[2.4rem] min-w-[2.4rem] object-contain","data-nimg":"1","decoding":"async","height":"24","src":"/assets/menu_icons/search.svg","style":"color: transparent;","width":"24"},"childNodeCount":0,"localName":"img","namespaceURI":"http://www.w3.org/1999/xhtml","nodeType":1,"shadowRoot":null}},{"sharedId":"f.8AA54734AA77FC8FA71C50576EE7DE7A.d.81896DEF35B35D6ACD8ACA98F9D48BFD.e.168","type":"node","value":{"attributes":{"class":"bg-[rgba(26, 26, 26, 0.6)] flex items-center overflow-hidden transition-all duration-300 ease-in-out w-0"},"childNodeCount":1,"localName":"div","namespaceURI":"http://www.w3.org/1999/xhtml","nodeType":1,"shadowRoot":null}},{"sharedId":"f.8AA54734AA77FC8FA71C50576EE7DE7A.d.81896DEF35B35D6ACD8ACA98F9D48BFD.e.169","type":"node","value":{"attributes":{"class":"relative w-full"},"childNodeCount":1,"localName":"div","namespaceURI":"http://www.w3.org/1999/xhtml","nodeType":1,"shadowRoot":null}},{"sharedId":"f.8AA54734AA77FC8FA71C50576EE7DE7A.d.81896DEF35B35D6ACD8ACA98F9D48BFD.e.10","type":"node","value":{"attributes":{"class":"border-[rgba(199, 202, 204, 0.56)] h-[4.4rem] w-full rounded-[4rem] border-[0.2rem] bg-transparent py-[1rem] pl-[4.8rem] pr-[4.8rem] text-[1.6rem] text-white outline-none","placeholder":"Search by title, actor, genre...","type":"text","value":""},"childNodeCount":0,"localName":"input","namespaceURI":"http://www.w3.org/1999/xhtml","nodeType":1,"shadowRoot":{"sharedId":"f.8AA54734AA77FC8FA71C50576EE7DE7A.d.81896DEF35B35D6ACD8ACA98F9D48BFD.e.170","type":"node","value":{"childNodeCount":2,"mode":"closed","nodeType":11}}}},{"sharedId":"f.8AA54734AA77FC8FA71C50576EE7DE7A.d.81896DEF35B35D6ACD8ACA98F9D48BFD.e.171","type":"node","value":{"attributes":{"class":"relative flex cursor-pointer gap-[0.8rem] rounded-[2.7rem] bg-transparent p-[1rem] transition-colors duration-200 hover:bg-white/20"},"childNodeCount":2,"localName":"div","namespaceURI":"http://www.w3.org/1999/xhtml","nodeType":1,"shadowRoot":null}},{"sharedId":"f.8AA54734AA77FC8FA71C50576EE7DE7A.d.81896DEF35B35D6ACD8ACA98F9D48BFD.e.172","type":"node","value":{"attributes":{"class":"flex items-center gap-[0.8rem]"},"childNodeCount":2,"localName":"div","namespaceURI":"http://www.w3.org/1999/xhtml","nodeType":1,"shadowRoot":null}},{"sharedId":"f.8AA54734AA77FC8FA71C50576EE7DE7A.d.81896DEF35B35D6ACD8ACA98F9D48BFD.e.23","type":"node","value":{"attributes":{"alt":"account","class":"h-[4rem] w-[4rem] object-contain","data-nimg":"1","decoding":"async","height":"40","loading":"lazy","src":"/assets/menu_icons/user.svg","style":"color: transparent;","width":"40"},"childNodeCount":0,"localName":"img","namespaceURI":"http://www.w3.org/1999/xhtml","nodeType":1,"shadowRoot":null}},{"sharedId":"f.8AA54734AA77FC8FA71C50576EE7DE7A.d.81896DEF35B35D6ACD8ACA98F9D48BFD.e.173","type":"node","value":{"attributes":{"alt":"account-arrow","class":"h-[2.4rem] w-[2.4rem] object-contain","data-nimg":"1","decoding":"async","height":"24","loading":"lazy","src":"/assets/menu_icons/arrow-down.svg","style":"color: transparent;","width":"24"},"childNodeCount":0,"localName":"img","namespaceURI":"http://www.w3.org/1999/xhtml","nodeType":1,"shadowRoot":null}},{"sharedId":"f.8AA54734AA77FC8FA71C50576EE7DE7A.d.81896DEF35B35D6ACD8ACA98F9D48BFD.e.174","type":"node","value":{"attributes":{"class":"absolute right-[0] top-[4.5rem] flex w-[35rem] flex-col gap-[1.2rem] overflow-hidden rounded-[1.2rem] p-[2.4rem]","style":"background-color: rgb(26, 26, 26);"},"childNodeCount":4,"localName":"div","namespaceURI":"http://www.w3.org/1999/xhtml","nodeType":1,"shadowRoot":null}},{"sharedId":"f.8AA54734AA77FC8FA71C50576EE7DE7A.d.81896DEF35B35D6ACD8ACA98F9D48BFD.e.175","type":"node","value":{"attributes":{"class":"flex cursor-pointer items-center gap-[0.8rem] text-[1.6rem] p-[1.2rem] hover:bg-gray-700 rounded-[0.8rem]"},"childNodeCount":1,"localName":"div","namespaceURI":"http://www.w3.org/1999/xhtml","nodeType":1,"shadowRoot":null}},{"sharedId":"f.8AA54734AA77FC8FA71C50576EE7DE7A.d.81896DEF35B35D6ACD8ACA98F9D48BFD.e.176","type":"node","value":{"attributes":{"class":"w-full rounded-[0.8rem] bg-iw-white p-[1.2rem] text-iw-black"},"childNodeCount":2,"localName":"p","namespaceURI":"http://www.w3.org/1999/xhtml","nodeType":1,"shadowRoot":null}},{"sharedId":"f.8AA54734AA77FC8FA71C50576EE7DE7A.d.81896DEF35B35D6ACD8ACA98F9D48BFD.e.177","type":"node","value":{"attributes":{"class":"font-semibold"},"childNodeCount":1,"localName":"span","namespaceURI":"http://www.w3.org/1999/xhtml","nodeType":1,"shadowRoot":null}},{"sharedId":"f.8AA54734AA77FC8FA71C50576EE7DE7A.d.81896DEF35B35D6ACD8ACA98F9D48BFD.e.178","type":"node","value":{"attributes":{"class":"flex cursor-pointer items-center gap-[0.8rem] text-[1.6rem] p-[1.2rem] hover:bg-gray-700 rounded-[0.8rem]"},"childNodeCount":2,"localName":"div","namespaceURI":"http://www.w3.org/1999/xhtml","nodeType":1,"shadowRoot":null}},{"sharedId":"f.8AA54734AA77FC8FA71C50576EE7DE7A.d.81896DEF35B35D6ACD8ACA98F9D48BFD.e.179","type":"node","value":{"attributes":{"alt":"Activate TV","class":"w-[2.8 rem] h-[2.8rem] object-contain","data-nimg":"1","decoding":"async","height":"24","src":"/assets/menu_icons/tv.svg","style":"color: transparent;","width":"24"},"childNodeCount":0,"localName":"img","namespaceURI":"http://www.w3.org/1999/xhtml","nodeType":1,"shadowRoot":null}},{"sharedId":"f.8AA54734AA77FC8FA71C50576EE7DE7A.d.81896DEF35B35D6ACD8ACA98F9D48BFD.e.180","type":"node","value":{"attributes":{},"childNodeCount":1,"localName":"p","namespaceURI":"http://www.w3.org/1999/xhtml","nodeType":1,"shadowRoot":null}},{"sharedId":"f.8AA54734AA77FC8FA71C50576EE7DE7A.d.81896DEF35B35D6ACD8ACA98F9D48BFD.e.181","type":"node","value":{"attributes":{"class":"flex cursor-pointer items-center gap-[0.8rem] text-[1.6rem] p-[1.2rem] hover:bg-gray-700 rounded-[0.8rem]"},"childNodeCount":2,"localName":"div","namespaceURI":"http://www.w3.org/1999/xhtml","nodeType":1,"shadowRoot":null}},{"sharedId":"f.8AA54734AA77FC8FA71C50576EE7DE7A.d.81896DEF35B35D6ACD8ACA98F9D48BFD.e.182","type":"node","value":{"attributes":{"alt":"Help & FAQs","class":"w-[2.8 rem] h-[2.8rem] object-contain","data-nimg":"1","decoding":"async","height":"24","src":"/assets/menu_icons/help.svg","style":"color: transparent;","width":"24"},"childNodeCount":0,"localName":"img","namespaceURI":"http://www.w3.org/1999/xhtml","nodeType":1,"shadowRoot":null}},{"sharedId":"f.8AA54734AA77FC8FA71C50576EE7DE7A.d.81896DEF35B35D6ACD8ACA98F9D48BFD.e.183","type":"node","value":{"attributes":{},"childNodeCount":1,"localName":"p","namespaceURI":"http://www.w3.org/1999/xhtml","nodeType":1,"shadowRoot":null}},{"sharedId":"f.8AA54734AA77FC8FA71C50576EE7DE7A.d.81896DEF35B35D6ACD8ACA98F9D48BFD.e.184","type":"node","value":{"attributes":{"class":"flex cursor-pointer items-center gap-[0.8rem] text-[1.6rem] p-[1.2rem] hover:bg-gray-700 rounded-[0.8rem]"},"childNodeCount":2,"localName":"div","namespaceURI":"http://www.w3.org/1999/xhtml","nodeType":1,"shadowRoot":null}},{"sharedId":"f.8AA54734AA77FC8FA71C50576EE7DE7A.d.81896DEF35B35D6ACD8ACA98F9D48BFD.e.185","type":"node","value":{"attributes":{"alt":"Sign In","class":"w-[2.8 rem] h-[2.8rem] object-contain","data-nimg":"1","decoding":"async","height":"24","src":"/assets/menu_icons/sign-out.svg","style":"color: transparent;","width":"24"},"childNodeCount":0,"localName":"img","namespaceURI":"http://www.w3.org/1999/xhtml","nodeType":1,"shadowRoot":null}},{"sharedId":"f.8AA54734AA77FC8FA71C50576EE7DE7A.d.81896DEF35B35D6ACD8ACA98F9D48BFD.e.186","type":"node","value":{"attributes":{},"childNodeCount":1,"localName":"p","namespaceURI":"http://www.w3.org/1999/xhtml","nodeType":1,"shadowRoot":null}},{"sharedId":"f.8AA54734AA77FC8FA71C50576EE7DE7A.d.81896DEF35B35D6ACD8ACA98F9D48BFD.e.187","type":"node","value":{"attributes":{"class":"main-content"},"childNodeCount":1,"localName":"main","namespaceURI":"http://www.w3.org/1999/xhtml","nodeType":1,"shadowRoot":null}},{"sharedId":"f.8AA54734AA77FC8FA71C50576EE7DE7A.d.81896DEF35B35D6ACD8ACA98F9D48BFD.e.188","type":"node","value":{"attributes":{"class":"content-page bg-iw-black text-iw-white"},"childNodeCount":1,"localName":"div","namespaceURI":"http://www.w3.org/1999/xhtml","nodeType":1,"shadowRoot":null}},{"sharedId":"f.8AA54734AA77FC8FA71C50576EE7DE7A.d.81896DEF35B35D6ACD8ACA98F9D48BFD.e.189","type":"node","value":{"attributes":{"class":"ml-[6rem]"},"childNodeCount":2,"localName":"div","namespaceURI":"http://www.w3.org/1999/xhtml","nodeType":1,"shadowRoot":null}},{"sharedId":"f.8AA54734AA77FC8FA71C50576EE7DE7A.d.81896DEF35B35D6ACD8ACA98F9D48BFD.e.190","type":"node","value":{"attributes":{"class":"content-list"},"childNodeCount":18,"localName":"div","namespaceURI":"http://www.w3.org/1999/xhtml","nodeType":1,"shadowRoot":null}},{"sharedId":"f.8AA54734AA77FC8FA71C50576EE7DE7A.d.81896DEF35B35D6ACD8ACA98F9D48BFD.e.191","type":"node","value":{"attributes":{"class":"carousel-rail relative h-[108rem] w-[99%]"},"childNodeCount":2,"localName":"div","namespaceURI":"http://www.w3.org/1999/xhtml","nodeType":1,"shadowRoot":null}},{"sharedId":"f.8AA54734AA77FC8FA71C50576EE7DE7A.d.81896DEF35B35D6ACD8ACA98F9D48BFD.e.192","type":"node","value":{"attributes":{"class":"banner relative ml-[-6rem] h-[108rem] w-screen bg-cover bg-center bg-no-repeat"},"childNodeCount":3,"localName":"div","namespaceURI":"http://www.w3.org/1999/xhtml","nodeType":1,"shadowRoot":null}},{"sharedId":"f.8AA54734AA77FC8FA71C50576EE7DE7A.d.81896DEF35B35D6ACD8ACA98F9D48BFD.e.193","type":"node","value":{"attributes":{"alt":"Immunomax","class":"absolute inset-0 h-full w-full object-cover object-center","src":"https://pql-static.abs-cbn.com/images/master/Immunomax_Ad_Hero_Background_TV_jpg_20250910073110.jpg?im_policy=landscapeHero_tv_fhd"},"childNodeCount":0,"localName":"img","namespaceURI":"http://www.w3.org/1999/xhtml","nodeType":1,"shadowRoot":null}},{"sharedId":"f.8AA54734AA77FC8FA71C50576EE7DE7A.d.81896DEF35B35D6ACD8ACA98F9D48BFD.e.194","type":"node","value":{"attributes":{"class":"absolute bottom-[5rem] left-[6rem] w-[80rem]"},"childNodeCount":1,"localName":"div","namespaceURI":"http://www.w3.org/1999/xhtml","nodeType":1,"shadowRoot":null}},{"sharedId":"f.8AA54734AA77FC8FA71C50576EE7DE7A.d.81896DEF35B35D6ACD8ACA98F9D48BFD.e.195","type":"node","value":{"attributes":{"class":"default-banner absolute bottom-0 z-10 flex w-full max-w-[80rem] flex-col gap-[1.6rem]"},"childNodeCount":3,"localName":"div","namespaceURI":"http://www.w3.org/1999/xhtml","nodeType":1,"shadowRoot":null}},{"sharedId":"f.8AA54734AA77FC8FA71C50576EE7DE7A.d.81896DEF35B35D6ACD8ACA98F9D48BFD.e.196","type":"node","value":{"attributes":{"class":"transition-transform duration-300 ease-in-out","style":"transform: translateY(0px);"},"childNodeCount":1,"localName":"div","namespaceURI":"http://www.w3.org/1999/xhtml","nodeType":1,"shadowRoot":null}},{"sharedId":"f.8AA54734AA77FC8FA71C50576EE7DE7A.d.81896DEF35B35D6ACD8ACA98F9D48BFD.e.197","type":"node","value":{"attributes":{"class":"relative w-auto","style":"height: 21.8rem; width: 80rem;"},"childNodeCount":2,"localName":"div","namespaceURI":"http://www.w3.org/1999/xhtml","nodeType":1,"shadowRoot":null}},{"sharedId":"f.8AA54734AA77FC8FA71C50576EE7DE7A.d.81896DEF35B35D6ACD8ACA98F9D48BFD.e.198","type":"node","value":{"attributes":{"class":"absolute inset-0 z-0 hidden"},"childNodeCount":1,"localName":"div","namespaceURI":"http://www.w3.org/1999/xhtml","nodeType":1,"shadowRoot":null}},{"sharedId":"f.8AA54734AA77FC8FA71C50576EE7DE7A.d.81896DEF35B35D6ACD8ACA98F9D48BFD.e.199","type":"node","value":{"attributes":{"class":"overflow-hidden break-words font-semibold text-[rgba(255,240,15,1)] text-[9rem]"},"childNodeCount":1,"localName":"p","namespaceURI":"http://www.w3.org/1999/xhtml","nodeType":1,"shadowRoot":null}},{"sharedId":"f.8AA54734AA77FC8FA71C50576EE7DE7A.d.81896DEF35B35D6ACD8ACA98F9D48BFD.e.200","type":"node","value":{"attributes":{"alt":"Immunomax","class":"title z-10 h-auto max-h-full w-auto max-w-full bg-cover bg-no-repeat object-contain","src":"https://pql-static.abs-cbn.com/images/master/Immunomax_Landing_Page_QR_Code_png_20250910073504.png?im_policy=title_tv_fhd"},"childNodeCount":0,"localName":"img","namespaceURI":"http://www.w3.org/1999/xhtml","nodeType":1,"shadowRoot":null}},{"sharedId":"f.8AA54734AA77FC8FA71C50576EE7DE7A.d.81896DEF35B35D6ACD8ACA98F9D48BFD.e.201","type":"node","value":{"attributes":{"class":"transition-transform duration-300 ease-in-out","style":"transform: translateY(0px);"},"childNodeCount":1,"localName":"div","namespaceURI":"http://www.w3.org/1999/xhtml","nodeType":1,"shadowRoot":null}},{"sharedId":"f.8AA54734AA77FC8FA71C50576EE7DE7A.d.81896DEF35B35D6ACD8ACA98F9D48BFD.e.202","type":"node","value":{"attributes":{"class":"metadata relative flex items-center gap-[1rem] leading-[150%]","style":"font-size: 2rem;"},"childNodeCount":1,"localName":"div","namespaceURI":"http://www.w3.org/1999/xhtml","nodeType":1,"shadowRoot":null}},{"sharedId":"f.8AA54734AA77FC8FA71C50576EE7DE7A.d.81896DEF35B35D6ACD8ACA98F9D48BFD.e.203","type":"node","value":{"attributes":{"class":"relative flex items-center justify-between gap-[1rem]"},"childNodeCount":1,"localName":"div","namespaceURI":"http://www.w3.org/1999/xhtml","nodeType":1,"shadowRoot":null}},{"sharedId":"f.8AA54734AA77FC8FA71C50576EE7DE7A.d.81896DEF35B35D6ACD8ACA98F9D48BFD.e.204","type":"node","value":{"attributes":{"class":"w-[auto]"},"childNodeCount":0,"localName":"p","namespaceURI":"http://www.w3.org/1999/xhtml","nodeType":1,"shadowRoot":null}},{"sharedId":"f.8AA54734AA77FC8FA71C50576EE7DE7A.d.81896DEF35B35D6ACD8ACA98F9D48BFD.e.205","type":"node","value":{"attributes":{"class":"desc overflow-hidden font-medium leading-[150%] transition-all duration-300 ease-in-out","style":"font-size: 2.4rem; max-height: 20rem; opacity: 1; transform: translateY(0px);"},"childNodeCount":1,"localName":"div","namespaceURI":"http://www.w3.org/1999/xhtml","nodeType":1,"shadowRoot":null}},{"sharedId":"f.8AA54734AA77FC8FA71C50576EE7DE7A.d.81896DEF35B35D6ACD8ACA98F9D48BFD.e.27","type":"node","value":{"attributes":{"alt":"Ad Overlay","class":"ad-overlay absolute left-0 top-0 h-[109rem] min-h-full w-full","src":"https://pql-static.abs-cbn.com/static/uat/common/images/hero_ad_overlay.png?im_policy=landscapeHero_tv_fhd","style":"z-index: 8;"},"childNodeCount":0,"localName":"img","namespaceURI":"http://www.w3.org/1999/xhtml","nodeType":1,"shadowRoot":null}},{"sharedId":"f.8AA54734AA77FC8FA71C50576EE7DE7A.d.81896DEF35B35D6ACD8ACA98F9D48BFD.e.206","type":"node","value":{"attributes":{"class":"scrollbar-hidden absolute bottom-[5rem] left-0 right-0 z-10 ml-[96rem] flex gap-[1.8rem] overflow-x-auto whitespace-nowrap","tabindex":"0"},"childNodeCount":14,"localName":"div","namespaceURI":"http://www.w3.org/1999/xhtml","nodeType":1,"shadowRoot":null}},{"sharedId":"f.8AA54734AA77FC8FA71C50576EE7DE7A.d.81896DEF35B35D6ACD8ACA98F9D48BFD.e.207","type":"node","value":{"attributes":{"class":"thumbnail relative cursor-pointer outline-none","style":"opacity: 1; border: 0.2rem solid white; border-radius: 0.6rem;"},"childNodeCount":1,"localName":"div","namespaceURI":"http://www.w3.org/1999/xhtml","nodeType":1,"shadowRoot":null}},{"sharedId":"f.8AA54734AA77FC8FA71C50576EE7DE7A.d.81896DEF35B35D6ACD8ACA98F9D48BFD.e.208","type":"node","value":{"attributes":{"class":"relative","style":"height: 23.7rem; min-width: 15.8rem; border-radius: 0.4rem; box-shadow: transparent 0px 0px 0px 0.3rem; transform: scale(1); transition: box-shadow 0.2s, transform 0.2s ease-in;"},"childNodeCount":1,"localName":"div","namespaceURI":"http://www.w3.org/1999/xhtml","nodeType":1,"shadowRoot":null}},{"sharedId":"f.8AA54734AA77FC8FA71C50576EE7DE7A.d.81896DEF35B35D6ACD8ACA98F9D48BFD.e.209","type":"node","value":{"attributes":{"class":"relative overflow-hidden","style":"width: 15.8rem; height: 100%; transition: width 0.3s;"},"childNodeCount":2,"localName":"div","namespaceURI":"http://www.w3.org/1999/xhtml","nodeType":1,"shadowRoot":null}},{"sharedId":"f.8AA54734AA77FC8FA71C50576EE7DE7A.d.81896DEF35B35D6ACD8ACA98F9D48BFD.e.210","type":"node","value":{"attributes":{"class":"absolute inset-0 z-0 h-full hidden"},"childNodeCount":1,"localName":"div","namespaceURI":"http://www.w3.org/1999/xhtml","nodeType":1,"shadowRoot":null}},{"sharedId":"f.8AA54734AA77FC8FA71C50576EE7DE7A.d.81896DEF35B35D6ACD8ACA98F9D48BFD.e.211","type":"node","value":{"attributes":{"class":"absolute inset-0 flex h-full items-center justify-center overflow-hidden text-ellipsis break-words p-[0.5rem] text-center","style":"width: 15.8rem; background-color: rgb(66, 66, 66); border-radius: 0.4rem;"},"childNodeCount":1,"localName":"div","namespaceURI":"http://www.w3.org/1999/xhtml","nodeType":1,"shadowRoot":null}},{"sharedId":"f.8AA54734AA77FC8FA71C50576EE7DE7A.d.81896DEF35B35D6ACD8ACA98F9D48BFD.e.212","type":"node","value":{"attributes":{"class":"max-w-full whitespace-normal break-words text-[2.4rem] font-semibold"},"childNodeCount":1,"localName":"p","namespaceURI":"http://www.w3.org/1999/xhtml","nodeType":1,"shadowRoot":null}},{"sharedId":"f.8AA54734AA77FC8FA71C50576EE7DE7A.d.81896DEF35B35D6ACD8ACA98F9D48BFD.e.213","type":"node","value":{"attributes":{"alt":"Immunomax","class":"absolute inset-0 z-10 h-full w-full","src":"https://pql-static.abs-cbn.com/images/master/Immunomax_Ad_Portrait_Thumbnail_jpg_20250910073310.jpg?im_policy=portraitThumb_tv_fhd","style":"object-fit: cover; border-radius: 0.4rem;"},"childNodeCount":0,"localName":"img","namespaceURI":"http://www.w3.org/1999/xhtml","nodeType":1,"shadowRoot":null}},{"sharedId":"f.8AA54734AA77FC8FA71C50576EE7DE7A.d.81896DEF35B35D6ACD8ACA98F9D48BFD.e.214","type":"node","value":{"attributes":{"class":"thumbnail relative cursor-pointer outline-none","style":"opacity: 0.5; border: 0.2rem solid transparent; border-radius: 0.6rem;"},"childNodeCount":1,"localName":"div","namespaceURI":"http://www.w3.org/1999/xhtml","nodeType":1,"shadowRoot":null}},{"sharedId":"f.8AA54734AA77FC8FA71C50576EE7DE7A.d.81896DEF35B35D6ACD8ACA98F9D48BFD.e.215","type":"node","value":{"attributes":{"class":"relative","style":"height: 23.7rem; min-width: 15.8rem; border-radius: 0.4rem; box-shadow: transparent 0px 0px 0px 0.3rem; transform: scale(1); transition: box-shadow 0.2s, transform 0.2s ease-in;"},"childNodeCount":1,"localName":"div","namespaceURI":"http://www.w3.org/1999/xhtml","nodeType":1,"shadowRoot":null}},{"sharedId":"f.8AA54734AA77FC8FA71C50576EE7DE7A.d.81896DEF35B35D6ACD8ACA98F9D48BFD.e.216","type":"node","value":{"attributes":{"class":"relative overflow-hidden","style":"width: 15.8rem; height: 100%; transition: width 0.3s;"},"childNodeCount":2,"localName":"div","namespaceURI":"http://www.w3.org/1999/xhtml","nodeType":1,"shadowRoot":null}},{"sharedId":"f.8AA54734AA77FC8FA71C50576EE7DE7A.d.81896DEF35B35D6ACD8ACA98F9D48BFD.e.217","type":"node","value":{"attributes":{"class":"absolute inset-0 z-0 h-full hidden"},"childNodeCount":1,"localName":"div","namespaceURI":"http://www.w3.org/1999/xhtml","nodeType":1,"shadowRoot":null}},{"sharedId":"f.8AA54734AA77FC8FA71C50576EE7DE7A.d.81896DEF35B35D6ACD8ACA98F9D48BFD.e.218","type":"node","value":{"attributes":{"class":"absolute inset-0 flex h-full items-center justify-center overflow-hidden text-ellipsis break-words p-[0.5rem] text-center","style":"width: 15.8rem; background-color: rgb(66, 66, 66); border-radius: 0.4rem;"},"childNodeCount":1,"localName":"div","namespaceURI":"http://www.w3.org/1999/xhtml","nodeType":1,"shadowRoot":null}},{"sharedId":"f.8AA54734AA77FC8FA71C50576EE7DE7A.d.81896DEF35B35D6ACD8ACA98F9D48BFD.e.219","type":"node","value":{"attributes":{"class":"max-w-full whitespace-normal break-words text-[2.4rem] font-semibold"},"childNodeCount":1,"localName":"p","namespaceURI":"http://www.w3.org/1999/xhtml","nodeType":1,"shadowRoot":null}},{"sharedId":"f.8AA54734AA77FC8FA71C50576EE7DE7A.d.81896DEF35B35D6ACD8ACA98F9D48BFD.e.220","type":"node","value":{"attributes":{"alt":"Care that comes from the Heart","class":"absolute inset-0 z-10 h-full w-full","src":"https://pql-static.abs-cbn.com/images/master/PAL_Portrait_Thumbnail_jpg_20260209081701.jpg?im_policy=portraitThumb_tv_fhd","style":"object-fit: cover; border-radius: 0.4rem;"},"childNodeCount":0,"localName":"img","namespaceURI":"http://www.w3.org/1999/xhtml","nodeType":1,"shadowRoot":null}},{"sharedId":"f.8AA54734AA77FC8FA71C50576EE7DE7A.d.81896DEF35B35D6ACD8ACA98F9D48BFD.e.221","type":"node","value":{"attributes":{"class":"thumbnail relative cursor-pointer outline-none","style":"opacity: 0.5; border: 0.2rem solid transparent; border-radius: 0.6rem;"},"childNodeCount":1,"localName":"div","namespaceURI":"http://www.w3.org/1999/xhtml","nodeType":1,"shadowRoot":null}},{"sharedId":"f.8AA54734AA77FC8FA71C50576EE7DE7A.d.81896DEF35B35D6ACD8ACA98F9D48BFD.e.222","type":"node","value":{"attributes":{"class":"relative","style":"height: 23.7rem; min-width: 15.8rem; border-radius: 0.4rem; box-shadow: transparent 0px 0px 0px 0.3rem; transform: scale(1); transition: box-shadow 0.2s, transform 0.2s ease-in;"},"childNodeCount":2,"localName":"div","namespaceURI":"http://www.w3.org/1999/xhtml","nodeType":1,"shadowRoot":null}},{"sharedId":"f.8AA54734AA77FC8FA71C50576EE7DE7A.d.81896DEF35B35D6ACD8ACA98F9D48BFD.e.223","type":"node","value":{"attributes":{"class":"relative overflow-hidden","style":"width: 15.8rem; height: 100%; transition: width 0.3s;"},"childNodeCount":2,"localName":"div","namespaceURI":"http://www.w3.org/1999/xhtml","nodeType":1,"shadowRoot":null}},{"sharedId":"f.8AA54734AA77FC8FA71C50576EE7DE7A.d.81896DEF35B35D6ACD8ACA98F9D48BFD.e.224","type":"node","value":{"attributes":{"class":"absolute inset-0 z-0 h-full hidden"},"childNodeCount":1,"localName":"div","namespaceURI":"http://www.w3.org/1999/xhtml","nodeType":1,"shadowRoot":null}},{"sharedId":"f.8AA54734AA77FC8FA71C50576EE7DE7A.d.81896DEF35B35D6ACD8ACA98F9D48BFD.e.225","type":"node","value":{"attributes":{"class":"absolute inset-0 flex h-full items-center justify-center overflow-hidden text-ellipsis break-words p-[0.5rem] text-center","style":"width: 15.8rem; background-color: rgb(66, 66, 66); border-radius: 0.4rem;"},"childNodeCount":1,"localName":"div","namespaceURI":"http://www.w3.org/1999/xhtml","nodeType":1,"shadowRoot":null}},{"sharedId":"f.8AA54734AA77FC8FA71C50576EE7DE7A.d.81896DEF35B35D6ACD8ACA98F9D48BFD.e.226","type":"node","value":{"attributes":{"class":"max-w-full whitespace-normal break-words text-[2.4rem] font-semibold"},"childNodeCount":1,"localName":"p","namespaceURI":"http://www.w3.org/1999/xhtml","nodeType":1,"shadowRoot":null}},{"sharedId":"f.8AA54734AA77FC8FA71C50576EE7DE7A.d.81896DEF35B35D6ACD8ACA98F9D48BFD.e.227","type":"node","value":{"attributes":{"alt":"Lubog sa Katiwalian: An ABS-CBN News Special on Philippine Flood Control Projects","class":"absolute inset-0 z-10 h-full w-full","src":"https://pql-static.abs-cbn.com/images/lubogsakatiwalian.thumb-portrait.JPG?im_policy=portraitThumb_tv_fhd","style":"object-fit: cover; border-radius: 0.4rem;"},"childNodeCount":0,"localName":"img","namespaceURI":"http://www.w3.org/1999/xhtml","nodeType":1,"shadowRoot":null}},{"sharedId":"f.8AA54734AA77FC8FA71C50576EE7DE7A.d.81896DEF35B35D6ACD8ACA98F9D48BFD.e.228","type":"node","value":{"attributes":{"class":"absolute left-0 top-0 z-10"},"childNodeCount":1,"localName":"div","namespaceURI":"http://www.w3.org/1999/xhtml","nodeType":1,"shadowRoot":null}},{"sharedId":"f.8AA54734AA77FC8FA71C50576EE7DE7A.d.81896DEF35B35D6ACD8ACA98F9D48BFD.e.229","type":"node","value":{"attributes":{"alt":"https://pql-static.iwanttfc.com/static/uat/common/images/monetisation/free.png","class":"h-[3.2rem] w-auto object-contain","src":"https://pql-static.iwanttfc.com/static/uat/common/images/monetisation/free.png"},"childNodeCount":0,"localName":"img","namespaceURI":"http://www.w3.org/1999/xhtml","nodeType":1,"shadowRoot":null}},{"sharedId":"f.8AA54734AA77FC8FA71C50576EE7DE7A.d.81896DEF35B35D6ACD8ACA98F9D48BFD.e.230","type":"node","value":{"attributes":{"class":"thumbnail relative cursor-pointer outline-none","style":"opacity: 0.5; border: 0.2rem solid transparent; border-radius: 0.6rem;"},"childNodeCount":1,"localName":"div","namespaceURI":"http://www.w3.org/1999/xhtml","nodeType":1,"shadowRoot":null}},{"sharedId":"f.8AA54734AA77FC8FA71C50576EE7DE7A.d.81896DEF35B35D6ACD8ACA98F9D48BFD.e.231","type":"node","value":{"attributes":{"class":"relative","style":"height: 23.7rem; min-width: 15.8rem; border-radius: 0.4rem; box-shadow: transparent 0px 0px 0px 0.3rem; transform: scale(1); transition: box-shadow 0.2s, transform 0.2s ease-in;"},"childNodeCount":1,"localName":"div","namespaceURI":"http://www.w3.org/1999/xhtml","nodeType":1,"shadowRoot":null}},{"sharedId":"f.8AA54734AA77FC8FA71C50576EE7DE7A.d.81896DEF35B35D6ACD8ACA98F9D48BFD.e.232","type":"node","value":{"attributes":{"class":"relative overflow-hidden","style":"width: 15.8rem; height: 100%; transition: width 0.3s;"},"childNodeCount":2,"localName":"div","namespaceURI":"http://www.w3.org/1999/xhtml","nodeType":1,"shadowRoot":null}},{"sharedId":"f.8AA54734AA77FC8FA71C50576EE7DE7A.d.81896DEF35B35D6ACD8ACA98F9D48BFD.e.233","type":"node","value":{"attributes":{"class":"absolute inset-0 z-0 h-full hidden"},"childNodeCount":1,"localName":"div","namespaceURI":"http://www.w3.org/1999/xhtml","nodeType":1,"shadowRoot":null}},{"sharedId":"f.8AA54734AA77FC8FA71C50576EE7DE7A.d.81896DEF35B35D6ACD8ACA98F9D48BFD.e.234","type":"node","value":{"attributes":{"class":"absolute inset-0 flex h-full items-center justify-center overflow-hidden text-ellipsis break-words p-[0.5rem] text-center","style":"width: 15.8rem; background-color: rgb(66, 66, 66); border-radius: 0.4rem;"},"childNodeCount":1,"localName":"div","namespaceURI":"http://www.w3.org/1999/xhtml","nodeType":1,"shadowRoot":null}},{"sharedId":"f.8AA54734AA77FC8FA71C50576EE7DE7A.d.81896DEF35B35D6ACD8ACA98F9D48BFD.e.235","type":"node","value":{"attributes":{"class":"max-w-full whitespace-normal break-words text-[2.4rem] font-semibold"},"childNodeCount":1,"localName":"p","namespaceURI":"http://www.w3.org/1999/xhtml","nodeType":1,"shadowRoot":null}},{"sharedId":"f.8AA54734AA77FC8FA71C50576EE7DE7A.d.81896DEF35B35D6ACD8ACA98F9D48BFD.e.236","type":"node","value":{"attributes":{"alt":"Cherifer Grocery Lakes + Soccer Lakes","class":"absolute inset-0 z-10 h-full w-full","src":"https://pql-static.abs-cbn.com/images/master/Cherifer-Ad-Portrait-Thumbnail-1-Aug_27_20250826095559.jpg?im_policy=portraitThumb_tv_fhd","style":"object-fit: cover; border-radius: 0.4rem;"},"childNodeCount":0,"localName":"img","namespaceURI":"http://www.w3.org/1999/xhtml","nodeType":1,"shadowRoot":null}},{"sharedId":"f.8AA54734AA77FC8FA71C50576EE7DE7A.d.81896DEF35B35D6ACD8ACA98F9D48BFD.e.237","type":"node","value":{"attributes":{"class":"thumbnail relative cursor-pointer outline-none","style":"opacity: 0.5; border: 0.2rem solid transparent; border-radius: 0.6rem;"},"childNodeCount":1,"localName":"div","namespaceURI":"http://www.w3.org/1999/xhtml","nodeType":1,"shadowRoot":null}},{"sharedId":"f.8AA54734AA77FC8FA71C50576EE7DE7A.d.81896DEF35B35D6ACD8ACA98F9D48BFD.e.238","type":"node","value":{"attributes":{"class":"relative","style":"height: 23.7rem; min-width: 15.8rem; border-radius: 0.4rem; box-shadow: transparent 0px 0px 0px 0.3rem; transform: scale(1); transition: box-shadow 0.2s, transform 0.2s ease-in;"},"childNodeCount":1,"localName":"div","namespaceURI":"http://www.w3.org/1999/xhtml","nodeType":1,"shadowRoot":null}},{"sharedId":"f.8AA54734AA77FC8FA71C50576EE7DE7A.d.81896DEF35B35D6ACD8ACA98F9D48BFD.e.239","type":"node","value":{"attributes":{"class":"relative overflow-hidden","style":"width: 15.8rem; height: 100%; transition: width 0.3s;"},"childNodeCount":2,"localName":"div","namespaceURI":"http://www.w3.org/1999/xhtml","nodeType":1,"shadowRoot":null}},{"sharedId":"f.8AA54734AA77FC8FA71C50576EE7DE7A.d.81896DEF35B35D6ACD8ACA98F9D48BFD.e.240","type":"node","value":{"attributes":{"class":"absolute inset-0 z-0 h-full hidden"},"childNodeCount":1,"localName":"div","namespaceURI":"http://www.w3.org/1999/xhtml","nodeType":1,"shadowRoot":null}},{"sharedId":"f.8AA54734AA77FC8FA71C50576EE7DE7A.d.81896DEF35B35D6ACD8ACA98F9D48BFD.e.241","type":"node","value":{"attributes":{"class":"absolute inset-0 flex h-full items-center justify-center overflow-hidden text-ellipsis break-words p-[0.5rem] text-center","style":"width: 15.8rem; background-color: rgb(66, 66, 66); border-radius: 0.4rem;"},"childNodeCount":1,"localName":"div","namespaceURI":"http://www.w3.org/1999/xhtml","nodeType":1,"shadowRoot":null}},{"sharedId":"f.8AA54734AA77FC8FA71C50576EE7DE7A.d.81896DEF35B35D6ACD8ACA98F9D48BFD.e.242","type":"node","value":{"attributes":{"class":"max-w-full whitespace-normal break-words text-[2.4rem] font-semibold"},"childNodeCount":1,"localName":"p","namespaceURI":"http://www.w3.org/1999/xhtml","nodeType":1,"shadowRoot":null}},{"sharedId":"f.8AA54734AA77FC8FA71C50576EE7DE7A.d.81896DEF35B35D6ACD8ACA98F9D48BFD.e.243","type":"node","value":{"attributes":{"alt":"Sins of the Father","class":"absolute inset-0 z-10 h-full w-full","src":"https://pql-static.abs-cbn.com/images/sinsofthefather.thumb-portrait.v6.JPG?im_policy=portraitThumb_tv_fhd","style":"object-fit: cover; border-radius: 0.4rem;"},"childNodeCount":0,"localName":"img","namespaceURI":"http://www.w3.org/1999/xhtml","nodeType":1,"shadowRoot":null}},{"sharedId":"f.8AA54734AA77FC8FA71C50576EE7DE7A.d.81896DEF35B35D6ACD8ACA98F9D48BFD.e.244","type":"node","value":{"attributes":{"class":"thumbnail relative cursor-pointer outline-none","style":"opacity: 0.5; border: 0.2rem solid transparent; border-radius: 0.6rem;"},"childNodeCount":1,"localName":"div","namespaceURI":"http://www.w3.org/1999/xhtml","nodeType":1,"shadowRoot":null}},{"sharedId":"f.8AA54734AA77FC8FA71C50576EE7DE7A.d.81896DEF35B35D6ACD8ACA98F9D48BFD.e.245","type":"node","value":{"attributes":{"class":"relative","style":"height: 23.7rem; min-width: 15.8rem; border-radius: 0.4rem; box-shadow: transparent 0px 0px 0px 0.3rem; transform: scale(1); transition: box-shadow 0.2s, transform 0.2s ease-in;"},"childNodeCount":1,"localName":"div","namespaceURI":"http://www.w3.org/1999/xhtml","nodeType":1,"shadowRoot":null}},{"sharedId":"f.8AA54734AA77FC8FA71C50576EE7DE7A.d.81896DEF35B35D6ACD8ACA98F9D48BFD.e.246","type":"node","value":{"attributes":{"class":"relative overflow-hidden","style":"width: 15.8rem; height: 100%; transition: width 0.3s;"},"childNodeCount":2,"localName":"div","namespaceURI":"http://www.w3.org/1999/xhtml","nodeType":1,"shadowRoot":null}},{"sharedId":"f.8AA54734AA77FC8FA71C50576EE7DE7A.d.81896DEF35B35D6ACD8ACA98F9D48BFD.e.247","type":"node","value":{"attributes":{"class":"absolute inset-0 z-0 h-full hidden"},"childNodeCount":1,"localName":"div","namespaceURI":"http://www.w3.org/1999/xhtml","nodeType":1,"shadowRoot":null}},{"sharedId":"f.8AA54734AA77FC8FA71C50576EE7DE7A.d.81896DEF35B35D6ACD8ACA98F9D48BFD.e.248","type":"node","value":{"attributes":{"class":"absolute inset-0 flex h-full items-center justify-center overflow-hidden text-ellipsis break-words p-[0.5rem] text-center","style":"width: 15.8rem; background-color: rgb(66, 66, 66); border-radius: 0.4rem;"},"childNodeCount":1,"localName":"div","namespaceURI":"http://www.w3.org/1999/xhtml","nodeType":1,"shadowRoot":null}},{"sharedId":"f.8AA54734AA77FC8FA71C50576EE7DE7A.d.81896DEF35B35D6ACD8ACA98F9D48BFD.e.249","type":"node","value":{"attributes":{"class":"max-w-full whitespace-normal break-words text-[2.4rem] font-semibold"},"childNodeCount":1,"localName":"p","namespaceURI":"http://www.w3.org/1999/xhtml","nodeType":1,"shadowRoot":null}},{"sharedId":"f.8AA54734AA77FC8FA71C50576EE7DE7A.d.81896DEF35B35D6ACD8ACA98F9D48BFD.e.250","type":"node","value":{"attributes":{"alt":"BDO","class":"absolute inset-0 z-10 h-full w-full","src":"https://pql-static.abs-cbn.com/images/master/BDO_Portrait_Thumbnail_jpg_20260126090452.jpg?im_policy=portraitThumb_tv_fhd","style":"object-fit: cover; border-radius: 0.4rem;"},"childNodeCount":0,"localName":"img","namespaceURI":"http://www.w3.org/1999/xhtml","nodeType":1,"shadowRoot":null}},{"sharedId":"f.8AA54734AA77FC8FA71C50576EE7DE7A.d.81896DEF35B35D6ACD8ACA98F9D48BFD.e.251","type":"node","value":{"attributes":{"class":"thumbnail relative cursor-pointer outline-none","style":"opacity: 0.5; border: 0.2rem solid transparent; border-radius: 0.6rem;"},"childNodeCount":1,"localName":"div","namespaceURI":"http://www.w3.org/1999/xhtml","nodeType":1,"shadowRoot":null}},{"sharedId":"f.8AA54734AA77FC8FA71C50576EE7DE7A.d.81896DEF35B35D6ACD8ACA98F9D48BFD.e.252","type":"node","value":{"attributes":{"class":"relative","style":"height: 23.7rem; min-width: 15.8rem; border-radius: 0.4rem; box-shadow: transparent 0px 0px 0px 0.3rem; transform: scale(1); transition: box-shadow 0.2s, transform 0.2s ease-in;"},"childNodeCount":1,"localName":"div","namespaceURI":"http://www.w3.org/1999/xhtml","nodeType":1,"shadowRoot":null}},{"sharedId":"f.8AA54734AA77FC8FA71C50576EE7DE7A.d.81896DEF35B35D6ACD8ACA98F9D48BFD.e.253","type":"node","value":{"attributes":{"class":"relative overflow-hidden","style":"width: 15.8rem; height: 100%; transition: width 0.3s;"},"childNodeCount":2,"localName":"div","namespaceURI":"http://www.w3.org/1999/xhtml","nodeType":1,"shadowRoot":null}},{"sharedId":"f.8AA54734AA77FC8FA71C50576EE7DE7A.d.81896DEF35B35D6ACD8ACA98F9D48BFD.e.254","type":"node","value":{"attributes":{"class":"absolute inset-0 z-0 h-full hidden"},"childNodeCount":1,"localName":"div","namespaceURI":"http://www.w3.org/1999/xhtml","nodeType":1,"shadowRoot":null}},{"sharedId":"f.8AA54734AA77FC8FA71C50576EE7DE7A.d.81896DEF35B35D6ACD8ACA98F9D48BFD.e.255","type":"node","value":{"attributes":{"class":"absolute inset-0 flex h-full items-center justify-center overflow-hidden text-ellipsis break-words p-[0.5rem] text-center","style":"width: 15.8rem; background-color: rgb(66, 66, 66); border-radius: 0.4rem;"},"childNodeCount":1,"localName":"div","namespaceURI":"http://www.w3.org/1999/xhtml","nodeType":1,"shadowRoot":null}},{"sharedId":"f.8AA54734AA77FC8FA71C50576EE7DE7A.d.81896DEF35B35D6ACD8ACA98F9D48BFD.e.256","type":"node","value":{"attributes":{"class":"max-w-full whitespace-normal break-words text-[2.4rem] font-semibold"},"childNodeCount":1,"localName":"p","namespaceURI":"http://www.w3.org/1999/xhtml","nodeType":1,"shadowRoot":null}},{"sharedId":"f.8AA54734AA77FC8FA71C50576EE7DE7A.d.81896DEF35B35D6ACD8ACA98F9D48BFD.e.257","type":"node","value":{"attributes":{"alt":"Ghosting","class":"absolute inset-0 z-10 h-full w-full","src":"https://pql-static.abs-cbn.com/images/ghosting.thumb-portrait.v6.JPG?im_policy=portraitThumb_tv_fhd","style":"object-fit: cover; border-radius: 0.4rem;"},"childNodeCount":0,"localName":"img","namespaceURI":"http://www.w3.org/1999/xhtml","nodeType":1,"shadowRoot":null}},{"sharedId":"f.8AA54734AA77FC8FA71C50576EE7DE7A.d.81896DEF35B35D6ACD8ACA98F9D48BFD.e.258","type":"node","value":{"attributes":{"class":"thumbnail relative cursor-pointer outline-none","style":"opacity: 0.5; border: 0.2rem solid transparent; border-radius: 0.6rem;"},"childNodeCount":1,"localName":"div","namespaceURI":"http://www.w3.org/1999/xhtml","nodeType":1,"shadowRoot":null}},{"sharedId":"f.8AA54734AA77FC8FA71C50576EE7DE7A.d.81896DEF35B35D6ACD8ACA98F9D48BFD.e.259","type":"node","value":{"attributes":{"class":"relative","style":"height: 23.7rem; min-width: 15.8rem; border-radius: 0.4rem; box-shadow: transparent 0px 0px 0px 0.3rem; transform: scale(1); transition: box-shadow 0.2s, transform 0.2s ease-in;"},"childNodeCount":1,"localName":"div","namespaceURI":"http://www.w3.org/1999/xhtml","nodeType":1,"shadowRoot":null}},{"sharedId":"f.8AA54734AA77FC8FA71C50576EE7DE7A.d.81896DEF35B35D6ACD8ACA98F9D48BFD.e.260","type":"node","value":{"attributes":{"class":"relative overflow-hidden","style":"width: 15.8rem; height: 100%; transition: width 0.3s;"},"childNodeCount":2,"localName":"div","namespaceURI":"http://www.w3.org/1999/xhtml","nodeType":1,"shadowRoot":null}},{"sharedId":"f.8AA54734AA77FC8FA71C50576EE7DE7A.d.81896DEF35B35D6ACD8ACA98F9D48BFD.e.261","type":"node","value":{"attributes":{"class":"absolute inset-0 z-0 h-full hidden"},"childNodeCount":1,"localName":"div","namespaceURI":"http://www.w3.org/1999/xhtml","nodeType":1,"shadowRoot":null}},{"sharedId":"f.8AA54734AA77FC8FA71C50576EE7DE7A.d.81896DEF35B35D6ACD8ACA98F9D48BFD.e.262","type":"node","value":{"attributes":{"class":"absolute inset-0 flex h-full items-center justify-center overflow-hidden text-ellipsis break-words p-[0.5rem] text-center","style":"width: 15.8rem; background-color: rgb(66, 66, 66); border-radius: 0.4rem;"},"childNodeCount":1,"localName":"div","namespaceURI":"http://www.w3.org/1999/xhtml","nodeType":1,"shadowRoot":null}},{"sharedId":"f.8AA54734AA77FC8FA71C50576EE7DE7A.d.81896DEF35B35D6ACD8ACA98F9D48BFD.e.263","type":"node","value":{"attributes":{"class":"max-w-full whitespace-normal break-words text-[2.4rem] font-semibold"},"childNodeCount":1,"localName":"p","namespaceURI":"http://www.w3.org/1999/xhtml","nodeType":1,"shadowRoot":null}},{"sharedId":"f.8AA54734AA77FC8FA71C50576EE7DE7A.d.81896DEF35B35D6ACD8ACA98F9D48BFD.e.264","type":"node","value":{"attributes":{"alt":"It's Okay to Not Be Okay","class":"absolute inset-0 z-10 h-full w-full","src":"https://pql-static.abs-cbn.com/images/itsokaytonotbeokay.thumb-portrait.v3.JPG?im_policy=portraitThumb_tv_fhd","style":"object-fit: cover; border-radius: 0.4rem;"},"childNodeCount":0,"localName":"img","namespaceURI":"http://www.w3.org/1999/xhtml","nodeType":1,"shadowRoot":null}},{"sharedId":"f.8AA54734AA77FC8FA71C50576EE7DE7A.d.81896DEF35B35D6ACD8ACA98F9D48BFD.e.265","type":"node","value":{"attributes":{"class":"thumbnail relative cursor-pointer outline-none","style":"opacity: 0.5; border: 0.2rem solid transparent; border-radius: 0.6rem;"},"childNodeCount":1,"localName":"div","namespaceURI":"http://www.w3.org/1999/xhtml","nodeType":1,"shadowRoot":null}},{"sharedId":"f.8AA54734AA77FC8FA71C50576EE7DE7A.d.81896DEF35B35D6ACD8ACA98F9D48BFD.e.266","type":"node","value":{"attributes":{"class":"relative","style":"height: 23.7rem; min-width: 15.8rem; border-radius: 0.4rem; box-shadow: transparent 0px 0px 0px 0.3rem; transform: scale(1); transition: box-shadow 0.2s, transform 0.2s ease-in;"},"childNodeCount":1,"localName":"div","namespaceURI":"http://www.w3.org/1999/xhtml","nodeType":1,"shadowRoot":null}},{"sharedId":"f.8AA54734AA77FC8FA71C50576EE7DE7A.d.81896DEF35B35D6ACD8ACA98F9D48BFD.e.267","type":"node","value":{"attributes":{"class":"relative overflow-hidden","style":"width: 15.8rem; height: 100%; transition: width 0.3s;"},"childNodeCount":2,"localName":"div","namespaceURI":"http://www.w3.org/1999/xhtml","nodeType":1,"shadowRoot":null}},{"sharedId":"f.8AA54734AA77FC8FA71C50576EE7DE7A.d.81896DEF35B35D6ACD8ACA98F9D48BFD.e.268","type":"node","value":{"attributes":{"class":"absolute inset-0 z-0 h-full hidden"},"childNodeCount":1,"localName":"div","namespaceURI":"http://www.w3.org/1999/xhtml","nodeType":1,"shadowRoot":null}},{"sharedId":"f.8AA54734AA77FC8FA71C50576EE7DE7A.d.81896DEF35B35D6ACD8ACA98F9D48BFD.e.269","type":"node","value":{"attributes":{"class":"absolute inset-0 flex h-full items-center justify-center overflow-hidden text-ellipsis break-words p-[0.5rem] text-center","style":"width: 15.8rem; background-color: rgb(66, 66, 66); border-radius: 0.4rem;"},"childNodeCount":1,"localName":"div","namespaceURI":"http://www.w3.org/1999/xhtml","nodeType":1,"shadowRoot":null}},{"sharedId":"f.8AA54734AA77FC8FA71C50576EE7DE7A.d.81896DEF35B35D6ACD8ACA98F9D48BFD.e.270","type":"node","value":{"attributes":{"class":"max-w-full whitespace-normal break-words text-[2.4rem] font-semibold"},"childNodeCount":1,"localName":"p","namespaceURI":"http://www.w3.org/1999/xhtml","nodeType":1,"shadowRoot":null}},{"sharedId":"f.8AA54734AA77FC8FA71C50576EE7DE7A.d.81896DEF35B35D6ACD8ACA98F9D48BFD.e.271","type":"node","value":{"attributes":{"alt":"Head & Shoulders","class":"absolute inset-0 z-10 h-full w-full","src":"https://pql-static.abs-cbn.com/images/master/Head_Shoulders_Portrait_Thumbnail_jpg_20260106021649.jpg?im_policy=portraitThumb_tv_fhd","style":"object-fit: cover; border-radius: 0.4rem;"},"childNodeCount":0,"localName":"img","namespaceURI":"http://www.w3.org/1999/xhtml","nodeType":1,"shadowRoot":null}},{"sharedId":"f.8AA54734AA77FC8FA71C50576EE7DE7A.d.81896DEF35B35D6ACD8ACA98F9D48BFD.e.272","type":"node","value":{"attributes":{"class":"thumbnail relative cursor-pointer outline-none","style":"opacity: 0.5; border: 0.2rem solid transparent; border-radius: 0.6rem;"},"childNodeCount":1,"localName":"div","namespaceURI":"http://www.w3.org/1999/xhtml","nodeType":1,"shadowRoot":null}},{"sharedId":"f.8AA54734AA77FC8FA71C50576EE7DE7A.d.81896DEF35B35D6ACD8ACA98F9D48BFD.e.273","type":"node","value":{"attributes":{"class":"relative","style":"height: 23.7rem; min-width: 15.8rem; border-radius: 0.4rem; box-shadow: transparent 0px 0px 0px 0.3rem; transform: scale(1); transition: box-shadow 0.2s, transform 0.2s ease-in;"},"childNodeCount":2,"localName":"div","namespaceURI":"http://www.w3.org/1999/xhtml","nodeType":1,"shadowRoot":null}},{"sharedId":"f.8AA54734AA77FC8FA71C50576EE7DE7A.d.81896DEF35B35D6ACD8ACA98F9D48BFD.e.274","type":"node","value":{"attributes":{"class":"relative overflow-hidden","style":"width: 15.8rem; height: 100%; transition: width 0.3s;"},"childNodeCount":2,"localName":"div","namespaceURI":"http://www.w3.org/1999/xhtml","nodeType":1,"shadowRoot":null}},{"sharedId":"f.8AA54734AA77FC8FA71C50576EE7DE7A.d.81896DEF35B35D6ACD8ACA98F9D48BFD.e.275","type":"node","value":{"attributes":{"class":"absolute inset-0 z-0 h-full hidden"},"childNodeCount":1,"localName":"div","namespaceURI":"http://www.w3.org/1999/xhtml","nodeType":1,"shadowRoot":null}},{"sharedId":"f.8AA54734AA77FC8FA71C50576EE7DE7A.d.81896DEF35B35D6ACD8ACA98F9D48BFD.e.276","type":"node","value":{"attributes":{"class":"absolute inset-0 flex h-full items-center justify-center overflow-hidden text-ellipsis break-words p-[0.5rem] text-center","style":"width: 15.8rem; background-color: rgb(66, 66, 66); border-radius: 0.4rem;"},"childNodeCount":1,"localName":"div","namespaceURI":"http://www.w3.org/1999/xhtml","nodeType":1,"shadowRoot":null}},{"sharedId":"f.8AA54734AA77FC8FA71C50576EE7DE7A.d.81896DEF35B35D6ACD8ACA98F9D48BFD.e.277","type":"node","value":{"attributes":{"class":"max-w-full whitespace-normal break-words text-[2.4rem] font-semibold"},"childNodeCount":1,"localName":"p","namespaceURI":"http://www.w3.org/1999/xhtml","nodeType":1,"shadowRoot":null}},{"sharedId":"f.8AA54734AA77FC8FA71C50576EE7DE7A.d.81896DEF35B35D6ACD8ACA98F9D48BFD.e.278","type":"node","value":{"attributes":{"alt":"FPJ's Batang Quiapo","class":"absolute inset-0 z-10 h-full w-full","src":"https://pql-static.abs-cbn.com/images/batangquiapo.thumb-portrait.v3.jpg?im_policy=portraitThumb_tv_fhd","style":"object-fit: cover; border-radius: 0.4rem;"},"childNodeCount":0,"localName":"img","namespaceURI":"http://www.w3.org/1999/xhtml","nodeType":1,"shadowRoot":null}},{"sharedId":"f.8AA54734AA77FC8FA71C50576EE7DE7A.d.81896DEF35B35D6ACD8ACA98F9D48BFD.e.279","type":"node","value":{"attributes":{"class":"absolute top-0 right-0 z-10"},"childNodeCount":1,"localName":"div","namespaceURI":"http://www.w3.org/1999/xhtml","nodeType":1,"shadowRoot":null}},{"sharedId":"f.8AA54734AA77FC8FA71C50576EE7DE7A.d.81896DEF35B35D6ACD8ACA98F9D48BFD.e.280","type":"node","value":{"attributes":{"alt":"top_10","class":"h-[3.2rem] max-w-min object-contain","src":"https://pql-static.iwanttfc.com/static/uat/common/images/labels/top_10_new.png"},"childNodeCount":0,"localName":"img","namespaceURI":"http://www.w3.org/1999/xhtml","nodeType":1,"shadowRoot":null}},{"sharedId":"f.8AA54734AA77FC8FA71C50576EE7DE7A.d.81896DEF35B35D6ACD8ACA98F9D48BFD.e.281","type":"node","value":{"attributes":{"class":"thumbnail relative cursor-pointer outline-none","style":"opacity: 0.5; border: 0.2rem solid transparent; border-radius: 0.6rem;"},"childNodeCount":1,"localName":"div","namespaceURI":"http://www.w3.org/1999/xhtml","nodeType":1,"shadowRoot":null}},{"sharedId":"f.8AA54734AA77FC8FA71C50576EE7DE7A.d.81896DEF35B35D6ACD8ACA98F9D48BFD.e.282","type":"node","value":{"attributes":{"class":"relative","style":"height: 23.7rem; min-width: 15.8rem; border-radius: 0.4rem; box-shadow: transparent 0px 0px 0px 0.3rem; transform: scale(1); transition: box-shadow 0.2s, transform 0.2s ease-in;"},"childNodeCount":1,"localName":"div","namespaceURI":"http://www.w3.org/1999/xhtml","nodeType":1,"shadowRoot":null}},{"sharedId":"f.8AA54734AA77FC8FA71C50576EE7DE7A.d.81896DEF35B35D6ACD8ACA98F9D48BFD.e.283","type":"node","value":{"attributes":{"class":"relative overflow-hidden","style":"width: 15.8rem; height: 100%; transition: width 0.3s;"},"childNodeCount":2,"localName":"div","namespaceURI":"http://www.w3.org/1999/xhtml","nodeType":1,"shadowRoot":null}},{"sharedId":"f.8AA54734AA77FC8FA71C50576EE7DE7A.d.81896DEF35B35D6ACD8ACA98F9D48BFD.e.284","type":"node","value":{"attributes":{"class":"absolute inset-0 z-0 h-full hidden"},"childNodeCount":1,"localName":"div","namespaceURI":"http://www.w3.org/1999/xhtml","nodeType":1,"shadowRoot":null}},{"sharedId":"f.8AA54734AA77FC8FA71C50576EE7DE7A.d.81896DEF35B35D6ACD8ACA98F9D48BFD.e.285","type":"node","value":{"attributes":{"class":"absolute inset-0 flex h-full items-center justify-center overflow-hidden text-ellipsis break-words p-[0.5rem] text-center","style":"width: 15.8rem; background-color: rgb(66, 66, 66); border-radius: 0.4rem;"},"childNodeCount":1,"localName":"div","namespaceURI":"http://www.w3.org/1999/xhtml","nodeType":1,"shadowRoot":null}},{"sharedId":"f.8AA54734AA77FC8FA71C50576EE7DE7A.d.81896DEF35B35D6ACD8ACA98F9D48BFD.e.286","type":"node","value":{"attributes":{"class":"max-w-full whitespace-normal break-words text-[2.4rem] font-semibold"},"childNodeCount":1,"localName":"p","namespaceURI":"http://www.w3.org/1999/xhtml","nodeType":1,"shadowRoot":null}},{"sharedId":"f.8AA54734AA77FC8FA71C50576EE7DE7A.d.81896DEF35B35D6ACD8ACA98F9D48BFD.e.287","type":"node","value":{"attributes":{"alt":"Patayin sa Sindak si Barbara","class":"absolute inset-0 z-10 h-full w-full","src":"https://pql-static.abs-cbn.com/images/patayinsasindaksibarbara.thumb-portrait.v2.jpg?im_policy=portraitThumb_tv_fhd","style":"object-fit: cover; border-radius: 0.4rem;"},"childNodeCount":0,"localName":"img","namespaceURI":"http://www.w3.org/1999/xhtml","nodeType":1,"shadowRoot":null}},{"sharedId":"f.8AA54734AA77FC8FA71C50576EE7DE7A.d.81896DEF35B35D6ACD8ACA98F9D48BFD.e.288","type":"node","value":{"attributes":{"class":"thumbnail relative cursor-pointer outline-none","style":"opacity: 0.5; border: 0.2rem solid transparent; border-radius: 0.6rem;"},"childNodeCount":1,"localName":"div","namespaceURI":"http://www.w3.org/1999/xhtml","nodeType":1,"shadowRoot":null}},{"sharedId":"f.8AA54734AA77FC8FA71C50576EE7DE7A.d.81896DEF35B35D6ACD8ACA98F9D48BFD.e.289","type":"node","value":{"attributes":{"class":"relative","style":"height: 23.7rem; min-width: 15.8rem; border-radius: 0.4rem; box-shadow: transparent 0px 0px 0px 0.3rem; transform: scale(1); transition: box-shadow 0.2s, transform 0.2s ease-in;"},"childNodeCount":1,"localName":"div","namespaceURI":"http://www.w3.org/1999/xhtml","nodeType":1,"shadowRoot":null}},{"sharedId":"f.8AA54734AA77FC8FA71C50576EE7DE7A.d.81896DEF35B35D6ACD8ACA98F9D48BFD.e.290","type":"node","value":{"attributes":{"class":"relative overflow-hidden","style":"width: 15.8rem; height: 100%; transition: width 0.3s;"},"childNodeCount":2,"localName":"div","namespaceURI":"http://www.w3.org/1999/xhtml","nodeType":1,"shadowRoot":null}},{"sharedId":"f.8AA54734AA77FC8FA71C50576EE7DE7A.d.81896DEF35B35D6ACD8ACA98F9D48BFD.e.291","type":"node","value":{"attributes":{"class":"absolute inset-0 z-0 h-full hidden"},"childNodeCount":1,"localName":"div","namespaceURI":"http://www.w3.org/1999/xhtml","nodeType":1,"shadowRoot":null}},{"sharedId":"f.8AA54734AA77FC8FA71C50576EE7DE7A.d.81896DEF35B35D6ACD8ACA98F9D48BFD.e.292","type":"node","value":{"attributes":{"class":"absolute inset-0 flex h-full items-center justify-center overflow-hidden text-ellipsis break-words p-[0.5rem] text-center","style":"width: 15.8rem; background-color: rgb(66, 66, 66); border-radius: 0.4rem;"},"childNodeCount":1,"localName":"div","namespaceURI":"http://www.w3.org/1999/xhtml","nodeType":1,"shadowRoot":null}},{"sharedId":"f.8AA54734AA77FC8FA71C50576EE7DE7A.d.81896DEF35B35D6ACD8ACA98F9D48BFD.e.293","type":"node","value":{"attributes":{"class":"max-w-full whitespace-normal break-words text-[2.4rem] font-semibold"},"childNodeCount":1,"localName":"p","namespaceURI":"http://www.w3.org/1999/xhtml","nodeType":1,"shadowRoot":null}},{"sharedId":"f.8AA54734AA77FC8FA71C50576EE7DE7A.d.81896DEF35B35D6ACD8ACA98F9D48BFD.e.294","type":"node","value":{"attributes":{"alt":"Three Words to Forever","class":"absolute inset-0 z-10 h-full w-full","src":"https://pql-static.abs-cbn.com/images/threewordstoforever.thumb-portrait.jpg?im_policy=portraitThumb_tv_fhd","style":"object-fit: cover; border-radius: 0.4rem;"},"childNodeCount":0,"localName":"img","namespaceURI":"http://www.w3.org/1999/xhtml","nodeType":1,"shadowRoot":null}},{"sharedId":"f.8AA54734AA77FC8FA71C50576EE7DE7A.d.81896DEF35B35D6ACD8ACA98F9D48BFD.e.295","type":"node","value":{"attributes":{"class":"thumbnail relative cursor-pointer outline-none","style":"opacity: 0.5; border: 0.2rem solid transparent; border-radius: 0.6rem;"},"childNodeCount":1,"localName":"div","namespaceURI":"http://www.w3.org/1999/xhtml","nodeType":1,"shadowRoot":null}},{"sharedId":"f.8AA54734AA77FC8FA71C50576EE7DE7A.d.81896DEF35B35D6ACD8ACA98F9D48BFD.e.296","type":"node","value":{"attributes":{"class":"relative","style":"height: 23.7rem; min-width: 15.8rem; border-radius: 0.4rem; box-shadow: transparent 0px 0px 0px 0.3rem; transform: scale(1); transition: box-shadow 0.2s, transform 0.2s ease-in;"},"childNodeCount":1,"localName":"div","namespaceURI":"http://www.w3.org/1999/xhtml","nodeType":1,"shadowRoot":null}},{"sharedId":"f.8AA54734AA77FC8FA71C50576EE7DE7A.d.81896DEF35B35D6ACD8ACA98F9D48BFD.e.297","type":"node","value":{"attributes":{"class":"relative overflow-hidden","style":"width: 15.8rem; height: 100%; transition: width 0.3s;"},"childNodeCount":2,"localName":"div","namespaceURI":"http://www.w3.org/1999/xhtml","nodeType":1,"shadowRoot":null}},{"sharedId":"f.8AA54734AA77FC8FA71C50576EE7DE7A.d.81896DEF35B35D6ACD8ACA98F9D48BFD.e.298","type":"node","value":{"attributes":{"class":"absolute inset-0 z-0 h-full hidden"},"childNodeCount":1,"localName":"div","namespaceURI":"http://www.w3.org/1999/xhtml","nodeType":1,"shadowRoot":null}},{"sharedId":"f.8AA54734AA77FC8FA71C50576EE7DE7A.d.81896DEF35B35D6ACD8ACA98F9D48BFD.e.299","type":"node","value":{"attributes":{"class":"absolute inset-0 flex h-full items-center justify-center overflow-hidden text-ellipsis break-words p-[0.5rem] text-center","style":"width: 15.8rem; background-color: rgb(66, 66, 66); border-radius: 0.4rem;"},"childNodeCount":1,"localName":"div","namespaceURI":"http://www.w3.org/1999/xhtml","nodeType":1,"shadowRoot":null}},{"sharedId":"f.8AA54734AA77FC8FA71C50576EE7DE7A.d.81896DEF35B35D6ACD8ACA98F9D48BFD.e.300","type":"node","value":{"attributes":{"class":"max-w-full whitespace-normal break-words text-[2.4rem] font-semibold"},"childNodeCount":1,"localName":"p","namespaceURI":"http://www.w3.org/1999/xhtml","nodeType":1,"shadowRoot":null}},{"sharedId":"f.8AA54734AA77FC8FA71C50576EE7DE7A.d.81896DEF35B35D6ACD8ACA98F9D48BFD.e.301","type":"node","value":{"attributes":{"alt":"Trip","class":"absolute inset-0 z-10 h-full w-full","src":"https://pql-static.abs-cbn.com/images/trip.thumb-portrait.jpg?im_policy=portraitThumb_tv_fhd","style":"object-fit: cover; border-radius: 0.4rem;"},"childNodeCount":0,"localName":"img","namespaceURI":"http://www.w3.org/1999/xhtml","nodeType":1,"shadowRoot":null}},{"sharedId":"f.8AA54734AA77FC8FA71C50576EE7DE7A.d.81896DEF35B35D6ACD8ACA98F9D48BFD.e.302","type":"node","value":{"attributes":{"class":"thumbnail relative cursor-pointer outline-none","style":"opacity: 0.5; border: 0.2rem solid transparent; border-radius: 0.6rem;"},"childNodeCount":1,"localName":"div","namespaceURI":"http://www.w3.org/1999/xhtml","nodeType":1,"shadowRoot":null}},{"sharedId":"f.8AA54734AA77FC8FA71C50576EE7DE7A.d.81896DEF35B35D6ACD8ACA98F9D48BFD.e.303","type":"node","value":{"attributes":{"class":"relative","style":"height: 23.7rem; min-width: 15.8rem; border-radius: 0.4rem; box-shadow: transparent 0px 0px 0px 0.3rem; transform: scale(1); transition: box-shadow 0.2s, transform 0.2s ease-in;"},"childNodeCount":1,"localName":"div","namespaceURI":"http://www.w3.org/1999/xhtml","nodeType":1,"shadowRoot":null}},{"sharedId":"f.8AA54734AA77FC8FA71C50576EE7DE7A.d.81896DEF35B35D6ACD8ACA98F9D48BFD.e.304","type":"node","value":{"attributes":{"class":"relative overflow-hidden","style":"width: 15.8rem; height: 100%; transition: width 0.3s;"},"childNodeCount":2,"localName":"div","namespaceURI":"http://www.w3.org/1999/xhtml","nodeType":1,"shadowRoot":null}},{"sharedId":"f.8AA54734AA77FC8FA71C50576EE7DE7A.d.81896DEF35B35D6ACD8ACA98F9D48BFD.e.305","type":"node","value":{"attributes":{"class":"absolute inset-0 z-0 h-full hidden"},"childNodeCount":1,"localName":"div","namespaceURI":"http://www.w3.org/1999/xhtml","nodeType":1,"shadowRoot":null}},{"sharedId":"f.8AA54734AA77FC8FA71C50576EE7DE7A.d.81896DEF35B35D6ACD8ACA98F9D48BFD.e.306","type":"node","value":{"attributes":{"class":"absolute inset-0 flex h-full items-center justify-center overflow-hidden text-ellipsis break-words p-[0.5rem] text-center","style":"width: 15.8rem; background-color: rgb(66, 66, 66); border-radius: 0.4rem;"},"childNodeCount":1,"localName":"div","namespaceURI":"http://www.w3.org/1999/xhtml","nodeType":1,"shadowRoot":null}},{"sharedId":"f.8AA54734AA77FC8FA71C50576EE7DE7A.d.81896DEF35B35D6ACD8ACA98F9D48BFD.e.307","type":"node","value":{"attributes":{"class":"max-w-full whitespace-normal break-words text-[2.4rem] font-semibold"},"childNodeCount":1,"localName":"p","namespaceURI":"http://www.w3.org/1999/xhtml","nodeType":1,"shadowRoot":null}},{"sharedId":"f.8AA54734AA77FC8FA71C50576EE7DE7A.d.81896DEF35B35D6ACD8ACA98F9D48BFD.e.308","type":"node","value":{"attributes":{"alt":"Sabel","class":"absolute inset-0 z-10 h-full w-full","src":"https://pql-static.abs-cbn.com/images/sabel.thumb-portrait.jpg?im_policy=portraitThumb_tv_fhd","style":"object-fit: cover; border-radius: 0.4rem;"},"childNodeCount":0,"localName":"img","namespaceURI":"http://www.w3.org/1999/xhtml","nodeType":1,"shadowRoot":null}},{"sharedId":"f.8AA54734AA77FC8FA71C50576EE7DE7A.d.81896DEF35B35D6ACD8ACA98F9D48BFD.e.309","type":"node","value":{"attributes":{"class":"rail relative h-full w-full pb-[3.2rem]","style":"width: 100%; margin-top: 0px; margin-bottom: 0px; margin-left: 0px; padding-left: 0px; padding-top: 3.2rem; background-size: cover; background-repeat: no-repeat; background-position: center center;"},"childNodeCount":2,"localName":"div","namespaceURI":"http://www.w3.org/1999/xhtml","nodeType":1,"shadowRoot":null}},{"sharedId":"f.8AA54734AA77FC8FA71C50576EE7DE7A.d.81896DEF35B35D6ACD8ACA98F9D48BFD.e.310","type":"node","value":{"attributes":{"class":"title mb-[3.2rem]"},"childNodeCount":1,"localName":"div","namespaceURI":"http://www.w3.org/1999/xhtml","nodeType":1,"shadowRoot":null}},{"sharedId":"f.8AA54734AA77FC8FA71C50576EE7DE7A.d.81896DEF35B35D6ACD8ACA98F9D48BFD.e.311","type":"node","value":{"attributes":{"class":"text-[2.8rem] font-medium leading-[3.5rem]"},"childNodeCount":1,"localName":"p","namespaceURI":"http://www.w3.org/1999/xhtml","nodeType":1,"shadowRoot":null}},{"sharedId":"f.8AA54734AA77FC8FA71C50576EE7DE7A.d.81896DEF35B35D6ACD8ACA98F9D48BFD.e.312","type":"node","value":{"attributes":{"class":"rail-container pointer-events-none relative","style":"margin-top: 0px; margin-bottom: -3rem;"},"childNodeCount":1,"localName":"div","namespaceURI":"http://www.w3.org/1999/xhtml","nodeType":1,"shadowRoot":null}},{"sharedId":"f.8AA54734AA77FC8FA71C50576EE7DE7A.d.81896DEF35B35D6ACD8ACA98F9D48BFD.e.313","type":"node","value":{"attributes":{"class":"scrollable-list pointer-events-auto flex gap-[1.6rem] overflow-x-auto scroll-smooth","style":"padding-top: 0px; padding-bottom: 3rem;"},"childNodeCount":19,"localName":"div","namespaceURI":"http://www.w3.org/1999/xhtml","nodeType":1,"shadowRoot":null}},{"sharedId":"f.8AA54734AA77FC8FA71C50576EE7DE7A.d.81896DEF35B35D6ACD8ACA98F9D48BFD.e.314","type":"node","value":{"attributes":{"class":"thumbnail relative cursor-pointer outline-none"},"childNodeCount":1,"localName":"div","namespaceURI":"http://www.w3.org/1999/xhtml","nodeType":1,"shadowRoot":null}},{"sharedId":"f.8AA54734AA77FC8FA71C50576EE7DE7A.d.81896DEF35B35D6ACD8ACA98F9D48BFD.e.315","type":"node","value":{"attributes":{"class":"relative","style":"height: 28.5rem; min-width: 19rem; border-radius: 0.4rem; box-shadow: transparent 0px 0px 0px 0.3rem; transform: scale(1); transition: box-shadow 0.2s, transform 0.2s ease-in;"},"childNodeCount":2,"localName":"div","namespaceURI":"http://www.w3.org/1999/xhtml","nodeType":1,"shadowRoot":null}},{"sharedId":"f.8AA54734AA77FC8FA71C50576EE7DE7A.d.81896DEF35B35D6ACD8ACA98F9D48BFD.e.316","type":"node","value":{"attributes":{"class":"relative overflow-hidden","style":"width: 19rem; height: 100%; transition: width 0.3s;"},"childNodeCount":2,"localName":"div","namespaceURI":"http://www.w3.org/1999/xhtml","nodeType":1,"shadowRoot":null}},{"sharedId":"f.8AA54734AA77FC8FA71C50576EE7DE7A.d.81896DEF35B35D6ACD8ACA98F9D48BFD.e.317","type":"node","value":{"attributes":{"class":"absolute inset-0 z-0 h-full hidden"},"childNodeCount":1,"localName":"div","namespaceURI":"http://www.w3.org/1999/xhtml","nodeType":1,"shadowRoot":null}},{"sharedId":"f.8AA54734AA77FC8FA71C50576EE7DE7A.d.81896DEF35B35D6ACD8ACA98F9D48BFD.e.318","type":"node","value":{"attributes":{"class":"absolute inset-0 flex h-full items-center justify-center overflow-hidden text-ellipsis break-words p-[0.5rem] text-center","style":"width: 19rem; background-color: rgb(66, 66, 66); border-radius: 0.4rem;"},"childNodeCount":1,"localName":"div","namespaceURI":"http://www.w3.org/1999/xhtml","nodeType":1,"shadowRoot":null}},{"sharedId":"f.8AA54734AA77FC8FA71C50576EE7DE7A.d.81896DEF35B35D6ACD8ACA98F9D48BFD.e.319","type":"node","value":{"attributes":{"class":"max-w-full whitespace-normal break-words text-[2.4rem] font-semibold"},"childNodeCount":1,"localName":"p","namespaceURI":"http://www.w3.org/1999/xhtml","nodeType":1,"shadowRoot":null}},{"sharedId":"f.8AA54734AA77FC8FA71C50576EE7DE7A.d.81896DEF35B35D6ACD8ACA98F9D48BFD.e.320","type":"node","value":{"attributes":{"alt":"Love at First Spike","class":"absolute inset-0 z-10 h-full w-full","src":"https://pql-static.abs-cbn.com/images/loveatfirstspike.thumb-portrait.v2.JPG?im_policy=portraitThumb_tv_fhd","style":"object-fit: cover; border-radius: 0.4rem;"},"childNodeCount":0,"localName":"img","namespaceURI":"http://www.w3.org/1999/xhtml","nodeType":1,"shadowRoot":null}},{"sharedId":"f.8AA54734AA77FC8FA71C50576EE7DE7A.d.81896DEF35B35D6ACD8ACA98F9D48BFD.e.321","type":"node","value":{"attributes":{"class":"absolute left-0 top-0 z-10"},"childNodeCount":1,"localName":"div","namespaceURI":"http://www.w3.org/1999/xhtml","nodeType":1,"shadowRoot":null}},{"sharedId":"f.8AA54734AA77FC8FA71C50576EE7DE7A.d.81896DEF35B35D6ACD8ACA98F9D48BFD.e.322","type":"node","value":{"attributes":{"alt":"https://pql-static.iwanttfc.com/static/uat/common/images/monetisation/free.png","class":"h-[3.2rem] w-auto object-contain","src":"https://pql-static.iwanttfc.com/static/uat/common/images/monetisation/free.png"},"childNodeCount":0,"localName":"img","namespaceURI":"http://www.w3.org/1999/xhtml","nodeType":1,"shadowRoot":null}},{"sharedId":"f.8AA54734AA77FC8FA71C50576EE7DE7A.d.81896DEF35B35D6ACD8ACA98F9D48BFD.e.323","type":"node","value":{"attributes":{"class":"thumbnail relative cursor-pointer outline-none"},"childNodeCount":1,"localName":"div","namespaceURI":"http://www.w3.org/1999/xhtml","nodeType":1,"shadowRoot":null}},{"sharedId":"f.8AA54734AA77FC8FA71C50576EE7DE7A.d.81896DEF35B35D6ACD8ACA98F9D48BFD.e.324","type":"node","value":{"attributes":{"class":"relative","style":"height: 28.5rem; min-width: 19rem; border-radius: 0.4rem; box-shadow: transparent 0px 0px 0px 0.3rem; transform: scale(1); transition: box-shadow 0.2s, transform 0.2s ease-in;"},"childNodeCount":2,"localName":"div","namespaceURI":"http://www.w3.org/1999/xhtml","nodeType":1,"shadowRoot":null}},{"sharedId":"f.8AA54734AA77FC8FA71C50576EE7DE7A.d.81896DEF35B35D6ACD8ACA98F9D48BFD.e.325","type":"node","value":{"attributes":{"class":"relative overflow-hidden","style":"width: 19rem; height: 100%; transition: width 0.3s;"},"childNodeCount":2,"localName":"div","namespaceURI":"http://www.w3.org/1999/xhtml","nodeType":1,"shadowRoot":null}},{"sharedId":"f.8AA54734AA77FC8FA71C50576EE7DE7A.d.81896DEF35B35D6ACD8ACA98F9D48BFD.e.326","type":"node","value":{"attributes":{"class":"absolute inset-0 z-0 h-full hidden"},"childNodeCount":1,"localName":"div","namespaceURI":"http://www.w3.org/1999/xhtml","nodeType":1,"shadowRoot":null}},{"sharedId":"f.8AA54734AA77FC8FA71C50576EE7DE7A.d.81896DEF35B35D6ACD8ACA98F9D48BFD.e.327","type":"node","value":{"attributes":{"class":"absolute inset-0 flex h-full items-center justify-center overflow-hidden text-ellipsis break-words p-[0.5rem] text-center","style":"width: 19rem; background-color: rgb(66, 66, 66); border-radius: 0.4rem;"},"childNodeCount":1,"localName":"div","namespaceURI":"http://www.w3.org/1999/xhtml","nodeType":1,"shadowRoot":null}},{"sharedId":"f.8AA54734AA77FC8FA71C50576EE7DE7A.d.81896DEF35B35D6ACD8ACA98F9D48BFD.e.328","type":"node","value":{"attributes":{"class":"max-w-full whitespace-normal break-words text-[2.4rem] font-semibold"},"childNodeCount":1,"localName":"p","namespaceURI":"http://www.w3.org/1999/xhtml","nodeType":1,"shadowRoot":null}},{"sharedId":"f.8AA54734AA77FC8FA71C50576EE7DE7A.d.81896DEF35B35D6ACD8ACA98F9D48BFD.e.329","type":"node","value":{"attributes":{"alt":"FPJ's Batang Quiapo","class":"absolute inset-0 z-10 h-full w-full","src":"https://pql-static.abs-cbn.com/images/batangquiapo.thumb-portrait.v3.jpg?im_policy=portraitThumb_tv_fhd","style":"object-fit: cover; border-radius: 0.4rem;"},"childNodeCount":0,"localName":"img","namespaceURI":"http://www.w3.org/1999/xhtml","nodeType":1,"shadowRoot":null}},{"sharedId":"f.8AA54734AA77FC8FA71C50576EE7DE7A.d.81896DEF35B35D6ACD8ACA98F9D48BFD.e.330","type":"node","value":{"attributes":{"class":"absolute top-0 right-0 z-10"},"childNodeCount":1,"localName":"div","namespaceURI":"http://www.w3.org/1999/xhtml","nodeType":1,"shadowRoot":null}},{"sharedId":"f.8AA54734AA77FC8FA71C50576EE7DE7A.d.81896DEF35B35D6ACD8ACA98F9D48BFD.e.331","type":"node","value":{"attributes":{"alt":"top_10","class":"h-[3.2rem] max-w-min object-contain","src":"https://pql-static.iwanttfc.com/static/uat/common/images/labels/top_10_new.png"},"childNodeCount":0,"localName":"img","namespaceURI":"http://www.w3.org/1999/xhtml","nodeType":1,"shadowRoot":null}},{"sharedId":"f.8AA54734AA77FC8FA71C50576EE7DE7A.d.81896DEF35B35D6ACD8ACA98F9D48BFD.e.332","type":"node","value":{"attributes":{"class":"thumbnail relative cursor-pointer outline-none"},"childNodeCount":1,"localName":"div","namespaceURI":"http://www.w3.org/1999/xhtml","nodeType":1,"shadowRoot":null}},{"sharedId":"f.8AA54734AA77FC8FA71C50576EE7DE7A.d.81896DEF35B35D6ACD8ACA98F9D48BFD.e.333","type":"node","value":{"attributes":{"class":"relative","style":"height: 28.5rem; min-width: 19rem; border-radius: 0.4rem; box-shadow: transparent 0px 0px 0px 0.3rem; transform: scale(1); transition: box-shadow 0.2s, transform 0.2s ease-in;"},"childNodeCount":1,"localName":"div","namespaceURI":"http://www.w3.org/1999/xhtml","nodeType":1,"shadowRoot":null}},{"sharedId":"f.8AA54734AA77FC8FA71C50576EE7DE7A.d.81896DEF35B35D6ACD8ACA98F9D48BFD.e.334","type":"node","value":{"attributes":{"class":"relative overflow-hidden","style":"width: 19rem; height: 100%; transition: width 0.3s;"},"childNodeCount":2,"localName":"div","namespaceURI":"http://www.w3.org/1999/xhtml","nodeType":1,"shadowRoot":null}},{"sharedId":"f.8AA54734AA77FC8FA71C50576EE7DE7A.d.81896DEF35B35D6ACD8ACA98F9D48BFD.e.335","type":"node","value":{"attributes":{"class":"absolute inset-0 z-0 h-full hidden"},"childNodeCount":1,"localName":"div","namespaceURI":"http://www.w3.org/1999/xhtml","nodeType":1,"shadowRoot":null}},{"sharedId":"f.8AA54734AA77FC8FA71C50576EE7DE7A.d.81896DEF35B35D6ACD8ACA98F9D48BFD.e.336","type":"node","value":{"attributes":{"class":"absolute inset-0 flex h-full items-center justify-center overflow-hidden text-ellipsis break-words p-[0.5rem] text-center","style":"width: 19rem; background-color: rgb(66, 66, 66); border-radius: 0.4rem;"},"childNodeCount":1,"localName":"div","namespaceURI":"http://www.w3.org/1999/xhtml","nodeType":1,"shadowRoot":null}},{"sharedId":"f.8AA54734AA77FC8FA71C50576EE7DE7A.d.81896DEF35B35D6ACD8ACA98F9D48BFD.e.337","type":"node","value":{"attributes":{"class":"max-w-full whitespace-normal break-words text-[2.4rem] font-semibold"},"childNodeCount":1,"localName":"p","namespaceURI":"http://www.w3.org/1999/xhtml","nodeType":1,"shadowRoot":null}},{"sharedId":"f.8AA54734AA77FC8FA71C50576EE7DE7A.d.81896DEF35B35D6ACD8ACA98F9D48BFD.e.338","type":"node","value":{"attributes":{"alt":"Ghosting","class":"absolute inset-0 z-10 h-full w-full","src":"https://pql-static.abs-cbn.com/images/ghosting.thumb-portrait.v6.JPG?im_policy=portraitThumb_tv_fhd","style":"object-fit: cover; border-radius: 0.4rem;"},"childNodeCount":0,"localName":"img","namespaceURI":"http://www.w3.org/1999/xhtml","nodeType":1,"shadowRoot":null}},{"sharedId":"f.8AA54734AA77FC8FA71C50576EE7DE7A.d.81896DEF35B35D6ACD8ACA98F9D48BFD.e.339","type":"node","value":{"attributes":{"class":"thumbnail relative cursor-pointer outline-none"},"childNodeCount":1,"localName":"div","namespaceURI":"http://www.w3.org/1999/xhtml","nodeType":1,"shadowRoot":null}},{"sharedId":"f.8AA54734AA77FC8FA71C50576EE7DE7A.d.81896DEF35B35D6ACD8ACA98F9D48BFD.e.340","type":"node","value":{"attributes":{"class":"relative","style":"height: 28.5rem; min-width: 19rem; border-radius: 0.4rem; box-shadow: transparent 0px 0px 0px 0.3rem; transform: scale(1); transition: box-shadow 0.2s, transform 0.2s ease-in;"},"childNodeCount":2,"localName":"div","namespaceURI":"http://www.w3.org/1999/xhtml","nodeType":1,"shadowRoot":null}},{"sharedId":"f.8AA54734AA77FC8FA71C50576EE7DE7A.d.81896DEF35B35D6ACD8ACA98F9D48BFD.e.341","type":"node","value":{"attributes":{"class":"relative overflow-hidden","style":"width: 19rem; height: 100%; transition: width 0.3s;"},"childNodeCount":2,"localName":"div","namespaceURI":"http://www.w3.org/1999/xhtml","nodeType":1,"shadowRoot":null}},{"sharedId":"f.8AA54734AA77FC8FA71C50576EE7DE7A.d.81896DEF35B35D6ACD8ACA98F9D48BFD.e.342","type":"node","value":{"attributes":{"class":"absolute inset-0 z-0 h-full hidden"},"childNodeCount":1,"localName":"div","namespaceURI":"http://www.w3.org/1999/xhtml","nodeType":1,"shadowRoot":null}},{"sharedId":"f.8AA54734AA77FC8FA71C50576EE7DE7A.d.81896DEF35B35D6ACD8ACA98F9D48BFD.e.343","type":"node","value":{"attributes":{"class":"absolute inset-0 flex h-full items-center justify-center overflow-hidden text-ellipsis break-words p-[0.5rem] text-center","style":"width: 19rem; background-color: rgb(66, 66, 66); border-radius: 0.4rem;"},"childNodeCount":1,"localName":"div","namespaceURI":"http://www.w3.org/1999/xhtml","nodeType":1,"shadowRoot":null}},{"sharedId":"f.8AA54734AA77FC8FA71C50576EE7DE7A.d.81896DEF35B35D6ACD8ACA98F9D48BFD.e.344","type":"node","value":{"attributes":{"class":"max-w-full whitespace-normal break-words text-[2.4rem] font-semibold"},"childNodeCount":1,"localName":"p","namespaceURI":"http://www.w3.org/1999/xhtml","nodeType":1,"shadowRoot":null}},{"sharedId":"f.8AA54734AA77FC8FA71C50576EE7DE7A.d.81896DEF35B35D6ACD8ACA98F9D48BFD.e.345","type":"node","value":{"attributes":{"alt":"Roja","class":"absolute inset-0 z-10 h-full w-full","src":"https://pql-static.abs-cbn.com/images/roja.thumb-portrait.JPG?im_policy=portraitThumb_tv_fhd","style":"object-fit: cover; border-radius: 0.4rem;"},"childNodeCount":0,"localName":"img","namespaceURI":"http://www.w3.org/1999/xhtml","nodeType":1,"shadowRoot":null}},{"sharedId":"f.8AA54734AA77FC8FA71C50576EE7DE7A.d.81896DEF35B35D6ACD8ACA98F9D48BFD.e.346","type":"node","value":{"attributes":{"class":"absolute bottom-0 left-[50%] translate-x-[-50%] z-10"},"childNodeCount":1,"localName":"div","namespaceURI":"http://www.w3.org/1999/xhtml","nodeType":1,"shadowRoot":null}},{"sharedId":"f.8AA54734AA77FC8FA71C50576EE7DE7A.d.81896DEF35B35D6ACD8ACA98F9D48BFD.e.347","type":"node","value":{"attributes":{"alt":"new_episode","class":"h-[3.2rem] max-w-min object-contain","src":"https://pql-static.iwanttfc.com/static/uat/common/images/labels/new_episode.png"},"childNodeCount":0,"localName":"img","namespaceURI":"http://www.w3.org/1999/xhtml","nodeType":1,"shadowRoot":null}},{"sharedId":"f.8AA54734AA77FC8FA71C50576EE7DE7A.d.81896DEF35B35D6ACD8ACA98F9D48BFD.e.348","type":"node","value":{"attributes":{"class":"thumbnail relative cursor-pointer outline-none"},"childNodeCount":1,"localName":"div","namespaceURI":"http://www.w3.org/1999/xhtml","nodeType":1,"shadowRoot":null}},{"sharedId":"f.8AA54734AA77FC8FA71C50576EE7DE7A.d.81896DEF35B35D6ACD8ACA98F9D48BFD.e.349","type":"node","value":{"attributes":{"class":"relative","style":"height: 28.5rem; min-width: 19rem; border-radius: 0.4rem; box-shadow: transparent 0px 0px 0px 0.3rem; transform: scale(1); transition: box-shadow 0.2s, transform 0.2s ease-in;"},"childNodeCount":1,"localName":"div","namespaceURI":"http://www.w3.org/1999/xhtml","nodeType":1,"shadowRoot":null}},{"sharedId":"f.8AA54734AA77FC8FA71C50576EE7DE7A.d.81896DEF35B35D6ACD8ACA98F9D48BFD.e.350","type":"node","value":{"attributes":{"class":"relative overflow-hidden","style":"width: 19rem; height: 100%; transition: width 0.3s;"},"childNodeCount":2,"localName":"div","namespaceURI":"http://www.w3.org/1999/xhtml","nodeType":1,"shadowRoot":null}},{"sharedId":"f.8AA54734AA77FC8FA71C50576EE7DE7A.d.81896DEF35B35D6ACD8ACA98F9D48BFD.e.351","type":"node","value":{"attributes":{"class":"absolute inset-0 z-0 h-full hidden"},"childNodeCount":1,"localName":"div","namespaceURI":"http://www.w3.org/1999/xhtml","nodeType":1,"shadowRoot":null}},{"sharedId":"f.8AA54734AA77FC8FA71C50576EE7DE7A.d.81896DEF35B35D6ACD8ACA98F9D48BFD.e.352","type":"node","value":{"attributes":{"class":"absolute inset-0 flex h-full items-center justify-center overflow-hidden text-ellipsis break-words p-[0.5rem] text-center","style":"width: 19rem; background-color: rgb(66, 66, 66); border-radius: 0.4rem;"},"childNodeCount":1,"localName":"div","namespaceURI":"http://www.w3.org/1999/xhtml","nodeType":1,"shadowRoot":null}},{"sharedId":"f.8AA54734AA77FC8FA71C50576EE7DE7A.d.81896DEF35B35D6ACD8ACA98F9D48BFD.e.353","type":"node","value":{"attributes":{"class":"max-w-full whitespace-normal break-words text-[2.4rem] font-semibold"},"childNodeCount":1,"localName":"p","namespaceURI":"http://www.w3.org/1999/xhtml","nodeType":1,"shadowRoot":null}},{"sharedId":"f.8AA54734AA77FC8FA71C50576EE7DE7A.d.81896DEF35B35D6ACD8ACA98F9D48BFD.e.354","type":"node","value":{"attributes":{"alt":"SOCO: Limited Crime Docu Drama","class":"absolute inset-0 z-10 h-full w-full","src":"https://pql-static.abs-cbn.com/images/soco.thumb-portrait.V2.JPG?im_policy=portraitThumb_tv_fhd","style":"object-fit: cover; border-radius: 0.4rem;"},"childNodeCount":0,"localName":"img","namespaceURI":"http://www.w3.org/1999/xhtml","nodeType":1,"shadowRoot":null}},{"sharedId":"f.8AA54734AA77FC8FA71C50576EE7DE7A.d.81896DEF35B35D6ACD8ACA98F9D48BFD.e.355","type":"node","value":{"attributes":{"class":"thumbnail relative cursor-pointer outline-none"},"childNodeCount":1,"localName":"div","namespaceURI":"http://www.w3.org/1999/xhtml","nodeType":1,"shadowRoot":null}},{"sharedId":"f.8AA54734AA77FC8FA71C50576EE7DE7A.d.81896DEF35B35D6ACD8ACA98F9D48BFD.e.356","type":"node","value":{"attributes":{"class":"relative","style":"height: 28.5rem; min-width: 19rem; border-radius: 0.4rem; box-shadow: transparent 0px 0px 0px 0.3rem; transform: scale(1); transition: box-shadow 0.2s, transform 0.2s ease-in;"},"childNodeCount":2,"localName":"div","namespaceURI":"http://www.w3.org/1999/xhtml","nodeType":1,"shadowRoot":null}},{"sharedId":"f.8AA54734AA77FC8FA71C50576EE7DE7A.d.81896DEF35B35D6ACD8ACA98F9D48BFD.e.357","type":"node","value":{"attributes":{"class":"relative overflow-hidden","style":"width: 19rem; height: 100%; transition: width 0.3s;"},"childNodeCount":2,"localName":"div","namespaceURI":"http://www.w3.org/1999/xhtml","nodeType":1,"shadowRoot":null}},{"sharedId":"f.8AA54734AA77FC8FA71C50576EE7DE7A.d.81896DEF35B35D6ACD8ACA98F9D48BFD.e.358","type":"node","value":{"attributes":{"class":"absolute inset-0 z-0 h-full hidden"},"childNodeCount":1,"localName":"div","namespaceURI":"http://www.w3.org/1999/xhtml","nodeType":1,"shadowRoot":null}},{"sharedId":"f.8AA54734AA77FC8FA71C50576EE7DE7A.d.81896DEF35B35D6ACD8ACA98F9D48BFD.e.359","type":"node","value":{"attributes":{"class":"absolute inset-0 flex h-full items-center justify-center overflow-hidden text-ellipsis break-words p-[0.5rem] text-center","style":"width: 19rem; background-color: rgb(66, 66, 66); border-radius: 0.4rem;"},"childNodeCount":1,"localName":"div","namespaceURI":"http://www.w3.org/1999/xhtml","nodeType":1,"shadowRoot":null}},{"sharedId":"f.8AA54734AA77FC8FA71C50576EE7DE7A.d.81896DEF35B35D6ACD8ACA98F9D48BFD.e.360","type":"node","value":{"attributes":{"class":"max-w-full whitespace-normal break-words text-[2.4rem] font-semibold"},"childNodeCount":1,"localName":"p","namespaceURI":"http://www.w3.org/1999/xhtml","nodeType":1,"shadowRoot":null}},{"sharedId":"f.8AA54734AA77FC8FA71C50576EE7DE7A.d.81896DEF35B35D6ACD8ACA98F9D48BFD.e.361","type":"node","value":{"attributes":{"alt":"Kuan on One","class":"absolute inset-0 z-10 h-full w-full","src":"https://pql-static.abs-cbn.com/images/kuanonone.thumb-portrait.v3.JPG?im_policy=portraitThumb_tv_fhd","style":"object-fit: cover; border-radius: 0.4rem;"},"childNodeCount":0,"localName":"img","namespaceURI":"http://www.w3.org/1999/xhtml","nodeType":1,"shadowRoot":null}},{"sharedId":"f.8AA54734AA77FC8FA71C50576EE7DE7A.d.81896DEF35B35D6ACD8ACA98F9D48BFD.e.362","type":"node","value":{"attributes":{"class":"absolute left-0 top-0 z-10"},"childNodeCount":1,"localName":"div","namespaceURI":"http://www.w3.org/1999/xhtml","nodeType":1,"shadowRoot":null}},{"sharedId":"f.8AA54734AA77FC8FA71C50576EE7DE7A.d.81896DEF35B35D6ACD8ACA98F9D48BFD.e.363","type":"node","value":{"attributes":{"alt":"https://pql-static.iwanttfc.com/static/uat/common/images/monetisation/free.png","class":"h-[3.2rem] w-auto object-contain","src":"https://pql-static.iwanttfc.com/static/uat/common/images/monetisation/free.png"},"childNodeCount":0,"localName":"img","namespaceURI":"http://www.w3.org/1999/xhtml","nodeType":1,"shadowRoot":null}},{"sharedId":"f.8AA54734AA77FC8FA71C50576EE7DE7A.d.81896DEF35B35D6ACD8ACA98F9D48BFD.e.364","type":"node","value":{"attributes":{"class":"thumbnail relative cursor-pointer outline-none"},"childNodeCount":1,"localName":"div","namespaceURI":"http://www.w3.org/1999/xhtml","nodeType":1,"shadowRoot":null}},{"sharedId":"f.8AA54734AA77FC8FA71C50576EE7DE7A.d.81896DEF35B35D6ACD8ACA98F9D48BFD.e.365","type":"node","value":{"attributes":{"class":"relative","style":"height: 28.5rem; min-width: 19rem; border-radius: 0.4rem; box-shadow: transparent 0px 0px 0px 0.3rem; transform: scale(1); transition: box-shadow 0.2s, transform 0.2s ease-in;"},"childNodeCount":2,"localName":"div","namespaceURI":"http://www.w3.org/1999/xhtml","nodeType":1,"shadowRoot":null}},{"sharedId":"f.8AA54734AA77FC8FA71C50576EE7DE7A.d.81896DEF35B35D6ACD8ACA98F9D48BFD.e.366","type":"node","value":{"attributes":{"class":"relative overflow-hidden","style":"width: 19rem; height: 100%; transition: width 0.3s;"},"childNodeCount":2,"localName":"div","namespaceURI":"http://www.w3.org/1999/xhtml","nodeType":1,"shadowRoot":null}},{"sharedId":"f.8AA54734AA77FC8FA71C50576EE7DE7A.d.81896DEF35B35D6ACD8ACA98F9D48BFD.e.367","type":"node","value":{"attributes":{"class":"absolute inset-0 z-0 h-full hidden"},"childNodeCount":1,"localName":"div","namespaceURI":"http://www.w3.org/1999/xhtml","nodeType":1,"shadowRoot":null}},{"sharedId":"f.8AA54734AA77FC8FA71C50576EE7DE7A.d.81896DEF35B35D6ACD8ACA98F9D48BFD.e.368","type":"node","value":{"attributes":{"class":"absolute inset-0 flex h-full items-center justify-center overflow-hidden text-ellipsis break-words p-[0.5rem] text-center","style":"width: 19rem; background-color: rgb(66, 66, 66); border-radius: 0.4rem;"},"childNodeCount":1,"localName":"div","namespaceURI":"http://www.w3.org/1999/xhtml","nodeType":1,"shadowRoot":null}},{"sharedId":"f.8AA54734AA77FC8FA71C50576EE7DE7A.d.81896DEF35B35D6ACD8ACA98F9D48BFD.e.369","type":"node","value":{"attributes":{"class":"max-w-full whitespace-normal break-words text-[2.4rem] font-semibold"},"childNodeCount":1,"localName":"p","namespaceURI":"http://www.w3.org/1999/xhtml","nodeType":1,"shadowRoot":null}},{"sharedId":"f.8AA54734AA77FC8FA71C50576EE7DE7A.d.81896DEF35B35D6ACD8ACA98F9D48BFD.e.370","type":"node","value":{"attributes":{"alt":"Pinoy Big Brother Celebrity Collab Edition 2.0","class":"absolute inset-0 z-10 h-full w-full","src":"https://pql-static.abs-cbn.com/images/pbbcelebritycollab.thumb-portrait.V4.JPG?im_policy=portraitThumb_tv_fhd","style":"object-fit: cover; border-radius: 0.4rem;"},"childNodeCount":0,"localName":"img","namespaceURI":"http://www.w3.org/1999/xhtml","nodeType":1,"shadowRoot":null}},{"sharedId":"f.8AA54734AA77FC8FA71C50576EE7DE7A.d.81896DEF35B35D6ACD8ACA98F9D48BFD.e.371","type":"node","value":{"attributes":{"class":"absolute top-0 right-0 z-10"},"childNodeCount":1,"localName":"div","namespaceURI":"http://www.w3.org/1999/xhtml","nodeType":1,"shadowRoot":null}},{"sharedId":"f.8AA54734AA77FC8FA71C50576EE7DE7A.d.81896DEF35B35D6ACD8ACA98F9D48BFD.e.372","type":"node","value":{"attributes":{"alt":"top_10","class":"h-[3.2rem] max-w-min object-contain","src":"https://pql-static.iwanttfc.com/static/uat/common/images/labels/top_10_new.png"},"childNodeCount":0,"localName":"img","namespaceURI":"http://www.w3.org/1999/xhtml","nodeType":1,"shadowRoot":null}},{"sharedId":"f.8AA54734AA77FC8FA71C50576EE7DE7A.d.81896DEF35B35D6ACD8ACA98F9D48BFD.e.373","type":"node","value":{"attributes":{"class":"thumbnail relative cursor-pointer outline-none"},"childNodeCount":1,"localName":"div","namespaceURI":"http://www.w3.org/1999/xhtml","nodeType":1,"shadowRoot":null}},{"sharedId":"f.8AA54734AA77FC8FA71C50576EE7DE7A.d.81896DEF35B35D6ACD8ACA98F9D48BFD.e.374","type":"node","value":{"attributes":{"class":"relative","style":"height: 28.5rem; min-width: 19rem; border-radius: 0.4rem; box-shadow: transparent 0px 0px 0px 0.3rem; transform: scale(1); transition: box-shadow 0.2s, transform 0.2s ease-in;"},"childNodeCount":2,"localName":"div","namespaceURI":"http://www.w3.org/1999/xhtml","nodeType":1,"shadowRoot":null}},{"sharedId":"f.8AA54734AA77FC8FA71C50576EE7DE7A.d.81896DEF35B35D6ACD8ACA98F9D48BFD.e.375","type":"node","value":{"attributes":{"class":"relative overflow-hidden","style":"width: 19rem; height: 100%; transition: width 0.3s;"},"childNodeCount":2,"localName":"div","namespaceURI":"http://www.w3.org/1999/xhtml","nodeType":1,"shadowRoot":null}},{"sharedId":"f.8AA54734AA77FC8FA71C50576EE7DE7A.d.81896DEF35B35D6ACD8ACA98F9D48BFD.e.376","type":"node","value":{"attributes":{"class":"absolute inset-0 z-0 h-full hidden"},"childNodeCount":1,"localName":"div","namespaceURI":"http://www.w3.org/1999/xhtml","nodeType":1,"shadowRoot":null}},{"sharedId":"f.8AA54734AA77FC8FA71C50576EE7DE7A.d.81896DEF35B35D6ACD8ACA98F9D48BFD.e.377","type":"node","value":{"attributes":{"class":"absolute inset-0 flex h-full items-center justify-center overflow-hidden text-ellipsis break-words p-[0.5rem] text-center","style":"width: 19rem; background-color: rgb(66, 66, 66); border-radius: 0.4rem;"},"childNodeCount":1,"localName":"div","namespaceURI":"http://www.w3.org/1999/xhtml","nodeType":1,"shadowRoot":null}},{"sharedId":"f.8AA54734AA77FC8FA71C50576EE7DE7A.d.81896DEF35B35D6ACD8ACA98F9D48BFD.e.378","type":"node","value":{"attributes":{"class":"max-w-full whitespace-normal break-words text-[2.4rem] font-semibold"},"childNodeCount":1,"localName":"p","namespaceURI":"http://www.w3.org/1999/xhtml","nodeType":1,"shadowRoot":null}},{"sharedId":"f.8AA54734AA77FC8FA71C50576EE7DE7A.d.81896DEF35B35D6ACD8ACA98F9D48BFD.e.379","type":"node","value":{"attributes":{"alt":"It's Showtime","class":"absolute inset-0 z-10 h-full w-full","src":"https://pql-static.abs-cbn.com/images/itsshowtime.thumb-portrait.v3.jpg?im_policy=portraitThumb_tv_fhd","style":"object-fit: cover; border-radius: 0.4rem;"},"childNodeCount":0,"localName":"img","namespaceURI":"http://www.w3.org/1999/xhtml","nodeType":1,"shadowRoot":null}},{"sharedId":"f.8AA54734AA77FC8FA71C50576EE7DE7A.d.81896DEF35B35D6ACD8ACA98F9D48BFD.e.380","type":"node","value":{"attributes":{"class":"absolute top-0 right-0 z-10"},"childNodeCount":1,"localName":"div","namespaceURI":"http://www.w3.org/1999/xhtml","nodeType":1,"shadowRoot":null}},{"sharedId":"f.8AA54734AA77FC8FA71C50576EE7DE7A.d.81896DEF35B35D6ACD8ACA98F9D48BFD.e.381","type":"node","value":{"attributes":{"alt":"top_10","class":"h-[3.2rem] max-w-min object-contain","src":"https://pql-static.iwanttfc.com/static/uat/common/images/labels/top_10_new.png"},"childNodeCount":0,"localName":"img","namespaceURI":"http://www.w3.org/1999/xhtml","nodeType":1,"shadowRoot":null}},{"sharedId":"f.8AA54734AA77FC8FA71C50576EE7DE7A.d.81896DEF35B35D6ACD8ACA98F9D48BFD.e.382","type":"node","value":{"attributes":{"class":"thumbnail relative cursor-pointer outline-none"},"childNodeCount":1,"localName":"div","namespaceURI":"http://www.w3.org/1999/xhtml","nodeType":1,"shadowRoot":null}},{"sharedId":"f.8AA54734AA77FC8FA71C50576EE7DE7A.d.81896DEF35B35D6ACD8ACA98F9D48BFD.e.383","type":"node","value":{"attributes":{"class":"relative","style":"height: 28.5rem; min-width: 19rem; border-radius: 0.4rem; box-shadow: transparent 0px 0px 0px 0.3rem; transform: scale(1); transition: box-shadow 0.2s, transform 0.2s ease-in;"},"childNodeCount":2,"localName":"div","namespaceURI":"http://www.w3.org/1999/xhtml","nodeType":1,"shadowRoot":null}},{"sharedId":"f.8AA54734AA77FC8FA71C50576EE7DE7A.d.81896DEF35B35D6ACD8ACA98F9D48BFD.e.384","type":"node","value":{"attributes":{"class":"relative overflow-hidden","style":"width: 19rem; height: 100%; transition: width 0.3s;"},"childNodeCount":2,"localName":"div","namespaceURI":"http://www.w3.org/1999/xhtml","nodeType":1,"shadowRoot":null}},{"sharedId":"f.8AA54734AA77FC8FA71C50576EE7DE7A.d.81896DEF35B35D6ACD8ACA98F9D48BFD.e.385","type":"node","value":{"attributes":{"class":"absolute inset-0 z-0 h-full hidden"},"childNodeCount":1,"localName":"div","namespaceURI":"http://www.w3.org/1999/xhtml","nodeType":1,"shadowRoot":null}},{"sharedId":"f.8AA54734AA77FC8FA71C50576EE7DE7A.d.81896DEF35B35D6ACD8ACA98F9D48BFD.e.386","type":"node","value":{"attributes":{"class":"absolute inset-0 flex h-full items-center justify-center overflow-hidden text-ellipsis break-words p-[0.5rem] text-center","style":"width: 19rem; background-color: rgb(66, 66, 66); border-radius: 0.4rem;"},"childNodeCount":1,"localName":"div","namespaceURI":"http://www.w3.org/1999/xhtml","nodeType":1,"shadowRoot":null}},{"sharedId":"f.8AA54734AA77FC8FA71C50576EE7DE7A.d.81896DEF35B35D6ACD8ACA98F9D48BFD.e.387","type":"node","value":{"attributes":{"class":"max-w-full whitespace-normal break-words text-[2.4rem] font-semibold"},"childNodeCount":1,"localName":"p","namespaceURI":"http://www.w3.org/1999/xhtml","nodeType":1,"shadowRoot":null}},{"sharedId":"f.8AA54734AA77FC8FA71C50576EE7DE7A.d.81896DEF35B35D6ACD8ACA98F9D48BFD.e.388","type":"node","value":{"attributes":{"alt":"A Second Chance","class":"absolute inset-0 z-10 h-full w-full","src":"https://pql-static.abs-cbn.com/images/asecondchance.thumb-portrait.jpg?im_policy=portraitThumb_tv_fhd","style":"object-fit: cover; border-radius: 0.4rem;"},"childNodeCount":0,"localName":"img","namespaceURI":"http://www.w3.org/1999/xhtml","nodeType":1,"shadowRoot":null}},{"sharedId":"f.8AA54734AA77FC8FA71C50576EE7DE7A.d.81896DEF35B35D6ACD8ACA98F9D48BFD.e.389","type":"node","value":{"attributes":{"class":"absolute left-0 top-0 z-10"},"childNodeCount":1,"localName":"div","namespaceURI":"http://www.w3.org/1999/xhtml","nodeType":1,"shadowRoot":null}},{"sharedId":"f.8AA54734AA77FC8FA71C50576EE7DE7A.d.81896DEF35B35D6ACD8ACA98F9D48BFD.e.390","type":"node","value":{"attributes":{"alt":"https://pql-static.iwanttfc.com/static/uat/common/images/monetisation/free.png","class":"h-[3.2rem] w-auto object-contain","src":"https://pql-static.iwanttfc.com/static/uat/common/images/monetisation/free.png"},"childNodeCount":0,"localName":"img","namespaceURI":"http://www.w3.org/1999/xhtml","nodeType":1,"shadowRoot":null}},{"sharedId":"f.8AA54734AA77FC8FA71C50576EE7DE7A.d.81896DEF35B35D6ACD8ACA98F9D48BFD.e.391","type":"node","value":{"attributes":{"class":"thumbnail relative cursor-pointer outline-none"},"childNodeCount":1,"localName":"div","namespaceURI":"http://www.w3.org/1999/xhtml","nodeType":1,"shadowRoot":null}},{"sharedId":"f.8AA54734AA77FC8FA71C50576EE7DE7A.d.81896DEF35B35D6ACD8ACA98F9D48BFD.e.392","type":"node","value":{"attributes":{"class":"relative","style":"height: 28.5rem; min-width: 19rem; border-radius: 0.4rem; box-shadow: transparent 0px 0px 0px 0.3rem; transform: scale(1); transition: box-shadow 0.2s, transform 0.2s ease-in;"},"childNodeCount":1,"localName":"div","namespaceURI":"http://www.w3.org/1999/xhtml","nodeType":1,"shadowRoot":null}},{"sharedId":"f.8AA54734AA77FC8FA71C50576EE7DE7A.d.81896DEF35B35D6ACD8ACA98F9D48BFD.e.393","type":"node","value":{"attributes":{"class":"relative overflow-hidden","style":"width: 19rem; height: 100%; transition: width 0.3s;"},"childNodeCount":2,"localName":"div","namespaceURI":"http://www.w3.org/1999/xhtml","nodeType":1,"shadowRoot":null}},{"sharedId":"f.8AA54734AA77FC8FA71C50576EE7DE7A.d.81896DEF35B35D6ACD8ACA98F9D48BFD.e.394","type":"node","value":{"attributes":{"class":"absolute inset-0 z-0 h-full hidden"},"childNodeCount":1,"localName":"div","namespaceURI":"http://www.w3.org/1999/xhtml","nodeType":1,"shadowRoot":null}},{"sharedId":"f.8AA54734AA77FC8FA71C50576EE7DE7A.d.81896DEF35B35D6ACD8ACA98F9D48BFD.e.395","type":"node","value":{"attributes":{"class":"absolute inset-0 flex h-full items-center justify-center overflow-hidden text-ellipsis break-words p-[0.5rem] text-center","style":"width: 19rem; background-color: rgb(66, 66, 66); border-radius: 0.4rem;"},"childNodeCount":1,"localName":"div","namespaceURI":"http://www.w3.org/1999/xhtml","nodeType":1,"shadowRoot":null}},{"sharedId":"f.8AA54734AA77FC8FA71C50576EE7DE7A.d.81896DEF35B35D6ACD8ACA98F9D48BFD.e.396","type":"node","value":{"attributes":{"class":"max-w-full whitespace-normal break-words text-[2.4rem] font-semibold"},"childNodeCount":1,"localName":"p","namespaceURI":"http://www.w3.org/1999/xhtml","nodeType":1,"shadowRoot":null}},{"sharedId":"f.8AA54734AA77FC8FA71C50576EE7DE7A.d.81896DEF35B35D6ACD8ACA98F9D48BFD.e.397","type":"node","value":{"attributes":{"alt":"Love, Joy, Hope: Sabay Tayo Ngayong Pasko Recording Video","class":"absolute inset-0 z-10 h-full w-full","src":"https://pql-static.abs-cbn.com/images/lovejoyhoperecording.thumb-portrait.v2.JPG?im_policy=portraitThumb_tv_fhd","style":"object-fit: cover; border-radius: 0.4rem;"},"childNodeCount":0,"localName":"img","namespaceURI":"http://www.w3.org/1999/xhtml","nodeType":1,"shadowRoot":null}},{"sharedId":"f.8AA54734AA77FC8FA71C50576EE7DE7A.d.81896DEF35B35D6ACD8ACA98F9D48BFD.e.398","type":"node","value":{"attributes":{"class":"thumbnail relative cursor-pointer outline-none"},"childNodeCount":1,"localName":"div","namespaceURI":"http://www.w3.org/1999/xhtml","nodeType":1,"shadowRoot":null}},{"sharedId":"f.8AA54734AA77FC8FA71C50576EE7DE7A.d.81896DEF35B35D6ACD8ACA98F9D48BFD.e.399","type":"node","value":{"attributes":{"class":"relative","style":"height: 28.5rem; min-width: 19rem; border-radius: 0.4rem; box-shadow: transparent 0px 0px 0px 0.3rem; transform: scale(1); transition: box-shadow 0.2s, transform 0.2s ease-in;"},"childNodeCount":2,"localName":"div","namespaceURI":"http://www.w3.org/1999/xhtml","nodeType":1,"shadowRoot":null}},{"sharedId":"f.8AA54734AA77FC8FA71C50576EE7DE7A.d.81896DEF35B35D6ACD8ACA98F9D48BFD.e.400","type":"node","value":{"attributes":{"class":"relative overflow-hidden","style":"width: 19rem; height: 100%; transition: width 0.3s;"},"childNodeCount":2,"localName":"div","namespaceURI":"http://www.w3.org/1999/xhtml","nodeType":1,"shadowRoot":null}},{"sharedId":"f.8AA54734AA77FC8FA71C50576EE7DE7A.d.81896DEF35B35D6ACD8ACA98F9D48BFD.e.401","type":"node","value":{"attributes":{"class":"absolute inset-0 z-0 h-full hidden"},"childNodeCount":1,"localName":"div","namespaceURI":"http://www.w3.org/1999/xhtml","nodeType":1,"shadowRoot":null}},{"sharedId":"f.8AA54734AA77FC8FA71C50576EE7DE7A.d.81896DEF35B35D6ACD8ACA98F9D48BFD.e.402","type":"node","value":{"attributes":{"class":"absolute inset-0 flex h-full items-center justify-center overflow-hidden text-ellipsis break-words p-[0.5rem] text-center","style":"width: 19rem; background-color: rgb(66, 66, 66); border-radius: 0.4rem;"},"childNodeCount":1,"localName":"div","namespaceURI":"http://www.w3.org/1999/xhtml","nodeType":1,"shadowRoot":null}},{"sharedId":"f.8AA54734AA77FC8FA71C50576EE7DE7A.d.81896DEF35B35D6ACD8ACA98F9D48BFD.e.403","type":"node","value":{"attributes":{"class":"max-w-full whitespace-normal break-words text-[2.4rem] font-semibold"},"childNodeCount":1,"localName":"p","namespaceURI":"http://www.w3.org/1999/xhtml","nodeType":1,"shadowRoot":null}},{"sharedId":"f.8AA54734AA77FC8FA71C50576EE7DE7A.d.81896DEF35B35D6ACD8ACA98F9D48BFD.e.404","type":"node","value":{"attributes":{"alt":"Delubyo: Ang Halit ni Tino sa Negros","class":"absolute inset-0 z-10 h-full w-full","src":"https://pql-static.abs-cbn.com/images/delubyoanghalitnitino.thumb-portrait.JPG?im_policy=portraitThumb_tv_fhd","style":"object-fit: cover; border-radius: 0.4rem;"},"childNodeCount":0,"localName":"img","namespaceURI":"http://www.w3.org/1999/xhtml","nodeType":1,"shadowRoot":null}},{"sharedId":"f.8AA54734AA77FC8FA71C50576EE7DE7A.d.81896DEF35B35D6ACD8ACA98F9D48BFD.e.405","type":"node","value":{"attributes":{"class":"absolute left-0 top-0 z-10"},"childNodeCount":1,"localName":"div","namespaceURI":"http://www.w3.org/1999/xhtml","nodeType":1,"shadowRoot":null}},{"sharedId":"f.8AA54734AA77FC8FA71C50576EE7DE7A.d.81896DEF35B35D6ACD8ACA98F9D48BFD.e.406","type":"node","value":{"attributes":{"alt":"https://pql-static.iwanttfc.com/static/uat/common/images/monetisation/free.png","class":"h-[3.2rem] w-auto object-contain","src":"https://pql-static.iwanttfc.com/static/uat/common/images/monetisation/free.png"},"childNodeCount":0,"localName":"img","namespaceURI":"http://www.w3.org/1999/xhtml","nodeType":1,"shadowRoot":null}},{"sharedId":"f.8AA54734AA77FC8FA71C50576EE7DE7A.d.81896DEF35B35D6ACD8ACA98F9D48BFD.e.407","type":"node","value":{"attributes":{"class":"thumbnail relative cursor-pointer outline-none"},"childNodeCount":1,"localName":"div","namespaceURI":"http://www.w3.org/1999/xhtml","nodeType":1,"shadowRoot":null}},{"sharedId":"f.8AA54734AA77FC8FA71C50576EE7DE7A.d.81896DEF35B35D6ACD8ACA98F9D48BFD.e.408","type":"node","value":{"attributes":{"class":"relative","style":"height: 28.5rem; min-width: 19rem; border-radius: 0.4rem; box-shadow: transparent 0px 0px 0px 0.3rem; transform: scale(1); transition: box-shadow 0.2s, transform 0.2s ease-in;"},"childNodeCount":2,"localName":"div","namespaceURI":"http://www.w3.org/1999/xhtml","nodeType":1,"shadowRoot":null}},{"sharedId":"f.8AA54734AA77FC8FA71C50576EE7DE7A.d.81896DEF35B35D6ACD8ACA98F9D48BFD.e.409","type":"node","value":{"attributes":{"class":"relative overflow-hidden","style":"width: 19rem; height: 100%; transition: width 0.3s;"},"childNodeCount":2,"localName":"div","namespaceURI":"http://www.w3.org/1999/xhtml","nodeType":1,"shadowRoot":null}},{"sharedId":"f.8AA54734AA77FC8FA71C50576EE7DE7A.d.81896DEF35B35D6ACD8ACA98F9D48BFD.e.410","type":"node","value":{"attributes":{"class":"absolute inset-0 z-0 h-full hidden"},"childNodeCount":1,"localName":"div","namespaceURI":"http://www.w3.org/1999/xhtml","nodeType":1,"shadowRoot":null}},{"sharedId":"f.8AA54734AA77FC8FA71C50576EE7DE7A.d.81896DEF35B35D6ACD8ACA98F9D48BFD.e.411","type":"node","value":{"attributes":{"class":"absolute inset-0 flex h-full items-center justify-center overflow-hidden text-ellipsis break-words p-[0.5rem] text-center","style":"width: 19rem; background-color: rgb(66, 66, 66); border-radius: 0.4rem;"},"childNodeCount":1,"localName":"div","namespaceURI":"http://www.w3.org/1999/xhtml","nodeType":1,"shadowRoot":null}},{"sharedId":"f.8AA54734AA77FC8FA71C50576EE7DE7A.d.81896DEF35B35D6ACD8ACA98F9D48BFD.e.412","type":"node","value":{"attributes":{"class":"max-w-full whitespace-normal break-words text-[2.4rem] font-semibold"},"childNodeCount":1,"localName":"p","namespaceURI":"http://www.w3.org/1999/xhtml","nodeType":1,"shadowRoot":null}},{"sharedId":"f.8AA54734AA77FC8FA71C50576EE7DE7A.d.81896DEF35B35D6ACD8ACA98F9D48BFD.e.413","type":"node","value":{"attributes":{"alt":"ABS-CBN Christmas IDs","class":"absolute inset-0 z-10 h-full w-full","src":"https://pql-static.abs-cbn.com/images/abscbnchristmasstationid.thumb-portrait.JPG?im_policy=portraitThumb_tv_fhd","style":"object-fit: cover; border-radius: 0.4rem;"},"childNodeCount":0,"localName":"img","namespaceURI":"http://www.w3.org/1999/xhtml","nodeType":1,"shadowRoot":null}},{"sharedId":"f.8AA54734AA77FC8FA71C50576EE7DE7A.d.81896DEF35B35D6ACD8ACA98F9D48BFD.e.414","type":"node","value":{"attributes":{"class":"absolute left-0 top-0 z-10"},"childNodeCount":1,"localName":"div","namespaceURI":"http://www.w3.org/1999/xhtml","nodeType":1,"shadowRoot":null}},{"sharedId":"f.8AA54734AA77FC8FA71C50576EE7DE7A.d.81896DEF35B35D6ACD8ACA98F9D48BFD.e.415","type":"node","value":{"attributes":{"alt":"https://pql-static.iwanttfc.com/static/uat/common/images/monetisation/free.png","class":"h-[3.2rem] w-auto object-contain","src":"https://pql-static.iwanttfc.com/static/uat/common/images/monetisation/free.png"},"childNodeCount":0,"localName":"img","namespaceURI":"http://www.w3.org/1999/xhtml","nodeType":1,"shadowRoot":null}},{"sharedId":"f.8AA54734AA77FC8FA71C50576EE7DE7A.d.81896DEF35B35D6ACD8ACA98F9D48BFD.e.416","type":"node","value":{"attributes":{"class":"thumbnail relative cursor-pointer outline-none"},"childNodeCount":1,"localName":"div","namespaceURI":"http://www.w3.org/1999/xhtml","nodeType":1,"shadowRoot":null}},{"sharedId":"f.8AA54734AA77FC8FA71C50576EE7DE7A.d.81896DEF35B35D6ACD8ACA98F9D48BFD.e.417","type":"node","value":{"attributes":{"class":"relative","style":"height: 28.5rem; min-width: 19rem; border-radius: 0.4rem; box-shadow: transparent 0px 0px 0px 0.3rem; transform: scale(1); transition: box-shadow 0.2s, transform 0.2s ease-in;"},"childNodeCount":2,"localName":"div","namespaceURI":"http://www.w3.org/1999/xhtml","nodeType":1,"shadowRoot":null}},{"sharedId":"f.8AA54734AA77FC8FA71C50576EE7DE7A.d.81896DEF35B35D6ACD8ACA98F9D48BFD.e.418","type":"node","value":{"attributes":{"class":"relative overflow-hidden","style":"width: 19rem; height: 100%; transition: width 0.3s;"},"childNodeCount":2,"localName":"div","namespaceURI":"http://www.w3.org/1999/xhtml","nodeType":1,"shadowRoot":null}},{"sharedId":"f.8AA54734AA77FC8FA71C50576EE7DE7A.d.81896DEF35B35D6ACD8ACA98F9D48BFD.e.419","type":"node","value":{"attributes":{"class":"absolute inset-0 z-0 h-full hidden"},"childNodeCount":1,"localName":"div","namespaceURI":"http://www.w3.org/1999/xhtml","nodeType":1,"shadowRoot":null}},{"sharedId":"f.8AA54734AA77FC8FA71C50576EE7DE7A.d.81896DEF35B35D6ACD8ACA98F9D48BFD.e.420","type":"node","value":{"attributes":{"class":"absolute inset-0 flex h-full items-center justify-center overflow-hidden text-ellipsis break-words p-[0.5rem] text-center","style":"width: 19rem; background-color: rgb(66, 66, 66); border-radius: 0.4rem;"},"childNodeCount":1,"localName":"div","namespaceURI":"http://www.w3.org/1999/xhtml","nodeType":1,"shadowRoot":null}},{"sharedId":"f.8AA54734AA77FC8FA71C50576EE7DE7A.d.81896DEF35B35D6ACD8ACA98F9D48BFD.e.421","type":"node","value":{"attributes":{"class":"max-w-full whitespace-normal break-words text-[2.4rem] font-semibold"},"childNodeCount":1,"localName":"p","namespaceURI":"http://www.w3.org/1999/xhtml","nodeType":1,"shadowRoot":null}},{"sharedId":"f.8AA54734AA77FC8FA71C50576EE7DE7A.d.81896DEF35B35D6ACD8ACA98F9D48BFD.e.422","type":"node","value":{"attributes":{"alt":"The Hows of Us","class":"absolute inset-0 z-10 h-full w-full","src":"https://pql-static.abs-cbn.com/images/thehowsofus.thumb-portrait.jpg?im_policy=portraitThumb_tv_fhd","style":"object-fit: cover; border-radius: 0.4rem;"},"childNodeCount":0,"localName":"img","namespaceURI":"http://www.w3.org/1999/xhtml","nodeType":1,"shadowRoot":null}},{"sharedId":"f.8AA54734AA77FC8FA71C50576EE7DE7A.d.81896DEF35B35D6ACD8ACA98F9D48BFD.e.423","type":"node","value":{"attributes":{"class":"absolute top-0 right-0 z-10"},"childNodeCount":1,"localName":"div","namespaceURI":"http://www.w3.org/1999/xhtml","nodeType":1,"shadowRoot":null}},{"sharedId":"f.8AA54734AA77FC8FA71C50576EE7DE7A.d.81896DEF35B35D6ACD8ACA98F9D48BFD.e.424","type":"node","value":{"attributes":{"alt":"top_10","class":"h-[3.2rem] max-w-min object-contain","src":"https://pql-static.iwanttfc.com/static/uat/common/images/labels/top_10_new.png"},"childNodeCount":0,"localName":"img","namespaceURI":"http://www.w3.org/1999/xhtml","nodeType":1,"shadowRoot":null}},{"sharedId":"f.8AA54734AA77FC8FA71C50576EE7DE7A.d.81896DEF35B35D6ACD8ACA98F9D48BFD.e.425","type":"node","value":{"attributes":{"class":"thumbnail relative cursor-pointer outline-none"},"childNodeCount":1,"localName":"div","namespaceURI":"http://www.w3.org/1999/xhtml","nodeType":1,"shadowRoot":null}},{"sharedId":"f.8AA54734AA77FC8FA71C50576EE7DE7A.d.81896DEF35B35D6ACD8ACA98F9D48BFD.e.426","type":"node","value":{"attributes":{"class":"relative","style":"height: 28.5rem; min-width: 19rem; border-radius: 0.4rem; box-shadow: transparent 0px 0px 0px 0.3rem; transform: scale(1); transition: box-shadow 0.2s, transform 0.2s ease-in;"},"childNodeCount":1,"localName":"div","namespaceURI":"http://www.w3.org/1999/xhtml","nodeType":1,"shadowRoot":null}},{"sharedId":"f.8AA54734AA77FC8FA71C50576EE7DE7A.d.81896DEF35B35D6ACD8ACA98F9D48BFD.e.427","type":"node","value":{"attributes":{"class":"relative overflow-hidden","style":"width: 19rem; height: 100%; transition: width 0.3s;"},"childNodeCount":2,"localName":"div","namespaceURI":"http://www.w3.org/1999/xhtml","nodeType":1,"shadowRoot":null}},{"sharedId":"f.8AA54734AA77FC8FA71C50576EE7DE7A.d.81896DEF35B35D6ACD8ACA98F9D48BFD.e.428","type":"node","value":{"attributes":{"class":"absolute inset-0 z-0 h-full hidden"},"childNodeCount":1,"localName":"div","namespaceURI":"http://www.w3.org/1999/xhtml","nodeType":1,"shadowRoot":null}},{"sharedId":"f.8AA54734AA77FC8FA71C50576EE7DE7A.d.81896DEF35B35D6ACD8ACA98F9D48BFD.e.429","type":"node","value":{"attributes":{"class":"absolute inset-0 flex h-full items-center justify-center overflow-hidden text-ellipsis break-words p-[0.5rem] text-center","style":"width: 19rem; background-color: rgb(66, 66, 66); border-radius: 0.4rem;"},"childNodeCount":1,"localName":"div","namespaceURI":"http://www.w3.org/1999/xhtml","nodeType":1,"shadowRoot":null}},{"sharedId":"f.8AA54734AA77FC8FA71C50576EE7DE7A.d.81896DEF35B35D6ACD8ACA98F9D48BFD.e.430","type":"node","value":{"attributes":{"class":"max-w-full whitespace-normal break-words text-[2.4rem] font-semibold"},"childNodeCount":1,"localName":"p","namespaceURI":"http://www.w3.org/1999/xhtml","nodeType":1,"shadowRoot":null}},{"sharedId":"f.8AA54734AA77FC8FA71C50576EE7DE7A.d.81896DEF35B35D6ACD8ACA98F9D48BFD.e.431","type":"node","value":{"attributes":{"alt":"Benta Nights","class":"absolute inset-0 z-10 h-full w-full","src":"https://pql-static.abs-cbn.com/images/bentanights.thumb-portrait.JPG?im_policy=portraitThumb_tv_fhd","style":"object-fit: cover; border-radius: 0.4rem;"},"childNodeCount":0,"localName":"img","namespaceURI":"http://www.w3.org/1999/xhtml","nodeType":1,"shadowRoot":null}},{"sharedId":"f.8AA54734AA77FC8FA71C50576EE7DE7A.d.81896DEF35B35D6ACD8ACA98F9D48BFD.e.432","type":"node","value":{"attributes":{"class":"thumbnail relative cursor-pointer outline-none"},"childNodeCount":1,"localName":"div","namespaceURI":"http://www.w3.org/1999/xhtml","nodeType":1,"shadowRoot":null}},{"sharedId":"f.8AA54734AA77FC8FA71C50576EE7DE7A.d.81896DEF35B35D6ACD8ACA98F9D48BFD.e.433","type":"node","value":{"attributes":{"class":"relative","style":"height: 28.5rem; min-width: 19rem; border-radius: 0.4rem; box-shadow: transparent 0px 0px 0px 0.3rem; transform: scale(1); transition: box-shadow 0.2s, transform 0.2s ease-in;"},"childNodeCount":1,"localName":"div","namespaceURI":"http://www.w3.org/1999/xhtml","nodeType":1,"shadowRoot":null}},{"sharedId":"f.8AA54734AA77FC8FA71C50576EE7DE7A.d.81896DEF35B35D6ACD8ACA98F9D48BFD.e.434","type":"node","value":{"attributes":{"class":"relative overflow-hidden","style":"width: 19rem; height: 100%; transition: width 0.3s;"},"childNodeCount":2,"localName":"div","namespaceURI":"http://www.w3.org/1999/xhtml","nodeType":1,"shadowRoot":null}},{"sharedId":"f.8AA54734AA77FC8FA71C50576EE7DE7A.d.81896DEF35B35D6ACD8ACA98F9D48BFD.e.435","type":"node","value":{"attributes":{"class":"absolute inset-0 z-0 h-full hidden"},"childNodeCount":1,"localName":"div","namespaceURI":"http://www.w3.org/1999/xhtml","nodeType":1,"shadowRoot":null}},{"sharedId":"f.8AA54734AA77FC8FA71C50576EE7DE7A.d.81896DEF35B35D6ACD8ACA98F9D48BFD.e.436","type":"node","value":{"attributes":{"class":"absolute inset-0 flex h-full items-center justify-center overflow-hidden text-ellipsis break-words p-[0.5rem] text-center","style":"width: 19rem; background-color: rgb(66, 66, 66); border-radius: 0.4rem;"},"childNodeCount":1,"localName":"div","namespaceURI":"http://www.w3.org/1999/xhtml","nodeType":1,"shadowRoot":null}},{"sharedId":"f.8AA54734AA77FC8FA71C50576EE7DE7A.d.81896DEF35B35D6ACD8ACA98F9D48BFD.e.437","type":"node","value":{"attributes":{"class":"max-w-full whitespace-normal break-words text-[2.4rem] font-semibold"},"childNodeCount":1,"localName":"p","namespaceURI":"http://www.w3.org/1999/xhtml","nodeType":1,"shadowRoot":null}},{"sharedId":"f.8AA54734AA77FC8FA71C50576EE7DE7A.d.81896DEF35B35D6ACD8ACA98F9D48BFD.e.438","type":"node","value":{"attributes":{"alt":"An Island Called Hope","class":"absolute inset-0 z-10 h-full w-full","src":"https://pql-static.abs-cbn.com/images/anislandcalledhope.thumb-portrait.JPG?im_policy=portraitThumb_tv_fhd","style":"object-fit: cover; border-radius: 0.4rem;"},"childNodeCount":0,"localName":"img","namespaceURI":"http://www.w3.org/1999/xhtml","nodeType":1,"shadowRoot":null}},{"sharedId":"f.8AA54734AA77FC8FA71C50576EE7DE7A.d.81896DEF35B35D6ACD8ACA98F9D48BFD.e.439","type":"node","value":{"attributes":{"class":"thumbnail relative cursor-pointer outline-none"},"childNodeCount":1,"localName":"div","namespaceURI":"http://www.w3.org/1999/xhtml","nodeType":1,"shadowRoot":null}},{"sharedId":"f.8AA54734AA77FC8FA71C50576EE7DE7A.d.81896DEF35B35D6ACD8ACA98F9D48BFD.e.440","type":"node","value":{"attributes":{"class":"relative","style":"height: 28.5rem; min-width: 19rem; border-radius: 0.4rem; box-shadow: transparent 0px 0px 0px 0.3rem; transform: scale(1); transition: box-shadow 0.2s, transform 0.2s ease-in;"},"childNodeCount":2,"localName":"div","namespaceURI":"http://www.w3.org/1999/xhtml","nodeType":1,"shadowRoot":null}},{"sharedId":"f.8AA54734AA77FC8FA71C50576EE7DE7A.d.81896DEF35B35D6ACD8ACA98F9D48BFD.e.441","type":"node","value":{"attributes":{"class":"relative overflow-hidden","style":"width: 19rem; height: 100%; transition: width 0.3s;"},"childNodeCount":2,"localName":"div","namespaceURI":"http://www.w3.org/1999/xhtml","nodeType":1,"shadowRoot":null}},{"sharedId":"f.8AA54734AA77FC8FA71C50576EE7DE7A.d.81896DEF35B35D6ACD8ACA98F9D48BFD.e.442","type":"node","value":{"attributes":{"class":"absolute inset-0 z-0 h-full hidden"},"childNodeCount":1,"localName":"div","namespaceURI":"http://www.w3.org/1999/xhtml","nodeType":1,"shadowRoot":null}},{"sharedId":"f.8AA54734AA77FC8FA71C50576EE7DE7A.d.81896DEF35B35D6ACD8ACA98F9D48BFD.e.443","type":"node","value":{"attributes":{"class":"absolute inset-0 flex h-full items-center justify-center overflow-hidden text-ellipsis break-words p-[0.5rem] text-center","style":"width: 19rem; background-color: rgb(66, 66, 66); border-radius: 0.4rem;"},"childNodeCount":1,"localName":"div","namespaceURI":"http://www.w3.org/1999/xhtml","nodeType":1,"shadowRoot":null}},{"sharedId":"f.8AA54734AA77FC8FA71C50576EE7DE7A.d.81896DEF35B35D6ACD8ACA98F9D48BFD.e.444","type":"node","value":{"attributes":{"class":"max-w-full whitespace-normal break-words text-[2.4rem] font-semibold"},"childNodeCount":1,"localName":"p","namespaceURI":"http://www.w3.org/1999/xhtml","nodeType":1,"shadowRoot":null}},{"sharedId":"f.8AA54734AA77FC8FA71C50576EE7DE7A.d.81896DEF35B35D6ACD8ACA98F9D48BFD.e.445","type":"node","value":{"attributes":{"alt":"How the Aeta People Forage in the Philippines (Pampanga)","class":"absolute inset-0 z-10 h-full w-full","src":"https://pql-static.abs-cbn.com/images/howtheaetapeopleforageinphils.thumb-portrait.JPG?im_policy=portraitThumb_tv_fhd","style":"object-fit: cover; border-radius: 0.4rem;"},"childNodeCount":0,"localName":"img","namespaceURI":"http://www.w3.org/1999/xhtml","nodeType":1,"shadowRoot":null}},{"sharedId":"f.8AA54734AA77FC8FA71C50576EE7DE7A.d.81896DEF35B35D6ACD8ACA98F9D48BFD.e.446","type":"node","value":{"attributes":{"class":"absolute left-0 top-0 z-10"},"childNodeCount":1,"localName":"div","namespaceURI":"http://www.w3.org/1999/xhtml","nodeType":1,"shadowRoot":null}},{"sharedId":"f.8AA54734AA77FC8FA71C50576EE7DE7A.d.81896DEF35B35D6ACD8ACA98F9D48BFD.e.447","type":"node","value":{"attributes":{"alt":"https://pql-static.iwanttfc.com/static/uat/common/images/monetisation/free.png","class":"h-[3.2rem] w-auto object-contain","src":"https://pql-static.iwanttfc.com/static/uat/common/images/monetisation/free.png"},"childNodeCount":0,"localName":"img","namespaceURI":"http://www.w3.org/1999/xhtml","nodeType":1,"shadowRoot":null}},{"sharedId":"f.8AA54734AA77FC8FA71C50576EE7DE7A.d.81896DEF35B35D6ACD8ACA98F9D48BFD.e.448","type":"node","value":{"attributes":{"class":"thumbnail relative cursor-pointer outline-none"},"childNodeCount":1,"localName":"div","namespaceURI":"http://www.w3.org/1999/xhtml","nodeType":1,"shadowRoot":null}},{"sharedId":"f.8AA54734AA77FC8FA71C50576EE7DE7A.d.81896DEF35B35D6ACD8ACA98F9D48BFD.e.449","type":"node","value":{"attributes":{"class":"relative","style":"height: 28.5rem; min-width: 19rem; border-radius: 0.4rem; box-shadow: transparent 0px 0px 0px 0.3rem; transform: scale(1); transition: box-shadow 0.2s, transform 0.2s ease-in;"},"childNodeCount":2,"localName":"div","namespaceURI":"http://www.w3.org/1999/xhtml","nodeType":1,"shadowRoot":null}},{"sharedId":"f.8AA54734AA77FC8FA71C50576EE7DE7A.d.81896DEF35B35D6ACD8ACA98F9D48BFD.e.450","type":"node","value":{"attributes":{"class":"relative overflow-hidden","style":"width: 19rem; height: 100%; transition: width 0.3s;"},"childNodeCount":2,"localName":"div","namespaceURI":"http://www.w3.org/1999/xhtml","nodeType":1,"shadowRoot":null}},{"sharedId":"f.8AA54734AA77FC8FA71C50576EE7DE7A.d.81896DEF35B35D6ACD8ACA98F9D48BFD.e.451","type":"node","value":{"attributes":{"class":"absolute inset-0 z-0 h-full hidden"},"childNodeCount":1,"localName":"div","namespaceURI":"http://www.w3.org/1999/xhtml","nodeType":1,"shadowRoot":null}},{"sharedId":"f.8AA54734AA77FC8FA71C50576EE7DE7A.d.81896DEF35B35D6ACD8ACA98F9D48BFD.e.452","type":"node","value":{"attributes":{"class":"absolute inset-0 flex h-full items-center justify-center overflow-hidden text-ellipsis break-words p-[0.5rem] text-center","style":"width: 19rem; background-color: rgb(66, 66, 66); border-radius: 0.4rem;"},"childNodeCount":1,"localName":"div","namespaceURI":"http://www.w3.org/1999/xhtml","nodeType":1,"shadowRoot":null}},{"sharedId":"f.8AA54734AA77FC8FA71C50576EE7DE7A.d.81896DEF35B35D6ACD8ACA98F9D48BFD.e.453","type":"node","value":{"attributes":{"class":"max-w-full whitespace-normal break-words text-[2.4rem] font-semibold"},"childNodeCount":1,"localName":"p","namespaceURI":"http://www.w3.org/1999/xhtml","nodeType":1,"shadowRoot":null}},{"sharedId":"f.8AA54734AA77FC8FA71C50576EE7DE7A.d.81896DEF35B35D6ACD8ACA98F9D48BFD.e.454","type":"node","value":{"attributes":{"alt":"Rarely Seen Mountain Wedding Rituals (Ibayyo Wedding in Bontoc, Philippines)","class":"absolute inset-0 z-10 h-full w-full","src":"https://pql-static.abs-cbn.com/images/rarelyseenmountainwedrituals.thumb-portrait.JPG?im_policy=portraitThumb_tv_fhd","style":"object-fit: cover; border-radius: 0.4rem;"},"childNodeCount":0,"localName":"img","namespaceURI":"http://www.w3.org/1999/xhtml","nodeType":1,"shadowRoot":null}},{"sharedId":"f.8AA54734AA77FC8FA71C50576EE7DE7A.d.81896DEF35B35D6ACD8ACA98F9D48BFD.e.455","type":"node","value":{"attributes":{"class":"absolute left-0 top-0 z-10"},"childNodeCount":1,"localName":"div","namespaceURI":"http://www.w3.org/1999/xhtml","nodeType":1,"shadowRoot":null}},{"sharedId":"f.8AA54734AA77FC8FA71C50576EE7DE7A.d.81896DEF35B35D6ACD8ACA98F9D48BFD.e.456","type":"node","value":{"attributes":{"alt":"https://pql-static.iwanttfc.com/static/uat/common/images/monetisation/free.png","class":"h-[3.2rem] w-auto object-contain","src":"https://pql-static.iwanttfc.com/static/uat/common/images/monetisation/free.png"},"childNodeCount":0,"localName":"img","namespaceURI":"http://www.w3.org/1999/xhtml","nodeType":1,"shadowRoot":null}},{"sharedId":"f.8AA54734AA77FC8FA71C50576EE7DE7A.d.81896DEF35B35D6ACD8ACA98F9D48BFD.e.457","type":"node","value":{"attributes":{"class":"thumbnail relative cursor-pointer outline-none"},"childNodeCount":1,"localName":"div","namespaceURI":"http://www.w3.org/1999/xhtml","nodeType":1,"shadowRoot":null}},{"sharedId":"f.8AA54734AA77FC8FA71C50576EE7DE7A.d.81896DEF35B35D6ACD8ACA98F9D48BFD.e.458","type":"node","value":{"attributes":{"class":"relative","style":"height: 28.5rem; min-width: 19rem; border-radius: 0.4rem; box-shadow: transparent 0px 0px 0px 0.3rem; transform: scale(1); transition: box-shadow 0.2s, transform 0.2s ease-in;"},"childNodeCount":2,"localName":"div","namespaceURI":"http://www.w3.org/1999/xhtml","nodeType":1,"shadowRoot":null}},{"sharedId":"f.8AA54734AA77FC8FA71C50576EE7DE7A.d.81896DEF35B35D6ACD8ACA98F9D48BFD.e.459","type":"node","value":{"attributes":{"class":"relative overflow-hidden","style":"width: 19rem; height: 100%; transition: width 0.3s;"},"childNodeCount":2,"localName":"div","namespaceURI":"http://www.w3.org/1999/xhtml","nodeType":1,"shadowRoot":null}},{"sharedId":"f.8AA54734AA77FC8FA71C50576EE7DE7A.d.81896DEF35B35D6ACD8ACA98F9D48BFD.e.460","type":"node","value":{"attributes":{"class":"absolute inset-0 z-0 h-full hidden"},"childNodeCount":1,"localName":"div","namespaceURI":"http://www.w3.org/1999/xhtml","nodeType":1,"shadowRoot":null}},{"sharedId":"f.8AA54734AA77FC8FA71C50576EE7DE7A.d.81896DEF35B35D6ACD8ACA98F9D48BFD.e.461","type":"node","value":{"attributes":{"class":"absolute inset-0 flex h-full items-center justify-center overflow-hidden text-ellipsis break-words p-[0.5rem] text-center","style":"width: 19rem; background-color: rgb(66, 66, 66); border-radius: 0.4rem;"},"childNodeCount":1,"localName":"div","namespaceURI":"http://www.w3.org/1999/xhtml","nodeType":1,"shadowRoot":null}},{"sharedId":"f.8AA54734AA77FC8FA71C50576EE7DE7A.d.81896DEF35B35D6ACD8ACA98F9D48BFD.e.462","type":"node","value":{"attributes":{"class":"max-w-full whitespace-normal break-words text-[2.4rem] font-semibold"},"childNodeCount":1,"localName":"p","namespaceURI":"http://www.w3.org/1999/xhtml","nodeType":1,"shadowRoot":null}},{"sharedId":"f.8AA54734AA77FC8FA71C50576EE7DE7A.d.81896DEF35B35D6ACD8ACA98F9D48BFD.e.463","type":"node","value":{"attributes":{"alt":"The Cleanest City in the Philippines","class":"absolute inset-0 z-10 h-full w-full","src":"https://pql-static.abs-cbn.com/images/thecleanestcityinthephils.thumb-portrait.JPG?im_policy=portraitThumb_tv_fhd","style":"object-fit: cover; border-radius: 0.4rem;"},"childNodeCount":0,"localName":"img","namespaceURI":"http://www.w3.org/1999/xhtml","nodeType":1,"shadowRoot":null}},{"sharedId":"f.8AA54734AA77FC8FA71C50576EE7DE7A.d.81896DEF35B35D6ACD8ACA98F9D48BFD.e.464","type":"node","value":{"attributes":{"class":"absolute left-0 top-0 z-10"},"childNodeCount":1,"localName":"div","namespaceURI":"http://www.w3.org/1999/xhtml","nodeType":1,"shadowRoot":null}},{"sharedId":"f.8AA54734AA77FC8FA71C50576EE7DE7A.d.81896DEF35B35D6ACD8ACA98F9D48BFD.e.465","type":"node","value":{"attributes":{"alt":"https://pql-static.iwanttfc.com/static/uat/common/images/monetisation/free.png","class":"h-[3.2rem] w-auto object-contain","src":"https://pql-static.iwanttfc.com/static/uat/common/images/monetisation/free.png"},"childNodeCount":0,"localName":"img","namespaceURI":"http://www.w3.org/1999/xhtml","nodeType":1,"shadowRoot":null}},{"sharedId":"f.8AA54734AA77FC8FA71C50576EE7DE7A.d.81896DEF35B35D6ACD8ACA98F9D48BFD.e.466","type":"node","value":{"attributes":{"class":"thumbnail relative cursor-pointer outline-none"},"childNodeCount":1,"localName":"div","namespaceURI":"http://www.w3.org/1999/xhtml","nodeType":1,"shadowRoot":null}},{"sharedId":"f.8AA54734AA77FC8FA71C50576EE7DE7A.d.81896DEF35B35D6ACD8ACA98F9D48BFD.e.467","type":"node","value":{"attributes":{"class":"relative","style":"height: 28.5rem; min-width: 19rem; border-radius: 0.4rem; box-shadow: transparent 0px 0px 0px 0.3rem; transform: scale(1); transition: box-shadow 0.2s, transform 0.2s ease-in;"},"childNodeCount":1,"localName":"div","namespaceURI":"http://www.w3.org/1999/xhtml","nodeType":1,"shadowRoot":null}},{"sharedId":"f.8AA54734AA77FC8FA71C50576EE7DE7A.d.81896DEF35B35D6ACD8ACA98F9D48BFD.e.468","type":"node","value":{"attributes":{"class":"relative overflow-hidden","style":"width: 19rem; height: 100%; transition: width 0.3s;"},"childNodeCount":2,"localName":"div","namespaceURI":"http://www.w3.org/1999/xhtml","nodeType":1,"shadowRoot":null}},{"sharedId":"f.8AA54734AA77FC8FA71C50576EE7DE7A.d.81896DEF35B35D6ACD8ACA98F9D48BFD.e.469","type":"node","value":{"attributes":{"class":"absolute inset-0 z-0 h-full hidden"},"childNodeCount":1,"localName":"div","namespaceURI":"http://www.w3.org/1999/xhtml","nodeType":1,"shadowRoot":null}},{"sharedId":"f.8AA54734AA77FC8FA71C50576EE7DE7A.d.81896DEF35B35D6ACD8ACA98F9D48BFD.e.470","type":"node","value":{"attributes":{"class":"absolute inset-0 flex h-full items-center justify-center overflow-hidden text-ellipsis break-words p-[0.5rem] text-center","style":"width: 19rem; background-color: rgb(66, 66, 66); border-radius: 0.4rem;"},"childNodeCount":1,"localName":"div","namespaceURI":"http://www.w3.org/1999/xhtml","nodeType":1,"shadowRoot":null}},{"sharedId":"f.8AA54734AA77FC8FA71C50576EE7DE7A.d.81896DEF35B35D6ACD8ACA98F9D48BFD.e.471","type":"node","value":{"attributes":{"class":"max-w-full whitespace-normal break-words text-[2.4rem] font-semibold"},"childNodeCount":1,"localName":"p","namespaceURI":"http://www.w3.org/1999/xhtml","nodeType":1,"shadowRoot":null}},{"sharedId":"f.8AA54734AA77FC8FA71C50576EE7DE7A.d.81896DEF35B35D6ACD8ACA98F9D48BFD.e.472","type":"node","value":{"attributes":{"alt":"The Billionaire Swap","class":"absolute inset-0 z-10 h-full w-full","src":"https://pql-static.abs-cbn.com/images/thebillionaireswap.thumb-portrait.JPG?im_policy=portraitThumb_tv_fhd","style":"object-fit: cover; border-radius: 0.4rem;"},"childNodeCount":0,"localName":"img","namespaceURI":"http://www.w3.org/1999/xhtml","nodeType":1,"shadowRoot":null}},{"sharedId":"f.8AA54734AA77FC8FA71C50576EE7DE7A.d.81896DEF35B35D6ACD8ACA98F9D48BFD.e.473","type":"node","value":{"attributes":{"class":"rail relative h-full w-full pb-[3.2rem]","style":"width: 100%; margin-top: 0px; margin-bottom: 0px; margin-left: 0px; padding-left: 0px; padding-top: 3.2rem; background-size: cover; background-repeat: no-repeat; background-position: center center;"},"childNodeCount":2,"localName":"div","namespaceURI":"http://www.w3.org/1999/xhtml","nodeType":1,"shadowRoot":null}},{"sharedId":"f.8AA54734AA77FC8FA71C50576EE7DE7A.d.81896DEF35B35D6ACD8ACA98F9D48BFD.e.474","type":"node","value":{"attributes":{"class":"title mb-[3.2rem]"},"childNodeCount":1,"localName":"div","namespaceURI":"http://www.w3.org/1999/xhtml","nodeType":1,"shadowRoot":null}},{"sharedId":"f.8AA54734AA77FC8FA71C50576EE7DE7A.d.81896DEF35B35D6ACD8ACA98F9D48BFD.e.475","type":"node","value":{"attributes":{"class":"text-[2.8rem] font-medium leading-[3.5rem]"},"childNodeCount":1,"localName":"p","namespaceURI":"http://www.w3.org/1999/xhtml","nodeType":1,"shadowRoot":null}},{"sharedId":"f.8AA54734AA77FC8FA71C50576EE7DE7A.d.81896DEF35B35D6ACD8ACA98F9D48BFD.e.476","type":"node","value":{"attributes":{"class":"rail-container pointer-events-none relative","style":"margin-top: 0px; margin-bottom: -3rem;"},"childNodeCount":1,"localName":"div","namespaceURI":"http://www.w3.org/1999/xhtml","nodeType":1,"shadowRoot":null}},{"sharedId":"f.8AA54734AA77FC8FA71C50576EE7DE7A.d.81896DEF35B35D6ACD8ACA98F9D48BFD.e.477","type":"node","value":{"attributes":{"class":"scrollable-list pointer-events-auto flex gap-[1.6rem] overflow-x-auto scroll-smooth","style":"padding-top: 0px; padding-bottom: 3rem;"},"childNodeCount":11,"localName":"div","namespaceURI":"http://www.w3.org/1999/xhtml","nodeType":1,"shadowRoot":null}},{"sharedId":"f.8AA54734AA77FC8FA71C50576EE7DE7A.d.81896DEF35B35D6ACD8ACA98F9D48BFD.e.478","type":"node","value":{"attributes":{"class":"thumbnail relative cursor-pointer outline-none"},"childNodeCount":1,"localName":"div","namespaceURI":"http://www.w3.org/1999/xhtml","nodeType":1,"shadowRoot":null}},{"sharedId":"f.8AA54734AA77FC8FA71C50576EE7DE7A.d.81896DEF35B35D6ACD8ACA98F9D48BFD.e.479","type":"node","value":{"attributes":{"class":"relative","style":"height: 28.5rem; min-width: 28.5rem; border-radius: 50%; box-shadow: transparent 0px 0px 0px 0.3rem; transform: scale(1); transition: box-shadow 0.2s, transform 0.2s ease-in;"},"childNodeCount":1,"localName":"div","namespaceURI":"http://www.w3.org/1999/xhtml","nodeType":1,"shadowRoot":null}},{"sharedId":"f.8AA54734AA77FC8FA71C50576EE7DE7A.d.81896DEF35B35D6ACD8ACA98F9D48BFD.e.480","type":"node","value":{"attributes":{"class":"relative overflow-hidden","style":"width: 28.5rem; height: 100%; transition: width 0.3s;"},"childNodeCount":2,"localName":"div","namespaceURI":"http://www.w3.org/1999/xhtml","nodeType":1,"shadowRoot":null}},{"sharedId":"f.8AA54734AA77FC8FA71C50576EE7DE7A.d.81896DEF35B35D6ACD8ACA98F9D48BFD.e.481","type":"node","value":{"attributes":{"class":"absolute inset-0 z-0 h-full hidden"},"childNodeCount":1,"localName":"div","namespaceURI":"http://www.w3.org/1999/xhtml","nodeType":1,"shadowRoot":null}},{"sharedId":"f.8AA54734AA77FC8FA71C50576EE7DE7A.d.81896DEF35B35D6ACD8ACA98F9D48BFD.e.482","type":"node","value":{"attributes":{"class":"absolute inset-0 flex h-full items-center justify-center overflow-hidden text-ellipsis break-words p-[0.5rem] text-center","style":"width: 28.5rem; background-color: rgb(66, 66, 66); border-radius: 50%;"},"childNodeCount":1,"localName":"div","namespaceURI":"http://www.w3.org/1999/xhtml","nodeType":1,"shadowRoot":null}},{"sharedId":"f.8AA54734AA77FC8FA71C50576EE7DE7A.d.81896DEF35B35D6ACD8ACA98F9D48BFD.e.483","type":"node","value":{"attributes":{"class":"max-w-full whitespace-normal break-words text-[2.4rem] font-semibold"},"childNodeCount":1,"localName":"p","namespaceURI":"http://www.w3.org/1999/xhtml","nodeType":1,"shadowRoot":null}},{"sharedId":"f.8AA54734AA77FC8FA71C50576EE7DE7A.d.81896DEF35B35D6ACD8ACA98F9D48BFD.e.484","type":"node","value":{"attributes":{"alt":"TFC Asia","class":"absolute inset-0 z-10 h-full w-full","src":"https://pql-static.abs-cbn.com/images/live/TFC-ASIA_LIVETHUMB_600X600_V1.jpg","style":"object-fit: cover; border-radius: 50%;"},"childNodeCount":0,"localName":"img","namespaceURI":"http://www.w3.org/1999/xhtml","nodeType":1,"shadowRoot":null}},{"sharedId":"f.8AA54734AA77FC8FA71C50576EE7DE7A.d.81896DEF35B35D6ACD8ACA98F9D48BFD.e.485","type":"node","value":{"attributes":{"class":"thumbnail relative cursor-pointer outline-none"},"childNodeCount":1,"localName":"div","namespaceURI":"http://www.w3.org/1999/xhtml","nodeType":1,"shadowRoot":null}},{"sharedId":"f.8AA54734AA77FC8FA71C50576EE7DE7A.d.81896DEF35B35D6ACD8ACA98F9D48BFD.e.486","type":"node","value":{"attributes":{"class":"relative","style":"height: 28.5rem; min-width: 28.5rem; border-radius: 50%; box-shadow: transparent 0px 0px 0px 0.3rem; transform: scale(1); transition: box-shadow 0.2s, transform 0.2s ease-in;"},"childNodeCount":1,"localName":"div","namespaceURI":"http://www.w3.org/1999/xhtml","nodeType":1,"shadowRoot":null}},{"sharedId":"f.8AA54734AA77FC8FA71C50576EE7DE7A.d.81896DEF35B35D6ACD8ACA98F9D48BFD.e.487","type":"node","value":{"attributes":{"class":"relative overflow-hidden","style":"width: 28.5rem; height: 100%; transition: width 0.3s;"},"childNodeCount":2,"localName":"div","namespaceURI":"http://www.w3.org/1999/xhtml","nodeType":1,"shadowRoot":null}},{"sharedId":"f.8AA54734AA77FC8FA71C50576EE7DE7A.d.81896DEF35B35D6ACD8ACA98F9D48BFD.e.488","type":"node","value":{"attributes":{"class":"absolute inset-0 z-0 h-full hidden"},"childNodeCount":1,"localName":"div","namespaceURI":"http://www.w3.org/1999/xhtml","nodeType":1,"shadowRoot":null}},{"sharedId":"f.8AA54734AA77FC8FA71C50576EE7DE7A.d.81896DEF35B35D6ACD8ACA98F9D48BFD.e.489","type":"node","value":{"attributes":{"class":"absolute inset-0 flex h-full items-center justify-center overflow-hidden text-ellipsis break-words p-[0.5rem] text-center","style":"width: 28.5rem; background-color: rgb(66, 66, 66); border-radius: 50%;"},"childNodeCount":1,"localName":"div","namespaceURI":"http://www.w3.org/1999/xhtml","nodeType":1,"shadowRoot":null}},{"sharedId":"f.8AA54734AA77FC8FA71C50576EE7DE7A.d.81896DEF35B35D6ACD8ACA98F9D48BFD.e.490","type":"node","value":{"attributes":{"class":"max-w-full whitespace-normal break-words text-[2.4rem] font-semibold"},"childNodeCount":1,"localName":"p","namespaceURI":"http://www.w3.org/1999/xhtml","nodeType":1,"shadowRoot":null}},{"sharedId":"f.8AA54734AA77FC8FA71C50576EE7DE7A.d.81896DEF35B35D6ACD8ACA98F9D48BFD.e.491","type":"node","value":{"attributes":{"alt":"ANC Global","class":"absolute inset-0 z-10 h-full w-full","src":"https://pql-static.abs-cbn.com/images/live/ANCGBL_LIVETHUMB_600X600_V1.jpg","style":"object-fit: cover; border-radius: 50%;"},"childNodeCount":0,"localName":"img","namespaceURI":"http://www.w3.org/1999/xhtml","nodeType":1,"shadowRoot":null}},{"sharedId":"f.8AA54734AA77FC8FA71C50576EE7DE7A.d.81896DEF35B35D6ACD8ACA98F9D48BFD.e.492","type":"node","value":{"attributes":{"class":"thumbnail relative cursor-pointer outline-none"},"childNodeCount":1,"localName":"div","namespaceURI":"http://www.w3.org/1999/xhtml","nodeType":1,"shadowRoot":null}},{"sharedId":"f.8AA54734AA77FC8FA71C50576EE7DE7A.d.81896DEF35B35D6ACD8ACA98F9D48BFD.e.493","type":"node","value":{"attributes":{"class":"relative","style":"height: 28.5rem; min-width: 28.5rem; border-radius: 50%; box-shadow: transparent 0px 0px 0px 0.3rem; transform: scale(1); transition: box-shadow 0.2s, transform 0.2s ease-in;"},"childNodeCount":2,"localName":"div","namespaceURI":"http://www.w3.org/1999/xhtml","nodeType":1,"shadowRoot":null}},{"sharedId":"f.8AA54734AA77FC8FA71C50576EE7DE7A.d.81896DEF35B35D6ACD8ACA98F9D48BFD.e.494","type":"node","value":{"attributes":{"class":"relative overflow-hidden","style":"width: 28.5rem; height: 100%; transition: width 0.3s;"},"childNodeCount":2,"localName":"div","namespaceURI":"http://www.w3.org/1999/xhtml","nodeType":1,"shadowRoot":null}},{"sharedId":"f.8AA54734AA77FC8FA71C50576EE7DE7A.d.81896DEF35B35D6ACD8ACA98F9D48BFD.e.495","type":"node","value":{"attributes":{"class":"absolute inset-0 z-0 h-full hidden"},"childNodeCount":1,"localName":"div","namespaceURI":"http://www.w3.org/1999/xhtml","nodeType":1,"shadowRoot":null}},{"sharedId":"f.8AA54734AA77FC8FA71C50576EE7DE7A.d.81896DEF35B35D6ACD8ACA98F9D48BFD.e.496","type":"node","value":{"attributes":{"class":"absolute inset-0 flex h-full items-center justify-center overflow-hidden text-ellipsis break-words p-[0.5rem] text-center","style":"width: 28.5rem; background-color: rgb(66, 66, 66); border-radius: 50%;"},"childNodeCount":1,"localName":"div","namespaceURI":"http://www.w3.org/1999/xhtml","nodeType":1,"shadowRoot":null}},{"sharedId":"f.8AA54734AA77FC8FA71C50576EE7DE7A.d.81896DEF35B35D6ACD8ACA98F9D48BFD.e.497","type":"node","value":{"attributes":{"class":"max-w-full whitespace-normal break-words text-[2.4rem] font-semibold"},"childNodeCount":1,"localName":"p","namespaceURI":"http://www.w3.org/1999/xhtml","nodeType":1,"shadowRoot":null}},{"sharedId":"f.8AA54734AA77FC8FA71C50576EE7DE7A.d.81896DEF35B35D6ACD8ACA98F9D48BFD.e.498","type":"node","value":{"attributes":{"alt":"DZMM Teleradyo","class":"absolute inset-0 z-10 h-full w-full","src":"https://pql-static.abs-cbn.com/images/live/TELERADYO_LIVETHUMB_600x600_v1.jpg","style":"object-fit: cover; border-radius: 50%;"},"childNodeCount":0,"localName":"img","namespaceURI":"http://www.w3.org/1999/xhtml","nodeType":1,"shadowRoot":null}},{"sharedId":"f.8AA54734AA77FC8FA71C50576EE7DE7A.d.81896DEF35B35D6ACD8ACA98F9D48BFD.e.499","type":"node","value":{"attributes":{"class":"absolute left-0 top-0 z-10"},"childNodeCount":1,"localName":"div","namespaceURI":"http://www.w3.org/1999/xhtml","nodeType":1,"shadowRoot":null}},{"sharedId":"f.8AA54734AA77FC8FA71C50576EE7DE7A.d.81896DEF35B35D6ACD8ACA98F9D48BFD.e.500","type":"node","value":{"attributes":{"alt":"https://pql-static.iwanttfc.com/static/uat/common/images/monetisation/free.png","class":"h-[3.2rem] w-auto object-contain","src":"https://pql-static.iwanttfc.com/static/uat/common/images/monetisation/free.png"},"childNodeCount":0,"localName":"img","namespaceURI":"http://www.w3.org/1999/xhtml","nodeType":1,"shadowRoot":null}},{"sharedId":"f.8AA54734AA77FC8FA71C50576EE7DE7A.d.81896DEF35B35D6ACD8ACA98F9D48BFD.e.501","type":"node","value":{"attributes":{"class":"thumbnail relative cursor-pointer outline-none"},"childNodeCount":1,"localName":"div","namespaceURI":"http://www.w3.org/1999/xhtml","nodeType":1,"shadowRoot":null}},{"sharedId":"f.8AA54734AA77FC8FA71C50576EE7DE7A.d.81896DEF35B35D6ACD8ACA98F9D48BFD.e.502","type":"node","value":{"attributes":{"class":"relative","style":"height: 28.5rem; min-width: 28.5rem; border-radius: 50%; box-shadow: transparent 0px 0px 0px 0.3rem; transform: scale(1); transition: box-shadow 0.2s, transform 0.2s ease-in;"},"childNodeCount":1,"localName":"div","namespaceURI":"http://www.w3.org/1999/xhtml","nodeType":1,"shadowRoot":null}},{"sharedId":"f.8AA54734AA77FC8FA71C50576EE7DE7A.d.81896DEF35B35D6ACD8ACA98F9D48BFD.e.503","type":"node","value":{"attributes":{"class":"relative overflow-hidden","style":"width: 28.5rem; height: 100%; transition: width 0.3s;"},"childNodeCount":2,"localName":"div","namespaceURI":"http://www.w3.org/1999/xhtml","nodeType":1,"shadowRoot":null}},{"sharedId":"f.8AA54734AA77FC8FA71C50576EE7DE7A.d.81896DEF35B35D6ACD8ACA98F9D48BFD.e.504","type":"node","value":{"attributes":{"class":"absolute inset-0 z-0 h-full hidden"},"childNodeCount":1,"localName":"div","namespaceURI":"http://www.w3.org/1999/xhtml","nodeType":1,"shadowRoot":null}},{"sharedId":"f.8AA54734AA77FC8FA71C50576EE7DE7A.d.81896DEF35B35D6ACD8ACA98F9D48BFD.e.505","type":"node","value":{"attributes":{"class":"absolute inset-0 flex h-full items-center justify-center overflow-hidden text-ellipsis break-words p-[0.5rem] text-center","style":"width: 28.5rem; background-color: rgb(66, 66, 66); border-radius: 50%;"},"childNodeCount":1,"localName":"div","namespaceURI":"http://www.w3.org/1999/xhtml","nodeType":1,"shadowRoot":null}},{"sharedId":"f.8AA54734AA77FC8FA71C50576EE7DE7A.d.81896DEF35B35D6ACD8ACA98F9D48BFD.e.506","type":"node","value":{"attributes":{"class":"max-w-full whitespace-normal break-words text-[2.4rem] font-semibold"},"childNodeCount":1,"localName":"p","namespaceURI":"http://www.w3.org/1999/xhtml","nodeType":1,"shadowRoot":null}},{"sharedId":"f.8AA54734AA77FC8FA71C50576EE7DE7A.d.81896DEF35B35D6ACD8ACA98F9D48BFD.e.507","type":"node","value":{"attributes":{"alt":"Jeepney TV","class":"absolute inset-0 z-10 h-full w-full","src":"https://pql-static.abs-cbn.com/images/channel/JEEPNEYTV_LIVETHUMB_600X600_V1_20250723085930.jpg","style":"object-fit: cover; border-radius: 50%;"},"childNodeCount":0,"localName":"img","namespaceURI":"http://www.w3.org/1999/xhtml","nodeType":1,"shadowRoot":null}},{"sharedId":"f.8AA54734AA77FC8FA71C50576EE7DE7A.d.81896DEF35B35D6ACD8ACA98F9D48BFD.e.508","type":"node","value":{"attributes":{"class":"thumbnail relative cursor-pointer outline-none"},"childNodeCount":1,"localName":"div","namespaceURI":"http://www.w3.org/1999/xhtml","nodeType":1,"shadowRoot":null}},{"sharedId":"f.8AA54734AA77FC8FA71C50576EE7DE7A.d.81896DEF35B35D6ACD8ACA98F9D48BFD.e.509","type":"node","value":{"attributes":{"class":"relative","style":"height: 28.5rem; min-width: 28.5rem; border-radius: 50%; box-shadow: transparent 0px 0px 0px 0.3rem; transform: scale(1); transition: box-shadow 0.2s, transform 0.2s ease-in;"},"childNodeCount":2,"localName":"div","namespaceURI":"http://www.w3.org/1999/xhtml","nodeType":1,"shadowRoot":null}},{"sharedId":"f.8AA54734AA77FC8FA71C50576EE7DE7A.d.81896DEF35B35D6ACD8ACA98F9D48BFD.e.510","type":"node","value":{"attributes":{"class":"relative overflow-hidden","style":"width: 28.5rem; height: 100%; transition: width 0.3s;"},"childNodeCount":2,"localName":"div","namespaceURI":"http://www.w3.org/1999/xhtml","nodeType":1,"shadowRoot":null}},{"sharedId":"f.8AA54734AA77FC8FA71C50576EE7DE7A.d.81896DEF35B35D6ACD8ACA98F9D48BFD.e.511","type":"node","value":{"attributes":{"class":"absolute inset-0 z-0 h-full hidden"},"childNodeCount":1,"localName":"div","namespaceURI":"http://www.w3.org/1999/xhtml","nodeType":1,"shadowRoot":null}},{"sharedId":"f.8AA54734AA77FC8FA71C50576EE7DE7A.d.81896DEF35B35D6ACD8ACA98F9D48BFD.e.512","type":"node","value":{"attributes":{"class":"absolute inset-0 flex h-full items-center justify-center overflow-hidden text-ellipsis break-words p-[0.5rem] text-center","style":"width: 28.5rem; background-color: rgb(66, 66, 66); border-radius: 50%;"},"childNodeCount":1,"localName":"div","namespaceURI":"http://www.w3.org/1999/xhtml","nodeType":1,"shadowRoot":null}},{"sharedId":"f.8AA54734AA77FC8FA71C50576EE7DE7A.d.81896DEF35B35D6ACD8ACA98F9D48BFD.e.513","type":"node","value":{"attributes":{"class":"max-w-full whitespace-normal break-words text-[2.4rem] font-semibold"},"childNodeCount":1,"localName":"p","namespaceURI":"http://www.w3.org/1999/xhtml","nodeType":1,"shadowRoot":null}},{"sharedId":"f.8AA54734AA77FC8FA71C50576EE7DE7A.d.81896DEF35B35D6ACD8ACA98F9D48BFD.e.514","type":"node","value":{"attributes":{"alt":"GMA Life TV","class":"absolute inset-0 z-10 h-full w-full","src":"https://pql-static.abs-cbn.com/images/live/GMALTV_LIVETHUMB_600X600_V1.jpg","style":"object-fit: cover; border-radius: 50%;"},"childNodeCount":0,"localName":"img","namespaceURI":"http://www.w3.org/1999/xhtml","nodeType":1,"shadowRoot":null}},{"sharedId":"f.8AA54734AA77FC8FA71C50576EE7DE7A.d.81896DEF35B35D6ACD8ACA98F9D48BFD.e.515","type":"node","value":{"attributes":{"class":"absolute left-0 top-0 z-10"},"childNodeCount":1,"localName":"div","namespaceURI":"http://www.w3.org/1999/xhtml","nodeType":1,"shadowRoot":null}},{"sharedId":"f.8AA54734AA77FC8FA71C50576EE7DE7A.d.81896DEF35B35D6ACD8ACA98F9D48BFD.e.516","type":"node","value":{"attributes":{"alt":"https://pql-static.iwanttfc.com/static/uat/common/images/monetisation/gma.png","class":"h-[3.2rem] w-auto object-contain","src":"https://pql-static.iwanttfc.com/static/uat/common/images/monetisation/gma.png"},"childNodeCount":0,"localName":"img","namespaceURI":"http://www.w3.org/1999/xhtml","nodeType":1,"shadowRoot":null}},{"sharedId":"f.8AA54734AA77FC8FA71C50576EE7DE7A.d.81896DEF35B35D6ACD8ACA98F9D48BFD.e.517","type":"node","value":{"attributes":{"class":"thumbnail relative cursor-pointer outline-none"},"childNodeCount":1,"localName":"div","namespaceURI":"http://www.w3.org/1999/xhtml","nodeType":1,"shadowRoot":null}},{"sharedId":"f.8AA54734AA77FC8FA71C50576EE7DE7A.d.81896DEF35B35D6ACD8ACA98F9D48BFD.e.518","type":"node","value":{"attributes":{"class":"relative","style":"height: 28.5rem; min-width: 28.5rem; border-radius: 50%; box-shadow: transparent 0px 0px 0px 0.3rem; transform: scale(1); transition: box-shadow 0.2s, transform 0.2s ease-in;"},"childNodeCount":2,"localName":"div","namespaceURI":"http://www.w3.org/1999/xhtml","nodeType":1,"shadowRoot":null}},{"sharedId":"f.8AA54734AA77FC8FA71C50576EE7DE7A.d.81896DEF35B35D6ACD8ACA98F9D48BFD.e.519","type":"node","value":{"attributes":{"class":"relative overflow-hidden","style":"width: 28.5rem; height: 100%; transition: width 0.3s;"},"childNodeCount":2,"localName":"div","namespaceURI":"http://www.w3.org/1999/xhtml","nodeType":1,"shadowRoot":null}},{"sharedId":"f.8AA54734AA77FC8FA71C50576EE7DE7A.d.81896DEF35B35D6ACD8ACA98F9D48BFD.e.520","type":"node","value":{"attributes":{"class":"absolute inset-0 z-0 h-full hidden"},"childNodeCount":1,"localName":"div","namespaceURI":"http://www.w3.org/1999/xhtml","nodeType":1,"shadowRoot":null}},{"sharedId":"f.8AA54734AA77FC8FA71C50576EE7DE7A.d.81896DEF35B35D6ACD8ACA98F9D48BFD.e.521","type":"node","value":{"attributes":{"class":"absolute inset-0 flex h-full items-center justify-center overflow-hidden text-ellipsis break-words p-[0.5rem] text-center","style":"width: 28.5rem; background-color: rgb(66, 66, 66); border-radius: 50%;"},"childNodeCount":1,"localName":"div","namespaceURI":"http://www.w3.org/1999/xhtml","nodeType":1,"shadowRoot":null}},{"sharedId":"f.8AA54734AA77FC8FA71C50576EE7DE7A.d.81896DEF35B35D6ACD8ACA98F9D48BFD.e.522","type":"node","value":{"attributes":{"class":"max-w-full whitespace-normal break-words text-[2.4rem] font-semibold"},"childNodeCount":1,"localName":"p","namespaceURI":"http://www.w3.org/1999/xhtml","nodeType":1,"shadowRoot":null}},{"sharedId":"f.8AA54734AA77FC8FA71C50576EE7DE7A.d.81896DEF35B35D6ACD8ACA98F9D48BFD.e.523","type":"node","value":{"attributes":{"alt":"GMA News TV","class":"absolute inset-0 z-10 h-full w-full","src":"https://pql-static.abs-cbn.com/images/live/GMANTV_LIVETHUMB_600X600_V1.jpg","style":"object-fit: cover; border-radius: 50%;"},"childNodeCount":0,"localName":"img","namespaceURI":"http://www.w3.org/1999/xhtml","nodeType":1,"shadowRoot":null}},{"sharedId":"f.8AA54734AA77FC8FA71C50576EE7DE7A.d.81896DEF35B35D6ACD8ACA98F9D48BFD.e.524","type":"node","value":{"attributes":{"class":"absolute left-0 top-0 z-10"},"childNodeCount":1,"localName":"div","namespaceURI":"http://www.w3.org/1999/xhtml","nodeType":1,"shadowRoot":null}},{"sharedId":"f.8AA54734AA77FC8FA71C50576EE7DE7A.d.81896DEF35B35D6ACD8ACA98F9D48BFD.e.525","type":"node","value":{"attributes":{"alt":"https://pql-static.iwanttfc.com/static/uat/common/images/monetisation/gma.png","class":"h-[3.2rem] w-auto object-contain","src":"https://pql-static.iwanttfc.com/static/uat/common/images/monetisation/gma.png"},"childNodeCount":0,"localName":"img","namespaceURI":"http://www.w3.org/1999/xhtml","nodeType":1,"shadowRoot":null}},{"sharedId":"f.8AA54734AA77FC8FA71C50576EE7DE7A.d.81896DEF35B35D6ACD8ACA98F9D48BFD.e.526","type":"node","value":{"attributes":{"class":"thumbnail relative cursor-pointer outline-none"},"childNodeCount":1,"localName":"div","namespaceURI":"http://www.w3.org/1999/xhtml","nodeType":1,"shadowRoot":null}},{"sharedId":"f.8AA54734AA77FC8FA71C50576EE7DE7A.d.81896DEF35B35D6ACD8ACA98F9D48BFD.e.527","type":"node","value":{"attributes":{"class":"relative","style":"height: 28.5rem; min-width: 28.5rem; border-radius: 50%; box-shadow: transparent 0px 0px 0px 0.3rem; transform: scale(1); transition: box-shadow 0.2s, transform 0.2s ease-in;"},"childNodeCount":2,"localName":"div","namespaceURI":"http://www.w3.org/1999/xhtml","nodeType":1,"shadowRoot":null}},{"sharedId":"f.8AA54734AA77FC8FA71C50576EE7DE7A.d.81896DEF35B35D6ACD8ACA98F9D48BFD.e.528","type":"node","value":{"attributes":{"class":"relative overflow-hidden","style":"width: 28.5rem; height: 100%; transition: width 0.3s;"},"childNodeCount":2,"localName":"div","namespaceURI":"http://www.w3.org/1999/xhtml","nodeType":1,"shadowRoot":null}},{"sharedId":"f.8AA54734AA77FC8FA71C50576EE7DE7A.d.81896DEF35B35D6ACD8ACA98F9D48BFD.e.529","type":"node","value":{"attributes":{"class":"absolute inset-0 z-0 h-full hidden"},"childNodeCount":1,"localName":"div","namespaceURI":"http://www.w3.org/1999/xhtml","nodeType":1,"shadowRoot":null}},{"sharedId":"f.8AA54734AA77FC8FA71C50576EE7DE7A.d.81896DEF35B35D6ACD8ACA98F9D48BFD.e.530","type":"node","value":{"attributes":{"class":"absolute inset-0 flex h-full items-center justify-center overflow-hidden text-ellipsis break-words p-[0.5rem] text-center","style":"width: 28.5rem; background-color: rgb(66, 66, 66); border-radius: 50%;"},"childNodeCount":1,"localName":"div","namespaceURI":"http://www.w3.org/1999/xhtml","nodeType":1,"shadowRoot":null}},{"sharedId":"f.8AA54734AA77FC8FA71C50576EE7DE7A.d.81896DEF35B35D6ACD8ACA98F9D48BFD.e.531","type":"node","value":{"attributes":{"class":"max-w-full whitespace-normal break-words text-[2.4rem] font-semibold"},"childNodeCount":1,"localName":"p","namespaceURI":"http://www.w3.org/1999/xhtml","nodeType":1,"shadowRoot":null}},{"sharedId":"f.8AA54734AA77FC8FA71C50576EE7DE7A.d.81896DEF35B35D6ACD8ACA98F9D48BFD.e.532","type":"node","value":{"attributes":{"alt":"GMA Pinoy TV ","class":"absolute inset-0 z-10 h-full w-full","src":"https://pql-static.abs-cbn.com/images/live/GMAPTV_LIVETHUMB_600X600_V1.jpg","style":"object-fit: cover; border-radius: 50%;"},"childNodeCount":0,"localName":"img","namespaceURI":"http://www.w3.org/1999/xhtml","nodeType":1,"shadowRoot":null}},{"sharedId":"f.8AA54734AA77FC8FA71C50576EE7DE7A.d.81896DEF35B35D6ACD8ACA98F9D48BFD.e.533","type":"node","value":{"attributes":{"class":"absolute left-0 top-0 z-10"},"childNodeCount":1,"localName":"div","namespaceURI":"http://www.w3.org/1999/xhtml","nodeType":1,"shadowRoot":null}},{"sharedId":"f.8AA54734AA77FC8FA71C50576EE7DE7A.d.81896DEF35B35D6ACD8ACA98F9D48BFD.e.534","type":"node","value":{"attributes":{"alt":"https://pql-static.iwanttfc.com/static/uat/common/images/monetisation/gma.png","class":"h-[3.2rem] w-auto object-contain","src":"https://pql-static.iwanttfc.com/static/uat/common/images/monetisation/gma.png"},"childNodeCount":0,"localName":"img","namespaceURI":"http://www.w3.org/1999/xhtml","nodeType":1,"shadowRoot":null}},{"sharedId":"f.8AA54734AA77FC8FA71C50576EE7DE7A.d.81896DEF35B35D6ACD8ACA98F9D48BFD.e.535","type":"node","value":{"attributes":{"class":"thumbnail relative cursor-pointer outline-none"},"childNodeCount":1,"localName":"div","namespaceURI":"http://www.w3.org/1999/xhtml","nodeType":1,"shadowRoot":null}},{"sharedId":"f.8AA54734AA77FC8FA71C50576EE7DE7A.d.81896DEF35B35D6ACD8ACA98F9D48BFD.e.536","type":"node","value":{"attributes":{"class":"relative","style":"height: 28.5rem; min-width: 28.5rem; border-radius: 50%; box-shadow: transparent 0px 0px 0px 0.3rem; transform: scale(1); transition: box-shadow 0.2s, transform 0.2s ease-in;"},"childNodeCount":2,"localName":"div","namespaceURI":"http://www.w3.org/1999/xhtml","nodeType":1,"shadowRoot":null}},{"sharedId":"f.8AA54734AA77FC8FA71C50576EE7DE7A.d.81896DEF35B35D6ACD8ACA98F9D48BFD.e.537","type":"node","value":{"attributes":{"class":"relative overflow-hidden","style":"width: 28.5rem; height: 100%; transition: width 0.3s;"},"childNodeCount":2,"localName":"div","namespaceURI":"http://www.w3.org/1999/xhtml","nodeType":1,"shadowRoot":null}},{"sharedId":"f.8AA54734AA77FC8FA71C50576EE7DE7A.d.81896DEF35B35D6ACD8ACA98F9D48BFD.e.538","type":"node","value":{"attributes":{"class":"absolute inset-0 z-0 h-full hidden"},"childNodeCount":1,"localName":"div","namespaceURI":"http://www.w3.org/1999/xhtml","nodeType":1,"shadowRoot":null}},{"sharedId":"f.8AA54734AA77FC8FA71C50576EE7DE7A.d.81896DEF35B35D6ACD8ACA98F9D48BFD.e.539","type":"node","value":{"attributes":{"class":"absolute inset-0 flex h-full items-center justify-center overflow-hidden text-ellipsis break-words p-[0.5rem] text-center","style":"width: 28.5rem; background-color: rgb(66, 66, 66); border-radius: 50%;"},"childNodeCount":1,"localName":"div","namespaceURI":"http://www.w3.org/1999/xhtml","nodeType":1,"shadowRoot":null}},{"sharedId":"f.8AA54734AA77FC8FA71C50576EE7DE7A.d.81896DEF35B35D6ACD8ACA98F9D48BFD.e.540","type":"node","value":{"attributes":{"class":"max-w-full whitespace-normal break-words text-[2.4rem] font-semibold"},"childNodeCount":1,"localName":"p","namespaceURI":"http://www.w3.org/1999/xhtml","nodeType":1,"shadowRoot":null}},{"sharedId":"f.8AA54734AA77FC8FA71C50576EE7DE7A.d.81896DEF35B35D6ACD8ACA98F9D48BFD.e.541","type":"node","value":{"attributes":{"alt":"MYX","class":"absolute inset-0 z-10 h-full w-full","src":"https://pql-static.abs-cbn.com/images/live/MYX_LIVETHUMB_600x600_v1.jpg","style":"object-fit: cover; border-radius: 50%;"},"childNodeCount":0,"localName":"img","namespaceURI":"http://www.w3.org/1999/xhtml","nodeType":1,"shadowRoot":null}},{"sharedId":"f.8AA54734AA77FC8FA71C50576EE7DE7A.d.81896DEF35B35D6ACD8ACA98F9D48BFD.e.542","type":"node","value":{"attributes":{"class":"absolute left-0 top-0 z-10"},"childNodeCount":1,"localName":"div","namespaceURI":"http://www.w3.org/1999/xhtml","nodeType":1,"shadowRoot":null}},{"sharedId":"f.8AA54734AA77FC8FA71C50576EE7DE7A.d.81896DEF35B35D6ACD8ACA98F9D48BFD.e.543","type":"node","value":{"attributes":{"alt":"https://pql-static.iwanttfc.com/static/uat/common/images/monetisation/free.png","class":"h-[3.2rem] w-auto object-contain","src":"https://pql-static.iwanttfc.com/static/uat/common/images/monetisation/free.png"},"childNodeCount":0,"localName":"img","namespaceURI":"http://www.w3.org/1999/xhtml","nodeType":1,"shadowRoot":null}},{"sharedId":"f.8AA54734AA77FC8FA71C50576EE7DE7A.d.81896DEF35B35D6ACD8ACA98F9D48BFD.e.544","type":"node","value":{"attributes":{"class":"thumbnail relative cursor-pointer outline-none"},"childNodeCount":1,"localName":"div","namespaceURI":"http://www.w3.org/1999/xhtml","nodeType":1,"shadowRoot":null}},{"sharedId":"f.8AA54734AA77FC8FA71C50576EE7DE7A.d.81896DEF35B35D6ACD8ACA98F9D48BFD.e.545","type":"node","value":{"attributes":{"class":"relative","style":"height: 28.5rem; min-width: 28.5rem; border-radius: 50%; box-shadow: transparent 0px 0px 0px 0.3rem; transform: scale(1); transition: box-shadow 0.2s, transform 0.2s ease-in;"},"childNodeCount":1,"localName":"div","namespaceURI":"http://www.w3.org/1999/xhtml","nodeType":1,"shadowRoot":null}},{"sharedId":"f.8AA54734AA77FC8FA71C50576EE7DE7A.d.81896DEF35B35D6ACD8ACA98F9D48BFD.e.546","type":"node","value":{"attributes":{"class":"relative overflow-hidden","style":"width: 28.5rem; height: 100%; transition: width 0.3s;"},"childNodeCount":2,"localName":"div","namespaceURI":"http://www.w3.org/1999/xhtml","nodeType":1,"shadowRoot":null}},{"sharedId":"f.8AA54734AA77FC8FA71C50576EE7DE7A.d.81896DEF35B35D6ACD8ACA98F9D48BFD.e.547","type":"node","value":{"attributes":{"class":"absolute inset-0 z-0 h-full hidden"},"childNodeCount":1,"localName":"div","namespaceURI":"http://www.w3.org/1999/xhtml","nodeType":1,"shadowRoot":null}},{"sharedId":"f.8AA54734AA77FC8FA71C50576EE7DE7A.d.81896DEF35B35D6ACD8ACA98F9D48BFD.e.548","type":"node","value":{"attributes":{"class":"absolute inset-0 flex h-full items-center justify-center overflow-hidden text-ellipsis break-words p-[0.5rem] text-center","style":"width: 28.5rem; background-color: rgb(66, 66, 66); border-radius: 50%;"},"childNodeCount":1,"localName":"div","namespaceURI":"http://www.w3.org/1999/xhtml","nodeType":1,"shadowRoot":null}},{"sharedId":"f.8AA54734AA77FC8FA71C50576EE7DE7A.d.81896DEF35B35D6ACD8ACA98F9D48BFD.e.549","type":"node","value":{"attributes":{"class":"max-w-full whitespace-normal break-words text-[2.4rem] font-semibold"},"childNodeCount":1,"localName":"p","namespaceURI":"http://www.w3.org/1999/xhtml","nodeType":1,"shadowRoot":null}},{"sharedId":"f.8AA54734AA77FC8FA71C50576EE7DE7A.d.81896DEF35B35D6ACD8ACA98F9D48BFD.e.550","type":"node","value":{"attributes":{"alt":"Cinemo","class":"absolute inset-0 z-10 h-full w-full","src":"https://pql-static.abs-cbn.com/images/live/CINEMO_LIVETHUMB_600x600_v1.jpg","style":"object-fit: cover; border-radius: 50%;"},"childNodeCount":0,"localName":"img","namespaceURI":"http://www.w3.org/1999/xhtml","nodeType":1,"shadowRoot":null}},{"sharedId":"f.8AA54734AA77FC8FA71C50576EE7DE7A.d.81896DEF35B35D6ACD8ACA98F9D48BFD.e.551","type":"node","value":{"attributes":{"class":"thumbnail relative cursor-pointer outline-none"},"childNodeCount":1,"localName":"div","namespaceURI":"http://www.w3.org/1999/xhtml","nodeType":1,"shadowRoot":null}},{"sharedId":"f.8AA54734AA77FC8FA71C50576EE7DE7A.d.81896DEF35B35D6ACD8ACA98F9D48BFD.e.552","type":"node","value":{"attributes":{"class":"relative","style":"height: 28.5rem; min-width: 28.5rem; border-radius: 50%; box-shadow: transparent 0px 0px 0px 0.3rem; transform: scale(1); transition: box-shadow 0.2s, transform 0.2s ease-in;"},"childNodeCount":1,"localName":"div","namespaceURI":"http://www.w3.org/1999/xhtml","nodeType":1,"shadowRoot":null}},{"sharedId":"f.8AA54734AA77FC8FA71C50576EE7DE7A.d.81896DEF35B35D6ACD8ACA98F9D48BFD.e.553","type":"node","value":{"attributes":{"class":"relative overflow-hidden","style":"width: 28.5rem; height: 100%; transition: width 0.3s;"},"childNodeCount":2,"localName":"div","namespaceURI":"http://www.w3.org/1999/xhtml","nodeType":1,"shadowRoot":null}},{"sharedId":"f.8AA54734AA77FC8FA71C50576EE7DE7A.d.81896DEF35B35D6ACD8ACA98F9D48BFD.e.554","type":"node","value":{"attributes":{"class":"absolute inset-0 z-0 h-full hidden"},"childNodeCount":1,"localName":"div","namespaceURI":"http://www.w3.org/1999/xhtml","nodeType":1,"shadowRoot":null}},{"sharedId":"f.8AA54734AA77FC8FA71C50576EE7DE7A.d.81896DEF35B35D6ACD8ACA98F9D48BFD.e.555","type":"node","value":{"attributes":{"class":"absolute inset-0 flex h-full items-center justify-center overflow-hidden text-ellipsis break-words p-[0.5rem] text-center","style":"width: 28.5rem; background-color: rgb(66, 66, 66); border-radius: 50%;"},"childNodeCount":1,"localName":"div","namespaceURI":"http://www.w3.org/1999/xhtml","nodeType":1,"shadowRoot":null}},{"sharedId":"f.8AA54734AA77FC8FA71C50576EE7DE7A.d.81896DEF35B35D6ACD8ACA98F9D48BFD.e.556","type":"node","value":{"attributes":{"class":"max-w-full whitespace-normal break-words text-[2.4rem] font-semibold"},"childNodeCount":1,"localName":"p","namespaceURI":"http://www.w3.org/1999/xhtml","nodeType":1,"shadowRoot":null}},{"sharedId":"f.8AA54734AA77FC8FA71C50576EE7DE7A.d.81896DEF35B35D6ACD8ACA98F9D48BFD.e.557","type":"node","value":{"attributes":{"alt":"Cinema One","class":"absolute inset-0 z-10 h-full w-full","src":"https://pql-static.abs-cbn.com/images/live/C1_LIVETHUMB_600X600_V1.jpg","style":"object-fit: cover; border-radius: 50%;"},"childNodeCount":0,"localName":"img","namespaceURI":"http://www.w3.org/1999/xhtml","nodeType":1,"shadowRoot":null}},{"sharedId":"f.8AA54734AA77FC8FA71C50576EE7DE7A.d.81896DEF35B35D6ACD8ACA98F9D48BFD.e.558","type":"node","value":{"attributes":{"class":"thumbnail relative cursor-pointer outline-none"},"childNodeCount":1,"localName":"div","namespaceURI":"http://www.w3.org/1999/xhtml","nodeType":1,"shadowRoot":null}},{"sharedId":"f.8AA54734AA77FC8FA71C50576EE7DE7A.d.81896DEF35B35D6ACD8ACA98F9D48BFD.e.559","type":"node","value":{"attributes":{"class":"relative","style":"height: 28.5rem; min-width: 28.5rem; border-radius: 50%; box-shadow: transparent 0px 0px 0px 0.3rem; transform: scale(1); transition: box-shadow 0.2s, transform 0.2s ease-in;"},"childNodeCount":2,"localName":"div","namespaceURI":"http://www.w3.org/1999/xhtml","nodeType":1,"shadowRoot":null}},{"sharedId":"f.8AA54734AA77FC8FA71C50576EE7DE7A.d.81896DEF35B35D6ACD8ACA98F9D48BFD.e.560","type":"node","value":{"attributes":{"class":"relative overflow-hidden","style":"width: 28.5rem; height: 100%; transition: width 0.3s;"},"childNodeCount":2,"localName":"div","namespaceURI":"http://www.w3.org/1999/xhtml","nodeType":1,"shadowRoot":null}},{"sharedId":"f.8AA54734AA77FC8FA71C50576EE7DE7A.d.81896DEF35B35D6ACD8ACA98F9D48BFD.e.561","type":"node","value":{"attributes":{"class":"absolute inset-0 z-0 h-full hidden"},"childNodeCount":1,"localName":"div","namespaceURI":"http://www.w3.org/1999/xhtml","nodeType":1,"shadowRoot":null}},{"sharedId":"f.8AA54734AA77FC8FA71C50576EE7DE7A.d.81896DEF35B35D6ACD8ACA98F9D48BFD.e.562","type":"node","value":{"attributes":{"class":"absolute inset-0 flex h-full items-center justify-center overflow-hidden text-ellipsis break-words p-[0.5rem] text-center","style":"width: 28.5rem; background-color: rgb(66, 66, 66); border-radius: 50%;"},"childNodeCount":1,"localName":"div","namespaceURI":"http://www.w3.org/1999/xhtml","nodeType":1,"shadowRoot":null}},{"sharedId":"f.8AA54734AA77FC8FA71C50576EE7DE7A.d.81896DEF35B35D6ACD8ACA98F9D48BFD.e.563","type":"node","value":{"attributes":{"class":"max-w-full whitespace-normal break-words text-[2.4rem] font-semibold"},"childNodeCount":1,"localName":"p","namespaceURI":"http://www.w3.org/1999/xhtml","nodeType":1,"shadowRoot":null}},{"sharedId":"f.8AA54734AA77FC8FA71C50576EE7DE7A.d.81896DEF35B35D6ACD8ACA98F9D48BFD.e.564","type":"node","value":{"attributes":{"alt":"MOR","class":"absolute inset-0 z-10 h-full w-full","src":"https://pql-static.abs-cbn.com/images/live/MOR_LIVETHUMB_600x600_v1.jpg","style":"object-fit: cover; border-radius: 50%;"},"childNodeCount":0,"localName":"img","namespaceURI":"http://www.w3.org/1999/xhtml","nodeType":1,"shadowRoot":null}},{"sharedId":"f.8AA54734AA77FC8FA71C50576EE7DE7A.d.81896DEF35B35D6ACD8ACA98F9D48BFD.e.565","type":"node","value":{"attributes":{"class":"absolute left-0 top-0 z-10"},"childNodeCount":1,"localName":"div","namespaceURI":"http://www.w3.org/1999/xhtml","nodeType":1,"shadowRoot":null}},{"sharedId":"f.8AA54734AA77FC8FA71C50576EE7DE7A.d.81896DEF35B35D6ACD8ACA98F9D48BFD.e.566","type":"node","value":{"attributes":{"alt":"https://pql-static.iwanttfc.com/static/uat/common/images/monetisation/free.png","class":"h-[3.2rem] w-auto object-contain","src":"https://pql-static.iwanttfc.com/static/uat/common/images/monetisation/free.png"},"childNodeCount":0,"localName":"img","namespaceURI":"http://www.w3.org/1999/xhtml","nodeType":1,"shadowRoot":null}},{"sharedId":"f.8AA54734AA77FC8FA71C50576EE7DE7A.d.81896DEF35B35D6ACD8ACA98F9D48BFD.e.567","type":"node","value":{"attributes":{"class":"rail relative h-full w-full pb-[3.2rem]","style":"width: calc(100% + 6rem); margin-top: 2.4rem; margin-bottom: 2.4rem; margin-left: -6rem; padding-left: 6rem; padding-top: 6.4rem; background-image: url(\"https://pql-static.abs-cbn.com/images/master/5x2_SECTIONAL_BACKGROUND_-_MILO_png_20250828124541.png\"); background-size: cover; background-repeat: no-repeat; background-position: center center;"},"childNodeCount":2,"localName":"div","namespaceURI":"http://www.w3.org/1999/xhtml","nodeType":1,"shadowRoot":null}},{"sharedId":"f.8AA54734AA77FC8FA71C50576EE7DE7A.d.81896DEF35B35D6ACD8ACA98F9D48BFD.e.568","type":"node","value":{"attributes":{"class":"title mb-[3.2rem]"},"childNodeCount":1,"localName":"div","namespaceURI":"http://www.w3.org/1999/xhtml","nodeType":1,"shadowRoot":null}},{"sharedId":"f.8AA54734AA77FC8FA71C50576EE7DE7A.d.81896DEF35B35D6ACD8ACA98F9D48BFD.e.569","type":"node","value":{"attributes":{"alt":"Greatest of All Time","class":"absolute top-[3rem] h-[4.5rem] w-auto object-contain","src":"https://pql-static.abs-cbn.com/images/master/RailTitle56pxin96px_1.png_20250828023639.png"},"childNodeCount":0,"localName":"img","namespaceURI":"http://www.w3.org/1999/xhtml","nodeType":1,"shadowRoot":null}},{"sharedId":"f.8AA54734AA77FC8FA71C50576EE7DE7A.d.81896DEF35B35D6ACD8ACA98F9D48BFD.e.570","type":"node","value":{"attributes":{"class":"rail-container pointer-events-none relative","style":"margin-top: 0px; margin-bottom: -3rem;"},"childNodeCount":1,"localName":"div","namespaceURI":"http://www.w3.org/1999/xhtml","nodeType":1,"shadowRoot":null}},{"sharedId":"f.8AA54734AA77FC8FA71C50576EE7DE7A.d.81896DEF35B35D6ACD8ACA98F9D48BFD.e.571","type":"node","value":{"attributes":{"class":"scrollable-list pointer-events-auto flex gap-[1.6rem] overflow-x-auto scroll-smooth","style":"padding-top: 0px; padding-bottom: 3rem;"},"childNodeCount":18,"localName":"div","namespaceURI":"http://www.w3.org/1999/xhtml","nodeType":1,"shadowRoot":null}},{"sharedId":"f.8AA54734AA77FC8FA71C50576EE7DE7A.d.81896DEF35B35D6ACD8ACA98F9D48BFD.e.572","type":"node","value":{"attributes":{"class":"thumbnail relative cursor-pointer outline-none"},"childNodeCount":1,"localName":"div","namespaceURI":"http://www.w3.org/1999/xhtml","nodeType":1,"shadowRoot":null}},{"sharedId":"f.8AA54734AA77FC8FA71C50576EE7DE7A.d.81896DEF35B35D6ACD8ACA98F9D48BFD.e.573","type":"node","value":{"attributes":{"class":"relative","style":"height: 38.6rem; min-width: 25.2rem; border-radius: 0.4rem; box-shadow: transparent 0px 0px 0px 0.3rem; transform: scale(1); transition: box-shadow 0.2s, transform 0.2s ease-in;"},"childNodeCount":2,"localName":"div","namespaceURI":"http://www.w3.org/1999/xhtml","nodeType":1,"shadowRoot":null}},{"sharedId":"f.8AA54734AA77FC8FA71C50576EE7DE7A.d.81896DEF35B35D6ACD8ACA98F9D48BFD.e.574","type":"node","value":{"attributes":{"class":"relative overflow-hidden","style":"width: 25.2rem; height: 100%; transition: width 0.3s;"},"childNodeCount":2,"localName":"div","namespaceURI":"http://www.w3.org/1999/xhtml","nodeType":1,"shadowRoot":null}},{"sharedId":"f.8AA54734AA77FC8FA71C50576EE7DE7A.d.81896DEF35B35D6ACD8ACA98F9D48BFD.e.575","type":"node","value":{"attributes":{"class":"absolute inset-0 z-0 h-full hidden"},"childNodeCount":1,"localName":"div","namespaceURI":"http://www.w3.org/1999/xhtml","nodeType":1,"shadowRoot":null}},{"sharedId":"f.8AA54734AA77FC8FA71C50576EE7DE7A.d.81896DEF35B35D6ACD8ACA98F9D48BFD.e.576","type":"node","value":{"attributes":{"class":"absolute inset-0 flex h-full items-center justify-center overflow-hidden text-ellipsis break-words p-[0.5rem] text-center","style":"width: 25.2rem; background-color: rgb(66, 66, 66); border-radius: 0.4rem;"},"childNodeCount":1,"localName":"div","namespaceURI":"http://www.w3.org/1999/xhtml","nodeType":1,"shadowRoot":null}},{"sharedId":"f.8AA54734AA77FC8FA71C50576EE7DE7A.d.81896DEF35B35D6ACD8ACA98F9D48BFD.e.577","type":"node","value":{"attributes":{"class":"max-w-full whitespace-normal break-words text-[2.4rem] font-semibold"},"childNodeCount":1,"localName":"p","namespaceURI":"http://www.w3.org/1999/xhtml","nodeType":1,"shadowRoot":null}},{"sharedId":"f.8AA54734AA77FC8FA71C50576EE7DE7A.d.81896DEF35B35D6ACD8ACA98F9D48BFD.e.578","type":"node","value":{"attributes":{"alt":"Love at First Spike","class":"absolute inset-0 z-10 h-full w-full","src":"https://pql-static.abs-cbn.com/images/loveatfirstspike.thumb-portrait.v1.JPG?im_policy=portraitThumb_tv_fhd","style":"object-fit: cover; border-radius: 0.4rem;"},"childNodeCount":0,"localName":"img","namespaceURI":"http://www.w3.org/1999/xhtml","nodeType":1,"shadowRoot":null}},{"sharedId":"f.8AA54734AA77FC8FA71C50576EE7DE7A.d.81896DEF35B35D6ACD8ACA98F9D48BFD.e.579","type":"node","value":{"attributes":{"class":"absolute left-0 top-0 z-10"},"childNodeCount":1,"localName":"div","namespaceURI":"http://www.w3.org/1999/xhtml","nodeType":1,"shadowRoot":null}},{"sharedId":"f.8AA54734AA77FC8FA71C50576EE7DE7A.d.81896DEF35B35D6ACD8ACA98F9D48BFD.e.580","type":"node","value":{"attributes":{"alt":"https://pql-static.iwanttfc.com/static/uat/common/images/monetisation/free.png","class":"h-[3.2rem] w-auto object-contain","src":"https://pql-static.iwanttfc.com/static/uat/common/images/monetisation/free.png"},"childNodeCount":0,"localName":"img","namespaceURI":"http://www.w3.org/1999/xhtml","nodeType":1,"shadowRoot":null}},{"sharedId":"f.8AA54734AA77FC8FA71C50576EE7DE7A.d.81896DEF35B35D6ACD8ACA98F9D48BFD.e.581","type":"node","value":{"attributes":{"class":"thumbnail relative cursor-pointer outline-none"},"childNodeCount":1,"localName":"div","namespaceURI":"http://www.w3.org/1999/xhtml","nodeType":1,"shadowRoot":null}},{"sharedId":"f.8AA54734AA77FC8FA71C50576EE7DE7A.d.81896DEF35B35D6ACD8ACA98F9D48BFD.e.582","type":"node","value":{"attributes":{"class":"relative","style":"height: 38.6rem; min-width: 25.2rem; border-radius: 0.4rem; box-shadow: transparent 0px 0px 0px 0.3rem; transform: scale(1); transition: box-shadow 0.2s, transform 0.2s ease-in;"},"childNodeCount":1,"localName":"div","namespaceURI":"http://www.w3.org/1999/xhtml","nodeType":1,"shadowRoot":null}},{"sharedId":"f.8AA54734AA77FC8FA71C50576EE7DE7A.d.81896DEF35B35D6ACD8ACA98F9D48BFD.e.583","type":"node","value":{"attributes":{"class":"relative overflow-hidden","style":"width: 25.2rem; height: 100%; transition: width 0.3s;"},"childNodeCount":2,"localName":"div","namespaceURI":"http://www.w3.org/1999/xhtml","nodeType":1,"shadowRoot":null}},{"sharedId":"f.8AA54734AA77FC8FA71C50576EE7DE7A.d.81896DEF35B35D6ACD8ACA98F9D48BFD.e.584","type":"node","value":{"attributes":{"class":"absolute inset-0 z-0 h-full hidden"},"childNodeCount":1,"localName":"div","namespaceURI":"http://www.w3.org/1999/xhtml","nodeType":1,"shadowRoot":null}},{"sharedId":"f.8AA54734AA77FC8FA71C50576EE7DE7A.d.81896DEF35B35D6ACD8ACA98F9D48BFD.e.585","type":"node","value":{"attributes":{"class":"absolute inset-0 flex h-full items-center justify-center overflow-hidden text-ellipsis break-words p-[0.5rem] text-center","style":"width: 25.2rem; background-color: rgb(66, 66, 66); border-radius: 0.4rem;"},"childNodeCount":1,"localName":"div","namespaceURI":"http://www.w3.org/1999/xhtml","nodeType":1,"shadowRoot":null}},{"sharedId":"f.8AA54734AA77FC8FA71C50576EE7DE7A.d.81896DEF35B35D6ACD8ACA98F9D48BFD.e.586","type":"node","value":{"attributes":{"class":"max-w-full whitespace-normal break-words text-[2.4rem] font-semibold"},"childNodeCount":1,"localName":"p","namespaceURI":"http://www.w3.org/1999/xhtml","nodeType":1,"shadowRoot":null}},{"sharedId":"f.8AA54734AA77FC8FA71C50576EE7DE7A.d.81896DEF35B35D6ACD8ACA98F9D48BFD.e.587","type":"node","value":{"attributes":{"alt":"He's Into Her","class":"absolute inset-0 z-10 h-full w-full","src":"https://pql-static.abs-cbn.com/images/hesintoher.thumb-portrait.jpg?im_policy=portraitThumb_tv_fhd","style":"object-fit: cover; border-radius: 0.4rem;"},"childNodeCount":0,"localName":"img","namespaceURI":"http://www.w3.org/1999/xhtml","nodeType":1,"shadowRoot":null}},{"sharedId":"f.8AA54734AA77FC8FA71C50576EE7DE7A.d.81896DEF35B35D6ACD8ACA98F9D48BFD.e.588","type":"node","value":{"attributes":{"class":"thumbnail relative cursor-pointer outline-none"},"childNodeCount":1,"localName":"div","namespaceURI":"http://www.w3.org/1999/xhtml","nodeType":1,"shadowRoot":null}},{"sharedId":"f.8AA54734AA77FC8FA71C50576EE7DE7A.d.81896DEF35B35D6ACD8ACA98F9D48BFD.e.589","type":"node","value":{"attributes":{"class":"relative","style":"height: 38.6rem; min-width: 25.2rem; border-radius: 0.4rem; box-shadow: transparent 0px 0px 0px 0.3rem; transform: scale(1); transition: box-shadow 0.2s, transform 0.2s ease-in;"},"childNodeCount":1,"localName":"div","namespaceURI":"http://www.w3.org/1999/xhtml","nodeType":1,"shadowRoot":null}},{"sharedId":"f.8AA54734AA77FC8FA71C50576EE7DE7A.d.81896DEF35B35D6ACD8ACA98F9D48BFD.e.590","type":"node","value":{"attributes":{"class":"relative overflow-hidden","style":"width: 25.2rem; height: 100%; transition: width 0.3s;"},"childNodeCount":2,"localName":"div","namespaceURI":"http://www.w3.org/1999/xhtml","nodeType":1,"shadowRoot":null}},{"sharedId":"f.8AA54734AA77FC8FA71C50576EE7DE7A.d.81896DEF35B35D6ACD8ACA98F9D48BFD.e.591","type":"node","value":{"attributes":{"class":"absolute inset-0 z-0 h-full hidden"},"childNodeCount":1,"localName":"div","namespaceURI":"http://www.w3.org/1999/xhtml","nodeType":1,"shadowRoot":null}},{"sharedId":"f.8AA54734AA77FC8FA71C50576EE7DE7A.d.81896DEF35B35D6ACD8ACA98F9D48BFD.e.592","type":"node","value":{"attributes":{"class":"absolute inset-0 flex h-full items-center justify-center overflow-hidden text-ellipsis break-words p-[0.5rem] text-center","style":"width: 25.2rem; background-color: rgb(66, 66, 66); border-radius: 0.4rem;"},"childNodeCount":1,"localName":"div","namespaceURI":"http://www.w3.org/1999/xhtml","nodeType":1,"shadowRoot":null}},{"sharedId":"f.8AA54734AA77FC8FA71C50576EE7DE7A.d.81896DEF35B35D6ACD8ACA98F9D48BFD.e.593","type":"node","value":{"attributes":{"class":"max-w-full whitespace-normal break-words text-[2.4rem] font-semibold"},"childNodeCount":1,"localName":"p","namespaceURI":"http://www.w3.org/1999/xhtml","nodeType":1,"shadowRoot":null}},{"sharedId":"f.8AA54734AA77FC8FA71C50576EE7DE7A.d.81896DEF35B35D6ACD8ACA98F9D48BFD.e.594","type":"node","value":{"attributes":{"alt":"Bola Bola","class":"absolute inset-0 z-10 h-full w-full","src":"https://pql-static.abs-cbn.com/images/bolabola.thumb-portrait.jpg?im_policy=portraitThumb_tv_fhd","style":"object-fit: cover; border-radius: 0.4rem;"},"childNodeCount":0,"localName":"img","namespaceURI":"http://www.w3.org/1999/xhtml","nodeType":1,"shadowRoot":null}},{"sharedId":"f.8AA54734AA77FC8FA71C50576EE7DE7A.d.81896DEF35B35D6ACD8ACA98F9D48BFD.e.595","type":"node","value":{"attributes":{"class":"thumbnail relative cursor-pointer outline-none"},"childNodeCount":1,"localName":"div","namespaceURI":"http://www.w3.org/1999/xhtml","nodeType":1,"shadowRoot":null}},{"sharedId":"f.8AA54734AA77FC8FA71C50576EE7DE7A.d.81896DEF35B35D6ACD8ACA98F9D48BFD.e.596","type":"node","value":{"attributes":{"class":"relative","style":"height: 38.6rem; min-width: 25.2rem; border-radius: 0.4rem; box-shadow: transparent 0px 0px 0px 0.3rem; transform: scale(1); transition: box-shadow 0.2s, transform 0.2s ease-in;"},"childNodeCount":1,"localName":"div","namespaceURI":"http://www.w3.org/1999/xhtml","nodeType":1,"shadowRoot":null}},{"sharedId":"f.8AA54734AA77FC8FA71C50576EE7DE7A.d.81896DEF35B35D6ACD8ACA98F9D48BFD.e.597","type":"node","value":{"attributes":{"class":"relative overflow-hidden","style":"width: 25.2rem; height: 100%; transition: width 0.3s;"},"childNodeCount":2,"localName":"div","namespaceURI":"http://www.w3.org/1999/xhtml","nodeType":1,"shadowRoot":null}},{"sharedId":"f.8AA54734AA77FC8FA71C50576EE7DE7A.d.81896DEF35B35D6ACD8ACA98F9D48BFD.e.598","type":"node","value":{"attributes":{"class":"absolute inset-0 z-0 h-full hidden"},"childNodeCount":1,"localName":"div","namespaceURI":"http://www.w3.org/1999/xhtml","nodeType":1,"shadowRoot":null}},{"sharedId":"f.8AA54734AA77FC8FA71C50576EE7DE7A.d.81896DEF35B35D6ACD8ACA98F9D48BFD.e.599","type":"node","value":{"attributes":{"class":"absolute inset-0 flex h-full items-center justify-center overflow-hidden text-ellipsis break-words p-[0.5rem] text-center","style":"width: 25.2rem; background-color: rgb(66, 66, 66); border-radius: 0.4rem;"},"childNodeCount":1,"localName":"div","namespaceURI":"http://www.w3.org/1999/xhtml","nodeType":1,"shadowRoot":null}},{"sharedId":"f.8AA54734AA77FC8FA71C50576EE7DE7A.d.81896DEF35B35D6ACD8ACA98F9D48BFD.e.600","type":"node","value":{"attributes":{"class":"max-w-full whitespace-normal break-words text-[2.4rem] font-semibold"},"childNodeCount":1,"localName":"p","namespaceURI":"http://www.w3.org/1999/xhtml","nodeType":1,"shadowRoot":null}},{"sharedId":"f.8AA54734AA77FC8FA71C50576EE7DE7A.d.81896DEF35B35D6ACD8ACA98F9D48BFD.e.601","type":"node","value":{"attributes":{"alt":"Teen Clash","class":"absolute inset-0 z-10 h-full w-full","src":"https://pql-static.abs-cbn.com/images/teenclash.thumb-portrait.jpg?im_policy=portraitThumb_tv_fhd","style":"object-fit: cover; border-radius: 0.4rem;"},"childNodeCount":0,"localName":"img","namespaceURI":"http://www.w3.org/1999/xhtml","nodeType":1,"shadowRoot":null}},{"sharedId":"f.8AA54734AA77FC8FA71C50576EE7DE7A.d.81896DEF35B35D6ACD8ACA98F9D48BFD.e.602","type":"node","value":{"attributes":{"class":"thumbnail relative cursor-pointer outline-none"},"childNodeCount":1,"localName":"div","namespaceURI":"http://www.w3.org/1999/xhtml","nodeType":1,"shadowRoot":null}},{"sharedId":"f.8AA54734AA77FC8FA71C50576EE7DE7A.d.81896DEF35B35D6ACD8ACA98F9D48BFD.e.603","type":"node","value":{"attributes":{"class":"relative","style":"height: 38.6rem; min-width: 25.2rem; border-radius: 0.4rem; box-shadow: transparent 0px 0px 0px 0.3rem; transform: scale(1); transition: box-shadow 0.2s, transform 0.2s ease-in;"},"childNodeCount":1,"localName":"div","namespaceURI":"http://www.w3.org/1999/xhtml","nodeType":1,"shadowRoot":null}},{"sharedId":"f.8AA54734AA77FC8FA71C50576EE7DE7A.d.81896DEF35B35D6ACD8ACA98F9D48BFD.e.604","type":"node","value":{"attributes":{"class":"relative overflow-hidden","style":"width: 25.2rem; height: 100%; transition: width 0.3s;"},"childNodeCount":2,"localName":"div","namespaceURI":"http://www.w3.org/1999/xhtml","nodeType":1,"shadowRoot":null}},{"sharedId":"f.8AA54734AA77FC8FA71C50576EE7DE7A.d.81896DEF35B35D6ACD8ACA98F9D48BFD.e.605","type":"node","value":{"attributes":{"class":"absolute inset-0 z-0 h-full hidden"},"childNodeCount":1,"localName":"div","namespaceURI":"http://www.w3.org/1999/xhtml","nodeType":1,"shadowRoot":null}},{"sharedId":"f.8AA54734AA77FC8FA71C50576EE7DE7A.d.81896DEF35B35D6ACD8ACA98F9D48BFD.e.606","type":"node","value":{"attributes":{"class":"absolute inset-0 flex h-full items-center justify-center overflow-hidden text-ellipsis break-words p-[0.5rem] text-center","style":"width: 25.2rem; background-color: rgb(66, 66, 66); border-radius: 0.4rem;"},"childNodeCount":1,"localName":"div","namespaceURI":"http://www.w3.org/1999/xhtml","nodeType":1,"shadowRoot":null}},{"sharedId":"f.8AA54734AA77FC8FA71C50576EE7DE7A.d.81896DEF35B35D6ACD8ACA98F9D48BFD.e.607","type":"node","value":{"attributes":{"class":"max-w-full whitespace-normal break-words text-[2.4rem] font-semibold"},"childNodeCount":1,"localName":"p","namespaceURI":"http://www.w3.org/1999/xhtml","nodeType":1,"shadowRoot":null}},{"sharedId":"f.8AA54734AA77FC8FA71C50576EE7DE7A.d.81896DEF35B35D6ACD8ACA98F9D48BFD.e.608","type":"node","value":{"attributes":{"alt":"Lyric and Beat","class":"absolute inset-0 z-10 h-full w-full","src":"https://pql-static.abs-cbn.com/images/lyricandbeat.thumb-portrait.jpg?im_policy=portraitThumb_tv_fhd","style":"object-fit: cover; border-radius: 0.4rem;"},"childNodeCount":0,"localName":"img","namespaceURI":"http://www.w3.org/1999/xhtml","nodeType":1,"shadowRoot":null}},{"sharedId":"f.8AA54734AA77FC8FA71C50576EE7DE7A.d.81896DEF35B35D6ACD8ACA98F9D48BFD.e.609","type":"node","value":{"attributes":{"class":"thumbnail relative cursor-pointer outline-none"},"childNodeCount":1,"localName":"div","namespaceURI":"http://www.w3.org/1999/xhtml","nodeType":1,"shadowRoot":null}},{"sharedId":"f.8AA54734AA77FC8FA71C50576EE7DE7A.d.81896DEF35B35D6ACD8ACA98F9D48BFD.e.610","type":"node","value":{"attributes":{"class":"relative","style":"height: 38.6rem; min-width: 25.2rem; border-radius: 0.4rem; box-shadow: transparent 0px 0px 0px 0.3rem; transform: scale(1); transition: box-shadow 0.2s, transform 0.2s ease-in;"},"childNodeCount":1,"localName":"div","namespaceURI":"http://www.w3.org/1999/xhtml","nodeType":1,"shadowRoot":null}},{"sharedId":"f.8AA54734AA77FC8FA71C50576EE7DE7A.d.81896DEF35B35D6ACD8ACA98F9D48BFD.e.611","type":"node","value":{"attributes":{"class":"relative overflow-hidden","style":"width: 25.2rem; height: 100%; transition: width 0.3s;"},"childNodeCount":2,"localName":"div","namespaceURI":"http://www.w3.org/1999/xhtml","nodeType":1,"shadowRoot":null}},{"sharedId":"f.8AA54734AA77FC8FA71C50576EE7DE7A.d.81896DEF35B35D6ACD8ACA98F9D48BFD.e.612","type":"node","value":{"attributes":{"class":"absolute inset-0 z-0 h-full hidden"},"childNodeCount":1,"localName":"div","namespaceURI":"http://www.w3.org/1999/xhtml","nodeType":1,"shadowRoot":null}},{"sharedId":"f.8AA54734AA77FC8FA71C50576EE7DE7A.d.81896DEF35B35D6ACD8ACA98F9D48BFD.e.613","type":"node","value":{"attributes":{"class":"absolute inset-0 flex h-full items-center justify-center overflow-hidden text-ellipsis break-words p-[0.5rem] text-center","style":"width: 25.2rem; background-color: rgb(66, 66, 66); border-radius: 0.4rem;"},"childNodeCount":1,"localName":"div","namespaceURI":"http://www.w3.org/1999/xhtml","nodeType":1,"shadowRoot":null}},{"sharedId":"f.8AA54734AA77FC8FA71C50576EE7DE7A.d.81896DEF35B35D6ACD8ACA98F9D48BFD.e.614","type":"node","value":{"attributes":{"class":"max-w-full whitespace-normal break-words text-[2.4rem] font-semibold"},"childNodeCount":1,"localName":"p","namespaceURI":"http://www.w3.org/1999/xhtml","nodeType":1,"shadowRoot":null}},{"sharedId":"f.8AA54734AA77FC8FA71C50576EE7DE7A.d.81896DEF35B35D6ACD8ACA98F9D48BFD.e.615","type":"node","value":{"attributes":{"alt":"Wild Little Love","class":"absolute inset-0 z-10 h-full w-full","src":"https://pql-static.abs-cbn.com/images/wildlittlelove.thumb-portrait.jpg?im_policy=portraitThumb_tv_fhd","style":"object-fit: cover; border-radius: 0.4rem;"},"childNodeCount":0,"localName":"img","namespaceURI":"http://www.w3.org/1999/xhtml","nodeType":1,"shadowRoot":null}},{"sharedId":"f.8AA54734AA77FC8FA71C50576EE7DE7A.d.81896DEF35B35D6ACD8ACA98F9D48BFD.e.616","type":"node","value":{"attributes":{"class":"thumbnail relative cursor-pointer outline-none"},"childNodeCount":1,"localName":"div","namespaceURI":"http://www.w3.org/1999/xhtml","nodeType":1,"shadowRoot":null}},{"sharedId":"f.8AA54734AA77FC8FA71C50576EE7DE7A.d.81896DEF35B35D6ACD8ACA98F9D48BFD.e.617","type":"node","value":{"attributes":{"class":"relative","style":"height: 38.6rem; min-width: 25.2rem; border-radius: 0.4rem; box-shadow: transparent 0px 0px 0px 0.3rem; transform: scale(1); transition: box-shadow 0.2s, transform 0.2s ease-in;"},"childNodeCount":2,"localName":"div","namespaceURI":"http://www.w3.org/1999/xhtml","nodeType":1,"shadowRoot":null}},{"sharedId":"f.8AA54734AA77FC8FA71C50576EE7DE7A.d.81896DEF35B35D6ACD8ACA98F9D48BFD.e.618","type":"node","value":{"attributes":{"class":"relative overflow-hidden","style":"width: 25.2rem; height: 100%; transition: width 0.3s;"},"childNodeCount":2,"localName":"div","namespaceURI":"http://www.w3.org/1999/xhtml","nodeType":1,"shadowRoot":null}},{"sharedId":"f.8AA54734AA77FC8FA71C50576EE7DE7A.d.81896DEF35B35D6ACD8ACA98F9D48BFD.e.619","type":"node","value":{"attributes":{"class":"absolute inset-0 z-0 h-full hidden"},"childNodeCount":1,"localName":"div","namespaceURI":"http://www.w3.org/1999/xhtml","nodeType":1,"shadowRoot":null}},{"sharedId":"f.8AA54734AA77FC8FA71C50576EE7DE7A.d.81896DEF35B35D6ACD8ACA98F9D48BFD.e.620","type":"node","value":{"attributes":{"class":"absolute inset-0 flex h-full items-center justify-center overflow-hidden text-ellipsis break-words p-[0.5rem] text-center","style":"width: 25.2rem; background-color: rgb(66, 66, 66); border-radius: 0.4rem;"},"childNodeCount":1,"localName":"div","namespaceURI":"http://www.w3.org/1999/xhtml","nodeType":1,"shadowRoot":null}},{"sharedId":"f.8AA54734AA77FC8FA71C50576EE7DE7A.d.81896DEF35B35D6ACD8ACA98F9D48BFD.e.621","type":"node","value":{"attributes":{"class":"max-w-full whitespace-normal break-words text-[2.4rem] font-semibold"},"childNodeCount":1,"localName":"p","namespaceURI":"http://www.w3.org/1999/xhtml","nodeType":1,"shadowRoot":null}},{"sharedId":"f.8AA54734AA77FC8FA71C50576EE7DE7A.d.81896DEF35B35D6ACD8ACA98F9D48BFD.e.622","type":"node","value":{"attributes":{"alt":"Talk Back and YouÔÇÖre Dead","class":"absolute inset-0 z-10 h-full w-full","src":"https://pql-static.abs-cbn.com/images/talkbackandyouredead.thumb-portrait.jpg?im_policy=portraitThumb_tv_fhd","style":"object-fit: cover; border-radius: 0.4rem;"},"childNodeCount":0,"localName":"img","namespaceURI":"http://www.w3.org/1999/xhtml","nodeType":1,"shadowRoot":null}},{"sharedId":"f.8AA54734AA77FC8FA71C50576EE7DE7A.d.81896DEF35B35D6ACD8ACA98F9D48BFD.e.623","type":"node","value":{"attributes":{"class":"absolute left-0 top-0 z-10"},"childNodeCount":1,"localName":"div","namespaceURI":"http://www.w3.org/1999/xhtml","nodeType":1,"shadowRoot":null}},{"sharedId":"f.8AA54734AA77FC8FA71C50576EE7DE7A.d.81896DEF35B35D6ACD8ACA98F9D48BFD.e.624","type":"node","value":{"attributes":{"alt":"https://pql-static.iwanttfc.com/static/uat/common/images/monetisation/free.png","class":"h-[3.2rem] w-auto object-contain","src":"https://pql-static.iwanttfc.com/static/uat/common/images/monetisation/free.png"},"childNodeCount":0,"localName":"img","namespaceURI":"http://www.w3.org/1999/xhtml","nodeType":1,"shadowRoot":null}},{"sharedId":"f.8AA54734AA77FC8FA71C50576EE7DE7A.d.81896DEF35B35D6ACD8ACA98F9D48BFD.e.625","type":"node","value":{"attributes":{"class":"thumbnail relative cursor-pointer outline-none"},"childNodeCount":1,"localName":"div","namespaceURI":"http://www.w3.org/1999/xhtml","nodeType":1,"shadowRoot":null}},{"sharedId":"f.8AA54734AA77FC8FA71C50576EE7DE7A.d.81896DEF35B35D6ACD8ACA98F9D48BFD.e.626","type":"node","value":{"attributes":{"class":"relative","style":"height: 38.6rem; min-width: 25.2rem; border-radius: 0.4rem; box-shadow: transparent 0px 0px 0px 0.3rem; transform: scale(1); transition: box-shadow 0.2s, transform 0.2s ease-in;"},"childNodeCount":1,"localName":"div","namespaceURI":"http://www.w3.org/1999/xhtml","nodeType":1,"shadowRoot":null}},{"sharedId":"f.8AA54734AA77FC8FA71C50576EE7DE7A.d.81896DEF35B35D6ACD8ACA98F9D48BFD.e.627","type":"node","value":{"attributes":{"class":"relative overflow-hidden","style":"width: 25.2rem; height: 100%; transition: width 0.3s;"},"childNodeCount":2,"localName":"div","namespaceURI":"http://www.w3.org/1999/xhtml","nodeType":1,"shadowRoot":null}},{"sharedId":"f.8AA54734AA77FC8FA71C50576EE7DE7A.d.81896DEF35B35D6ACD8ACA98F9D48BFD.e.628","type":"node","value":{"attributes":{"class":"absolute inset-0 z-0 h-full hidden"},"childNodeCount":1,"localName":"div","namespaceURI":"http://www.w3.org/1999/xhtml","nodeType":1,"shadowRoot":null}},{"sharedId":"f.8AA54734AA77FC8FA71C50576EE7DE7A.d.81896DEF35B35D6ACD8ACA98F9D48BFD.e.629","type":"node","value":{"attributes":{"class":"absolute inset-0 flex h-full items-center justify-center overflow-hidden text-ellipsis break-words p-[0.5rem] text-center","style":"width: 25.2rem; background-color: rgb(66, 66, 66); border-radius: 0.4rem;"},"childNodeCount":1,"localName":"div","namespaceURI":"http://www.w3.org/1999/xhtml","nodeType":1,"shadowRoot":null}},{"sharedId":"f.8AA54734AA77FC8FA71C50576EE7DE7A.d.81896DEF35B35D6ACD8ACA98F9D48BFD.e.630","type":"node","value":{"attributes":{"class":"max-w-full whitespace-normal break-words text-[2.4rem] font-semibold"},"childNodeCount":1,"localName":"p","namespaceURI":"http://www.w3.org/1999/xhtml","nodeType":1,"shadowRoot":null}},{"sharedId":"f.8AA54734AA77FC8FA71C50576EE7DE7A.d.81896DEF35B35D6ACD8ACA98F9D48BFD.e.631","type":"node","value":{"attributes":{"alt":"Oh, Mando!","class":"absolute inset-0 z-10 h-full w-full","src":"https://pql-static.abs-cbn.com/images/ohmando.thumb-portrait.jpg?im_policy=portraitThumb_tv_fhd","style":"object-fit: cover; border-radius: 0.4rem;"},"childNodeCount":0,"localName":"img","namespaceURI":"http://www.w3.org/1999/xhtml","nodeType":1,"shadowRoot":null}},{"sharedId":"f.8AA54734AA77FC8FA71C50576EE7DE7A.d.81896DEF35B35D6ACD8ACA98F9D48BFD.e.632","type":"node","value":{"attributes":{"class":"thumbnail relative cursor-pointer outline-none"},"childNodeCount":1,"localName":"div","namespaceURI":"http://www.w3.org/1999/xhtml","nodeType":1,"shadowRoot":null}},{"sharedId":"f.8AA54734AA77FC8FA71C50576EE7DE7A.d.81896DEF35B35D6ACD8ACA98F9D48BFD.e.633","type":"node","value":{"attributes":{"class":"relative","style":"height: 38.6rem; min-width: 25.2rem; border-radius: 0.4rem; box-shadow: transparent 0px 0px 0px 0.3rem; transform: scale(1); transition: box-shadow 0.2s, transform 0.2s ease-in;"},"childNodeCount":2,"localName":"div","namespaceURI":"http://www.w3.org/1999/xhtml","nodeType":1,"shadowRoot":null}},{"sharedId":"f.8AA54734AA77FC8FA71C50576EE7DE7A.d.81896DEF35B35D6ACD8ACA98F9D48BFD.e.634","type":"node","value":{"attributes":{"class":"relative overflow-hidden","style":"width: 25.2rem; height: 100%; transition: width 0.3s;"},"childNodeCount":2,"localName":"div","namespaceURI":"http://www.w3.org/1999/xhtml","nodeType":1,"shadowRoot":null}},{"sharedId":"f.8AA54734AA77FC8FA71C50576EE7DE7A.d.81896DEF35B35D6ACD8ACA98F9D48BFD.e.635","type":"node","value":{"attributes":{"class":"absolute inset-0 z-0 h-full hidden"},"childNodeCount":1,"localName":"div","namespaceURI":"http://www.w3.org/1999/xhtml","nodeType":1,"shadowRoot":null}},{"sharedId":"f.8AA54734AA77FC8FA71C50576EE7DE7A.d.81896DEF35B35D6ACD8ACA98F9D48BFD.e.636","type":"node","value":{"attributes":{"class":"absolute inset-0 flex h-full items-center justify-center overflow-hidden text-ellipsis break-words p-[0.5rem] text-center","style":"width: 25.2rem; background-color: rgb(66, 66, 66); border-radius: 0.4rem;"},"childNodeCount":1,"localName":"div","namespaceURI":"http://www.w3.org/1999/xhtml","nodeType":1,"shadowRoot":null}},{"sharedId":"f.8AA54734AA77FC8FA71C50576EE7DE7A.d.81896DEF35B35D6ACD8ACA98F9D48BFD.e.637","type":"node","value":{"attributes":{"class":"max-w-full whitespace-normal break-words text-[2.4rem] font-semibold"},"childNodeCount":1,"localName":"p","namespaceURI":"http://www.w3.org/1999/xhtml","nodeType":1,"shadowRoot":null}},{"sharedId":"f.8AA54734AA77FC8FA71C50576EE7DE7A.d.81896DEF35B35D6ACD8ACA98F9D48BFD.e.638","type":"node","value":{"attributes":{"alt":"Para sa Hopeless Romantic","class":"absolute inset-0 z-10 h-full w-full","src":"https://pql-static.abs-cbn.com/images/parasahopelessromantic.thumb-portrait.jpg?im_policy=portraitThumb_tv_fhd","style":"object-fit: cover; border-radius: 0.4rem;"},"childNodeCount":0,"localName":"img","namespaceURI":"http://www.w3.org/1999/xhtml","nodeType":1,"shadowRoot":null}},{"sharedId":"f.8AA54734AA77FC8FA71C50576EE7DE7A.d.81896DEF35B35D6ACD8ACA98F9D48BFD.e.639","type":"node","value":{"attributes":{"class":"absolute left-0 top-0 z-10"},"childNodeCount":1,"localName":"div","namespaceURI":"http://www.w3.org/1999/xhtml","nodeType":1,"shadowRoot":null}},{"sharedId":"f.8AA54734AA77FC8FA71C50576EE7DE7A.d.81896DEF35B35D6ACD8ACA98F9D48BFD.e.640","type":"node","value":{"attributes":{"alt":"https://pql-static.iwanttfc.com/static/uat/common/images/monetisation/free.png","class":"h-[3.2rem] w-auto object-contain","src":"https://pql-static.iwanttfc.com/static/uat/common/images/monetisation/free.png"},"childNodeCount":0,"localName":"img","namespaceURI":"http://www.w3.org/1999/xhtml","nodeType":1,"shadowRoot":null}},{"sharedId":"f.8AA54734AA77FC8FA71C50576EE7DE7A.d.81896DEF35B35D6ACD8ACA98F9D48BFD.e.641","type":"node","value":{"attributes":{"class":"thumbnail relative cursor-pointer outline-none"},"childNodeCount":1,"localName":"div","namespaceURI":"http://www.w3.org/1999/xhtml","nodeType":1,"shadowRoot":null}},{"sharedId":"f.8AA54734AA77FC8FA71C50576EE7DE7A.d.81896DEF35B35D6ACD8ACA98F9D48BFD.e.642","type":"node","value":{"attributes":{"class":"relative","style":"height: 38.6rem; min-width: 25.2rem; border-radius: 0.4rem; box-shadow: transparent 0px 0px 0px 0.3rem; transform: scale(1); transition: box-shadow 0.2s, transform 0.2s ease-in;"},"childNodeCount":1,"localName":"div","namespaceURI":"http://www.w3.org/1999/xhtml","nodeType":1,"shadowRoot":null}},{"sharedId":"f.8AA54734AA77FC8FA71C50576EE7DE7A.d.81896DEF35B35D6ACD8ACA98F9D48BFD.e.643","type":"node","value":{"attributes":{"class":"relative overflow-hidden","style":"width: 25.2rem; height: 100%; transition: width 0.3s;"},"childNodeCount":2,"localName":"div","namespaceURI":"http://www.w3.org/1999/xhtml","nodeType":1,"shadowRoot":null}},{"sharedId":"f.8AA54734AA77FC8FA71C50576EE7DE7A.d.81896DEF35B35D6ACD8ACA98F9D48BFD.e.644","type":"node","value":{"attributes":{"class":"absolute inset-0 z-0 h-full hidden"},"childNodeCount":1,"localName":"div","namespaceURI":"http://www.w3.org/1999/xhtml","nodeType":1,"shadowRoot":null}},{"sharedId":"f.8AA54734AA77FC8FA71C50576EE7DE7A.d.81896DEF35B35D6ACD8ACA98F9D48BFD.e.645","type":"node","value":{"attributes":{"class":"absolute inset-0 flex h-full items-center justify-center overflow-hidden text-ellipsis break-words p-[0.5rem] text-center","style":"width: 25.2rem; background-color: rgb(66, 66, 66); border-radius: 0.4rem;"},"childNodeCount":1,"localName":"div","namespaceURI":"http://www.w3.org/1999/xhtml","nodeType":1,"shadowRoot":null}},{"sharedId":"f.8AA54734AA77FC8FA71C50576EE7DE7A.d.81896DEF35B35D6ACD8ACA98F9D48BFD.e.646","type":"node","value":{"attributes":{"class":"max-w-full whitespace-normal break-words text-[2.4rem] font-semibold"},"childNodeCount":1,"localName":"p","namespaceURI":"http://www.w3.org/1999/xhtml","nodeType":1,"shadowRoot":null}},{"sharedId":"f.8AA54734AA77FC8FA71C50576EE7DE7A.d.81896DEF35B35D6ACD8ACA98F9D48BFD.e.647","type":"node","value":{"attributes":{"alt":"S.P.A.R.K.","class":"absolute inset-0 z-10 h-full w-full","src":"https://pql-static.abs-cbn.com/images/spark.thumb-portrait.jpg?im_policy=portraitThumb_tv_fhd","style":"object-fit: cover; border-radius: 0.4rem;"},"childNodeCount":0,"localName":"img","namespaceURI":"http://www.w3.org/1999/xhtml","nodeType":1,"shadowRoot":null}},{"sharedId":"f.8AA54734AA77FC8FA71C50576EE7DE7A.d.81896DEF35B35D6ACD8ACA98F9D48BFD.e.648","type":"node","value":{"attributes":{"class":"thumbnail relative cursor-pointer outline-none"},"childNodeCount":1,"localName":"div","namespaceURI":"http://www.w3.org/1999/xhtml","nodeType":1,"shadowRoot":null}},{"sharedId":"f.8AA54734AA77FC8FA71C50576EE7DE7A.d.81896DEF35B35D6ACD8ACA98F9D48BFD.e.649","type":"node","value":{"attributes":{"class":"relative","style":"height: 38.6rem; min-width: 25.2rem; border-radius: 0.4rem; box-shadow: transparent 0px 0px 0px 0.3rem; transform: scale(1); transition: box-shadow 0.2s, transform 0.2s ease-in;"},"childNodeCount":1,"localName":"div","namespaceURI":"http://www.w3.org/1999/xhtml","nodeType":1,"shadowRoot":null}},{"sharedId":"f.8AA54734AA77FC8FA71C50576EE7DE7A.d.81896DEF35B35D6ACD8ACA98F9D48BFD.e.650","type":"node","value":{"attributes":{"class":"relative overflow-hidden","style":"width: 25.2rem; height: 100%; transition: width 0.3s;"},"childNodeCount":2,"localName":"div","namespaceURI":"http://www.w3.org/1999/xhtml","nodeType":1,"shadowRoot":null}},{"sharedId":"f.8AA54734AA77FC8FA71C50576EE7DE7A.d.81896DEF35B35D6ACD8ACA98F9D48BFD.e.651","type":"node","value":{"attributes":{"class":"absolute inset-0 z-0 h-full hidden"},"childNodeCount":1,"localName":"div","namespaceURI":"http://www.w3.org/1999/xhtml","nodeType":1,"shadowRoot":null}},{"sharedId":"f.8AA54734AA77FC8FA71C50576EE7DE7A.d.81896DEF35B35D6ACD8ACA98F9D48BFD.e.652","type":"node","value":{"attributes":{"class":"absolute inset-0 flex h-full items-center justify-center overflow-hidden text-ellipsis break-words p-[0.5rem] text-center","style":"width: 25.2rem; background-color: rgb(66, 66, 66); border-radius: 0.4rem;"},"childNodeCount":1,"localName":"div","namespaceURI":"http://www.w3.org/1999/xhtml","nodeType":1,"shadowRoot":null}},{"sharedId":"f.8AA54734AA77FC8FA71C50576EE7DE7A.d.81896DEF35B35D6ACD8ACA98F9D48BFD.e.653","type":"node","value":{"attributes":{"class":"max-w-full whitespace-normal break-words text-[2.4rem] font-semibold"},"childNodeCount":1,"localName":"p","namespaceURI":"http://www.w3.org/1999/xhtml","nodeType":1,"shadowRoot":null}},{"sharedId":"f.8AA54734AA77FC8FA71C50576EE7DE7A.d.81896DEF35B35D6ACD8ACA98F9D48BFD.e.654","type":"node","value":{"attributes":{"alt":"Tabing Ilog","class":"absolute inset-0 z-10 h-full w-full","src":"https://pql-static.abs-cbn.com/images/tabingilog.thumb-portrait.jpg?im_policy=portraitThumb_tv_fhd","style":"object-fit: cover; border-radius: 0.4rem;"},"childNodeCount":0,"localName":"img","namespaceURI":"http://www.w3.org/1999/xhtml","nodeType":1,"shadowRoot":null}},{"sharedId":"f.8AA54734AA77FC8FA71C50576EE7DE7A.d.81896DEF35B35D6ACD8ACA98F9D48BFD.e.655","type":"node","value":{"attributes":{"class":"thumbnail relative cursor-pointer outline-none"},"childNodeCount":1,"localName":"div","namespaceURI":"http://www.w3.org/1999/xhtml","nodeType":1,"shadowRoot":null}},{"sharedId":"f.8AA54734AA77FC8FA71C50576EE7DE7A.d.81896DEF35B35D6ACD8ACA98F9D48BFD.e.656","type":"node","value":{"attributes":{"class":"relative","style":"height: 38.6rem; min-width: 25.2rem; border-radius: 0.4rem; box-shadow: transparent 0px 0px 0px 0.3rem; transform: scale(1); transition: box-shadow 0.2s, transform 0.2s ease-in;"},"childNodeCount":2,"localName":"div","namespaceURI":"http://www.w3.org/1999/xhtml","nodeType":1,"shadowRoot":null}},{"sharedId":"f.8AA54734AA77FC8FA71C50576EE7DE7A.d.81896DEF35B35D6ACD8ACA98F9D48BFD.e.657","type":"node","value":{"attributes":{"class":"relative overflow-hidden","style":"width: 25.2rem; height: 100%; transition: width 0.3s;"},"childNodeCount":2,"localName":"div","namespaceURI":"http://www.w3.org/1999/xhtml","nodeType":1,"shadowRoot":null}},{"sharedId":"f.8AA54734AA77FC8FA71C50576EE7DE7A.d.81896DEF35B35D6ACD8ACA98F9D48BFD.e.658","type":"node","value":{"attributes":{"class":"absolute inset-0 z-0 h-full hidden"},"childNodeCount":1,"localName":"div","namespaceURI":"http://www.w3.org/1999/xhtml","nodeType":1,"shadowRoot":null}},{"sharedId":"f.8AA54734AA77FC8FA71C50576EE7DE7A.d.81896DEF35B35D6ACD8ACA98F9D48BFD.e.659","type":"node","value":{"attributes":{"class":"absolute inset-0 flex h-full items-center justify-center overflow-hidden text-ellipsis break-words p-[0.5rem] text-center","style":"width: 25.2rem; background-color: rgb(66, 66, 66); border-radius: 0.4rem;"},"childNodeCount":1,"localName":"div","namespaceURI":"http://www.w3.org/1999/xhtml","nodeType":1,"shadowRoot":null}},{"sharedId":"f.8AA54734AA77FC8FA71C50576EE7DE7A.d.81896DEF35B35D6ACD8ACA98F9D48BFD.e.660","type":"node","value":{"attributes":{"class":"max-w-full whitespace-normal break-words text-[2.4rem] font-semibold"},"childNodeCount":1,"localName":"p","namespaceURI":"http://www.w3.org/1999/xhtml","nodeType":1,"shadowRoot":null}},{"sharedId":"f.8AA54734AA77FC8FA71C50576EE7DE7A.d.81896DEF35B35D6ACD8ACA98F9D48BFD.e.661","type":"node","value":{"attributes":{"alt":"The Gift","class":"absolute inset-0 z-10 h-full w-full","src":"https://pql-static.abs-cbn.com/images/gmathegift.thumb-portrait.jpg?im_policy=portraitThumb_tv_fhd","style":"object-fit: cover; border-radius: 0.4rem;"},"childNodeCount":0,"localName":"img","namespaceURI":"http://www.w3.org/1999/xhtml","nodeType":1,"shadowRoot":null}},{"sharedId":"f.8AA54734AA77FC8FA71C50576EE7DE7A.d.81896DEF35B35D6ACD8ACA98F9D48BFD.e.662","type":"node","value":{"attributes":{"class":"absolute left-0 top-0 z-10"},"childNodeCount":1,"localName":"div","namespaceURI":"http://www.w3.org/1999/xhtml","nodeType":1,"shadowRoot":null}},{"sharedId":"f.8AA54734AA77FC8FA71C50576EE7DE7A.d.81896DEF35B35D6ACD8ACA98F9D48BFD.e.663","type":"node","value":{"attributes":{"alt":"https://pql-static.iwanttfc.com/static/uat/common/images/monetisation/gma.png","class":"h-[3.2rem] w-auto object-contain","src":"https://pql-static.iwanttfc.com/static/uat/common/images/monetisation/gma.png"},"childNodeCount":0,"localName":"img","namespaceURI":"http://www.w3.org/1999/xhtml","nodeType":1,"shadowRoot":null}},{"sharedId":"f.8AA54734AA77FC8FA71C50576EE7DE7A.d.81896DEF35B35D6ACD8ACA98F9D48BFD.e.664","type":"node","value":{"attributes":{"class":"thumbnail relative cursor-pointer outline-none"},"childNodeCount":1,"localName":"div","namespaceURI":"http://www.w3.org/1999/xhtml","nodeType":1,"shadowRoot":null}},{"sharedId":"f.8AA54734AA77FC8FA71C50576EE7DE7A.d.81896DEF35B35D6ACD8ACA98F9D48BFD.e.665","type":"node","value":{"attributes":{"class":"relative","style":"height: 38.6rem; min-width: 25.2rem; border-radius: 0.4rem; box-shadow: transparent 0px 0px 0px 0.3rem; transform: scale(1); transition: box-shadow 0.2s, transform 0.2s ease-in;"},"childNodeCount":1,"localName":"div","namespaceURI":"http://www.w3.org/1999/xhtml","nodeType":1,"shadowRoot":null}},{"sharedId":"f.8AA54734AA77FC8FA71C50576EE7DE7A.d.81896DEF35B35D6ACD8ACA98F9D48BFD.e.666","type":"node","value":{"attributes":{"class":"relative overflow-hidden","style":"width: 25.2rem; height: 100%; transition: width 0.3s;"},"childNodeCount":2,"localName":"div","namespaceURI":"http://www.w3.org/1999/xhtml","nodeType":1,"shadowRoot":null}},{"sharedId":"f.8AA54734AA77FC8FA71C50576EE7DE7A.d.81896DEF35B35D6ACD8ACA98F9D48BFD.e.667","type":"node","value":{"attributes":{"class":"absolute inset-0 z-0 h-full hidden"},"childNodeCount":1,"localName":"div","namespaceURI":"http://www.w3.org/1999/xhtml","nodeType":1,"shadowRoot":null}},{"sharedId":"f.8AA54734AA77FC8FA71C50576EE7DE7A.d.81896DEF35B35D6ACD8ACA98F9D48BFD.e.668","type":"node","value":{"attributes":{"class":"absolute inset-0 flex h-full items-center justify-center overflow-hidden text-ellipsis break-words p-[0.5rem] text-center","style":"width: 25.2rem; background-color: rgb(66, 66, 66); border-radius: 0.4rem;"},"childNodeCount":1,"localName":"div","namespaceURI":"http://www.w3.org/1999/xhtml","nodeType":1,"shadowRoot":null}},{"sharedId":"f.8AA54734AA77FC8FA71C50576EE7DE7A.d.81896DEF35B35D6ACD8ACA98F9D48BFD.e.669","type":"node","value":{"attributes":{"class":"max-w-full whitespace-normal break-words text-[2.4rem] font-semibold"},"childNodeCount":1,"localName":"p","namespaceURI":"http://www.w3.org/1999/xhtml","nodeType":1,"shadowRoot":null}},{"sharedId":"f.8AA54734AA77FC8FA71C50576EE7DE7A.d.81896DEF35B35D6ACD8ACA98F9D48BFD.e.670","type":"node","value":{"attributes":{"alt":"Nagbibinata","class":"absolute inset-0 z-10 h-full w-full","src":"https://pql-static.abs-cbn.com/images/nagbibinata.thumb-portrait.jpg?im_policy=portraitThumb_tv_fhd","style":"object-fit: cover; border-radius: 0.4rem;"},"childNodeCount":0,"localName":"img","namespaceURI":"http://www.w3.org/1999/xhtml","nodeType":1,"shadowRoot":null}},{"sharedId":"f.8AA54734AA77FC8FA71C50576EE7DE7A.d.81896DEF35B35D6ACD8ACA98F9D48BFD.e.671","type":"node","value":{"attributes":{"class":"thumbnail relative cursor-pointer outline-none"},"childNodeCount":1,"localName":"div","namespaceURI":"http://www.w3.org/1999/xhtml","nodeType":1,"shadowRoot":null}},{"sharedId":"f.8AA54734AA77FC8FA71C50576EE7DE7A.d.81896DEF35B35D6ACD8ACA98F9D48BFD.e.672","type":"node","value":{"attributes":{"class":"relative","style":"height: 38.6rem; min-width: 25.2rem; border-radius: 0.4rem; box-shadow: transparent 0px 0px 0px 0.3rem; transform: scale(1); transition: box-shadow 0.2s, transform 0.2s ease-in;"},"childNodeCount":1,"localName":"div","namespaceURI":"http://www.w3.org/1999/xhtml","nodeType":1,"shadowRoot":null}},{"sharedId":"f.8AA54734AA77FC8FA71C50576EE7DE7A.d.81896DEF35B35D6ACD8ACA98F9D48BFD.e.673","type":"node","value":{"attributes":{"class":"relative overflow-hidden","style":"width: 25.2rem; height: 100%; transition: width 0.3s;"},"childNodeCount":2,"localName":"div","namespaceURI":"http://www.w3.org/1999/xhtml","nodeType":1,"shadowRoot":null}},{"sharedId":"f.8AA54734AA77FC8FA71C50576EE7DE7A.d.81896DEF35B35D6ACD8ACA98F9D48BFD.e.674","type":"node","value":{"attributes":{"class":"absolute inset-0 z-0 h-full hidden"},"childNodeCount":1,"localName":"div","namespaceURI":"http://www.w3.org/1999/xhtml","nodeType":1,"shadowRoot":null}},{"sharedId":"f.8AA54734AA77FC8FA71C50576EE7DE7A.d.81896DEF35B35D6ACD8ACA98F9D48BFD.e.675","type":"node","value":{"attributes":{"class":"absolute inset-0 flex h-full items-center justify-center overflow-hidden text-ellipsis break-words p-[0.5rem] text-center","style":"width: 25.2rem; background-color: rgb(66, 66, 66); border-radius: 0.4rem;"},"childNodeCount":1,"localName":"div","namespaceURI":"http://www.w3.org/1999/xhtml","nodeType":1,"shadowRoot":null}},{"sharedId":"f.8AA54734AA77FC8FA71C50576EE7DE7A.d.81896DEF35B35D6ACD8ACA98F9D48BFD.e.676","type":"node","value":{"attributes":{"class":"max-w-full whitespace-normal break-words text-[2.4rem] font-semibold"},"childNodeCount":1,"localName":"p","namespaceURI":"http://www.w3.org/1999/xhtml","nodeType":1,"shadowRoot":null}},{"sharedId":"f.8AA54734AA77FC8FA71C50576EE7DE7A.d.81896DEF35B35D6ACD8ACA98F9D48BFD.e.677","type":"node","value":{"attributes":{"alt":"Batang PX","class":"absolute inset-0 z-10 h-full w-full","src":"https://pql-static.abs-cbn.com/images/batangpx.thumb-portrait.jpg?im_policy=portraitThumb_tv_fhd","style":"object-fit: cover; border-radius: 0.4rem;"},"childNodeCount":0,"localName":"img","namespaceURI":"http://www.w3.org/1999/xhtml","nodeType":1,"shadowRoot":null}},{"sharedId":"f.8AA54734AA77FC8FA71C50576EE7DE7A.d.81896DEF35B35D6ACD8ACA98F9D48BFD.e.678","type":"node","value":{"attributes":{"class":"thumbnail relative cursor-pointer outline-none"},"childNodeCount":1,"localName":"div","namespaceURI":"http://www.w3.org/1999/xhtml","nodeType":1,"shadowRoot":null}},{"sharedId":"f.8AA54734AA77FC8FA71C50576EE7DE7A.d.81896DEF35B35D6ACD8ACA98F9D48BFD.e.679","type":"node","value":{"attributes":{"class":"relative","style":"height: 38.6rem; min-width: 25.2rem; border-radius: 0.4rem; box-shadow: transparent 0px 0px 0px 0.3rem; transform: scale(1); transition: box-shadow 0.2s, transform 0.2s ease-in;"},"childNodeCount":1,"localName":"div","namespaceURI":"http://www.w3.org/1999/xhtml","nodeType":1,"shadowRoot":null}},{"sharedId":"f.8AA54734AA77FC8FA71C50576EE7DE7A.d.81896DEF35B35D6ACD8ACA98F9D48BFD.e.680","type":"node","value":{"attributes":{"class":"relative overflow-hidden","style":"width: 25.2rem; height: 100%; transition: width 0.3s;"},"childNodeCount":2,"localName":"div","namespaceURI":"http://www.w3.org/1999/xhtml","nodeType":1,"shadowRoot":null}},{"sharedId":"f.8AA54734AA77FC8FA71C50576EE7DE7A.d.81896DEF35B35D6ACD8ACA98F9D48BFD.e.681","type":"node","value":{"attributes":{"class":"absolute inset-0 z-0 h-full hidden"},"childNodeCount":1,"localName":"div","namespaceURI":"http://www.w3.org/1999/xhtml","nodeType":1,"shadowRoot":null}},{"sharedId":"f.8AA54734AA77FC8FA71C50576EE7DE7A.d.81896DEF35B35D6ACD8ACA98F9D48BFD.e.682","type":"node","value":{"attributes":{"class":"absolute inset-0 flex h-full items-center justify-center overflow-hidden text-ellipsis break-words p-[0.5rem] text-center","style":"width: 25.2rem; background-color: rgb(66, 66, 66); border-radius: 0.4rem;"},"childNodeCount":1,"localName":"div","namespaceURI":"http://www.w3.org/1999/xhtml","nodeType":1,"shadowRoot":null}},{"sharedId":"f.8AA54734AA77FC8FA71C50576EE7DE7A.d.81896DEF35B35D6ACD8ACA98F9D48BFD.e.683","type":"node","value":{"attributes":{"class":"max-w-full whitespace-normal break-words text-[2.4rem] font-semibold"},"childNodeCount":1,"localName":"p","namespaceURI":"http://www.w3.org/1999/xhtml","nodeType":1,"shadowRoot":null}},{"sharedId":"f.8AA54734AA77FC8FA71C50576EE7DE7A.d.81896DEF35B35D6ACD8ACA98F9D48BFD.e.684","type":"node","value":{"attributes":{"alt":"Labs Kita, Okey ka Lang?","class":"absolute inset-0 z-10 h-full w-full","src":"https://pql-static.abs-cbn.com/images/labskitaokeykalang.thumb-portrait.jpg?im_policy=portraitThumb_tv_fhd","style":"object-fit: cover; border-radius: 0.4rem;"},"childNodeCount":0,"localName":"img","namespaceURI":"http://www.w3.org/1999/xhtml","nodeType":1,"shadowRoot":null}},{"sharedId":"f.8AA54734AA77FC8FA71C50576EE7DE7A.d.81896DEF35B35D6ACD8ACA98F9D48BFD.e.685","type":"node","value":{"attributes":{"class":"thumbnail relative cursor-pointer outline-none"},"childNodeCount":1,"localName":"div","namespaceURI":"http://www.w3.org/1999/xhtml","nodeType":1,"shadowRoot":null}},{"sharedId":"f.8AA54734AA77FC8FA71C50576EE7DE7A.d.81896DEF35B35D6ACD8ACA98F9D48BFD.e.686","type":"node","value":{"attributes":{"class":"relative","style":"height: 38.6rem; min-width: 25.2rem; border-radius: 0.4rem; box-shadow: transparent 0px 0px 0px 0.3rem; transform: scale(1); transition: box-shadow 0.2s, transform 0.2s ease-in;"},"childNodeCount":1,"localName":"div","namespaceURI":"http://www.w3.org/1999/xhtml","nodeType":1,"shadowRoot":null}},{"sharedId":"f.8AA54734AA77FC8FA71C50576EE7DE7A.d.81896DEF35B35D6ACD8ACA98F9D48BFD.e.687","type":"node","value":{"attributes":{"class":"relative overflow-hidden","style":"width: 25.2rem; height: 100%; transition: width 0.3s;"},"childNodeCount":2,"localName":"div","namespaceURI":"http://www.w3.org/1999/xhtml","nodeType":1,"shadowRoot":null}},{"sharedId":"f.8AA54734AA77FC8FA71C50576EE7DE7A.d.81896DEF35B35D6ACD8ACA98F9D48BFD.e.688","type":"node","value":{"attributes":{"class":"absolute inset-0 z-0 h-full hidden"},"childNodeCount":1,"localName":"div","namespaceURI":"http://www.w3.org/1999/xhtml","nodeType":1,"shadowRoot":null}},{"sharedId":"f.8AA54734AA77FC8FA71C50576EE7DE7A.d.81896DEF35B35D6ACD8ACA98F9D48BFD.e.689","type":"node","value":{"attributes":{"class":"absolute inset-0 flex h-full items-center justify-center overflow-hidden text-ellipsis break-words p-[0.5rem] text-center","style":"width: 25.2rem; background-color: rgb(66, 66, 66); border-radius: 0.4rem;"},"childNodeCount":1,"localName":"div","namespaceURI":"http://www.w3.org/1999/xhtml","nodeType":1,"shadowRoot":null}},{"sharedId":"f.8AA54734AA77FC8FA71C50576EE7DE7A.d.81896DEF35B35D6ACD8ACA98F9D48BFD.e.690","type":"node","value":{"attributes":{"class":"max-w-full whitespace-normal break-words text-[2.4rem] font-semibold"},"childNodeCount":1,"localName":"p","namespaceURI":"http://www.w3.org/1999/xhtml","nodeType":1,"shadowRoot":null}},{"sharedId":"f.8AA54734AA77FC8FA71C50576EE7DE7A.d.81896DEF35B35D6ACD8ACA98F9D48BFD.e.691","type":"node","value":{"attributes":{"alt":"Run to Me","class":"absolute inset-0 z-10 h-full w-full","src":"https://pql-static.abs-cbn.com/images/runtome.thumb-portrait.jpg?im_policy=portraitThumb_tv_fhd","style":"object-fit: cover; border-radius: 0.4rem;"},"childNodeCount":0,"localName":"img","namespaceURI":"http://www.w3.org/1999/xhtml","nodeType":1,"shadowRoot":null}},{"sharedId":"f.8AA54734AA77FC8FA71C50576EE7DE7A.d.81896DEF35B35D6ACD8ACA98F9D48BFD.e.692","type":"node","value":{"attributes":{"class":"thumbnail relative cursor-pointer outline-none"},"childNodeCount":1,"localName":"div","namespaceURI":"http://www.w3.org/1999/xhtml","nodeType":1,"shadowRoot":null}},{"sharedId":"f.8AA54734AA77FC8FA71C50576EE7DE7A.d.81896DEF35B35D6ACD8ACA98F9D48BFD.e.693","type":"node","value":{"attributes":{"class":"relative","style":"height: 38.6rem; min-width: 25.2rem; border-radius: 0.4rem; box-shadow: transparent 0px 0px 0px 0.3rem; transform: scale(1); transition: box-shadow 0.2s, transform 0.2s ease-in;"},"childNodeCount":1,"localName":"div","namespaceURI":"http://www.w3.org/1999/xhtml","nodeType":1,"shadowRoot":null}},{"sharedId":"f.8AA54734AA77FC8FA71C50576EE7DE7A.d.81896DEF35B35D6ACD8ACA98F9D48BFD.e.694","type":"node","value":{"attributes":{"class":"relative overflow-hidden","style":"width: 25.2rem; height: 100%; transition: width 0.3s;"},"childNodeCount":2,"localName":"div","namespaceURI":"http://www.w3.org/1999/xhtml","nodeType":1,"shadowRoot":null}},{"sharedId":"f.8AA54734AA77FC8FA71C50576EE7DE7A.d.81896DEF35B35D6ACD8ACA98F9D48BFD.e.695","type":"node","value":{"attributes":{"class":"absolute inset-0 z-0 h-full hidden"},"childNodeCount":1,"localName":"div","namespaceURI":"http://www.w3.org/1999/xhtml","nodeType":1,"shadowRoot":null}},{"sharedId":"f.8AA54734AA77FC8FA71C50576EE7DE7A.d.81896DEF35B35D6ACD8ACA98F9D48BFD.e.696","type":"node","value":{"attributes":{"class":"absolute inset-0 flex h-full items-center justify-center overflow-hidden text-ellipsis break-words p-[0.5rem] text-center","style":"width: 25.2rem; background-color: rgb(66, 66, 66); border-radius: 0.4rem;"},"childNodeCount":1,"localName":"div","namespaceURI":"http://www.w3.org/1999/xhtml","nodeType":1,"shadowRoot":null}},{"sharedId":"f.8AA54734AA77FC8FA71C50576EE7DE7A.d.81896DEF35B35D6ACD8ACA98F9D48BFD.e.697","type":"node","value":{"attributes":{"class":"max-w-full whitespace-normal break-words text-[2.4rem] font-semibold"},"childNodeCount":1,"localName":"p","namespaceURI":"http://www.w3.org/1999/xhtml","nodeType":1,"shadowRoot":null}},{"sharedId":"f.8AA54734AA77FC8FA71C50576EE7DE7A.d.81896DEF35B35D6ACD8ACA98F9D48BFD.e.698","type":"node","value":{"attributes":{"alt":"Apple of my Eye","class":"absolute inset-0 z-10 h-full w-full","src":"https://pql-static.abs-cbn.com/images/appleofmyeye.thumb-portrait.jpg?im_policy=portraitThumb_tv_fhd","style":"object-fit: cover; border-radius: 0.4rem;"},"childNodeCount":0,"localName":"img","namespaceURI":"http://www.w3.org/1999/xhtml","nodeType":1,"shadowRoot":null}},{"sharedId":"f.8AA54734AA77FC8FA71C50576EE7DE7A.d.81896DEF35B35D6ACD8ACA98F9D48BFD.e.699","type":"node","value":{"attributes":{"class":"thumbnail relative cursor-pointer outline-none"},"childNodeCount":1,"localName":"div","namespaceURI":"http://www.w3.org/1999/xhtml","nodeType":1,"shadowRoot":null}},{"sharedId":"f.8AA54734AA77FC8FA71C50576EE7DE7A.d.81896DEF35B35D6ACD8ACA98F9D48BFD.e.700","type":"node","value":{"attributes":{"class":"relative","style":"height: 38.6rem; min-width: 25.2rem; border-radius: 0.4rem; box-shadow: transparent 0px 0px 0px 0.3rem; transform: scale(1); transition: box-shadow 0.2s, transform 0.2s ease-in;"},"childNodeCount":1,"localName":"div","namespaceURI":"http://www.w3.org/1999/xhtml","nodeType":1,"shadowRoot":null}},{"sharedId":"f.8AA54734AA77FC8FA71C50576EE7DE7A.d.81896DEF35B35D6ACD8ACA98F9D48BFD.e.701","type":"node","value":{"attributes":{"class":"relative overflow-hidden","style":"width: 25.2rem; height: 100%; transition: width 0.3s;"},"childNodeCount":2,"localName":"div","namespaceURI":"http://www.w3.org/1999/xhtml","nodeType":1,"shadowRoot":null}},{"sharedId":"f.8AA54734AA77FC8FA71C50576EE7DE7A.d.81896DEF35B35D6ACD8ACA98F9D48BFD.e.702","type":"node","value":{"attributes":{"class":"absolute inset-0 z-0 h-full hidden"},"childNodeCount":1,"localName":"div","namespaceURI":"http://www.w3.org/1999/xhtml","nodeType":1,"shadowRoot":null}},{"sharedId":"f.8AA54734AA77FC8FA71C50576EE7DE7A.d.81896DEF35B35D6ACD8ACA98F9D48BFD.e.703","type":"node","value":{"attributes":{"class":"absolute inset-0 flex h-full items-center justify-center overflow-hidden text-ellipsis break-words p-[0.5rem] text-center","style":"width: 25.2rem; background-color: rgb(66, 66, 66); border-radius: 0.4rem;"},"childNodeCount":1,"localName":"div","namespaceURI":"http://www.w3.org/1999/xhtml","nodeType":1,"shadowRoot":null}},{"sharedId":"f.8AA54734AA77FC8FA71C50576EE7DE7A.d.81896DEF35B35D6ACD8ACA98F9D48BFD.e.704","type":"node","value":{"attributes":{"class":"max-w-full whitespace-normal break-words text-[2.4rem] font-semibold"},"childNodeCount":1,"localName":"p","namespaceURI":"http://www.w3.org/1999/xhtml","nodeType":1,"shadowRoot":null}},{"sharedId":"f.8AA54734AA77FC8FA71C50576EE7DE7A.d.81896DEF35B35D6ACD8ACA98F9D48BFD.e.705","type":"node","value":{"attributes":{"alt":"Tara, G!","class":"absolute inset-0 z-10 h-full w-full","src":"https://pql-static.abs-cbn.com/images/tarag.thumb-portrait.jpg?im_policy=portraitThumb_tv_fhd","style":"object-fit: cover; border-radius: 0.4rem;"},"childNodeCount":0,"localName":"img","namespaceURI":"http://www.w3.org/1999/xhtml","nodeType":1,"shadowRoot":null}},{"sharedId":"f.8AA54734AA77FC8FA71C50576EE7DE7A.d.81896DEF35B35D6ACD8ACA98F9D48BFD.e.706","type":"node","value":{"attributes":{"class":"rail relative h-full w-full pb-[3.2rem]","style":"width: 100%; margin-top: 0px; margin-bottom: 0px; margin-left: 0px; padding-left: 0px; padding-top: 3.2rem; background-size: cover; background-repeat: no-repeat; background-position: center center;"},"childNodeCount":2,"localName":"div","namespaceURI":"http://www.w3.org/1999/xhtml","nodeType":1,"shadowRoot":null}},{"sharedId":"f.8AA54734AA77FC8FA71C50576EE7DE7A.d.81896DEF35B35D6ACD8ACA98F9D48BFD.e.707","type":"node","value":{"attributes":{"class":"title mb-[3.2rem]"},"childNodeCount":1,"localName":"div","namespaceURI":"http://www.w3.org/1999/xhtml","nodeType":1,"shadowRoot":null}},{"sharedId":"f.8AA54734AA77FC8FA71C50576EE7DE7A.d.81896DEF35B35D6ACD8ACA98F9D48BFD.e.708","type":"node","value":{"attributes":{"class":"text-[2.8rem] font-medium leading-[3.5rem]"},"childNodeCount":1,"localName":"p","namespaceURI":"http://www.w3.org/1999/xhtml","nodeType":1,"shadowRoot":null}},{"sharedId":"f.8AA54734AA77FC8FA71C50576EE7DE7A.d.81896DEF35B35D6ACD8ACA98F9D48BFD.e.709","type":"node","value":{"attributes":{"class":"rail-container pointer-events-none relative","style":"margin-top: 0px; margin-bottom: -3rem;"},"childNodeCount":1,"localName":"div","namespaceURI":"http://www.w3.org/1999/xhtml","nodeType":1,"shadowRoot":null}},{"sharedId":"f.8AA54734AA77FC8FA71C50576EE7DE7A.d.81896DEF35B35D6ACD8ACA98F9D48BFD.e.710","type":"node","value":{"attributes":{"class":"scrollable-list pointer-events-auto flex gap-[1.6rem] overflow-x-auto scroll-smooth","style":"padding-top: 0px; padding-bottom: 3rem;"},"childNodeCount":11,"localName":"div","namespaceURI":"http://www.w3.org/1999/xhtml","nodeType":1,"shadowRoot":null}},{"sharedId":"f.8AA54734AA77FC8FA71C50576EE7DE7A.d.81896DEF35B35D6ACD8ACA98F9D48BFD.e.711","type":"node","value":{"attributes":{"class":"thumbnail relative cursor-pointer outline-none"},"childNodeCount":1,"localName":"div","namespaceURI":"http://www.w3.org/1999/xhtml","nodeType":1,"shadowRoot":null}},{"sharedId":"f.8AA54734AA77FC8FA71C50576EE7DE7A.d.81896DEF35B35D6ACD8ACA98F9D48BFD.e.712","type":"node","value":{"attributes":{"class":"relative","style":"height: 19rem; min-width: 33.6rem; border-radius: 0.4rem; box-shadow: transparent 0px 0px 0px 0.3rem; transform: scale(1); transition: box-shadow 0.2s, transform 0.2s ease-in;"},"childNodeCount":2,"localName":"div","namespaceURI":"http://www.w3.org/1999/xhtml","nodeType":1,"shadowRoot":null}},{"sharedId":"f.8AA54734AA77FC8FA71C50576EE7DE7A.d.81896DEF35B35D6ACD8ACA98F9D48BFD.e.713","type":"node","value":{"attributes":{"class":"relative overflow-hidden","style":"width: 33.6rem; height: 100%; transition: width 0.3s;"},"childNodeCount":2,"localName":"div","namespaceURI":"http://www.w3.org/1999/xhtml","nodeType":1,"shadowRoot":null}},{"sharedId":"f.8AA54734AA77FC8FA71C50576EE7DE7A.d.81896DEF35B35D6ACD8ACA98F9D48BFD.e.714","type":"node","value":{"attributes":{"class":"absolute inset-0 z-0 h-full hidden"},"childNodeCount":1,"localName":"div","namespaceURI":"http://www.w3.org/1999/xhtml","nodeType":1,"shadowRoot":null}},{"sharedId":"f.8AA54734AA77FC8FA71C50576EE7DE7A.d.81896DEF35B35D6ACD8ACA98F9D48BFD.e.715","type":"node","value":{"attributes":{"class":"absolute inset-0 flex h-full items-center justify-center overflow-hidden text-ellipsis break-words p-[0.5rem] text-center","style":"width: 33.6rem; background-color: rgb(66, 66, 66); border-radius: 0.4rem;"},"childNodeCount":1,"localName":"div","namespaceURI":"http://www.w3.org/1999/xhtml","nodeType":1,"shadowRoot":null}},{"sharedId":"f.8AA54734AA77FC8FA71C50576EE7DE7A.d.81896DEF35B35D6ACD8ACA98F9D48BFD.e.716","type":"node","value":{"attributes":{"class":"max-w-full whitespace-normal break-words text-[2.4rem] font-semibold"},"childNodeCount":1,"localName":"p","namespaceURI":"http://www.w3.org/1999/xhtml","nodeType":1,"shadowRoot":null}},{"sharedId":"f.8AA54734AA77FC8FA71C50576EE7DE7A.d.81896DEF35B35D6ACD8ACA98F9D48BFD.e.717","type":"node","value":{"attributes":{"alt":"Love, Joy, Hope: The ABS-CBN Christmas Special 2025 LIVE","class":"absolute inset-0 z-10 h-full w-full","src":"https://pql-static.abs-cbn.com/images/live/ABSCBNCHRISTMASSPECIAL2025_LANDSCAPE_1920X1080_20251211151542.png?im_policy=landscapeThumb_tv_fhd","style":"object-fit: cover; border-radius: 0.4rem;"},"childNodeCount":0,"localName":"img","namespaceURI":"http://www.w3.org/1999/xhtml","nodeType":1,"shadowRoot":null}},{"sharedId":"f.8AA54734AA77FC8FA71C50576EE7DE7A.d.81896DEF35B35D6ACD8ACA98F9D48BFD.e.718","type":"node","value":{"attributes":{"class":"absolute left-0 top-0 z-10"},"childNodeCount":1,"localName":"div","namespaceURI":"http://www.w3.org/1999/xhtml","nodeType":1,"shadowRoot":null}},{"sharedId":"f.8AA54734AA77FC8FA71C50576EE7DE7A.d.81896DEF35B35D6ACD8ACA98F9D48BFD.e.719","type":"node","value":{"attributes":{"alt":"https://pql-static.iwanttfc.com/static/uat/common/images/monetisation/free.png","class":"h-[3.2rem] w-auto object-contain","src":"https://pql-static.iwanttfc.com/static/uat/common/images/monetisation/free.png"},"childNodeCount":0,"localName":"img","namespaceURI":"http://www.w3.org/1999/xhtml","nodeType":1,"shadowRoot":null}},{"sharedId":"f.8AA54734AA77FC8FA71C50576EE7DE7A.d.81896DEF35B35D6ACD8ACA98F9D48BFD.e.720","type":"node","value":{"attributes":{"class":"thumbnail relative cursor-pointer outline-none"},"childNodeCount":1,"localName":"div","namespaceURI":"http://www.w3.org/1999/xhtml","nodeType":1,"shadowRoot":null}},{"sharedId":"f.8AA54734AA77FC8FA71C50576EE7DE7A.d.81896DEF35B35D6ACD8ACA98F9D48BFD.e.721","type":"node","value":{"attributes":{"class":"relative","style":"height: 19rem; min-width: 33.6rem; border-radius: 0.4rem; box-shadow: transparent 0px 0px 0px 0.3rem; transform: scale(1); transition: box-shadow 0.2s, transform 0.2s ease-in;"},"childNodeCount":2,"localName":"div","namespaceURI":"http://www.w3.org/1999/xhtml","nodeType":1,"shadowRoot":null}},{"sharedId":"f.8AA54734AA77FC8FA71C50576EE7DE7A.d.81896DEF35B35D6ACD8ACA98F9D48BFD.e.722","type":"node","value":{"attributes":{"class":"relative overflow-hidden","style":"width: 33.6rem; height: 100%; transition: width 0.3s;"},"childNodeCount":2,"localName":"div","namespaceURI":"http://www.w3.org/1999/xhtml","nodeType":1,"shadowRoot":null}},{"sharedId":"f.8AA54734AA77FC8FA71C50576EE7DE7A.d.81896DEF35B35D6ACD8ACA98F9D48BFD.e.723","type":"node","value":{"attributes":{"class":"absolute inset-0 z-0 h-full hidden"},"childNodeCount":1,"localName":"div","namespaceURI":"http://www.w3.org/1999/xhtml","nodeType":1,"shadowRoot":null}},{"sharedId":"f.8AA54734AA77FC8FA71C50576EE7DE7A.d.81896DEF35B35D6ACD8ACA98F9D48BFD.e.724","type":"node","value":{"attributes":{"class":"absolute inset-0 flex h-full items-center justify-center overflow-hidden text-ellipsis break-words p-[0.5rem] text-center","style":"width: 33.6rem; background-color: rgb(66, 66, 66); border-radius: 0.4rem;"},"childNodeCount":1,"localName":"div","namespaceURI":"http://www.w3.org/1999/xhtml","nodeType":1,"shadowRoot":null}},{"sharedId":"f.8AA54734AA77FC8FA71C50576EE7DE7A.d.81896DEF35B35D6ACD8ACA98F9D48BFD.e.725","type":"node","value":{"attributes":{"class":"max-w-full whitespace-normal break-words text-[2.4rem] font-semibold"},"childNodeCount":1,"localName":"p","namespaceURI":"http://www.w3.org/1999/xhtml","nodeType":1,"shadowRoot":null}},{"sharedId":"f.8AA54734AA77FC8FA71C50576EE7DE7A.d.81896DEF35B35D6ACD8ACA98F9D48BFD.e.726","type":"node","value":{"attributes":{"alt":"Favor Church Manila LIVE","class":"absolute inset-0 z-10 h-full w-full","src":"https://pql-static.abs-cbn.com/images/live/FAVORCHURCHMNL_LIVELANDSCAPE_1920X1080_V1_20251030092223.jpg?im_policy=landscapeThumb_tv_fhd","style":"object-fit: cover; border-radius: 0.4rem;"},"childNodeCount":0,"localName":"img","namespaceURI":"http://www.w3.org/1999/xhtml","nodeType":1,"shadowRoot":null}},{"sharedId":"f.8AA54734AA77FC8FA71C50576EE7DE7A.d.81896DEF35B35D6ACD8ACA98F9D48BFD.e.727","type":"node","value":{"attributes":{"class":"absolute left-0 top-0 z-10"},"childNodeCount":1,"localName":"div","namespaceURI":"http://www.w3.org/1999/xhtml","nodeType":1,"shadowRoot":null}},{"sharedId":"f.8AA54734AA77FC8FA71C50576EE7DE7A.d.81896DEF35B35D6ACD8ACA98F9D48BFD.e.728","type":"node","value":{"attributes":{"alt":"https://pql-static.iwanttfc.com/static/uat/common/images/monetisation/free.png","class":"h-[3.2rem] w-auto object-contain","src":"https://pql-static.iwanttfc.com/static/uat/common/images/monetisation/free.png"},"childNodeCount":0,"localName":"img","namespaceURI":"http://www.w3.org/1999/xhtml","nodeType":1,"shadowRoot":null}},{"sharedId":"f.8AA54734AA77FC8FA71C50576EE7DE7A.d.81896DEF35B35D6ACD8ACA98F9D48BFD.e.729","type":"node","value":{"attributes":{"class":"thumbnail relative cursor-pointer outline-none"},"childNodeCount":1,"localName":"div","namespaceURI":"http://www.w3.org/1999/xhtml","nodeType":1,"shadowRoot":null}},{"sharedId":"f.8AA54734AA77FC8FA71C50576EE7DE7A.d.81896DEF35B35D6ACD8ACA98F9D48BFD.e.730","type":"node","value":{"attributes":{"class":"relative","style":"height: 19rem; min-width: 33.6rem; border-radius: 0.4rem; box-shadow: transparent 0px 0px 0px 0.3rem; transform: scale(1); transition: box-shadow 0.2s, transform 0.2s ease-in;"},"childNodeCount":2,"localName":"div","namespaceURI":"http://www.w3.org/1999/xhtml","nodeType":1,"shadowRoot":null}},{"sharedId":"f.8AA54734AA77FC8FA71C50576EE7DE7A.d.81896DEF35B35D6ACD8ACA98F9D48BFD.e.731","type":"node","value":{"attributes":{"class":"relative overflow-hidden","style":"width: 33.6rem; height: 100%; transition: width 0.3s;"},"childNodeCount":2,"localName":"div","namespaceURI":"http://www.w3.org/1999/xhtml","nodeType":1,"shadowRoot":null}},{"sharedId":"f.8AA54734AA77FC8FA71C50576EE7DE7A.d.81896DEF35B35D6ACD8ACA98F9D48BFD.e.732","type":"node","value":{"attributes":{"class":"absolute inset-0 z-0 h-full hidden"},"childNodeCount":1,"localName":"div","namespaceURI":"http://www.w3.org/1999/xhtml","nodeType":1,"shadowRoot":null}},{"sharedId":"f.8AA54734AA77FC8FA71C50576EE7DE7A.d.81896DEF35B35D6ACD8ACA98F9D48BFD.e.733","type":"node","value":{"attributes":{"class":"absolute inset-0 flex h-full items-center justify-center overflow-hidden text-ellipsis break-words p-[0.5rem] text-center","style":"width: 33.6rem; background-color: rgb(66, 66, 66); border-radius: 0.4rem;"},"childNodeCount":1,"localName":"div","namespaceURI":"http://www.w3.org/1999/xhtml","nodeType":1,"shadowRoot":null}},{"sharedId":"f.8AA54734AA77FC8FA71C50576EE7DE7A.d.81896DEF35B35D6ACD8ACA98F9D48BFD.e.734","type":"node","value":{"attributes":{"class":"max-w-full whitespace-normal break-words text-[2.4rem] font-semibold"},"childNodeCount":1,"localName":"p","namespaceURI":"http://www.w3.org/1999/xhtml","nodeType":1,"shadowRoot":null}},{"sharedId":"f.8AA54734AA77FC8FA71C50576EE7DE7A.d.81896DEF35B35D6ACD8ACA98F9D48BFD.e.735","type":"node","value":{"attributes":{"alt":"PBB All Access Livestream","class":"absolute inset-0 z-10 h-full w-full","src":"https://pql-static.abs-cbn.com/images/live/pbballaccessstream_main_thumb-landscape_20251031061036.jpg?im_policy=landscapeThumb_tv_fhd","style":"object-fit: cover; border-radius: 0.4rem;"},"childNodeCount":0,"localName":"img","namespaceURI":"http://www.w3.org/1999/xhtml","nodeType":1,"shadowRoot":null}},{"sharedId":"f.8AA54734AA77FC8FA71C50576EE7DE7A.d.81896DEF35B35D6ACD8ACA98F9D48BFD.e.736","type":"node","value":{"attributes":{"class":"absolute left-0 top-0 z-10"},"childNodeCount":1,"localName":"div","namespaceURI":"http://www.w3.org/1999/xhtml","nodeType":1,"shadowRoot":null}},{"sharedId":"f.8AA54734AA77FC8FA71C50576EE7DE7A.d.81896DEF35B35D6ACD8ACA98F9D48BFD.e.737","type":"node","value":{"attributes":{"alt":"https://pql-static.iwanttfc.com/static/uat/common/images/monetisation/free.png","class":"h-[3.2rem] w-auto object-contain","src":"https://pql-static.iwanttfc.com/static/uat/common/images/monetisation/free.png"},"childNodeCount":0,"localName":"img","namespaceURI":"http://www.w3.org/1999/xhtml","nodeType":1,"shadowRoot":null}},{"sharedId":"f.8AA54734AA77FC8FA71C50576EE7DE7A.d.81896DEF35B35D6ACD8ACA98F9D48BFD.e.738","type":"node","value":{"attributes":{"class":"thumbnail relative cursor-pointer outline-none"},"childNodeCount":1,"localName":"div","namespaceURI":"http://www.w3.org/1999/xhtml","nodeType":1,"shadowRoot":null}},{"sharedId":"f.8AA54734AA77FC8FA71C50576EE7DE7A.d.81896DEF35B35D6ACD8ACA98F9D48BFD.e.739","type":"node","value":{"attributes":{"class":"relative","style":"height: 19rem; min-width: 33.6rem; border-radius: 0.4rem; box-shadow: transparent 0px 0px 0px 0.3rem; transform: scale(1); transition: box-shadow 0.2s, transform 0.2s ease-in;"},"childNodeCount":1,"localName":"div","namespaceURI":"http://www.w3.org/1999/xhtml","nodeType":1,"shadowRoot":null}},{"sharedId":"f.8AA54734AA77FC8FA71C50576EE7DE7A.d.81896DEF35B35D6ACD8ACA98F9D48BFD.e.740","type":"node","value":{"attributes":{"class":"relative overflow-hidden","style":"width: 33.6rem; height: 100%; transition: width 0.3s;"},"childNodeCount":2,"localName":"div","namespaceURI":"http://www.w3.org/1999/xhtml","nodeType":1,"shadowRoot":null}},{"sharedId":"f.8AA54734AA77FC8FA71C50576EE7DE7A.d.81896DEF35B35D6ACD8ACA98F9D48BFD.e.741","type":"node","value":{"attributes":{"class":"absolute inset-0 z-0 h-full hidden"},"childNodeCount":1,"localName":"div","namespaceURI":"http://www.w3.org/1999/xhtml","nodeType":1,"shadowRoot":null}},{"sharedId":"f.8AA54734AA77FC8FA71C50576EE7DE7A.d.81896DEF35B35D6ACD8ACA98F9D48BFD.e.742","type":"node","value":{"attributes":{"class":"absolute inset-0 flex h-full items-center justify-center overflow-hidden text-ellipsis break-words p-[0.5rem] text-center","style":"width: 33.6rem; background-color: rgb(66, 66, 66); border-radius: 0.4rem;"},"childNodeCount":1,"localName":"div","namespaceURI":"http://www.w3.org/1999/xhtml","nodeType":1,"shadowRoot":null}},{"sharedId":"f.8AA54734AA77FC8FA71C50576EE7DE7A.d.81896DEF35B35D6ACD8ACA98F9D48BFD.e.743","type":"node","value":{"attributes":{"class":"max-w-full whitespace-normal break-words text-[2.4rem] font-semibold"},"childNodeCount":1,"localName":"p","namespaceURI":"http://www.w3.org/1999/xhtml","nodeType":1,"shadowRoot":null}},{"sharedId":"f.8AA54734AA77FC8FA71C50576EE7DE7A.d.81896DEF35B35D6ACD8ACA98F9D48BFD.e.744","type":"node","value":{"attributes":{"alt":"PBB All Access Livestream - Dining Area","class":"absolute inset-0 z-10 h-full w-full","src":"https://pql-static.abs-cbn.com/images/live/pbballaccessstream_dining_thumb-landscape_20251031061342.jpg?im_policy=landscapeThumb_tv_fhd","style":"object-fit: cover; border-radius: 0.4rem;"},"childNodeCount":0,"localName":"img","namespaceURI":"http://www.w3.org/1999/xhtml","nodeType":1,"shadowRoot":null}},{"sharedId":"f.8AA54734AA77FC8FA71C50576EE7DE7A.d.81896DEF35B35D6ACD8ACA98F9D48BFD.e.745","type":"node","value":{"attributes":{"class":"thumbnail relative cursor-pointer outline-none"},"childNodeCount":1,"localName":"div","namespaceURI":"http://www.w3.org/1999/xhtml","nodeType":1,"shadowRoot":null}},{"sharedId":"f.8AA54734AA77FC8FA71C50576EE7DE7A.d.81896DEF35B35D6ACD8ACA98F9D48BFD.e.746","type":"node","value":{"attributes":{"class":"relative","style":"height: 19rem; min-width: 33.6rem; border-radius: 0.4rem; box-shadow: transparent 0px 0px 0px 0.3rem; transform: scale(1); transition: box-shadow 0.2s, transform 0.2s ease-in;"},"childNodeCount":1,"localName":"div","namespaceURI":"http://www.w3.org/1999/xhtml","nodeType":1,"shadowRoot":null}},{"sharedId":"f.8AA54734AA77FC8FA71C50576EE7DE7A.d.81896DEF35B35D6ACD8ACA98F9D48BFD.e.747","type":"node","value":{"attributes":{"class":"relative overflow-hidden","style":"width: 33.6rem; height: 100%; transition: width 0.3s;"},"childNodeCount":2,"localName":"div","namespaceURI":"http://www.w3.org/1999/xhtml","nodeType":1,"shadowRoot":null}},{"sharedId":"f.8AA54734AA77FC8FA71C50576EE7DE7A.d.81896DEF35B35D6ACD8ACA98F9D48BFD.e.748","type":"node","value":{"attributes":{"class":"absolute inset-0 z-0 h-full hidden"},"childNodeCount":1,"localName":"div","namespaceURI":"http://www.w3.org/1999/xhtml","nodeType":1,"shadowRoot":null}},{"sharedId":"f.8AA54734AA77FC8FA71C50576EE7DE7A.d.81896DEF35B35D6ACD8ACA98F9D48BFD.e.749","type":"node","value":{"attributes":{"class":"absolute inset-0 flex h-full items-center justify-center overflow-hidden text-ellipsis break-words p-[0.5rem] text-center","style":"width: 33.6rem; background-color: rgb(66, 66, 66); border-radius: 0.4rem;"},"childNodeCount":1,"localName":"div","namespaceURI":"http://www.w3.org/1999/xhtml","nodeType":1,"shadowRoot":null}},{"sharedId":"f.8AA54734AA77FC8FA71C50576EE7DE7A.d.81896DEF35B35D6ACD8ACA98F9D48BFD.e.750","type":"node","value":{"attributes":{"class":"max-w-full whitespace-normal break-words text-[2.4rem] font-semibold"},"childNodeCount":1,"localName":"p","namespaceURI":"http://www.w3.org/1999/xhtml","nodeType":1,"shadowRoot":null}},{"sharedId":"f.8AA54734AA77FC8FA71C50576EE7DE7A.d.81896DEF35B35D6ACD8ACA98F9D48BFD.e.751","type":"node","value":{"attributes":{"alt":"PBB All Access Livestream - Pool Area","class":"absolute inset-0 z-10 h-full w-full","src":"https://pql-static.abs-cbn.com/images/live/pbballaccessstream_pool_thumb-landscape_20251031061637.jpg?im_policy=landscapeThumb_tv_fhd","style":"object-fit: cover; border-radius: 0.4rem;"},"childNodeCount":0,"localName":"img","namespaceURI":"http://www.w3.org/1999/xhtml","nodeType":1,"shadowRoot":null}},{"sharedId":"f.8AA54734AA77FC8FA71C50576EE7DE7A.d.81896DEF35B35D6ACD8ACA98F9D48BFD.e.752","type":"node","value":{"attributes":{"class":"thumbnail relative cursor-pointer outline-none"},"childNodeCount":1,"localName":"div","namespaceURI":"http://www.w3.org/1999/xhtml","nodeType":1,"shadowRoot":null}},{"sharedId":"f.8AA54734AA77FC8FA71C50576EE7DE7A.d.81896DEF35B35D6ACD8ACA98F9D48BFD.e.753","type":"node","value":{"attributes":{"class":"relative","style":"height: 19rem; min-width: 33.6rem; border-radius: 0.4rem; box-shadow: transparent 0px 0px 0px 0.3rem; transform: scale(1); transition: box-shadow 0.2s, transform 0.2s ease-in;"},"childNodeCount":2,"localName":"div","namespaceURI":"http://www.w3.org/1999/xhtml","nodeType":1,"shadowRoot":null}},{"sharedId":"f.8AA54734AA77FC8FA71C50576EE7DE7A.d.81896DEF35B35D6ACD8ACA98F9D48BFD.e.754","type":"node","value":{"attributes":{"class":"relative overflow-hidden","style":"width: 33.6rem; height: 100%; transition: width 0.3s;"},"childNodeCount":2,"localName":"div","namespaceURI":"http://www.w3.org/1999/xhtml","nodeType":1,"shadowRoot":null}},{"sharedId":"f.8AA54734AA77FC8FA71C50576EE7DE7A.d.81896DEF35B35D6ACD8ACA98F9D48BFD.e.755","type":"node","value":{"attributes":{"class":"absolute inset-0 z-0 h-full hidden"},"childNodeCount":1,"localName":"div","namespaceURI":"http://www.w3.org/1999/xhtml","nodeType":1,"shadowRoot":null}},{"sharedId":"f.8AA54734AA77FC8FA71C50576EE7DE7A.d.81896DEF35B35D6ACD8ACA98F9D48BFD.e.756","type":"node","value":{"attributes":{"class":"absolute inset-0 flex h-full items-center justify-center overflow-hidden text-ellipsis break-words p-[0.5rem] text-center","style":"width: 33.6rem; background-color: rgb(66, 66, 66); border-radius: 0.4rem;"},"childNodeCount":1,"localName":"div","namespaceURI":"http://www.w3.org/1999/xhtml","nodeType":1,"shadowRoot":null}},{"sharedId":"f.8AA54734AA77FC8FA71C50576EE7DE7A.d.81896DEF35B35D6ACD8ACA98F9D48BFD.e.757","type":"node","value":{"attributes":{"class":"max-w-full whitespace-normal break-words text-[2.4rem] font-semibold"},"childNodeCount":1,"localName":"p","namespaceURI":"http://www.w3.org/1999/xhtml","nodeType":1,"shadowRoot":null}},{"sharedId":"f.8AA54734AA77FC8FA71C50576EE7DE7A.d.81896DEF35B35D6ACD8ACA98F9D48BFD.e.758","type":"node","value":{"attributes":{"alt":"It's Showtime","class":"absolute inset-0 z-10 h-full w-full","src":"https://pql-static.abs-cbn.com/images/live/ITSHOWTIME_LIVELANDSCAPE_1920X1080_V3_20251201100328.jpg?im_policy=landscapeThumb_tv_fhd","style":"object-fit: cover; border-radius: 0.4rem;"},"childNodeCount":0,"localName":"img","namespaceURI":"http://www.w3.org/1999/xhtml","nodeType":1,"shadowRoot":null}},{"sharedId":"f.8AA54734AA77FC8FA71C50576EE7DE7A.d.81896DEF35B35D6ACD8ACA98F9D48BFD.e.759","type":"node","value":{"attributes":{"class":"absolute left-0 top-0 z-10"},"childNodeCount":1,"localName":"div","namespaceURI":"http://www.w3.org/1999/xhtml","nodeType":1,"shadowRoot":null}},{"sharedId":"f.8AA54734AA77FC8FA71C50576EE7DE7A.d.81896DEF35B35D6ACD8ACA98F9D48BFD.e.760","type":"node","value":{"attributes":{"alt":"https://pql-static.iwanttfc.com/static/uat/common/images/monetisation/free.png","class":"h-[3.2rem] w-auto object-contain","src":"https://pql-static.iwanttfc.com/static/uat/common/images/monetisation/free.png"},"childNodeCount":0,"localName":"img","namespaceURI":"http://www.w3.org/1999/xhtml","nodeType":1,"shadowRoot":null}},{"sharedId":"f.8AA54734AA77FC8FA71C50576EE7DE7A.d.81896DEF35B35D6ACD8ACA98F9D48BFD.e.761","type":"node","value":{"attributes":{"class":"thumbnail relative cursor-pointer outline-none"},"childNodeCount":1,"localName":"div","namespaceURI":"http://www.w3.org/1999/xhtml","nodeType":1,"shadowRoot":null}},{"sharedId":"f.8AA54734AA77FC8FA71C50576EE7DE7A.d.81896DEF35B35D6ACD8ACA98F9D48BFD.e.762","type":"node","value":{"attributes":{"class":"relative","style":"height: 19rem; min-width: 33.6rem; border-radius: 0.4rem; box-shadow: transparent 0px 0px 0px 0.3rem; transform: scale(1); transition: box-shadow 0.2s, transform 0.2s ease-in;"},"childNodeCount":1,"localName":"div","namespaceURI":"http://www.w3.org/1999/xhtml","nodeType":1,"shadowRoot":null}},{"sharedId":"f.8AA54734AA77FC8FA71C50576EE7DE7A.d.81896DEF35B35D6ACD8ACA98F9D48BFD.e.763","type":"node","value":{"attributes":{"class":"relative overflow-hidden","style":"width: 33.6rem; height: 100%; transition: width 0.3s;"},"childNodeCount":2,"localName":"div","namespaceURI":"http://www.w3.org/1999/xhtml","nodeType":1,"shadowRoot":null}},{"sharedId":"f.8AA54734AA77FC8FA71C50576EE7DE7A.d.81896DEF35B35D6ACD8ACA98F9D48BFD.e.764","type":"node","value":{"attributes":{"class":"absolute inset-0 z-0 h-full hidden"},"childNodeCount":1,"localName":"div","namespaceURI":"http://www.w3.org/1999/xhtml","nodeType":1,"shadowRoot":null}},{"sharedId":"f.8AA54734AA77FC8FA71C50576EE7DE7A.d.81896DEF35B35D6ACD8ACA98F9D48BFD.e.765","type":"node","value":{"attributes":{"class":"absolute inset-0 flex h-full items-center justify-center overflow-hidden text-ellipsis break-words p-[0.5rem] text-center","style":"width: 33.6rem; background-color: rgb(66, 66, 66); border-radius: 0.4rem;"},"childNodeCount":1,"localName":"div","namespaceURI":"http://www.w3.org/1999/xhtml","nodeType":1,"shadowRoot":null}},{"sharedId":"f.8AA54734AA77FC8FA71C50576EE7DE7A.d.81896DEF35B35D6ACD8ACA98F9D48BFD.e.766","type":"node","value":{"attributes":{"class":"max-w-full whitespace-normal break-words text-[2.4rem] font-semibold"},"childNodeCount":1,"localName":"p","namespaceURI":"http://www.w3.org/1999/xhtml","nodeType":1,"shadowRoot":null}},{"sharedId":"f.8AA54734AA77FC8FA71C50576EE7DE7A.d.81896DEF35B35D6ACD8ACA98F9D48BFD.e.767","type":"node","value":{"attributes":{"alt":"Pinoy Big Brother Celebrity Collab Edition 2.0 LIVE","class":"absolute inset-0 z-10 h-full w-full","src":"https://pql-static.abs-cbn.com/images/live/PBBCOLLAB_S13_LANDSCAPE_1920X1080_V2_20251025105532.jpg?im_policy=landscapeThumb_tv_fhd","style":"object-fit: cover; border-radius: 0.4rem;"},"childNodeCount":0,"localName":"img","namespaceURI":"http://www.w3.org/1999/xhtml","nodeType":1,"shadowRoot":null}},{"sharedId":"f.8AA54734AA77FC8FA71C50576EE7DE7A.d.81896DEF35B35D6ACD8ACA98F9D48BFD.e.768","type":"node","value":{"attributes":{"class":"thumbnail relative cursor-pointer outline-none"},"childNodeCount":1,"localName":"div","namespaceURI":"http://www.w3.org/1999/xhtml","nodeType":1,"shadowRoot":null}},{"sharedId":"f.8AA54734AA77FC8FA71C50576EE7DE7A.d.81896DEF35B35D6ACD8ACA98F9D48BFD.e.769","type":"node","value":{"attributes":{"class":"relative","style":"height: 19rem; min-width: 33.6rem; border-radius: 0.4rem; box-shadow: transparent 0px 0px 0px 0.3rem; transform: scale(1); transition: box-shadow 0.2s, transform 0.2s ease-in;"},"childNodeCount":2,"localName":"div","namespaceURI":"http://www.w3.org/1999/xhtml","nodeType":1,"shadowRoot":null}},{"sharedId":"f.8AA54734AA77FC8FA71C50576EE7DE7A.d.81896DEF35B35D6ACD8ACA98F9D48BFD.e.770","type":"node","value":{"attributes":{"class":"relative overflow-hidden","style":"width: 33.6rem; height: 100%; transition: width 0.3s;"},"childNodeCount":2,"localName":"div","namespaceURI":"http://www.w3.org/1999/xhtml","nodeType":1,"shadowRoot":null}},{"sharedId":"f.8AA54734AA77FC8FA71C50576EE7DE7A.d.81896DEF35B35D6ACD8ACA98F9D48BFD.e.771","type":"node","value":{"attributes":{"class":"absolute inset-0 z-0 h-full hidden"},"childNodeCount":1,"localName":"div","namespaceURI":"http://www.w3.org/1999/xhtml","nodeType":1,"shadowRoot":null}},{"sharedId":"f.8AA54734AA77FC8FA71C50576EE7DE7A.d.81896DEF35B35D6ACD8ACA98F9D48BFD.e.772","type":"node","value":{"attributes":{"class":"absolute inset-0 flex h-full items-center justify-center overflow-hidden text-ellipsis break-words p-[0.5rem] text-center","style":"width: 33.6rem; background-color: rgb(66, 66, 66); border-radius: 0.4rem;"},"childNodeCount":1,"localName":"div","namespaceURI":"http://www.w3.org/1999/xhtml","nodeType":1,"shadowRoot":null}},{"sharedId":"f.8AA54734AA77FC8FA71C50576EE7DE7A.d.81896DEF35B35D6ACD8ACA98F9D48BFD.e.773","type":"node","value":{"attributes":{"class":"max-w-full whitespace-normal break-words text-[2.4rem] font-semibold"},"childNodeCount":1,"localName":"p","namespaceURI":"http://www.w3.org/1999/xhtml","nodeType":1,"shadowRoot":null}},{"sharedId":"f.8AA54734AA77FC8FA71C50576EE7DE7A.d.81896DEF35B35D6ACD8ACA98F9D48BFD.e.774","type":"node","value":{"attributes":{"alt":"Your Face Sounds Familiar LIVE","class":"absolute inset-0 z-10 h-full w-full","src":"https://pql-static.abs-cbn.com/images/master/YFSF_LIVELANDSCAPE_1920X1080_V1_jpg_20251003100616.jpg?im_policy=landscapeThumb_tv_fhd","style":"object-fit: cover; border-radius: 0.4rem;"},"childNodeCount":0,"localName":"img","namespaceURI":"http://www.w3.org/1999/xhtml","nodeType":1,"shadowRoot":null}},{"sharedId":"f.8AA54734AA77FC8FA71C50576EE7DE7A.d.81896DEF35B35D6ACD8ACA98F9D48BFD.e.775","type":"node","value":{"attributes":{"class":"absolute left-0 top-0 z-10"},"childNodeCount":1,"localName":"div","namespaceURI":"http://www.w3.org/1999/xhtml","nodeType":1,"shadowRoot":null}},{"sharedId":"f.8AA54734AA77FC8FA71C50576EE7DE7A.d.81896DEF35B35D6ACD8ACA98F9D48BFD.e.776","type":"node","value":{"attributes":{"alt":"https://pql-static.iwanttfc.com/static/uat/common/images/monetisation/free.png","class":"h-[3.2rem] w-auto object-contain","src":"https://pql-static.iwanttfc.com/static/uat/common/images/monetisation/free.png"},"childNodeCount":0,"localName":"img","namespaceURI":"http://www.w3.org/1999/xhtml","nodeType":1,"shadowRoot":null}},{"sharedId":"f.8AA54734AA77FC8FA71C50576EE7DE7A.d.81896DEF35B35D6ACD8ACA98F9D48BFD.e.777","type":"node","value":{"attributes":{"class":"thumbnail relative cursor-pointer outline-none"},"childNodeCount":1,"localName":"div","namespaceURI":"http://www.w3.org/1999/xhtml","nodeType":1,"shadowRoot":null}},{"sharedId":"f.8AA54734AA77FC8FA71C50576EE7DE7A.d.81896DEF35B35D6ACD8ACA98F9D48BFD.e.778","type":"node","value":{"attributes":{"class":"relative","style":"height: 19rem; min-width: 33.6rem; border-radius: 0.4rem; box-shadow: transparent 0px 0px 0px 0.3rem; transform: scale(1); transition: box-shadow 0.2s, transform 0.2s ease-in;"},"childNodeCount":2,"localName":"div","namespaceURI":"http://www.w3.org/1999/xhtml","nodeType":1,"shadowRoot":null}},{"sharedId":"f.8AA54734AA77FC8FA71C50576EE7DE7A.d.81896DEF35B35D6ACD8ACA98F9D48BFD.e.779","type":"node","value":{"attributes":{"class":"relative overflow-hidden","style":"width: 33.6rem; height: 100%; transition: width 0.3s;"},"childNodeCount":2,"localName":"div","namespaceURI":"http://www.w3.org/1999/xhtml","nodeType":1,"shadowRoot":null}},{"sharedId":"f.8AA54734AA77FC8FA71C50576EE7DE7A.d.81896DEF35B35D6ACD8ACA98F9D48BFD.e.780","type":"node","value":{"attributes":{"class":"absolute inset-0 z-0 h-full hidden"},"childNodeCount":1,"localName":"div","namespaceURI":"http://www.w3.org/1999/xhtml","nodeType":1,"shadowRoot":null}},{"sharedId":"f.8AA54734AA77FC8FA71C50576EE7DE7A.d.81896DEF35B35D6ACD8ACA98F9D48BFD.e.781","type":"node","value":{"attributes":{"class":"absolute inset-0 flex h-full items-center justify-center overflow-hidden text-ellipsis break-words p-[0.5rem] text-center","style":"width: 33.6rem; background-color: rgb(66, 66, 66); border-radius: 0.4rem;"},"childNodeCount":1,"localName":"div","namespaceURI":"http://www.w3.org/1999/xhtml","nodeType":1,"shadowRoot":null}},{"sharedId":"f.8AA54734AA77FC8FA71C50576EE7DE7A.d.81896DEF35B35D6ACD8ACA98F9D48BFD.e.782","type":"node","value":{"attributes":{"class":"max-w-full whitespace-normal break-words text-[2.4rem] font-semibold"},"childNodeCount":1,"localName":"p","namespaceURI":"http://www.w3.org/1999/xhtml","nodeType":1,"shadowRoot":null}},{"sharedId":"f.8AA54734AA77FC8FA71C50576EE7DE7A.d.81896DEF35B35D6ACD8ACA98F9D48BFD.e.783","type":"node","value":{"attributes":{"alt":"The Healing Eucharist","class":"absolute inset-0 z-10 h-full w-full","src":"https://pql-static.abs-cbn.com/images/live/THE_LIVELANDSCAPE_1920X1080_V1.jpg?im_policy=landscapeThumb_tv_fhd","style":"object-fit: cover; border-radius: 0.4rem;"},"childNodeCount":0,"localName":"img","namespaceURI":"http://www.w3.org/1999/xhtml","nodeType":1,"shadowRoot":null}},{"sharedId":"f.8AA54734AA77FC8FA71C50576EE7DE7A.d.81896DEF35B35D6ACD8ACA98F9D48BFD.e.784","type":"node","value":{"attributes":{"class":"absolute left-0 top-0 z-10"},"childNodeCount":1,"localName":"div","namespaceURI":"http://www.w3.org/1999/xhtml","nodeType":1,"shadowRoot":null}},{"sharedId":"f.8AA54734AA77FC8FA71C50576EE7DE7A.d.81896DEF35B35D6ACD8ACA98F9D48BFD.e.785","type":"node","value":{"attributes":{"alt":"https://pql-static.iwanttfc.com/static/uat/common/images/monetisation/free.png","class":"h-[3.2rem] w-auto object-contain","src":"https://pql-static.iwanttfc.com/static/uat/common/images/monetisation/free.png"},"childNodeCount":0,"localName":"img","namespaceURI":"http://www.w3.org/1999/xhtml","nodeType":1,"shadowRoot":null}},{"sharedId":"f.8AA54734AA77FC8FA71C50576EE7DE7A.d.81896DEF35B35D6ACD8ACA98F9D48BFD.e.786","type":"node","value":{"attributes":{"class":"thumbnail relative cursor-pointer outline-none"},"childNodeCount":1,"localName":"div","namespaceURI":"http://www.w3.org/1999/xhtml","nodeType":1,"shadowRoot":null}},{"sharedId":"f.8AA54734AA77FC8FA71C50576EE7DE7A.d.81896DEF35B35D6ACD8ACA98F9D48BFD.e.787","type":"node","value":{"attributes":{"class":"relative","style":"height: 19rem; min-width: 33.6rem; border-radius: 0.4rem; box-shadow: transparent 0px 0px 0px 0.3rem; transform: scale(1); transition: box-shadow 0.2s, transform 0.2s ease-in;"},"childNodeCount":2,"localName":"div","namespaceURI":"http://www.w3.org/1999/xhtml","nodeType":1,"shadowRoot":null}},{"sharedId":"f.8AA54734AA77FC8FA71C50576EE7DE7A.d.81896DEF35B35D6ACD8ACA98F9D48BFD.e.788","type":"node","value":{"attributes":{"class":"relative overflow-hidden","style":"width: 33.6rem; height: 100%; transition: width 0.3s;"},"childNodeCount":2,"localName":"div","namespaceURI":"http://www.w3.org/1999/xhtml","nodeType":1,"shadowRoot":null}},{"sharedId":"f.8AA54734AA77FC8FA71C50576EE7DE7A.d.81896DEF35B35D6ACD8ACA98F9D48BFD.e.789","type":"node","value":{"attributes":{"class":"absolute inset-0 z-0 h-full hidden"},"childNodeCount":1,"localName":"div","namespaceURI":"http://www.w3.org/1999/xhtml","nodeType":1,"shadowRoot":null}},{"sharedId":"f.8AA54734AA77FC8FA71C50576EE7DE7A.d.81896DEF35B35D6ACD8ACA98F9D48BFD.e.790","type":"node","value":{"attributes":{"class":"absolute inset-0 flex h-full items-center justify-center overflow-hidden text-ellipsis break-words p-[0.5rem] text-center","style":"width: 33.6rem; background-color: rgb(66, 66, 66); border-radius: 0.4rem;"},"childNodeCount":1,"localName":"div","namespaceURI":"http://www.w3.org/1999/xhtml","nodeType":1,"shadowRoot":null}},{"sharedId":"f.8AA54734AA77FC8FA71C50576EE7DE7A.d.81896DEF35B35D6ACD8ACA98F9D48BFD.e.791","type":"node","value":{"attributes":{"class":"max-w-full whitespace-normal break-words text-[2.4rem] font-semibold"},"childNodeCount":1,"localName":"p","namespaceURI":"http://www.w3.org/1999/xhtml","nodeType":1,"shadowRoot":null}},{"sharedId":"f.8AA54734AA77FC8FA71C50576EE7DE7A.d.81896DEF35B35D6ACD8ACA98F9D48BFD.e.792","type":"node","value":{"attributes":{"alt":"TV Patrol Global","class":"absolute inset-0 z-10 h-full w-full","src":"https://pql-static.abs-cbn.com/images/live/TVPGBL_LIVELANDSCAPE_1920X1080_V3_20251008064112.jpg?im_policy=landscapeThumb_tv_fhd","style":"object-fit: cover; border-radius: 0.4rem;"},"childNodeCount":0,"localName":"img","namespaceURI":"http://www.w3.org/1999/xhtml","nodeType":1,"shadowRoot":null}},{"sharedId":"f.8AA54734AA77FC8FA71C50576EE7DE7A.d.81896DEF35B35D6ACD8ACA98F9D48BFD.e.793","type":"node","value":{"attributes":{"class":"absolute left-0 top-0 z-10"},"childNodeCount":1,"localName":"div","namespaceURI":"http://www.w3.org/1999/xhtml","nodeType":1,"shadowRoot":null}},{"sharedId":"f.8AA54734AA77FC8FA71C50576EE7DE7A.d.81896DEF35B35D6ACD8ACA98F9D48BFD.e.794","type":"node","value":{"attributes":{"alt":"https://pql-static.iwanttfc.com/static/uat/common/images/monetisation/free.png","class":"h-[3.2rem] w-auto object-contain","src":"https://pql-static.iwanttfc.com/static/uat/common/images/monetisation/free.png"},"childNodeCount":0,"localName":"img","namespaceURI":"http://www.w3.org/1999/xhtml","nodeType":1,"shadowRoot":null}},{"sharedId":"f.8AA54734AA77FC8FA71C50576EE7DE7A.d.81896DEF35B35D6ACD8ACA98F9D48BFD.e.795","type":"node","value":{"attributes":{"class":"thumbnail relative cursor-pointer outline-none"},"childNodeCount":1,"localName":"div","namespaceURI":"http://www.w3.org/1999/xhtml","nodeType":1,"shadowRoot":null}},{"sharedId":"f.8AA54734AA77FC8FA71C50576EE7DE7A.d.81896DEF35B35D6ACD8ACA98F9D48BFD.e.796","type":"node","value":{"attributes":{"class":"relative","style":"height: 19rem; min-width: 33.6rem; border-radius: 0.4rem; box-shadow: transparent 0px 0px 0px 0.3rem; transform: scale(1); transition: box-shadow 0.2s, transform 0.2s ease-in;"},"childNodeCount":1,"localName":"div","namespaceURI":"http://www.w3.org/1999/xhtml","nodeType":1,"shadowRoot":null}},{"sharedId":"f.8AA54734AA77FC8FA71C50576EE7DE7A.d.81896DEF35B35D6ACD8ACA98F9D48BFD.e.797","type":"node","value":{"attributes":{"class":"relative overflow-hidden","style":"width: 33.6rem; height: 100%; transition: width 0.3s;"},"childNodeCount":2,"localName":"div","namespaceURI":"http://www.w3.org/1999/xhtml","nodeType":1,"shadowRoot":null}},{"sharedId":"f.8AA54734AA77FC8FA71C50576EE7DE7A.d.81896DEF35B35D6ACD8ACA98F9D48BFD.e.798","type":"node","value":{"attributes":{"class":"absolute inset-0 z-0 h-full hidden"},"childNodeCount":1,"localName":"div","namespaceURI":"http://www.w3.org/1999/xhtml","nodeType":1,"shadowRoot":null}},{"sharedId":"f.8AA54734AA77FC8FA71C50576EE7DE7A.d.81896DEF35B35D6ACD8ACA98F9D48BFD.e.799","type":"node","value":{"attributes":{"class":"absolute inset-0 flex h-full items-center justify-center overflow-hidden text-ellipsis break-words p-[0.5rem] text-center","style":"width: 33.6rem; background-color: rgb(66, 66, 66); border-radius: 0.4rem;"},"childNodeCount":1,"localName":"div","namespaceURI":"http://www.w3.org/1999/xhtml","nodeType":1,"shadowRoot":null}},{"sharedId":"f.8AA54734AA77FC8FA71C50576EE7DE7A.d.81896DEF35B35D6ACD8ACA98F9D48BFD.e.800","type":"node","value":{"attributes":{"class":"max-w-full whitespace-normal break-words text-[2.4rem] font-semibold"},"childNodeCount":1,"localName":"p","namespaceURI":"http://www.w3.org/1999/xhtml","nodeType":1,"shadowRoot":null}},{"sharedId":"f.8AA54734AA77FC8FA71C50576EE7DE7A.d.81896DEF35B35D6ACD8ACA98F9D48BFD.e.801","type":"node","value":{"attributes":{"alt":"ASAP","class":"absolute inset-0 z-10 h-full w-full","src":"https://pql-static.abs-cbn.com/images/live/ASAP_LIVELANDSCAPE_1920X1080_V2.jpg?im_policy=landscapeThumb_tv_fhd","style":"object-fit: cover; border-radius: 0.4rem;"},"childNodeCount":0,"localName":"img","namespaceURI":"http://www.w3.org/1999/xhtml","nodeType":1,"shadowRoot":null}},{"sharedId":"f.8AA54734AA77FC8FA71C50576EE7DE7A.d.81896DEF35B35D6ACD8ACA98F9D48BFD.e.802","type":"node","value":{"attributes":{"class":"rail relative h-full w-full pb-[3.2rem]","style":"width: 100%; margin-top: 0px; margin-bottom: 0px; margin-left: 0px; padding-left: 0px; padding-top: 3.2rem; background-size: cover; background-repeat: no-repeat; background-position: center center;"},"childNodeCount":2,"localName":"div","namespaceURI":"http://www.w3.org/1999/xhtml","nodeType":1,"shadowRoot":null}},{"sharedId":"f.8AA54734AA77FC8FA71C50576EE7DE7A.d.81896DEF35B35D6ACD8ACA98F9D48BFD.e.803","type":"node","value":{"attributes":{"class":"title mb-[3.2rem]"},"childNodeCount":1,"localName":"div","namespaceURI":"http://www.w3.org/1999/xhtml","nodeType":1,"shadowRoot":null}},{"sharedId":"f.8AA54734AA77FC8FA71C50576EE7DE7A.d.81896DEF35B35D6ACD8ACA98F9D48BFD.e.804","type":"node","value":{"attributes":{"class":"text-[2.8rem] font-medium leading-[3.5rem]"},"childNodeCount":1,"localName":"p","namespaceURI":"http://www.w3.org/1999/xhtml","nodeType":1,"shadowRoot":null}},{"sharedId":"f.8AA54734AA77FC8FA71C50576EE7DE7A.d.81896DEF35B35D6ACD8ACA98F9D48BFD.e.805","type":"node","value":{"attributes":{"class":"rail-container pointer-events-none relative","style":"margin-top: 0px; margin-bottom: -3rem;"},"childNodeCount":1,"localName":"div","namespaceURI":"http://www.w3.org/1999/xhtml","nodeType":1,"shadowRoot":null}},{"sharedId":"f.8AA54734AA77FC8FA71C50576EE7DE7A.d.81896DEF35B35D6ACD8ACA98F9D48BFD.e.806","type":"node","value":{"attributes":{"class":"scrollable-list pointer-events-auto flex gap-[1.6rem] overflow-x-auto scroll-smooth","style":"padding-top: 0px; padding-bottom: 3rem;"},"childNodeCount":9,"localName":"div","namespaceURI":"http://www.w3.org/1999/xhtml","nodeType":1,"shadowRoot":null}},{"sharedId":"f.8AA54734AA77FC8FA71C50576EE7DE7A.d.81896DEF35B35D6ACD8ACA98F9D48BFD.e.807","type":"node","value":{"attributes":{"class":"thumbnail relative cursor-pointer outline-none"},"childNodeCount":1,"localName":"div","namespaceURI":"http://www.w3.org/1999/xhtml","nodeType":1,"shadowRoot":null}},{"sharedId":"f.8AA54734AA77FC8FA71C50576EE7DE7A.d.81896DEF35B35D6ACD8ACA98F9D48BFD.e.808","type":"node","value":{"attributes":{"class":"flex items-end justify-end","style":"height: 28.5rem; min-width: 34.8rem;"},"childNodeCount":2,"localName":"div","namespaceURI":"http://www.w3.org/1999/xhtml","nodeType":1,"shadowRoot":null}},{"sharedId":"f.8AA54734AA77FC8FA71C50576EE7DE7A.d.81896DEF35B35D6ACD8ACA98F9D48BFD.e.809","type":"node","value":{"attributes":{"alt":"Top1","class":"mb-0 h-[20rem] max-h-[20rem]","height":"200","src":"/assets/top10_icons/1.svg","style":"width: 14rem; margin-right: -4rem;","width":"140"},"childNodeCount":0,"localName":"img","namespaceURI":"http://www.w3.org/1999/xhtml","nodeType":1,"shadowRoot":null}},{"sharedId":"f.8AA54734AA77FC8FA71C50576EE7DE7A.d.81896DEF35B35D6ACD8ACA98F9D48BFD.e.810","type":"node","value":{"attributes":{"class":"relative","style":"height: 28.5rem; min-width: 19rem; border-radius: 0.4rem; box-shadow: transparent 0px 0px 0px 0.3rem; transform: scale(1); transition: box-shadow 0.2s, transform 0.2s ease-in;"},"childNodeCount":1,"localName":"div","namespaceURI":"http://www.w3.org/1999/xhtml","nodeType":1,"shadowRoot":null}},{"sharedId":"f.8AA54734AA77FC8FA71C50576EE7DE7A.d.81896DEF35B35D6ACD8ACA98F9D48BFD.e.811","type":"node","value":{"attributes":{"class":"relative overflow-hidden","style":"width: 19rem; height: 100%; transition: width 0.3s;"},"childNodeCount":2,"localName":"div","namespaceURI":"http://www.w3.org/1999/xhtml","nodeType":1,"shadowRoot":null}},{"sharedId":"f.8AA54734AA77FC8FA71C50576EE7DE7A.d.81896DEF35B35D6ACD8ACA98F9D48BFD.e.812","type":"node","value":{"attributes":{"class":"absolute inset-0 z-0 h-full hidden"},"childNodeCount":1,"localName":"div","namespaceURI":"http://www.w3.org/1999/xhtml","nodeType":1,"shadowRoot":null}},{"sharedId":"f.8AA54734AA77FC8FA71C50576EE7DE7A.d.81896DEF35B35D6ACD8ACA98F9D48BFD.e.813","type":"node","value":{"attributes":{"class":"absolute inset-0 flex h-full items-center justify-center overflow-hidden text-ellipsis break-words p-[0.5rem] text-center","style":"width: 19rem; background-color: rgb(66, 66, 66); border-radius: 0.4rem;"},"childNodeCount":1,"localName":"div","namespaceURI":"http://www.w3.org/1999/xhtml","nodeType":1,"shadowRoot":null}},{"sharedId":"f.8AA54734AA77FC8FA71C50576EE7DE7A.d.81896DEF35B35D6ACD8ACA98F9D48BFD.e.814","type":"node","value":{"attributes":{"class":"max-w-full whitespace-normal break-words text-[2.4rem] font-semibold"},"childNodeCount":1,"localName":"p","namespaceURI":"http://www.w3.org/1999/xhtml","nodeType":1,"shadowRoot":null}},{"sharedId":"f.8AA54734AA77FC8FA71C50576EE7DE7A.d.81896DEF35B35D6ACD8ACA98F9D48BFD.e.815","type":"node","value":{"attributes":{"alt":"What Lies Beneath","class":"absolute inset-0 z-10 h-full w-full","src":"https://pql-static.abs-cbn.com/images/whatliesbeneath.thumb-portrait.JPG?im_policy=portraitThumb_tv_fhd","style":"object-fit: cover; border-radius: 0.4rem;"},"childNodeCount":0,"localName":"img","namespaceURI":"http://www.w3.org/1999/xhtml","nodeType":1,"shadowRoot":null}},{"sharedId":"f.8AA54734AA77FC8FA71C50576EE7DE7A.d.81896DEF35B35D6ACD8ACA98F9D48BFD.e.816","type":"node","value":{"attributes":{"class":"thumbnail relative cursor-pointer outline-none"},"childNodeCount":1,"localName":"div","namespaceURI":"http://www.w3.org/1999/xhtml","nodeType":1,"shadowRoot":null}},{"sharedId":"f.8AA54734AA77FC8FA71C50576EE7DE7A.d.81896DEF35B35D6ACD8ACA98F9D48BFD.e.817","type":"node","value":{"attributes":{"class":"flex items-end justify-end","style":"height: 28.5rem; min-width: 34.8rem;"},"childNodeCount":2,"localName":"div","namespaceURI":"http://www.w3.org/1999/xhtml","nodeType":1,"shadowRoot":null}},{"sharedId":"f.8AA54734AA77FC8FA71C50576EE7DE7A.d.81896DEF35B35D6ACD8ACA98F9D48BFD.e.818","type":"node","value":{"attributes":{"alt":"Top2","class":"mb-0 h-[20rem] max-h-[20rem]","height":"200","src":"/assets/top10_icons/2.svg","style":"width: 14rem; margin-right: -4rem;","width":"140"},"childNodeCount":0,"localName":"img","namespaceURI":"http://www.w3.org/1999/xhtml","nodeType":1,"shadowRoot":null}},{"sharedId":"f.8AA54734AA77FC8FA71C50576EE7DE7A.d.81896DEF35B35D6ACD8ACA98F9D48BFD.e.819","type":"node","value":{"attributes":{"class":"relative","style":"height: 28.5rem; min-width: 19rem; border-radius: 0.4rem; box-shadow: transparent 0px 0px 0px 0.3rem; transform: scale(1); transition: box-shadow 0.2s, transform 0.2s ease-in;"},"childNodeCount":1,"localName":"div","namespaceURI":"http://www.w3.org/1999/xhtml","nodeType":1,"shadowRoot":null}},{"sharedId":"f.8AA54734AA77FC8FA71C50576EE7DE7A.d.81896DEF35B35D6ACD8ACA98F9D48BFD.e.820","type":"node","value":{"attributes":{"class":"relative overflow-hidden","style":"width: 19rem; height: 100%; transition: width 0.3s;"},"childNodeCount":2,"localName":"div","namespaceURI":"http://www.w3.org/1999/xhtml","nodeType":1,"shadowRoot":null}},{"sharedId":"f.8AA54734AA77FC8FA71C50576EE7DE7A.d.81896DEF35B35D6ACD8ACA98F9D48BFD.e.821","type":"node","value":{"attributes":{"class":"absolute inset-0 z-0 h-full hidden"},"childNodeCount":1,"localName":"div","namespaceURI":"http://www.w3.org/1999/xhtml","nodeType":1,"shadowRoot":null}},{"sharedId":"f.8AA54734AA77FC8FA71C50576EE7DE7A.d.81896DEF35B35D6ACD8ACA98F9D48BFD.e.822","type":"node","value":{"attributes":{"class":"absolute inset-0 flex h-full items-center justify-center overflow-hidden text-ellipsis break-words p-[0.5rem] text-center","style":"width: 19rem; background-color: rgb(66, 66, 66); border-radius: 0.4rem;"},"childNodeCount":1,"localName":"div","namespaceURI":"http://www.w3.org/1999/xhtml","nodeType":1,"shadowRoot":null}},{"sharedId":"f.8AA54734AA77FC8FA71C50576EE7DE7A.d.81896DEF35B35D6ACD8ACA98F9D48BFD.e.823","type":"node","value":{"attributes":{"class":"max-w-full whitespace-normal break-words text-[2.4rem] font-semibold"},"childNodeCount":1,"localName":"p","namespaceURI":"http://www.w3.org/1999/xhtml","nodeType":1,"shadowRoot":null}},{"sharedId":"f.8AA54734AA77FC8FA71C50576EE7DE7A.d.81896DEF35B35D6ACD8ACA98F9D48BFD.e.824","type":"node","value":{"attributes":{"alt":"FPJ's Batang Quiapo","class":"absolute inset-0 z-10 h-full w-full","src":"https://pql-static.abs-cbn.com/images/batangquiapo.thumb-portrait.v3.jpg?im_policy=portraitThumb_tv_fhd","style":"object-fit: cover; border-radius: 0.4rem;"},"childNodeCount":0,"localName":"img","namespaceURI":"http://www.w3.org/1999/xhtml","nodeType":1,"shadowRoot":null}},{"sharedId":"f.8AA54734AA77FC8FA71C50576EE7DE7A.d.81896DEF35B35D6ACD8ACA98F9D48BFD.e.825","type":"node","value":{"attributes":{"class":"thumbnail relative cursor-pointer outline-none"},"childNodeCount":1,"localName":"div","namespaceURI":"http://www.w3.org/1999/xhtml","nodeType":1,"shadowRoot":null}},{"sharedId":"f.8AA54734AA77FC8FA71C50576EE7DE7A.d.81896DEF35B35D6ACD8ACA98F9D48BFD.e.826","type":"node","value":{"attributes":{"class":"flex items-end justify-end","style":"height: 28.5rem; min-width: 34.8rem;"},"childNodeCount":2,"localName":"div","namespaceURI":"http://www.w3.org/1999/xhtml","nodeType":1,"shadowRoot":null}},{"sharedId":"f.8AA54734AA77FC8FA71C50576EE7DE7A.d.81896DEF35B35D6ACD8ACA98F9D48BFD.e.827","type":"node","value":{"attributes":{"alt":"Top3","class":"mb-0 h-[20rem] max-h-[20rem]","height":"200","src":"/assets/top10_icons/3.svg","style":"width: 14rem; margin-right: -4rem;","width":"140"},"childNodeCount":0,"localName":"img","namespaceURI":"http://www.w3.org/1999/xhtml","nodeType":1,"shadowRoot":null}},{"sharedId":"f.8AA54734AA77FC8FA71C50576EE7DE7A.d.81896DEF35B35D6ACD8ACA98F9D48BFD.e.828","type":"node","value":{"attributes":{"class":"relative","style":"height: 28.5rem; min-width: 19rem; border-radius: 0.4rem; box-shadow: transparent 0px 0px 0px 0.3rem; transform: scale(1); transition: box-shadow 0.2s, transform 0.2s ease-in;"},"childNodeCount":2,"localName":"div","namespaceURI":"http://www.w3.org/1999/xhtml","nodeType":1,"shadowRoot":null}},{"sharedId":"f.8AA54734AA77FC8FA71C50576EE7DE7A.d.81896DEF35B35D6ACD8ACA98F9D48BFD.e.829","type":"node","value":{"attributes":{"class":"relative overflow-hidden","style":"width: 19rem; height: 100%; transition: width 0.3s;"},"childNodeCount":2,"localName":"div","namespaceURI":"http://www.w3.org/1999/xhtml","nodeType":1,"shadowRoot":null}},{"sharedId":"f.8AA54734AA77FC8FA71C50576EE7DE7A.d.81896DEF35B35D6ACD8ACA98F9D48BFD.e.830","type":"node","value":{"attributes":{"class":"absolute inset-0 z-0 h-full hidden"},"childNodeCount":1,"localName":"div","namespaceURI":"http://www.w3.org/1999/xhtml","nodeType":1,"shadowRoot":null}},{"sharedId":"f.8AA54734AA77FC8FA71C50576EE7DE7A.d.81896DEF35B35D6ACD8ACA98F9D48BFD.e.831","type":"node","value":{"attributes":{"class":"absolute inset-0 flex h-full items-center justify-center overflow-hidden text-ellipsis break-words p-[0.5rem] text-center","style":"width: 19rem; background-color: rgb(66, 66, 66); border-radius: 0.4rem;"},"childNodeCount":1,"localName":"div","namespaceURI":"http://www.w3.org/1999/xhtml","nodeType":1,"shadowRoot":null}},{"sharedId":"f.8AA54734AA77FC8FA71C50576EE7DE7A.d.81896DEF35B35D6ACD8ACA98F9D48BFD.e.832","type":"node","value":{"attributes":{"class":"max-w-full whitespace-normal break-words text-[2.4rem] font-semibold"},"childNodeCount":1,"localName":"p","namespaceURI":"http://www.w3.org/1999/xhtml","nodeType":1,"shadowRoot":null}},{"sharedId":"f.8AA54734AA77FC8FA71C50576EE7DE7A.d.81896DEF35B35D6ACD8ACA98F9D48BFD.e.833","type":"node","value":{"attributes":{"alt":"Roja","class":"absolute inset-0 z-10 h-full w-full","src":"https://pql-static.abs-cbn.com/images/roja.thumb-portrait.JPG?im_policy=portraitThumb_tv_fhd","style":"object-fit: cover; border-radius: 0.4rem;"},"childNodeCount":0,"localName":"img","namespaceURI":"http://www.w3.org/1999/xhtml","nodeType":1,"shadowRoot":null}},{"sharedId":"f.8AA54734AA77FC8FA71C50576EE7DE7A.d.81896DEF35B35D6ACD8ACA98F9D48BFD.e.834","type":"node","value":{"attributes":{"class":"absolute bottom-0 left-[50%] translate-x-[-50%] z-10"},"childNodeCount":1,"localName":"div","namespaceURI":"http://www.w3.org/1999/xhtml","nodeType":1,"shadowRoot":null}},{"sharedId":"f.8AA54734AA77FC8FA71C50576EE7DE7A.d.81896DEF35B35D6ACD8ACA98F9D48BFD.e.835","type":"node","value":{"attributes":{"alt":"new_episode","class":"h-[3.2rem] max-w-min object-contain","src":"https://pql-static.iwanttfc.com/static/uat/common/images/labels/new_episode.png"},"childNodeCount":0,"localName":"img","namespaceURI":"http://www.w3.org/1999/xhtml","nodeType":1,"shadowRoot":null}},{"sharedId":"f.8AA54734AA77FC8FA71C50576EE7DE7A.d.81896DEF35B35D6ACD8ACA98F9D48BFD.e.836","type":"node","value":{"attributes":{"class":"thumbnail relative cursor-pointer outline-none"},"childNodeCount":1,"localName":"div","namespaceURI":"http://www.w3.org/1999/xhtml","nodeType":1,"shadowRoot":null}},{"sharedId":"f.8AA54734AA77FC8FA71C50576EE7DE7A.d.81896DEF35B35D6ACD8ACA98F9D48BFD.e.837","type":"node","value":{"attributes":{"class":"flex items-end justify-end","style":"height: 28.5rem; min-width: 34.8rem;"},"childNodeCount":2,"localName":"div","namespaceURI":"http://www.w3.org/1999/xhtml","nodeType":1,"shadowRoot":null}},{"sharedId":"f.8AA54734AA77FC8FA71C50576EE7DE7A.d.81896DEF35B35D6ACD8ACA98F9D48BFD.e.838","type":"node","value":{"attributes":{"alt":"Top4","class":"mb-0 h-[20rem] max-h-[20rem]","height":"200","src":"/assets/top10_icons/4.svg","style":"width: 14rem; margin-right: -4rem;","width":"140"},"childNodeCount":0,"localName":"img","namespaceURI":"http://www.w3.org/1999/xhtml","nodeType":1,"shadowRoot":null}},{"sharedId":"f.8AA54734AA77FC8FA71C50576EE7DE7A.d.81896DEF35B35D6ACD8ACA98F9D48BFD.e.839","type":"node","value":{"attributes":{"class":"relative","style":"height: 28.5rem; min-width: 19rem; border-radius: 0.4rem; box-shadow: transparent 0px 0px 0px 0.3rem; transform: scale(1); transition: box-shadow 0.2s, transform 0.2s ease-in;"},"childNodeCount":1,"localName":"div","namespaceURI":"http://www.w3.org/1999/xhtml","nodeType":1,"shadowRoot":null}},{"sharedId":"f.8AA54734AA77FC8FA71C50576EE7DE7A.d.81896DEF35B35D6ACD8ACA98F9D48BFD.e.840","type":"node","value":{"attributes":{"class":"relative overflow-hidden","style":"width: 19rem; height: 100%; transition: width 0.3s;"},"childNodeCount":2,"localName":"div","namespaceURI":"http://www.w3.org/1999/xhtml","nodeType":1,"shadowRoot":null}},{"sharedId":"f.8AA54734AA77FC8FA71C50576EE7DE7A.d.81896DEF35B35D6ACD8ACA98F9D48BFD.e.841","type":"node","value":{"attributes":{"class":"absolute inset-0 z-0 h-full hidden"},"childNodeCount":1,"localName":"div","namespaceURI":"http://www.w3.org/1999/xhtml","nodeType":1,"shadowRoot":null}},{"sharedId":"f.8AA54734AA77FC8FA71C50576EE7DE7A.d.81896DEF35B35D6ACD8ACA98F9D48BFD.e.842","type":"node","value":{"attributes":{"class":"absolute inset-0 flex h-full items-center justify-center overflow-hidden text-ellipsis break-words p-[0.5rem] text-center","style":"width: 19rem; background-color: rgb(66, 66, 66); border-radius: 0.4rem;"},"childNodeCount":1,"localName":"div","namespaceURI":"http://www.w3.org/1999/xhtml","nodeType":1,"shadowRoot":null}},{"sharedId":"f.8AA54734AA77FC8FA71C50576EE7DE7A.d.81896DEF35B35D6ACD8ACA98F9D48BFD.e.843","type":"node","value":{"attributes":{"class":"max-w-full whitespace-normal break-words text-[2.4rem] font-semibold"},"childNodeCount":1,"localName":"p","namespaceURI":"http://www.w3.org/1999/xhtml","nodeType":1,"shadowRoot":null}},{"sharedId":"f.8AA54734AA77FC8FA71C50576EE7DE7A.d.81896DEF35B35D6ACD8ACA98F9D48BFD.e.844","type":"node","value":{"attributes":{"alt":"It's Showtime","class":"absolute inset-0 z-10 h-full w-full","src":"https://pql-static.abs-cbn.com/images/itsshowtime.thumb-portrait.v3.jpg?im_policy=portraitThumb_tv_fhd","style":"object-fit: cover; border-radius: 0.4rem;"},"childNodeCount":0,"localName":"img","namespaceURI":"http://www.w3.org/1999/xhtml","nodeType":1,"shadowRoot":null}},{"sharedId":"f.8AA54734AA77FC8FA71C50576EE7DE7A.d.81896DEF35B35D6ACD8ACA98F9D48BFD.e.845","type":"node","value":{"attributes":{"class":"thumbnail relative cursor-pointer outline-none"},"childNodeCount":1,"localName":"div","namespaceURI":"http://www.w3.org/1999/xhtml","nodeType":1,"shadowRoot":null}},{"sharedId":"f.8AA54734AA77FC8FA71C50576EE7DE7A.d.81896DEF35B35D6ACD8ACA98F9D48BFD.e.846","type":"node","value":{"attributes":{"class":"flex items-end justify-end","style":"height: 28.5rem; min-width: 34.8rem;"},"childNodeCount":2,"localName":"div","namespaceURI":"http://www.w3.org/1999/xhtml","nodeType":1,"shadowRoot":null}},{"sharedId":"f.8AA54734AA77FC8FA71C50576EE7DE7A.d.81896DEF35B35D6ACD8ACA98F9D48BFD.e.847","type":"node","value":{"attributes":{"alt":"Top5","class":"mb-0 h-[20rem] max-h-[20rem]","height":"200","src":"/assets/top10_icons/5.svg","style":"width: 14rem; margin-right: -4rem;","width":"140"},"childNodeCount":0,"localName":"img","namespaceURI":"http://www.w3.org/1999/xhtml","nodeType":1,"shadowRoot":null}},{"sharedId":"f.8AA54734AA77FC8FA71C50576EE7DE7A.d.81896DEF35B35D6ACD8ACA98F9D48BFD.e.848","type":"node","value":{"attributes":{"class":"relative","style":"height: 28.5rem; min-width: 19rem; border-radius: 0.4rem; box-shadow: transparent 0px 0px 0px 0.3rem; transform: scale(1); transition: box-shadow 0.2s, transform 0.2s ease-in;"},"childNodeCount":1,"localName":"div","namespaceURI":"http://www.w3.org/1999/xhtml","nodeType":1,"shadowRoot":null}},{"sharedId":"f.8AA54734AA77FC8FA71C50576EE7DE7A.d.81896DEF35B35D6ACD8ACA98F9D48BFD.e.849","type":"node","value":{"attributes":{"class":"relative overflow-hidden","style":"width: 19rem; height: 100%; transition: width 0.3s;"},"childNodeCount":2,"localName":"div","namespaceURI":"http://www.w3.org/1999/xhtml","nodeType":1,"shadowRoot":null}},{"sharedId":"f.8AA54734AA77FC8FA71C50576EE7DE7A.d.81896DEF35B35D6ACD8ACA98F9D48BFD.e.850","type":"node","value":{"attributes":{"class":"absolute inset-0 z-0 h-full hidden"},"childNodeCount":1,"localName":"div","namespaceURI":"http://www.w3.org/1999/xhtml","nodeType":1,"shadowRoot":null}},{"sharedId":"f.8AA54734AA77FC8FA71C50576EE7DE7A.d.81896DEF35B35D6ACD8ACA98F9D48BFD.e.851","type":"node","value":{"attributes":{"class":"absolute inset-0 flex h-full items-center justify-center overflow-hidden text-ellipsis break-words p-[0.5rem] text-center","style":"width: 19rem; background-color: rgb(66, 66, 66); border-radius: 0.4rem;"},"childNodeCount":1,"localName":"div","namespaceURI":"http://www.w3.org/1999/xhtml","nodeType":1,"shadowRoot":null}},{"sharedId":"f.8AA54734AA77FC8FA71C50576EE7DE7A.d.81896DEF35B35D6ACD8ACA98F9D48BFD.e.852","type":"node","value":{"attributes":{"class":"max-w-full whitespace-normal break-words text-[2.4rem] font-semibold"},"childNodeCount":1,"localName":"p","namespaceURI":"http://www.w3.org/1999/xhtml","nodeType":1,"shadowRoot":null}},{"sharedId":"f.8AA54734AA77FC8FA71C50576EE7DE7A.d.81896DEF35B35D6ACD8ACA98F9D48BFD.e.853","type":"node","value":{"attributes":{"alt":"Be Careful With My Heart","class":"absolute inset-0 z-10 h-full w-full","src":"https://pql-static.abs-cbn.com/images/becarefulwithmyheart.thumb-portrait.v2.jpg?im_policy=portraitThumb_tv_fhd","style":"object-fit: cover; border-radius: 0.4rem;"},"childNodeCount":0,"localName":"img","namespaceURI":"http://www.w3.org/1999/xhtml","nodeType":1,"shadowRoot":null}},{"sharedId":"f.8AA54734AA77FC8FA71C50576EE7DE7A.d.81896DEF35B35D6ACD8ACA98F9D48BFD.e.854","type":"node","value":{"attributes":{"class":"thumbnail relative cursor-pointer outline-none"},"childNodeCount":1,"localName":"div","namespaceURI":"http://www.w3.org/1999/xhtml","nodeType":1,"shadowRoot":null}},{"sharedId":"f.8AA54734AA77FC8FA71C50576EE7DE7A.d.81896DEF35B35D6ACD8ACA98F9D48BFD.e.855","type":"node","value":{"attributes":{"class":"flex items-end justify-end","style":"height: 28.5rem; min-width: 34.8rem;"},"childNodeCount":2,"localName":"div","namespaceURI":"http://www.w3.org/1999/xhtml","nodeType":1,"shadowRoot":null}},{"sharedId":"f.8AA54734AA77FC8FA71C50576EE7DE7A.d.81896DEF35B35D6ACD8ACA98F9D48BFD.e.856","type":"node","value":{"attributes":{"alt":"Top6","class":"mb-0 h-[20rem] max-h-[20rem]","height":"200","src":"/assets/top10_icons/6.svg","style":"width: 14rem; margin-right: -4rem;","width":"140"},"childNodeCount":0,"localName":"img","namespaceURI":"http://www.w3.org/1999/xhtml","nodeType":1,"shadowRoot":null}},{"sharedId":"f.8AA54734AA77FC8FA71C50576EE7DE7A.d.81896DEF35B35D6ACD8ACA98F9D48BFD.e.857","type":"node","value":{"attributes":{"class":"relative","style":"height: 28.5rem; min-width: 19rem; border-radius: 0.4rem; box-shadow: transparent 0px 0px 0px 0.3rem; transform: scale(1); transition: box-shadow 0.2s, transform 0.2s ease-in;"},"childNodeCount":2,"localName":"div","namespaceURI":"http://www.w3.org/1999/xhtml","nodeType":1,"shadowRoot":null}},{"sharedId":"f.8AA54734AA77FC8FA71C50576EE7DE7A.d.81896DEF35B35D6ACD8ACA98F9D48BFD.e.858","type":"node","value":{"attributes":{"class":"relative overflow-hidden","style":"width: 19rem; height: 100%; transition: width 0.3s;"},"childNodeCount":2,"localName":"div","namespaceURI":"http://www.w3.org/1999/xhtml","nodeType":1,"shadowRoot":null}},{"sharedId":"f.8AA54734AA77FC8FA71C50576EE7DE7A.d.81896DEF35B35D6ACD8ACA98F9D48BFD.e.859","type":"node","value":{"attributes":{"class":"absolute inset-0 z-0 h-full hidden"},"childNodeCount":1,"localName":"div","namespaceURI":"http://www.w3.org/1999/xhtml","nodeType":1,"shadowRoot":null}},{"sharedId":"f.8AA54734AA77FC8FA71C50576EE7DE7A.d.81896DEF35B35D6ACD8ACA98F9D48BFD.e.860","type":"node","value":{"attributes":{"class":"absolute inset-0 flex h-full items-center justify-center overflow-hidden text-ellipsis break-words p-[0.5rem] text-center","style":"width: 19rem; background-color: rgb(66, 66, 66); border-radius: 0.4rem;"},"childNodeCount":1,"localName":"div","namespaceURI":"http://www.w3.org/1999/xhtml","nodeType":1,"shadowRoot":null}},{"sharedId":"f.8AA54734AA77FC8FA71C50576EE7DE7A.d.81896DEF35B35D6ACD8ACA98F9D48BFD.e.861","type":"node","value":{"attributes":{"class":"max-w-full whitespace-normal break-words text-[2.4rem] font-semibold"},"childNodeCount":1,"localName":"p","namespaceURI":"http://www.w3.org/1999/xhtml","nodeType":1,"shadowRoot":null}},{"sharedId":"f.8AA54734AA77FC8FA71C50576EE7DE7A.d.81896DEF35B35D6ACD8ACA98F9D48BFD.e.862","type":"node","value":{"attributes":{"alt":"TV Patrol","class":"absolute inset-0 z-10 h-full w-full","src":"https://pql-static.abs-cbn.com/images/tvpatrolge.thumb-portrait.v4.jpg?im_policy=portraitThumb_tv_fhd","style":"object-fit: cover; border-radius: 0.4rem;"},"childNodeCount":0,"localName":"img","namespaceURI":"http://www.w3.org/1999/xhtml","nodeType":1,"shadowRoot":null}},{"sharedId":"f.8AA54734AA77FC8FA71C50576EE7DE7A.d.81896DEF35B35D6ACD8ACA98F9D48BFD.e.863","type":"node","value":{"attributes":{"class":"absolute left-0 top-0 z-10"},"childNodeCount":1,"localName":"div","namespaceURI":"http://www.w3.org/1999/xhtml","nodeType":1,"shadowRoot":null}},{"sharedId":"f.8AA54734AA77FC8FA71C50576EE7DE7A.d.81896DEF35B35D6ACD8ACA98F9D48BFD.e.864","type":"node","value":{"attributes":{"alt":"https://pql-static.iwanttfc.com/static/uat/common/images/monetisation/free.png","class":"h-[3.2rem] w-auto object-contain","src":"https://pql-static.iwanttfc.com/static/uat/common/images/monetisation/free.png"},"childNodeCount":0,"localName":"img","namespaceURI":"http://www.w3.org/1999/xhtml","nodeType":1,"shadowRoot":null}},{"sharedId":"f.8AA54734AA77FC8FA71C50576EE7DE7A.d.81896DEF35B35D6ACD8ACA98F9D48BFD.e.865","type":"node","value":{"attributes":{"class":"thumbnail relative cursor-pointer outline-none"},"childNodeCount":1,"localName":"div","namespaceURI":"http://www.w3.org/1999/xhtml","nodeType":1,"shadowRoot":null}},{"sharedId":"f.8AA54734AA77FC8FA71C50576EE7DE7A.d.81896DEF35B35D6ACD8ACA98F9D48BFD.e.866","type":"node","value":{"attributes":{"class":"flex items-end justify-end","style":"height: 28.5rem; min-width: 34.8rem;"},"childNodeCount":2,"localName":"div","namespaceURI":"http://www.w3.org/1999/xhtml","nodeType":1,"shadowRoot":null}},{"sharedId":"f.8AA54734AA77FC8FA71C50576EE7DE7A.d.81896DEF35B35D6ACD8ACA98F9D48BFD.e.867","type":"node","value":{"attributes":{"alt":"Top7","class":"mb-0 h-[20rem] max-h-[20rem]","height":"200","src":"/assets/top10_icons/7.svg","style":"width: 14rem; margin-right: -4rem;","width":"140"},"childNodeCount":0,"localName":"img","namespaceURI":"http://www.w3.org/1999/xhtml","nodeType":1,"shadowRoot":null}},{"sharedId":"f.8AA54734AA77FC8FA71C50576EE7DE7A.d.81896DEF35B35D6ACD8ACA98F9D48BFD.e.868","type":"node","value":{"attributes":{"class":"relative","style":"height: 28.5rem; min-width: 19rem; border-radius: 0.4rem; box-shadow: transparent 0px 0px 0px 0.3rem; transform: scale(1); transition: box-shadow 0.2s, transform 0.2s ease-in;"},"childNodeCount":1,"localName":"div","namespaceURI":"http://www.w3.org/1999/xhtml","nodeType":1,"shadowRoot":null}},{"sharedId":"f.8AA54734AA77FC8FA71C50576EE7DE7A.d.81896DEF35B35D6ACD8ACA98F9D48BFD.e.869","type":"node","value":{"attributes":{"class":"relative overflow-hidden","style":"width: 19rem; height: 100%; transition: width 0.3s;"},"childNodeCount":2,"localName":"div","namespaceURI":"http://www.w3.org/1999/xhtml","nodeType":1,"shadowRoot":null}},{"sharedId":"f.8AA54734AA77FC8FA71C50576EE7DE7A.d.81896DEF35B35D6ACD8ACA98F9D48BFD.e.870","type":"node","value":{"attributes":{"class":"absolute inset-0 z-0 h-full hidden"},"childNodeCount":1,"localName":"div","namespaceURI":"http://www.w3.org/1999/xhtml","nodeType":1,"shadowRoot":null}},{"sharedId":"f.8AA54734AA77FC8FA71C50576EE7DE7A.d.81896DEF35B35D6ACD8ACA98F9D48BFD.e.871","type":"node","value":{"attributes":{"class":"absolute inset-0 flex h-full items-center justify-center overflow-hidden text-ellipsis break-words p-[0.5rem] text-center","style":"width: 19rem; background-color: rgb(66, 66, 66); border-radius: 0.4rem;"},"childNodeCount":1,"localName":"div","namespaceURI":"http://www.w3.org/1999/xhtml","nodeType":1,"shadowRoot":null}},{"sharedId":"f.8AA54734AA77FC8FA71C50576EE7DE7A.d.81896DEF35B35D6ACD8ACA98F9D48BFD.e.872","type":"node","value":{"attributes":{"class":"max-w-full whitespace-normal break-words text-[2.4rem] font-semibold"},"childNodeCount":1,"localName":"p","namespaceURI":"http://www.w3.org/1999/xhtml","nodeType":1,"shadowRoot":null}},{"sharedId":"f.8AA54734AA77FC8FA71C50576EE7DE7A.d.81896DEF35B35D6ACD8ACA98F9D48BFD.e.873","type":"node","value":{"attributes":{"alt":"FPJ's Ang Probinsyano","class":"absolute inset-0 z-10 h-full w-full","src":"https://pql-static.abs-cbn.com/images/angprobinsyano.thumb-portrait.v2.jpg?im_policy=portraitThumb_tv_fhd","style":"object-fit: cover; border-radius: 0.4rem;"},"childNodeCount":0,"localName":"img","namespaceURI":"http://www.w3.org/1999/xhtml","nodeType":1,"shadowRoot":null}},{"sharedId":"f.8AA54734AA77FC8FA71C50576EE7DE7A.d.81896DEF35B35D6ACD8ACA98F9D48BFD.e.874","type":"node","value":{"attributes":{"class":"thumbnail relative cursor-pointer outline-none"},"childNodeCount":1,"localName":"div","namespaceURI":"http://www.w3.org/1999/xhtml","nodeType":1,"shadowRoot":null}},{"sharedId":"f.8AA54734AA77FC8FA71C50576EE7DE7A.d.81896DEF35B35D6ACD8ACA98F9D48BFD.e.875","type":"node","value":{"attributes":{"class":"flex items-end justify-end","style":"height: 28.5rem; min-width: 34.8rem;"},"childNodeCount":2,"localName":"div","namespaceURI":"http://www.w3.org/1999/xhtml","nodeType":1,"shadowRoot":null}},{"sharedId":"f.8AA54734AA77FC8FA71C50576EE7DE7A.d.81896DEF35B35D6ACD8ACA98F9D48BFD.e.876","type":"node","value":{"attributes":{"alt":"Top8","class":"mb-0 h-[20rem] max-h-[20rem]","height":"200","src":"/assets/top10_icons/8.svg","style":"width: 14rem; margin-right: -4rem;","width":"140"},"childNodeCount":0,"localName":"img","namespaceURI":"http://www.w3.org/1999/xhtml","nodeType":1,"shadowRoot":null}},{"sharedId":"f.8AA54734AA77FC8FA71C50576EE7DE7A.d.81896DEF35B35D6ACD8ACA98F9D48BFD.e.877","type":"node","value":{"attributes":{"class":"relative","style":"height: 28.5rem; min-width: 19rem; border-radius: 0.4rem; box-shadow: transparent 0px 0px 0px 0.3rem; transform: scale(1); transition: box-shadow 0.2s, transform 0.2s ease-in;"},"childNodeCount":1,"localName":"div","namespaceURI":"http://www.w3.org/1999/xhtml","nodeType":1,"shadowRoot":null}},{"sharedId":"f.8AA54734AA77FC8FA71C50576EE7DE7A.d.81896DEF35B35D6ACD8ACA98F9D48BFD.e.878","type":"node","value":{"attributes":{"class":"relative overflow-hidden","style":"width: 19rem; height: 100%; transition: width 0.3s;"},"childNodeCount":2,"localName":"div","namespaceURI":"http://www.w3.org/1999/xhtml","nodeType":1,"shadowRoot":null}},{"sharedId":"f.8AA54734AA77FC8FA71C50576EE7DE7A.d.81896DEF35B35D6ACD8ACA98F9D48BFD.e.879","type":"node","value":{"attributes":{"class":"absolute inset-0 z-0 h-full hidden"},"childNodeCount":1,"localName":"div","namespaceURI":"http://www.w3.org/1999/xhtml","nodeType":1,"shadowRoot":null}},{"sharedId":"f.8AA54734AA77FC8FA71C50576EE7DE7A.d.81896DEF35B35D6ACD8ACA98F9D48BFD.e.880","type":"node","value":{"attributes":{"class":"absolute inset-0 flex h-full items-center justify-center overflow-hidden text-ellipsis break-words p-[0.5rem] text-center","style":"width: 19rem; background-color: rgb(66, 66, 66); border-radius: 0.4rem;"},"childNodeCount":1,"localName":"div","namespaceURI":"http://www.w3.org/1999/xhtml","nodeType":1,"shadowRoot":null}},{"sharedId":"f.8AA54734AA77FC8FA71C50576EE7DE7A.d.81896DEF35B35D6ACD8ACA98F9D48BFD.e.881","type":"node","value":{"attributes":{"class":"max-w-full whitespace-normal break-words text-[2.4rem] font-semibold"},"childNodeCount":1,"localName":"p","namespaceURI":"http://www.w3.org/1999/xhtml","nodeType":1,"shadowRoot":null}},{"sharedId":"f.8AA54734AA77FC8FA71C50576EE7DE7A.d.81896DEF35B35D6ACD8ACA98F9D48BFD.e.882","type":"node","value":{"attributes":{"alt":"Apoy sa Dagat","class":"absolute inset-0 z-10 h-full w-full","src":"https://pql-static.abs-cbn.com/images/apoysadagat.thumb-portrait.jpg?im_policy=portraitThumb_tv_fhd","style":"object-fit: cover; border-radius: 0.4rem;"},"childNodeCount":0,"localName":"img","namespaceURI":"http://www.w3.org/1999/xhtml","nodeType":1,"shadowRoot":null}},{"sharedId":"f.8AA54734AA77FC8FA71C50576EE7DE7A.d.81896DEF35B35D6ACD8ACA98F9D48BFD.e.883","type":"node","value":{"attributes":{"class":"thumbnail relative cursor-pointer outline-none"},"childNodeCount":1,"localName":"div","namespaceURI":"http://www.w3.org/1999/xhtml","nodeType":1,"shadowRoot":null}},{"sharedId":"f.8AA54734AA77FC8FA71C50576EE7DE7A.d.81896DEF35B35D6ACD8ACA98F9D48BFD.e.884","type":"node","value":{"attributes":{"class":"flex items-end justify-end","style":"height: 28.5rem; min-width: 34.8rem;"},"childNodeCount":2,"localName":"div","namespaceURI":"http://www.w3.org/1999/xhtml","nodeType":1,"shadowRoot":null}},{"sharedId":"f.8AA54734AA77FC8FA71C50576EE7DE7A.d.81896DEF35B35D6ACD8ACA98F9D48BFD.e.885","type":"node","value":{"attributes":{"alt":"Top9","class":"mb-0 h-[20rem] max-h-[20rem]","height":"200","src":"/assets/top10_icons/9.svg","style":"width: 14rem; margin-right: -4rem;","width":"140"},"childNodeCount":0,"localName":"img","namespaceURI":"http://www.w3.org/1999/xhtml","nodeType":1,"shadowRoot":null}},{"sharedId":"f.8AA54734AA77FC8FA71C50576EE7DE7A.d.81896DEF35B35D6ACD8ACA98F9D48BFD.e.886","type":"node","value":{"attributes":{"class":"relative","style":"height: 28.5rem; min-width: 19rem; border-radius: 0.4rem; box-shadow: transparent 0px 0px 0px 0.3rem; transform: scale(1); transition: box-shadow 0.2s, transform 0.2s ease-in;"},"childNodeCount":1,"localName":"div","namespaceURI":"http://www.w3.org/1999/xhtml","nodeType":1,"shadowRoot":null}},{"sharedId":"f.8AA54734AA77FC8FA71C50576EE7DE7A.d.81896DEF35B35D6ACD8ACA98F9D48BFD.e.887","type":"node","value":{"attributes":{"class":"relative overflow-hidden","style":"width: 19rem; height: 100%; transition: width 0.3s;"},"childNodeCount":2,"localName":"div","namespaceURI":"http://www.w3.org/1999/xhtml","nodeType":1,"shadowRoot":null}},{"sharedId":"f.8AA54734AA77FC8FA71C50576EE7DE7A.d.81896DEF35B35D6ACD8ACA98F9D48BFD.e.888","type":"node","value":{"attributes":{"class":"absolute inset-0 z-0 h-full hidden"},"childNodeCount":1,"localName":"div","namespaceURI":"http://www.w3.org/1999/xhtml","nodeType":1,"shadowRoot":null}},{"sharedId":"f.8AA54734AA77FC8FA71C50576EE7DE7A.d.81896DEF35B35D6ACD8ACA98F9D48BFD.e.889","type":"node","value":{"attributes":{"class":"absolute inset-0 flex h-full items-center justify-center overflow-hidden text-ellipsis break-words p-[0.5rem] text-center","style":"width: 19rem; background-color: rgb(66, 66, 66); border-radius: 0.4rem;"},"childNodeCount":1,"localName":"div","namespaceURI":"http://www.w3.org/1999/xhtml","nodeType":1,"shadowRoot":null}},{"sharedId":"f.8AA54734AA77FC8FA71C50576EE7DE7A.d.81896DEF35B35D6ACD8ACA98F9D48BFD.e.890","type":"node","value":{"attributes":{"class":"max-w-full whitespace-normal break-words text-[2.4rem] font-semibold"},"childNodeCount":1,"localName":"p","namespaceURI":"http://www.w3.org/1999/xhtml","nodeType":1,"shadowRoot":null}},{"sharedId":"f.8AA54734AA77FC8FA71C50576EE7DE7A.d.81896DEF35B35D6ACD8ACA98F9D48BFD.e.891","type":"node","value":{"attributes":{"alt":"Sino Ang Maysala? Mea Culpa","class":"absolute inset-0 z-10 h-full w-full","src":"https://pql-static.abs-cbn.com/images/sinoangmaysala.thumb-portrait.jpg?im_policy=portraitThumb_tv_fhd","style":"object-fit: cover; border-radius: 0.4rem;"},"childNodeCount":0,"localName":"img","namespaceURI":"http://www.w3.org/1999/xhtml","nodeType":1,"shadowRoot":null}},{"sharedId":"f.8AA54734AA77FC8FA71C50576EE7DE7A.d.81896DEF35B35D6ACD8ACA98F9D48BFD.e.892","type":"node","value":{"attributes":{"class":"rail relative h-full w-full pb-[3.2rem]","style":"width: 100%; margin-top: 0px; margin-bottom: 0px; margin-left: 0px; padding-left: 0px; padding-top: 3.2rem; background-size: cover; background-repeat: no-repeat; background-position: center center;"},"childNodeCount":2,"localName":"div","namespaceURI":"http://www.w3.org/1999/xhtml","nodeType":1,"shadowRoot":null}},{"sharedId":"f.8AA54734AA77FC8FA71C50576EE7DE7A.d.81896DEF35B35D6ACD8ACA98F9D48BFD.e.893","type":"node","value":{"attributes":{"class":"title mb-[3.2rem]"},"childNodeCount":1,"localName":"div","namespaceURI":"http://www.w3.org/1999/xhtml","nodeType":1,"shadowRoot":null}},{"sharedId":"f.8AA54734AA77FC8FA71C50576EE7DE7A.d.81896DEF35B35D6ACD8ACA98F9D48BFD.e.894","type":"node","value":{"attributes":{"class":"text-[2.8rem] font-medium leading-[3.5rem]"},"childNodeCount":1,"localName":"p","namespaceURI":"http://www.w3.org/1999/xhtml","nodeType":1,"shadowRoot":null}},{"sharedId":"f.8AA54734AA77FC8FA71C50576EE7DE7A.d.81896DEF35B35D6ACD8ACA98F9D48BFD.e.895","type":"node","value":{"attributes":{"class":"rail-container pointer-events-none relative","style":"margin-top: 0px; margin-bottom: -3rem;"},"childNodeCount":1,"localName":"div","namespaceURI":"http://www.w3.org/1999/xhtml","nodeType":1,"shadowRoot":null}},{"sharedId":"f.8AA54734AA77FC8FA71C50576EE7DE7A.d.81896DEF35B35D6ACD8ACA98F9D48BFD.e.896","type":"node","value":{"attributes":{"class":"scrollable-list pointer-events-auto flex gap-[1.6rem] overflow-x-auto scroll-smooth","style":"padding-top: 0px; padding-bottom: 3rem;"},"childNodeCount":10,"localName":"div","namespaceURI":"http://www.w3.org/1999/xhtml","nodeType":1,"shadowRoot":null}},{"sharedId":"f.8AA54734AA77FC8FA71C50576EE7DE7A.d.81896DEF35B35D6ACD8ACA98F9D48BFD.e.897","type":"node","value":{"attributes":{"class":"thumbnail relative cursor-pointer outline-none"},"childNodeCount":1,"localName":"div","namespaceURI":"http://www.w3.org/1999/xhtml","nodeType":1,"shadowRoot":null}},{"sharedId":"f.8AA54734AA77FC8FA71C50576EE7DE7A.d.81896DEF35B35D6ACD8ACA98F9D48BFD.e.898","type":"node","value":{"attributes":{"class":"flex items-end justify-end","style":"height: 28.5rem; min-width: 34.8rem;"},"childNodeCount":2,"localName":"div","namespaceURI":"http://www.w3.org/1999/xhtml","nodeType":1,"shadowRoot":null}},{"sharedId":"f.8AA54734AA77FC8FA71C50576EE7DE7A.d.81896DEF35B35D6ACD8ACA98F9D48BFD.e.899","type":"node","value":{"attributes":{"alt":"Top1","class":"mb-0 h-[20rem] max-h-[20rem]","height":"200","src":"/assets/top10_icons/1.svg","style":"width: 14rem; margin-right: -4rem;","width":"140"},"childNodeCount":0,"localName":"img","namespaceURI":"http://www.w3.org/1999/xhtml","nodeType":1,"shadowRoot":null}},{"sharedId":"f.8AA54734AA77FC8FA71C50576EE7DE7A.d.81896DEF35B35D6ACD8ACA98F9D48BFD.e.900","type":"node","value":{"attributes":{"class":"relative","style":"height: 28.5rem; min-width: 19rem; border-radius: 0.4rem; box-shadow: transparent 0px 0px 0px 0.3rem; transform: scale(1); transition: box-shadow 0.2s, transform 0.2s ease-in;"},"childNodeCount":1,"localName":"div","namespaceURI":"http://www.w3.org/1999/xhtml","nodeType":1,"shadowRoot":null}},{"sharedId":"f.8AA54734AA77FC8FA71C50576EE7DE7A.d.81896DEF35B35D6ACD8ACA98F9D48BFD.e.901","type":"node","value":{"attributes":{"class":"relative overflow-hidden","style":"width: 19rem; height: 100%; transition: width 0.3s;"},"childNodeCount":2,"localName":"div","namespaceURI":"http://www.w3.org/1999/xhtml","nodeType":1,"shadowRoot":null}},{"sharedId":"f.8AA54734AA77FC8FA71C50576EE7DE7A.d.81896DEF35B35D6ACD8ACA98F9D48BFD.e.902","type":"node","value":{"attributes":{"class":"absolute inset-0 z-0 h-full hidden"},"childNodeCount":1,"localName":"div","namespaceURI":"http://www.w3.org/1999/xhtml","nodeType":1,"shadowRoot":null}},{"sharedId":"f.8AA54734AA77FC8FA71C50576EE7DE7A.d.81896DEF35B35D6ACD8ACA98F9D48BFD.e.903","type":"node","value":{"attributes":{"class":"absolute inset-0 flex h-full items-center justify-center overflow-hidden text-ellipsis break-words p-[0.5rem] text-center","style":"width: 19rem; background-color: rgb(66, 66, 66); border-radius: 0.4rem;"},"childNodeCount":1,"localName":"div","namespaceURI":"http://www.w3.org/1999/xhtml","nodeType":1,"shadowRoot":null}},{"sharedId":"f.8AA54734AA77FC8FA71C50576EE7DE7A.d.81896DEF35B35D6ACD8ACA98F9D48BFD.e.904","type":"node","value":{"attributes":{"class":"max-w-full whitespace-normal break-words text-[2.4rem] font-semibold"},"childNodeCount":1,"localName":"p","namespaceURI":"http://www.w3.org/1999/xhtml","nodeType":1,"shadowRoot":null}},{"sharedId":"f.8AA54734AA77FC8FA71C50576EE7DE7A.d.81896DEF35B35D6ACD8ACA98F9D48BFD.e.905","type":"node","value":{"attributes":{"alt":"Hello, Love, Goodbye","class":"absolute inset-0 z-10 h-full w-full","src":"https://pql-static.abs-cbn.com/images/hellolovegoodbye.thumb-portrait.v2.JPG?im_policy=portraitThumb_tv_fhd","style":"object-fit: cover; border-radius: 0.4rem;"},"childNodeCount":0,"localName":"img","namespaceURI":"http://www.w3.org/1999/xhtml","nodeType":1,"shadowRoot":null}},{"sharedId":"f.8AA54734AA77FC8FA71C50576EE7DE7A.d.81896DEF35B35D6ACD8ACA98F9D48BFD.e.906","type":"node","value":{"attributes":{"class":"thumbnail relative cursor-pointer outline-none"},"childNodeCount":1,"localName":"div","namespaceURI":"http://www.w3.org/1999/xhtml","nodeType":1,"shadowRoot":null}},{"sharedId":"f.8AA54734AA77FC8FA71C50576EE7DE7A.d.81896DEF35B35D6ACD8ACA98F9D48BFD.e.907","type":"node","value":{"attributes":{"class":"flex items-end justify-end","style":"height: 28.5rem; min-width: 34.8rem;"},"childNodeCount":2,"localName":"div","namespaceURI":"http://www.w3.org/1999/xhtml","nodeType":1,"shadowRoot":null}},{"sharedId":"f.8AA54734AA77FC8FA71C50576EE7DE7A.d.81896DEF35B35D6ACD8ACA98F9D48BFD.e.908","type":"node","value":{"attributes":{"alt":"Top2","class":"mb-0 h-[20rem] max-h-[20rem]","height":"200","src":"/assets/top10_icons/2.svg","style":"width: 14rem; margin-right: -4rem;","width":"140"},"childNodeCount":0,"localName":"img","namespaceURI":"http://www.w3.org/1999/xhtml","nodeType":1,"shadowRoot":null}},{"sharedId":"f.8AA54734AA77FC8FA71C50576EE7DE7A.d.81896DEF35B35D6ACD8ACA98F9D48BFD.e.909","type":"node","value":{"attributes":{"class":"relative","style":"height: 28.5rem; min-width: 19rem; border-radius: 0.4rem; box-shadow: transparent 0px 0px 0px 0.3rem; transform: scale(1); transition: box-shadow 0.2s, transform 0.2s ease-in;"},"childNodeCount":2,"localName":"div","namespaceURI":"http://www.w3.org/1999/xhtml","nodeType":1,"shadowRoot":null}},{"sharedId":"f.8AA54734AA77FC8FA71C50576EE7DE7A.d.81896DEF35B35D6ACD8ACA98F9D48BFD.e.910","type":"node","value":{"attributes":{"class":"relative overflow-hidden","style":"width: 19rem; height: 100%; transition: width 0.3s;"},"childNodeCount":2,"localName":"div","namespaceURI":"http://www.w3.org/1999/xhtml","nodeType":1,"shadowRoot":null}},{"sharedId":"f.8AA54734AA77FC8FA71C50576EE7DE7A.d.81896DEF35B35D6ACD8ACA98F9D48BFD.e.911","type":"node","value":{"attributes":{"class":"absolute inset-0 z-0 h-full hidden"},"childNodeCount":1,"localName":"div","namespaceURI":"http://www.w3.org/1999/xhtml","nodeType":1,"shadowRoot":null}},{"sharedId":"f.8AA54734AA77FC8FA71C50576EE7DE7A.d.81896DEF35B35D6ACD8ACA98F9D48BFD.e.912","type":"node","value":{"attributes":{"class":"absolute inset-0 flex h-full items-center justify-center overflow-hidden text-ellipsis break-words p-[0.5rem] text-center","style":"width: 19rem; background-color: rgb(66, 66, 66); border-radius: 0.4rem;"},"childNodeCount":1,"localName":"div","namespaceURI":"http://www.w3.org/1999/xhtml","nodeType":1,"shadowRoot":null}},{"sharedId":"f.8AA54734AA77FC8FA71C50576EE7DE7A.d.81896DEF35B35D6ACD8ACA98F9D48BFD.e.913","type":"node","value":{"attributes":{"class":"max-w-full whitespace-normal break-words text-[2.4rem] font-semibold"},"childNodeCount":1,"localName":"p","namespaceURI":"http://www.w3.org/1999/xhtml","nodeType":1,"shadowRoot":null}},{"sharedId":"f.8AA54734AA77FC8FA71C50576EE7DE7A.d.81896DEF35B35D6ACD8ACA98F9D48BFD.e.914","type":"node","value":{"attributes":{"alt":"A Moment in Time","class":"absolute inset-0 z-10 h-full w-full","src":"https://pql-static.abs-cbn.com/images/amomentintime.thumb-portrait.jpg?im_policy=portraitThumb_tv_fhd","style":"object-fit: cover; border-radius: 0.4rem;"},"childNodeCount":0,"localName":"img","namespaceURI":"http://www.w3.org/1999/xhtml","nodeType":1,"shadowRoot":null}},{"sharedId":"f.8AA54734AA77FC8FA71C50576EE7DE7A.d.81896DEF35B35D6ACD8ACA98F9D48BFD.e.915","type":"node","value":{"attributes":{"class":"absolute left-0 top-0 z-10"},"childNodeCount":1,"localName":"div","namespaceURI":"http://www.w3.org/1999/xhtml","nodeType":1,"shadowRoot":null}},{"sharedId":"f.8AA54734AA77FC8FA71C50576EE7DE7A.d.81896DEF35B35D6ACD8ACA98F9D48BFD.e.916","type":"node","value":{"attributes":{"alt":"https://pql-static.iwanttfc.com/static/uat/common/images/monetisation/free.png","class":"h-[3.2rem] w-auto object-contain","src":"https://pql-static.iwanttfc.com/static/uat/common/images/monetisation/free.png"},"childNodeCount":0,"localName":"img","namespaceURI":"http://www.w3.org/1999/xhtml","nodeType":1,"shadowRoot":null}},{"sharedId":"f.8AA54734AA77FC8FA71C50576EE7DE7A.d.81896DEF35B35D6ACD8ACA98F9D48BFD.e.917","type":"node","value":{"attributes":{"class":"thumbnail relative cursor-pointer outline-none"},"childNodeCount":1,"localName":"div","namespaceURI":"http://www.w3.org/1999/xhtml","nodeType":1,"shadowRoot":null}},{"sharedId":"f.8AA54734AA77FC8FA71C50576EE7DE7A.d.81896DEF35B35D6ACD8ACA98F9D48BFD.e.918","type":"node","value":{"attributes":{"class":"flex items-end justify-end","style":"height: 28.5rem; min-width: 34.8rem;"},"childNodeCount":2,"localName":"div","namespaceURI":"http://www.w3.org/1999/xhtml","nodeType":1,"shadowRoot":null}},{"sharedId":"f.8AA54734AA77FC8FA71C50576EE7DE7A.d.81896DEF35B35D6ACD8ACA98F9D48BFD.e.919","type":"node","value":{"attributes":{"alt":"Top3","class":"mb-0 h-[20rem] max-h-[20rem]","height":"200","src":"/assets/top10_icons/3.svg","style":"width: 14rem; margin-right: -4rem;","width":"140"},"childNodeCount":0,"localName":"img","namespaceURI":"http://www.w3.org/1999/xhtml","nodeType":1,"shadowRoot":null}},{"sharedId":"f.8AA54734AA77FC8FA71C50576EE7DE7A.d.81896DEF35B35D6ACD8ACA98F9D48BFD.e.920","type":"node","value":{"attributes":{"class":"relative","style":"height: 28.5rem; min-width: 19rem; border-radius: 0.4rem; box-shadow: transparent 0px 0px 0px 0.3rem; transform: scale(1); transition: box-shadow 0.2s, transform 0.2s ease-in;"},"childNodeCount":2,"localName":"div","namespaceURI":"http://www.w3.org/1999/xhtml","nodeType":1,"shadowRoot":null}},{"sharedId":"f.8AA54734AA77FC8FA71C50576EE7DE7A.d.81896DEF35B35D6ACD8ACA98F9D48BFD.e.921","type":"node","value":{"attributes":{"class":"relative overflow-hidden","style":"width: 19rem; height: 100%; transition: width 0.3s;"},"childNodeCount":2,"localName":"div","namespaceURI":"http://www.w3.org/1999/xhtml","nodeType":1,"shadowRoot":null}},{"sharedId":"f.8AA54734AA77FC8FA71C50576EE7DE7A.d.81896DEF35B35D6ACD8ACA98F9D48BFD.e.922","type":"node","value":{"attributes":{"class":"absolute inset-0 z-0 h-full hidden"},"childNodeCount":1,"localName":"div","namespaceURI":"http://www.w3.org/1999/xhtml","nodeType":1,"shadowRoot":null}},{"sharedId":"f.8AA54734AA77FC8FA71C50576EE7DE7A.d.81896DEF35B35D6ACD8ACA98F9D48BFD.e.923","type":"node","value":{"attributes":{"class":"absolute inset-0 flex h-full items-center justify-center overflow-hidden text-ellipsis break-words p-[0.5rem] text-center","style":"width: 19rem; background-color: rgb(66, 66, 66); border-radius: 0.4rem;"},"childNodeCount":1,"localName":"div","namespaceURI":"http://www.w3.org/1999/xhtml","nodeType":1,"shadowRoot":null}},{"sharedId":"f.8AA54734AA77FC8FA71C50576EE7DE7A.d.81896DEF35B35D6ACD8ACA98F9D48BFD.e.924","type":"node","value":{"attributes":{"class":"max-w-full whitespace-normal break-words text-[2.4rem] font-semibold"},"childNodeCount":1,"localName":"p","namespaceURI":"http://www.w3.org/1999/xhtml","nodeType":1,"shadowRoot":null}},{"sharedId":"f.8AA54734AA77FC8FA71C50576EE7DE7A.d.81896DEF35B35D6ACD8ACA98F9D48BFD.e.925","type":"node","value":{"attributes":{"alt":"To Love Some Buddy","class":"absolute inset-0 z-10 h-full w-full","src":"https://pql-static.abs-cbn.com/images/tolovesomebuddy.thumb-portrait.jpg?im_policy=portraitThumb_tv_fhd","style":"object-fit: cover; border-radius: 0.4rem;"},"childNodeCount":0,"localName":"img","namespaceURI":"http://www.w3.org/1999/xhtml","nodeType":1,"shadowRoot":null}},{"sharedId":"f.8AA54734AA77FC8FA71C50576EE7DE7A.d.81896DEF35B35D6ACD8ACA98F9D48BFD.e.926","type":"node","value":{"attributes":{"class":"absolute left-0 top-0 z-10"},"childNodeCount":1,"localName":"div","namespaceURI":"http://www.w3.org/1999/xhtml","nodeType":1,"shadowRoot":null}},{"sharedId":"f.8AA54734AA77FC8FA71C50576EE7DE7A.d.81896DEF35B35D6ACD8ACA98F9D48BFD.e.927","type":"node","value":{"attributes":{"alt":"https://pql-static.iwanttfc.com/static/uat/common/images/monetisation/free.png","class":"h-[3.2rem] w-auto object-contain","src":"https://pql-static.iwanttfc.com/static/uat/common/images/monetisation/free.png"},"childNodeCount":0,"localName":"img","namespaceURI":"http://www.w3.org/1999/xhtml","nodeType":1,"shadowRoot":null}},{"sharedId":"f.8AA54734AA77FC8FA71C50576EE7DE7A.d.81896DEF35B35D6ACD8ACA98F9D48BFD.e.928","type":"node","value":{"attributes":{"class":"thumbnail relative cursor-pointer outline-none"},"childNodeCount":1,"localName":"div","namespaceURI":"http://www.w3.org/1999/xhtml","nodeType":1,"shadowRoot":null}},{"sharedId":"f.8AA54734AA77FC8FA71C50576EE7DE7A.d.81896DEF35B35D6ACD8ACA98F9D48BFD.e.929","type":"node","value":{"attributes":{"class":"flex items-end justify-end","style":"height: 28.5rem; min-width: 34.8rem;"},"childNodeCount":2,"localName":"div","namespaceURI":"http://www.w3.org/1999/xhtml","nodeType":1,"shadowRoot":null}},{"sharedId":"f.8AA54734AA77FC8FA71C50576EE7DE7A.d.81896DEF35B35D6ACD8ACA98F9D48BFD.e.930","type":"node","value":{"attributes":{"alt":"Top4","class":"mb-0 h-[20rem] max-h-[20rem]","height":"200","src":"/assets/top10_icons/4.svg","style":"width: 14rem; margin-right: -4rem;","width":"140"},"childNodeCount":0,"localName":"img","namespaceURI":"http://www.w3.org/1999/xhtml","nodeType":1,"shadowRoot":null}},{"sharedId":"f.8AA54734AA77FC8FA71C50576EE7DE7A.d.81896DEF35B35D6ACD8ACA98F9D48BFD.e.931","type":"node","value":{"attributes":{"class":"relative","style":"height: 28.5rem; min-width: 19rem; border-radius: 0.4rem; box-shadow: transparent 0px 0px 0px 0.3rem; transform: scale(1); transition: box-shadow 0.2s, transform 0.2s ease-in;"},"childNodeCount":1,"localName":"div","namespaceURI":"http://www.w3.org/1999/xhtml","nodeType":1,"shadowRoot":null}},{"sharedId":"f.8AA54734AA77FC8FA71C50576EE7DE7A.d.81896DEF35B35D6ACD8ACA98F9D48BFD.e.932","type":"node","value":{"attributes":{"class":"relative overflow-hidden","style":"width: 19rem; height: 100%; transition: width 0.3s;"},"childNodeCount":2,"localName":"div","namespaceURI":"http://www.w3.org/1999/xhtml","nodeType":1,"shadowRoot":null}},{"sharedId":"f.8AA54734AA77FC8FA71C50576EE7DE7A.d.81896DEF35B35D6ACD8ACA98F9D48BFD.e.933","type":"node","value":{"attributes":{"class":"absolute inset-0 z-0 h-full hidden"},"childNodeCount":1,"localName":"div","namespaceURI":"http://www.w3.org/1999/xhtml","nodeType":1,"shadowRoot":null}},{"sharedId":"f.8AA54734AA77FC8FA71C50576EE7DE7A.d.81896DEF35B35D6ACD8ACA98F9D48BFD.e.934","type":"node","value":{"attributes":{"class":"absolute inset-0 flex h-full items-center justify-center overflow-hidden text-ellipsis break-words p-[0.5rem] text-center","style":"width: 19rem; background-color: rgb(66, 66, 66); border-radius: 0.4rem;"},"childNodeCount":1,"localName":"div","namespaceURI":"http://www.w3.org/1999/xhtml","nodeType":1,"shadowRoot":null}},{"sharedId":"f.8AA54734AA77FC8FA71C50576EE7DE7A.d.81896DEF35B35D6ACD8ACA98F9D48BFD.e.935","type":"node","value":{"attributes":{"class":"max-w-full whitespace-normal break-words text-[2.4rem] font-semibold"},"childNodeCount":1,"localName":"p","namespaceURI":"http://www.w3.org/1999/xhtml","nodeType":1,"shadowRoot":null}},{"sharedId":"f.8AA54734AA77FC8FA71C50576EE7DE7A.d.81896DEF35B35D6ACD8ACA98F9D48BFD.e.936","type":"node","value":{"attributes":{"alt":"First Love","class":"absolute inset-0 z-10 h-full w-full","src":"https://pql-static.abs-cbn.com/images/firstlove.thumb-portrait.jpg?im_policy=portraitThumb_tv_fhd","style":"object-fit: cover; border-radius: 0.4rem;"},"childNodeCount":0,"localName":"img","namespaceURI":"http://www.w3.org/1999/xhtml","nodeType":1,"shadowRoot":null}},{"sharedId":"f.8AA54734AA77FC8FA71C50576EE7DE7A.d.81896DEF35B35D6ACD8ACA98F9D48BFD.e.937","type":"node","value":{"attributes":{"class":"thumbnail relative cursor-pointer outline-none"},"childNodeCount":1,"localName":"div","namespaceURI":"http://www.w3.org/1999/xhtml","nodeType":1,"shadowRoot":null}},{"sharedId":"f.8AA54734AA77FC8FA71C50576EE7DE7A.d.81896DEF35B35D6ACD8ACA98F9D48BFD.e.938","type":"node","value":{"attributes":{"class":"flex items-end justify-end","style":"height: 28.5rem; min-width: 34.8rem;"},"childNodeCount":2,"localName":"div","namespaceURI":"http://www.w3.org/1999/xhtml","nodeType":1,"shadowRoot":null}},{"sharedId":"f.8AA54734AA77FC8FA71C50576EE7DE7A.d.81896DEF35B35D6ACD8ACA98F9D48BFD.e.939","type":"node","value":{"attributes":{"alt":"Top5","class":"mb-0 h-[20rem] max-h-[20rem]","height":"200","src":"/assets/top10_icons/5.svg","style":"width: 14rem; margin-right: -4rem;","width":"140"},"childNodeCount":0,"localName":"img","namespaceURI":"http://www.w3.org/1999/xhtml","nodeType":1,"shadowRoot":null}},{"sharedId":"f.8AA54734AA77FC8FA71C50576EE7DE7A.d.81896DEF35B35D6ACD8ACA98F9D48BFD.e.940","type":"node","value":{"attributes":{"class":"relative","style":"height: 28.5rem; min-width: 19rem; border-radius: 0.4rem; box-shadow: transparent 0px 0px 0px 0.3rem; transform: scale(1); transition: box-shadow 0.2s, transform 0.2s ease-in;"},"childNodeCount":1,"localName":"div","namespaceURI":"http://www.w3.org/1999/xhtml","nodeType":1,"shadowRoot":null}},{"sharedId":"f.8AA54734AA77FC8FA71C50576EE7DE7A.d.81896DEF35B35D6ACD8ACA98F9D48BFD.e.941","type":"node","value":{"attributes":{"class":"relative overflow-hidden","style":"width: 19rem; height: 100%; transition: width 0.3s;"},"childNodeCount":2,"localName":"div","namespaceURI":"http://www.w3.org/1999/xhtml","nodeType":1,"shadowRoot":null}},{"sharedId":"f.8AA54734AA77FC8FA71C50576EE7DE7A.d.81896DEF35B35D6ACD8ACA98F9D48BFD.e.942","type":"node","value":{"attributes":{"class":"absolute inset-0 z-0 h-full hidden"},"childNodeCount":1,"localName":"div","namespaceURI":"http://www.w3.org/1999/xhtml","nodeType":1,"shadowRoot":null}},{"sharedId":"f.8AA54734AA77FC8FA71C50576EE7DE7A.d.81896DEF35B35D6ACD8ACA98F9D48BFD.e.943","type":"node","value":{"attributes":{"class":"absolute inset-0 flex h-full items-center justify-center overflow-hidden text-ellipsis break-words p-[0.5rem] text-center","style":"width: 19rem; background-color: rgb(66, 66, 66); border-radius: 0.4rem;"},"childNodeCount":1,"localName":"div","namespaceURI":"http://www.w3.org/1999/xhtml","nodeType":1,"shadowRoot":null}},{"sharedId":"f.8AA54734AA77FC8FA71C50576EE7DE7A.d.81896DEF35B35D6ACD8ACA98F9D48BFD.e.944","type":"node","value":{"attributes":{"class":"max-w-full whitespace-normal break-words text-[2.4rem] font-semibold"},"childNodeCount":1,"localName":"p","namespaceURI":"http://www.w3.org/1999/xhtml","nodeType":1,"shadowRoot":null}},{"sharedId":"f.8AA54734AA77FC8FA71C50576EE7DE7A.d.81896DEF35B35D6ACD8ACA98F9D48BFD.e.945","type":"node","value":{"attributes":{"alt":"Babe, I Love You","class":"absolute inset-0 z-10 h-full w-full","src":"https://pql-static.abs-cbn.com/images/babeiloveyou.thumb-portrait.v2.jpg?im_policy=portraitThumb_tv_fhd","style":"object-fit: cover; border-radius: 0.4rem;"},"childNodeCount":0,"localName":"img","namespaceURI":"http://www.w3.org/1999/xhtml","nodeType":1,"shadowRoot":null}},{"sharedId":"f.8AA54734AA77FC8FA71C50576EE7DE7A.d.81896DEF35B35D6ACD8ACA98F9D48BFD.e.946","type":"node","value":{"attributes":{"class":"thumbnail relative cursor-pointer outline-none"},"childNodeCount":1,"localName":"div","namespaceURI":"http://www.w3.org/1999/xhtml","nodeType":1,"shadowRoot":null}},{"sharedId":"f.8AA54734AA77FC8FA71C50576EE7DE7A.d.81896DEF35B35D6ACD8ACA98F9D48BFD.e.947","type":"node","value":{"attributes":{"class":"flex items-end justify-end","style":"height: 28.5rem; min-width: 34.8rem;"},"childNodeCount":2,"localName":"div","namespaceURI":"http://www.w3.org/1999/xhtml","nodeType":1,"shadowRoot":null}},{"sharedId":"f.8AA54734AA77FC8FA71C50576EE7DE7A.d.81896DEF35B35D6ACD8ACA98F9D48BFD.e.948","type":"node","value":{"attributes":{"alt":"Top6","class":"mb-0 h-[20rem] max-h-[20rem]","height":"200","src":"/assets/top10_icons/6.svg","style":"width: 14rem; margin-right: -4rem;","width":"140"},"childNodeCount":0,"localName":"img","namespaceURI":"http://www.w3.org/1999/xhtml","nodeType":1,"shadowRoot":null}},{"sharedId":"f.8AA54734AA77FC8FA71C50576EE7DE7A.d.81896DEF35B35D6ACD8ACA98F9D48BFD.e.949","type":"node","value":{"attributes":{"class":"relative","style":"height: 28.5rem; min-width: 19rem; border-radius: 0.4rem; box-shadow: transparent 0px 0px 0px 0.3rem; transform: scale(1); transition: box-shadow 0.2s, transform 0.2s ease-in;"},"childNodeCount":1,"localName":"div","namespaceURI":"http://www.w3.org/1999/xhtml","nodeType":1,"shadowRoot":null}},{"sharedId":"f.8AA54734AA77FC8FA71C50576EE7DE7A.d.81896DEF35B35D6ACD8ACA98F9D48BFD.e.950","type":"node","value":{"attributes":{"class":"relative overflow-hidden","style":"width: 19rem; height: 100%; transition: width 0.3s;"},"childNodeCount":2,"localName":"div","namespaceURI":"http://www.w3.org/1999/xhtml","nodeType":1,"shadowRoot":null}},{"sharedId":"f.8AA54734AA77FC8FA71C50576EE7DE7A.d.81896DEF35B35D6ACD8ACA98F9D48BFD.e.951","type":"node","value":{"attributes":{"class":"absolute inset-0 z-0 h-full hidden"},"childNodeCount":1,"localName":"div","namespaceURI":"http://www.w3.org/1999/xhtml","nodeType":1,"shadowRoot":null}},{"sharedId":"f.8AA54734AA77FC8FA71C50576EE7DE7A.d.81896DEF35B35D6ACD8ACA98F9D48BFD.e.952","type":"node","value":{"attributes":{"class":"absolute inset-0 flex h-full items-center justify-center overflow-hidden text-ellipsis break-words p-[0.5rem] text-center","style":"width: 19rem; background-color: rgb(66, 66, 66); border-radius: 0.4rem;"},"childNodeCount":1,"localName":"div","namespaceURI":"http://www.w3.org/1999/xhtml","nodeType":1,"shadowRoot":null}},{"sharedId":"f.8AA54734AA77FC8FA71C50576EE7DE7A.d.81896DEF35B35D6ACD8ACA98F9D48BFD.e.953","type":"node","value":{"attributes":{"class":"max-w-full whitespace-normal break-words text-[2.4rem] font-semibold"},"childNodeCount":1,"localName":"p","namespaceURI":"http://www.w3.org/1999/xhtml","nodeType":1,"shadowRoot":null}},{"sharedId":"f.8AA54734AA77FC8FA71C50576EE7DE7A.d.81896DEF35B35D6ACD8ACA98F9D48BFD.e.954","type":"node","value":{"attributes":{"alt":"One Great Love","class":"absolute inset-0 z-10 h-full w-full","src":"https://pql-static.abs-cbn.com/images/onegreatlove.thumb-portrait.jpg?im_policy=portraitThumb_tv_fhd","style":"object-fit: cover; border-radius: 0.4rem;"},"childNodeCount":0,"localName":"img","namespaceURI":"http://www.w3.org/1999/xhtml","nodeType":1,"shadowRoot":null}},{"sharedId":"f.8AA54734AA77FC8FA71C50576EE7DE7A.d.81896DEF35B35D6ACD8ACA98F9D48BFD.e.955","type":"node","value":{"attributes":{"class":"thumbnail relative cursor-pointer outline-none"},"childNodeCount":1,"localName":"div","namespaceURI":"http://www.w3.org/1999/xhtml","nodeType":1,"shadowRoot":null}},{"sharedId":"f.8AA54734AA77FC8FA71C50576EE7DE7A.d.81896DEF35B35D6ACD8ACA98F9D48BFD.e.956","type":"node","value":{"attributes":{"class":"flex items-end justify-end","style":"height: 28.5rem; min-width: 34.8rem;"},"childNodeCount":2,"localName":"div","namespaceURI":"http://www.w3.org/1999/xhtml","nodeType":1,"shadowRoot":null}},{"sharedId":"f.8AA54734AA77FC8FA71C50576EE7DE7A.d.81896DEF35B35D6ACD8ACA98F9D48BFD.e.957","type":"node","value":{"attributes":{"alt":"Top7","class":"mb-0 h-[20rem] max-h-[20rem]","height":"200","src":"/assets/top10_icons/7.svg","style":"width: 14rem; margin-right: -4rem;","width":"140"},"childNodeCount":0,"localName":"img","namespaceURI":"http://www.w3.org/1999/xhtml","nodeType":1,"shadowRoot":null}},{"sharedId":"f.8AA54734AA77FC8FA71C50576EE7DE7A.d.81896DEF35B35D6ACD8ACA98F9D48BFD.e.958","type":"node","value":{"attributes":{"class":"relative","style":"height: 28.5rem; min-width: 19rem; border-radius: 0.4rem; box-shadow: transparent 0px 0px 0px 0.3rem; transform: scale(1); transition: box-shadow 0.2s, transform 0.2s ease-in;"},"childNodeCount":1,"localName":"div","namespaceURI":"http://www.w3.org/1999/xhtml","nodeType":1,"shadowRoot":null}},{"sharedId":"f.8AA54734AA77FC8FA71C50576EE7DE7A.d.81896DEF35B35D6ACD8ACA98F9D48BFD.e.959","type":"node","value":{"attributes":{"class":"relative overflow-hidden","style":"width: 19rem; height: 100%; transition: width 0.3s;"},"childNodeCount":2,"localName":"div","namespaceURI":"http://www.w3.org/1999/xhtml","nodeType":1,"shadowRoot":null}},{"sharedId":"f.8AA54734AA77FC8FA71C50576EE7DE7A.d.81896DEF35B35D6ACD8ACA98F9D48BFD.e.960","type":"node","value":{"attributes":{"class":"absolute inset-0 z-0 h-full hidden"},"childNodeCount":1,"localName":"div","namespaceURI":"http://www.w3.org/1999/xhtml","nodeType":1,"shadowRoot":null}},{"sharedId":"f.8AA54734AA77FC8FA71C50576EE7DE7A.d.81896DEF35B35D6ACD8ACA98F9D48BFD.e.961","type":"node","value":{"attributes":{"class":"absolute inset-0 flex h-full items-center justify-center overflow-hidden text-ellipsis break-words p-[0.5rem] text-center","style":"width: 19rem; background-color: rgb(66, 66, 66); border-radius: 0.4rem;"},"childNodeCount":1,"localName":"div","namespaceURI":"http://www.w3.org/1999/xhtml","nodeType":1,"shadowRoot":null}},{"sharedId":"f.8AA54734AA77FC8FA71C50576EE7DE7A.d.81896DEF35B35D6ACD8ACA98F9D48BFD.e.962","type":"node","value":{"attributes":{"class":"max-w-full whitespace-normal break-words text-[2.4rem] font-semibold"},"childNodeCount":1,"localName":"p","namespaceURI":"http://www.w3.org/1999/xhtml","nodeType":1,"shadowRoot":null}},{"sharedId":"f.8AA54734AA77FC8FA71C50576EE7DE7A.d.81896DEF35B35D6ACD8ACA98F9D48BFD.e.963","type":"node","value":{"attributes":{"alt":"A Love Story","class":"absolute inset-0 z-10 h-full w-full","src":"https://pql-static.abs-cbn.com/images/alovestory.thumb-portrait.jpg?im_policy=portraitThumb_tv_fhd","style":"object-fit: cover; border-radius: 0.4rem;"},"childNodeCount":0,"localName":"img","namespaceURI":"http://www.w3.org/1999/xhtml","nodeType":1,"shadowRoot":null}},{"sharedId":"f.8AA54734AA77FC8FA71C50576EE7DE7A.d.81896DEF35B35D6ACD8ACA98F9D48BFD.e.964","type":"node","value":{"attributes":{"class":"thumbnail relative cursor-pointer outline-none"},"childNodeCount":1,"localName":"div","namespaceURI":"http://www.w3.org/1999/xhtml","nodeType":1,"shadowRoot":null}},{"sharedId":"f.8AA54734AA77FC8FA71C50576EE7DE7A.d.81896DEF35B35D6ACD8ACA98F9D48BFD.e.965","type":"node","value":{"attributes":{"class":"flex items-end justify-end","style":"height: 28.5rem; min-width: 34.8rem;"},"childNodeCount":2,"localName":"div","namespaceURI":"http://www.w3.org/1999/xhtml","nodeType":1,"shadowRoot":null}},{"sharedId":"f.8AA54734AA77FC8FA71C50576EE7DE7A.d.81896DEF35B35D6ACD8ACA98F9D48BFD.e.966","type":"node","value":{"attributes":{"alt":"Top8","class":"mb-0 h-[20rem] max-h-[20rem]","height":"200","src":"/assets/top10_icons/8.svg","style":"width: 14rem; margin-right: -4rem;","width":"140"},"childNodeCount":0,"localName":"img","namespaceURI":"http://www.w3.org/1999/xhtml","nodeType":1,"shadowRoot":null}},{"sharedId":"f.8AA54734AA77FC8FA71C50576EE7DE7A.d.81896DEF35B35D6ACD8ACA98F9D48BFD.e.967","type":"node","value":{"attributes":{"class":"relative","style":"height: 28.5rem; min-width: 19rem; border-radius: 0.4rem; box-shadow: transparent 0px 0px 0px 0.3rem; transform: scale(1); transition: box-shadow 0.2s, transform 0.2s ease-in;"},"childNodeCount":2,"localName":"div","namespaceURI":"http://www.w3.org/1999/xhtml","nodeType":1,"shadowRoot":null}},{"sharedId":"f.8AA54734AA77FC8FA71C50576EE7DE7A.d.81896DEF35B35D6ACD8ACA98F9D48BFD.e.968","type":"node","value":{"attributes":{"class":"relative overflow-hidden","style":"width: 19rem; height: 100%; transition: width 0.3s;"},"childNodeCount":2,"localName":"div","namespaceURI":"http://www.w3.org/1999/xhtml","nodeType":1,"shadowRoot":null}},{"sharedId":"f.8AA54734AA77FC8FA71C50576EE7DE7A.d.81896DEF35B35D6ACD8ACA98F9D48BFD.e.969","type":"node","value":{"attributes":{"class":"absolute inset-0 z-0 h-full hidden"},"childNodeCount":1,"localName":"div","namespaceURI":"http://www.w3.org/1999/xhtml","nodeType":1,"shadowRoot":null}},{"sharedId":"f.8AA54734AA77FC8FA71C50576EE7DE7A.d.81896DEF35B35D6ACD8ACA98F9D48BFD.e.970","type":"node","value":{"attributes":{"class":"absolute inset-0 flex h-full items-center justify-center overflow-hidden text-ellipsis break-words p-[0.5rem] text-center","style":"width: 19rem; background-color: rgb(66, 66, 66); border-radius: 0.4rem;"},"childNodeCount":1,"localName":"div","namespaceURI":"http://www.w3.org/1999/xhtml","nodeType":1,"shadowRoot":null}},{"sharedId":"f.8AA54734AA77FC8FA71C50576EE7DE7A.d.81896DEF35B35D6ACD8ACA98F9D48BFD.e.971","type":"node","value":{"attributes":{"class":"max-w-full whitespace-normal break-words text-[2.4rem] font-semibold"},"childNodeCount":1,"localName":"p","namespaceURI":"http://www.w3.org/1999/xhtml","nodeType":1,"shadowRoot":null}},{"sharedId":"f.8AA54734AA77FC8FA71C50576EE7DE7A.d.81896DEF35B35D6ACD8ACA98F9D48BFD.e.972","type":"node","value":{"attributes":{"alt":"The Love Affair","class":"absolute inset-0 z-10 h-full w-full","src":"https://pql-static.abs-cbn.com/images/theloveaffair.thumb-portrait.jpg?im_policy=portraitThumb_tv_fhd","style":"object-fit: cover; border-radius: 0.4rem;"},"childNodeCount":0,"localName":"img","namespaceURI":"http://www.w3.org/1999/xhtml","nodeType":1,"shadowRoot":null}},{"sharedId":"f.8AA54734AA77FC8FA71C50576EE7DE7A.d.81896DEF35B35D6ACD8ACA98F9D48BFD.e.973","type":"node","value":{"attributes":{"class":"absolute left-0 top-0 z-10"},"childNodeCount":1,"localName":"div","namespaceURI":"http://www.w3.org/1999/xhtml","nodeType":1,"shadowRoot":null}},{"sharedId":"f.8AA54734AA77FC8FA71C50576EE7DE7A.d.81896DEF35B35D6ACD8ACA98F9D48BFD.e.974","type":"node","value":{"attributes":{"alt":"https://pql-static.iwanttfc.com/static/uat/common/images/monetisation/free.png","class":"h-[3.2rem] w-auto object-contain","src":"https://pql-static.iwanttfc.com/static/uat/common/images/monetisation/free.png"},"childNodeCount":0,"localName":"img","namespaceURI":"http://www.w3.org/1999/xhtml","nodeType":1,"shadowRoot":null}},{"sharedId":"f.8AA54734AA77FC8FA71C50576EE7DE7A.d.81896DEF35B35D6ACD8ACA98F9D48BFD.e.975","type":"node","value":{"attributes":{"class":"thumbnail relative cursor-pointer outline-none"},"childNodeCount":1,"localName":"div","namespaceURI":"http://www.w3.org/1999/xhtml","nodeType":1,"shadowRoot":null}},{"sharedId":"f.8AA54734AA77FC8FA71C50576EE7DE7A.d.81896DEF35B35D6ACD8ACA98F9D48BFD.e.976","type":"node","value":{"attributes":{"class":"flex items-end justify-end","style":"height: 28.5rem; min-width: 34.8rem;"},"childNodeCount":2,"localName":"div","namespaceURI":"http://www.w3.org/1999/xhtml","nodeType":1,"shadowRoot":null}},{"sharedId":"f.8AA54734AA77FC8FA71C50576EE7DE7A.d.81896DEF35B35D6ACD8ACA98F9D48BFD.e.977","type":"node","value":{"attributes":{"alt":"Top9","class":"mb-0 h-[20rem] max-h-[20rem]","height":"200","src":"/assets/top10_icons/9.svg","style":"width: 14rem; margin-right: -4rem;","width":"140"},"childNodeCount":0,"localName":"img","namespaceURI":"http://www.w3.org/1999/xhtml","nodeType":1,"shadowRoot":null}},{"sharedId":"f.8AA54734AA77FC8FA71C50576EE7DE7A.d.81896DEF35B35D6ACD8ACA98F9D48BFD.e.978","type":"node","value":{"attributes":{"class":"relative","style":"height: 28.5rem; min-width: 19rem; border-radius: 0.4rem; box-shadow: transparent 0px 0px 0px 0.3rem; transform: scale(1); transition: box-shadow 0.2s, transform 0.2s ease-in;"},"childNodeCount":1,"localName":"div","namespaceURI":"http://www.w3.org/1999/xhtml","nodeType":1,"shadowRoot":null}},{"sharedId":"f.8AA54734AA77FC8FA71C50576EE7DE7A.d.81896DEF35B35D6ACD8ACA98F9D48BFD.e.979","type":"node","value":{"attributes":{"class":"relative overflow-hidden","style":"width: 19rem; height: 100%; transition: width 0.3s;"},"childNodeCount":2,"localName":"div","namespaceURI":"http://www.w3.org/1999/xhtml","nodeType":1,"shadowRoot":null}},{"sharedId":"f.8AA54734AA77FC8FA71C50576EE7DE7A.d.81896DEF35B35D6ACD8ACA98F9D48BFD.e.980","type":"node","value":{"attributes":{"class":"absolute inset-0 z-0 h-full hidden"},"childNodeCount":1,"localName":"div","namespaceURI":"http://www.w3.org/1999/xhtml","nodeType":1,"shadowRoot":null}},{"sharedId":"f.8AA54734AA77FC8FA71C50576EE7DE7A.d.81896DEF35B35D6ACD8ACA98F9D48BFD.e.981","type":"node","value":{"attributes":{"class":"absolute inset-0 flex h-full items-center justify-center overflow-hidden text-ellipsis break-words p-[0.5rem] text-center","style":"width: 19rem; background-color: rgb(66, 66, 66); border-radius: 0.4rem;"},"childNodeCount":1,"localName":"div","namespaceURI":"http://www.w3.org/1999/xhtml","nodeType":1,"shadowRoot":null}},{"sharedId":"f.8AA54734AA77FC8FA71C50576EE7DE7A.d.81896DEF35B35D6ACD8ACA98F9D48BFD.e.982","type":"node","value":{"attributes":{"class":"max-w-full whitespace-normal break-words text-[2.4rem] font-semibold"},"childNodeCount":1,"localName":"p","namespaceURI":"http://www.w3.org/1999/xhtml","nodeType":1,"shadowRoot":null}},{"sharedId":"f.8AA54734AA77FC8FA71C50576EE7DE7A.d.81896DEF35B35D6ACD8ACA98F9D48BFD.e.983","type":"node","value":{"attributes":{"alt":"May Minamahal","class":"absolute inset-0 z-10 h-full w-full","src":"https://pql-static.abs-cbn.com/images/mayminamahal.thumb-portrait.jpg?im_policy=portraitThumb_tv_fhd","style":"object-fit: cover; border-radius: 0.4rem;"},"childNodeCount":0,"localName":"img","namespaceURI":"http://www.w3.org/1999/xhtml","nodeType":1,"shadowRoot":null}},{"sharedId":"f.8AA54734AA77FC8FA71C50576EE7DE7A.d.81896DEF35B35D6ACD8ACA98F9D48BFD.e.984","type":"node","value":{"attributes":{"class":"thumbnail relative cursor-pointer outline-none"},"childNodeCount":1,"localName":"div","namespaceURI":"http://www.w3.org/1999/xhtml","nodeType":1,"shadowRoot":null}},{"sharedId":"f.8AA54734AA77FC8FA71C50576EE7DE7A.d.81896DEF35B35D6ACD8ACA98F9D48BFD.e.985","type":"node","value":{"attributes":{"class":"flex items-end justify-end","style":"height: 28.5rem; min-width: 34.8rem;"},"childNodeCount":2,"localName":"div","namespaceURI":"http://www.w3.org/1999/xhtml","nodeType":1,"shadowRoot":null}},{"sharedId":"f.8AA54734AA77FC8FA71C50576EE7DE7A.d.81896DEF35B35D6ACD8ACA98F9D48BFD.e.986","type":"node","value":{"attributes":{"alt":"Top10","class":"mb-0 h-[20rem] max-h-[20rem]","height":"200","src":"/assets/top10_icons/10.svg","style":"width: 23rem; margin-right: -7rem;","width":"230"},"childNodeCount":0,"localName":"img","namespaceURI":"http://www.w3.org/1999/xhtml","nodeType":1,"shadowRoot":null}},{"sharedId":"f.8AA54734AA77FC8FA71C50576EE7DE7A.d.81896DEF35B35D6ACD8ACA98F9D48BFD.e.987","type":"node","value":{"attributes":{"class":"relative","style":"height: 28.5rem; min-width: 19rem; border-radius: 0.4rem; box-shadow: transparent 0px 0px 0px 0.3rem; transform: scale(1); transition: box-shadow 0.2s, transform 0.2s ease-in;"},"childNodeCount":1,"localName":"div","namespaceURI":"http://www.w3.org/1999/xhtml","nodeType":1,"shadowRoot":null}},{"sharedId":"f.8AA54734AA77FC8FA71C50576EE7DE7A.d.81896DEF35B35D6ACD8ACA98F9D48BFD.e.988","type":"node","value":{"attributes":{"class":"relative overflow-hidden","style":"width: 19rem; height: 100%; transition: width 0.3s;"},"childNodeCount":2,"localName":"div","namespaceURI":"http://www.w3.org/1999/xhtml","nodeType":1,"shadowRoot":null}},{"sharedId":"f.8AA54734AA77FC8FA71C50576EE7DE7A.d.81896DEF35B35D6ACD8ACA98F9D48BFD.e.989","type":"node","value":{"attributes":{"class":"absolute inset-0 z-0 h-full hidden"},"childNodeCount":1,"localName":"div","namespaceURI":"http://www.w3.org/1999/xhtml","nodeType":1,"shadowRoot":null}},{"sharedId":"f.8AA54734AA77FC8FA71C50576EE7DE7A.d.81896DEF35B35D6ACD8ACA98F9D48BFD.e.990","type":"node","value":{"attributes":{"class":"absolute inset-0 flex h-full items-center justify-center overflow-hidden text-ellipsis break-words p-[0.5rem] text-center","style":"width: 19rem; background-color: rgb(66, 66, 66); border-radius: 0.4rem;"},"childNodeCount":1,"localName":"div","namespaceURI":"http://www.w3.org/1999/xhtml","nodeType":1,"shadowRoot":null}},{"sharedId":"f.8AA54734AA77FC8FA71C50576EE7DE7A.d.81896DEF35B35D6ACD8ACA98F9D48BFD.e.991","type":"node","value":{"attributes":{"class":"max-w-full whitespace-normal break-words text-[2.4rem] font-semibold"},"childNodeCount":1,"localName":"p","namespaceURI":"http://www.w3.org/1999/xhtml","nodeType":1,"shadowRoot":null}},{"sharedId":"f.8AA54734AA77FC8FA71C50576EE7DE7A.d.81896DEF35B35D6ACD8ACA98F9D48BFD.e.992","type":"node","value":{"attributes":{"alt":"Sin Island","class":"absolute inset-0 z-10 h-full w-full","src":"https://pql-static.abs-cbn.com/images/sinisland.thumb-portrait.jpg?im_policy=portraitThumb_tv_fhd","style":"object-fit: cover; border-radius: 0.4rem;"},"childNodeCount":0,"localName":"img","namespaceURI":"http://www.w3.org/1999/xhtml","nodeType":1,"shadowRoot":null}},{"sharedId":"f.8AA54734AA77FC8FA71C50576EE7DE7A.d.81896DEF35B35D6ACD8ACA98F9D48BFD.e.993","type":"node","value":{"attributes":{"class":"rail relative h-full w-full pb-[3.2rem]","style":"width: 100%; margin-top: 0px; margin-bottom: 0px; margin-left: 0px; padding-left: 0px; padding-top: 3.2rem; background-size: cover; background-repeat: no-repeat; background-position: center center;"},"childNodeCount":2,"localName":"div","namespaceURI":"http://www.w3.org/1999/xhtml","nodeType":1,"shadowRoot":null}},{"sharedId":"f.8AA54734AA77FC8FA71C50576EE7DE7A.d.81896DEF35B35D6ACD8ACA98F9D48BFD.e.994","type":"node","value":{"attributes":{"class":"title mb-[3.2rem]"},"childNodeCount":1,"localName":"div","namespaceURI":"http://www.w3.org/1999/xhtml","nodeType":1,"shadowRoot":null}},{"sharedId":"f.8AA54734AA77FC8FA71C50576EE7DE7A.d.81896DEF35B35D6ACD8ACA98F9D48BFD.e.995","type":"node","value":{"attributes":{"class":"text-[2.8rem] font-medium leading-[3.5rem]"},"childNodeCount":1,"localName":"p","namespaceURI":"http://www.w3.org/1999/xhtml","nodeType":1,"shadowRoot":null}},{"sharedId":"f.8AA54734AA77FC8FA71C50576EE7DE7A.d.81896DEF35B35D6ACD8ACA98F9D48BFD.e.996","type":"node","value":{"attributes":{"class":"rail-container pointer-events-none relative","style":"margin-top: 0px; margin-bottom: -3rem;"},"childNodeCount":1,"localName":"div","namespaceURI":"http://www.w3.org/1999/xhtml","nodeType":1,"shadowRoot":null}},{"sharedId":"f.8AA54734AA77FC8FA71C50576EE7DE7A.d.81896DEF35B35D6ACD8ACA98F9D48BFD.e.997","type":"node","value":{"attributes":{"class":"scrollable-list pointer-events-auto flex gap-[1.6rem] overflow-x-auto scroll-smooth","style":"padding-top: 0px; padding-bottom: 3rem;"},"childNodeCount":16,"localName":"div","namespaceURI":"http://www.w3.org/1999/xhtml","nodeType":1,"shadowRoot":null}},{"sharedId":"f.8AA54734AA77FC8FA71C50576EE7DE7A.d.81896DEF35B35D6ACD8ACA98F9D48BFD.e.998","type":"node","value":{"attributes":{"class":"thumbnail relative cursor-pointer outline-none"},"childNodeCount":1,"localName":"div","namespaceURI":"http://www.w3.org/1999/xhtml","nodeType":1,"shadowRoot":null}},{"sharedId":"f.8AA54734AA77FC8FA71C50576EE7DE7A.d.81896DEF35B35D6ACD8ACA98F9D48BFD.e.999","type":"node","value":{"attributes":{"class":"relative","style":"height: 28.5rem; min-width: 19rem; border-radius: 0.4rem; box-shadow: transparent 0px 0px 0px 0.3rem; transform: scale(1); transition: box-shadow 0.2s, transform 0.2s ease-in;"},"childNodeCount":1,"localName":"div","namespaceURI":"http://www.w3.org/1999/xhtml","nodeType":1,"shadowRoot":null}},{"sharedId":"f.8AA54734AA77FC8FA71C50576EE7DE7A.d.81896DEF35B35D6ACD8ACA98F9D48BFD.e.1000","type":"node","value":{"attributes":{"class":"relative overflow-hidden","style":"width: 19rem; height: 100%; transition: width 0.3s;"},"childNodeCount":2,"localName":"div","namespaceURI":"http://www.w3.org/1999/xhtml","nodeType":1,"shadowRoot":null}},{"sharedId":"f.8AA54734AA77FC8FA71C50576EE7DE7A.d.81896DEF35B35D6ACD8ACA98F9D48BFD.e.1001","type":"node","value":{"attributes":{"class":"absolute inset-0 z-0 h-full hidden"},"childNodeCount":1,"localName":"div","namespaceURI":"http://www.w3.org/1999/xhtml","nodeType":1,"shadowRoot":null}},{"sharedId":"f.8AA54734AA77FC8FA71C50576EE7DE7A.d.81896DEF35B35D6ACD8ACA98F9D48BFD.e.1002","type":"node","value":{"attributes":{"class":"absolute inset-0 flex h-full items-center justify-center overflow-hidden text-ellipsis break-words p-[0.5rem] text-center","style":"width: 19rem; background-color: rgb(66, 66, 66); border-radius: 0.4rem;"},"childNodeCount":1,"localName":"div","namespaceURI":"http://www.w3.org/1999/xhtml","nodeType":1,"shadowRoot":null}},{"sharedId":"f.8AA54734AA77FC8FA71C50576EE7DE7A.d.81896DEF35B35D6ACD8ACA98F9D48BFD.e.1003","type":"node","value":{"attributes":{"class":"max-w-full whitespace-normal break-words text-[2.4rem] font-semibold"},"childNodeCount":1,"localName":"p","namespaceURI":"http://www.w3.org/1999/xhtml","nodeType":1,"shadowRoot":null}},{"sharedId":"f.8AA54734AA77FC8FA71C50576EE7DE7A.d.81896DEF35B35D6ACD8ACA98F9D48BFD.e.1004","type":"node","value":{"attributes":{"alt":"The Good Son","class":"absolute inset-0 z-10 h-full w-full","src":"https://pql-static.abs-cbn.com/images/thegoodsonisd.thumb-portrait.v2.jpg?im_policy=portraitThumb_tv_fhd","style":"object-fit: cover; border-radius: 0.4rem;"},"childNodeCount":0,"localName":"img","namespaceURI":"http://www.w3.org/1999/xhtml","nodeType":1,"shadowRoot":null}},{"sharedId":"f.8AA54734AA77FC8FA71C50576EE7DE7A.d.81896DEF35B35D6ACD8ACA98F9D48BFD.e.1005","type":"node","value":{"attributes":{"class":"thumbnail relative cursor-pointer outline-none"},"childNodeCount":1,"localName":"div","namespaceURI":"http://www.w3.org/1999/xhtml","nodeType":1,"shadowRoot":null}},{"sharedId":"f.8AA54734AA77FC8FA71C50576EE7DE7A.d.81896DEF35B35D6ACD8ACA98F9D48BFD.e.1006","type":"node","value":{"attributes":{"class":"relative","style":"height: 28.5rem; min-width: 19rem; border-radius: 0.4rem; box-shadow: transparent 0px 0px 0px 0.3rem; transform: scale(1); transition: box-shadow 0.2s, transform 0.2s ease-in;"},"childNodeCount":1,"localName":"div","namespaceURI":"http://www.w3.org/1999/xhtml","nodeType":1,"shadowRoot":null}},{"sharedId":"f.8AA54734AA77FC8FA71C50576EE7DE7A.d.81896DEF35B35D6ACD8ACA98F9D48BFD.e.1007","type":"node","value":{"attributes":{"class":"relative overflow-hidden","style":"width: 19rem; height: 100%; transition: width 0.3s;"},"childNodeCount":2,"localName":"div","namespaceURI":"http://www.w3.org/1999/xhtml","nodeType":1,"shadowRoot":null}},{"sharedId":"f.8AA54734AA77FC8FA71C50576EE7DE7A.d.81896DEF35B35D6ACD8ACA98F9D48BFD.e.1008","type":"node","value":{"attributes":{"class":"absolute inset-0 z-0 h-full hidden"},"childNodeCount":1,"localName":"div","namespaceURI":"http://www.w3.org/1999/xhtml","nodeType":1,"shadowRoot":null}},{"sharedId":"f.8AA54734AA77FC8FA71C50576EE7DE7A.d.81896DEF35B35D6ACD8ACA98F9D48BFD.e.1009","type":"node","value":{"attributes":{"class":"absolute inset-0 flex h-full items-center justify-center overflow-hidden text-ellipsis break-words p-[0.5rem] text-center","style":"width: 19rem; background-color: rgb(66, 66, 66); border-radius: 0.4rem;"},"childNodeCount":1,"localName":"div","namespaceURI":"http://www.w3.org/1999/xhtml","nodeType":1,"shadowRoot":null}},{"sharedId":"f.8AA54734AA77FC8FA71C50576EE7DE7A.d.81896DEF35B35D6ACD8ACA98F9D48BFD.e.1010","type":"node","value":{"attributes":{"class":"max-w-full whitespace-normal break-words text-[2.4rem] font-semibold"},"childNodeCount":1,"localName":"p","namespaceURI":"http://www.w3.org/1999/xhtml","nodeType":1,"shadowRoot":null}},{"sharedId":"f.8AA54734AA77FC8FA71C50576EE7DE7A.d.81896DEF35B35D6ACD8ACA98F9D48BFD.e.1011","type":"node","value":{"attributes":{"alt":"Unbreakable","class":"absolute inset-0 z-10 h-full w-full","src":"https://pql-static.abs-cbn.com/images/unbreakable.thumb-portrait.v2.jpg?im_policy=portraitThumb_tv_fhd","style":"object-fit: cover; border-radius: 0.4rem;"},"childNodeCount":0,"localName":"img","namespaceURI":"http://www.w3.org/1999/xhtml","nodeType":1,"shadowRoot":null}},{"sharedId":"f.8AA54734AA77FC8FA71C50576EE7DE7A.d.81896DEF35B35D6ACD8ACA98F9D48BFD.e.1012","type":"node","value":{"attributes":{"class":"thumbnail relative cursor-pointer outline-none"},"childNodeCount":1,"localName":"div","namespaceURI":"http://www.w3.org/1999/xhtml","nodeType":1,"shadowRoot":null}},{"sharedId":"f.8AA54734AA77FC8FA71C50576EE7DE7A.d.81896DEF35B35D6ACD8ACA98F9D48BFD.e.1013","type":"node","value":{"attributes":{"class":"relative","style":"height: 28.5rem; min-width: 19rem; border-radius: 0.4rem; box-shadow: transparent 0px 0px 0px 0.3rem; transform: scale(1); transition: box-shadow 0.2s, transform 0.2s ease-in;"},"childNodeCount":1,"localName":"div","namespaceURI":"http://www.w3.org/1999/xhtml","nodeType":1,"shadowRoot":null}},{"sharedId":"f.8AA54734AA77FC8FA71C50576EE7DE7A.d.81896DEF35B35D6ACD8ACA98F9D48BFD.e.1014","type":"node","value":{"attributes":{"class":"relative overflow-hidden","style":"width: 19rem; height: 100%; transition: width 0.3s;"},"childNodeCount":2,"localName":"div","namespaceURI":"http://www.w3.org/1999/xhtml","nodeType":1,"shadowRoot":null}},{"sharedId":"f.8AA54734AA77FC8FA71C50576EE7DE7A.d.81896DEF35B35D6ACD8ACA98F9D48BFD.e.1015","type":"node","value":{"attributes":{"class":"absolute inset-0 z-0 h-full hidden"},"childNodeCount":1,"localName":"div","namespaceURI":"http://www.w3.org/1999/xhtml","nodeType":1,"shadowRoot":null}},{"sharedId":"f.8AA54734AA77FC8FA71C50576EE7DE7A.d.81896DEF35B35D6ACD8ACA98F9D48BFD.e.1016","type":"node","value":{"attributes":{"class":"absolute inset-0 flex h-full items-center justify-center overflow-hidden text-ellipsis break-words p-[0.5rem] text-center","style":"width: 19rem; background-color: rgb(66, 66, 66); border-radius: 0.4rem;"},"childNodeCount":1,"localName":"div","namespaceURI":"http://www.w3.org/1999/xhtml","nodeType":1,"shadowRoot":null}},{"sharedId":"f.8AA54734AA77FC8FA71C50576EE7DE7A.d.81896DEF35B35D6ACD8ACA98F9D48BFD.e.1017","type":"node","value":{"attributes":{"class":"max-w-full whitespace-normal break-words text-[2.4rem] font-semibold"},"childNodeCount":1,"localName":"p","namespaceURI":"http://www.w3.org/1999/xhtml","nodeType":1,"shadowRoot":null}},{"sharedId":"f.8AA54734AA77FC8FA71C50576EE7DE7A.d.81896DEF35B35D6ACD8ACA98F9D48BFD.e.1018","type":"node","value":{"attributes":{"alt":"Sa Aking mga Kamay","class":"absolute inset-0 z-10 h-full w-full","src":"https://pql-static.abs-cbn.com/images/saakingmgakamay.thumb-portrait.v2.jpg?im_policy=portraitThumb_tv_fhd","style":"object-fit: cover; border-radius: 0.4rem;"},"childNodeCount":0,"localName":"img","namespaceURI":"http://www.w3.org/1999/xhtml","nodeType":1,"shadowRoot":null}},{"sharedId":"f.8AA54734AA77FC8FA71C50576EE7DE7A.d.81896DEF35B35D6ACD8ACA98F9D48BFD.e.1019","type":"node","value":{"attributes":{"class":"thumbnail relative cursor-pointer outline-none"},"childNodeCount":1,"localName":"div","namespaceURI":"http://www.w3.org/1999/xhtml","nodeType":1,"shadowRoot":null}},{"sharedId":"f.8AA54734AA77FC8FA71C50576EE7DE7A.d.81896DEF35B35D6ACD8ACA98F9D48BFD.e.1020","type":"node","value":{"attributes":{"class":"relative","style":"height: 28.5rem; min-width: 19rem; border-radius: 0.4rem; box-shadow: transparent 0px 0px 0px 0.3rem; transform: scale(1); transition: box-shadow 0.2s, transform 0.2s ease-in;"},"childNodeCount":1,"localName":"div","namespaceURI":"http://www.w3.org/1999/xhtml","nodeType":1,"shadowRoot":null}},{"sharedId":"f.8AA54734AA77FC8FA71C50576EE7DE7A.d.81896DEF35B35D6ACD8ACA98F9D48BFD.e.1021","type":"node","value":{"attributes":{"class":"relative overflow-hidden","style":"width: 19rem; height: 100%; transition: width 0.3s;"},"childNodeCount":2,"localName":"div","namespaceURI":"http://www.w3.org/1999/xhtml","nodeType":1,"shadowRoot":null}},{"sharedId":"f.8AA54734AA77FC8FA71C50576EE7DE7A.d.81896DEF35B35D6ACD8ACA98F9D48BFD.e.1022","type":"node","value":{"attributes":{"class":"absolute inset-0 z-0 h-full hidden"},"childNodeCount":1,"localName":"div","namespaceURI":"http://www.w3.org/1999/xhtml","nodeType":1,"shadowRoot":null}},{"sharedId":"f.8AA54734AA77FC8FA71C50576EE7DE7A.d.81896DEF35B35D6ACD8ACA98F9D48BFD.e.1023","type":"node","value":{"attributes":{"class":"absolute inset-0 flex h-full items-center justify-center overflow-hidden text-ellipsis break-words p-[0.5rem] text-center","style":"width: 19rem; background-color: rgb(66, 66, 66); border-radius: 0.4rem;"},"childNodeCount":1,"localName":"div","namespaceURI":"http://www.w3.org/1999/xhtml","nodeType":1,"shadowRoot":null}},{"sharedId":"f.8AA54734AA77FC8FA71C50576EE7DE7A.d.81896DEF35B35D6ACD8ACA98F9D48BFD.e.1024","type":"node","value":{"attributes":{"class":"max-w-full whitespace-normal break-words text-[2.4rem] font-semibold"},"childNodeCount":1,"localName":"p","namespaceURI":"http://www.w3.org/1999/xhtml","nodeType":1,"shadowRoot":null}},{"sharedId":"f.8AA54734AA77FC8FA71C50576EE7DE7A.d.81896DEF35B35D6ACD8ACA98F9D48BFD.e.1025","type":"node","value":{"attributes":{"alt":"Wildflower","class":"absolute inset-0 z-10 h-full w-full","src":"https://pql-static.abs-cbn.com/images/wildflowerisd.thumb-portrait.jpg?im_policy=portraitThumb_tv_fhd","style":"object-fit: cover; border-radius: 0.4rem;"},"childNodeCount":0,"localName":"img","namespaceURI":"http://www.w3.org/1999/xhtml","nodeType":1,"shadowRoot":null}},{"sharedId":"f.8AA54734AA77FC8FA71C50576EE7DE7A.d.81896DEF35B35D6ACD8ACA98F9D48BFD.e.1026","type":"node","value":{"attributes":{"class":"thumbnail relative cursor-pointer outline-none"},"childNodeCount":1,"localName":"div","namespaceURI":"http://www.w3.org/1999/xhtml","nodeType":1,"shadowRoot":null}},{"sharedId":"f.8AA54734AA77FC8FA71C50576EE7DE7A.d.81896DEF35B35D6ACD8ACA98F9D48BFD.e.1027","type":"node","value":{"attributes":{"class":"relative","style":"height: 28.5rem; min-width: 19rem; border-radius: 0.4rem; box-shadow: transparent 0px 0px 0px 0.3rem; transform: scale(1); transition: box-shadow 0.2s, transform 0.2s ease-in;"},"childNodeCount":1,"localName":"div","namespaceURI":"http://www.w3.org/1999/xhtml","nodeType":1,"shadowRoot":null}},{"sharedId":"f.8AA54734AA77FC8FA71C50576EE7DE7A.d.81896DEF35B35D6ACD8ACA98F9D48BFD.e.1028","type":"node","value":{"attributes":{"class":"relative overflow-hidden","style":"width: 19rem; height: 100%; transition: width 0.3s;"},"childNodeCount":2,"localName":"div","namespaceURI":"http://www.w3.org/1999/xhtml","nodeType":1,"shadowRoot":null}},{"sharedId":"f.8AA54734AA77FC8FA71C50576EE7DE7A.d.81896DEF35B35D6ACD8ACA98F9D48BFD.e.1029","type":"node","value":{"attributes":{"class":"absolute inset-0 z-0 h-full hidden"},"childNodeCount":1,"localName":"div","namespaceURI":"http://www.w3.org/1999/xhtml","nodeType":1,"shadowRoot":null}},{"sharedId":"f.8AA54734AA77FC8FA71C50576EE7DE7A.d.81896DEF35B35D6ACD8ACA98F9D48BFD.e.1030","type":"node","value":{"attributes":{"class":"absolute inset-0 flex h-full items-center justify-center overflow-hidden text-ellipsis break-words p-[0.5rem] text-center","style":"width: 19rem; background-color: rgb(66, 66, 66); border-radius: 0.4rem;"},"childNodeCount":1,"localName":"div","namespaceURI":"http://www.w3.org/1999/xhtml","nodeType":1,"shadowRoot":null}},{"sharedId":"f.8AA54734AA77FC8FA71C50576EE7DE7A.d.81896DEF35B35D6ACD8ACA98F9D48BFD.e.1031","type":"node","value":{"attributes":{"class":"max-w-full whitespace-normal break-words text-[2.4rem] font-semibold"},"childNodeCount":1,"localName":"p","namespaceURI":"http://www.w3.org/1999/xhtml","nodeType":1,"shadowRoot":null}},{"sharedId":"f.8AA54734AA77FC8FA71C50576EE7DE7A.d.81896DEF35B35D6ACD8ACA98F9D48BFD.e.1032","type":"node","value":{"attributes":{"alt":"Abandoned","class":"absolute inset-0 z-10 h-full w-full","src":"https://pql-static.abs-cbn.com/images/abandoned.thumb-portrait.v3.jpg?im_policy=portraitThumb_tv_fhd","style":"object-fit: cover; border-radius: 0.4rem;"},"childNodeCount":0,"localName":"img","namespaceURI":"http://www.w3.org/1999/xhtml","nodeType":1,"shadowRoot":null}},{"sharedId":"f.8AA54734AA77FC8FA71C50576EE7DE7A.d.81896DEF35B35D6ACD8ACA98F9D48BFD.e.1033","type":"node","value":{"attributes":{"class":"thumbnail relative cursor-pointer outline-none"},"childNodeCount":1,"localName":"div","namespaceURI":"http://www.w3.org/1999/xhtml","nodeType":1,"shadowRoot":null}},{"sharedId":"f.8AA54734AA77FC8FA71C50576EE7DE7A.d.81896DEF35B35D6ACD8ACA98F9D48BFD.e.1034","type":"node","value":{"attributes":{"class":"relative","style":"height: 28.5rem; min-width: 19rem; border-radius: 0.4rem; box-shadow: transparent 0px 0px 0px 0.3rem; transform: scale(1); transition: box-shadow 0.2s, transform 0.2s ease-in;"},"childNodeCount":1,"localName":"div","namespaceURI":"http://www.w3.org/1999/xhtml","nodeType":1,"shadowRoot":null}},{"sharedId":"f.8AA54734AA77FC8FA71C50576EE7DE7A.d.81896DEF35B35D6ACD8ACA98F9D48BFD.e.1035","type":"node","value":{"attributes":{"class":"relative overflow-hidden","style":"width: 19rem; height: 100%; transition: width 0.3s;"},"childNodeCount":2,"localName":"div","namespaceURI":"http://www.w3.org/1999/xhtml","nodeType":1,"shadowRoot":null}},{"sharedId":"f.8AA54734AA77FC8FA71C50576EE7DE7A.d.81896DEF35B35D6ACD8ACA98F9D48BFD.e.1036","type":"node","value":{"attributes":{"class":"absolute inset-0 z-0 h-full hidden"},"childNodeCount":1,"localName":"div","namespaceURI":"http://www.w3.org/1999/xhtml","nodeType":1,"shadowRoot":null}},{"sharedId":"f.8AA54734AA77FC8FA71C50576EE7DE7A.d.81896DEF35B35D6ACD8ACA98F9D48BFD.e.1037","type":"node","value":{"attributes":{"class":"absolute inset-0 flex h-full items-center justify-center overflow-hidden text-ellipsis break-words p-[0.5rem] text-center","style":"width: 19rem; background-color: rgb(66, 66, 66); border-radius: 0.4rem;"},"childNodeCount":1,"localName":"div","namespaceURI":"http://www.w3.org/1999/xhtml","nodeType":1,"shadowRoot":null}},{"sharedId":"f.8AA54734AA77FC8FA71C50576EE7DE7A.d.81896DEF35B35D6ACD8ACA98F9D48BFD.e.1038","type":"node","value":{"attributes":{"class":"max-w-full whitespace-normal break-words text-[2.4rem] font-semibold"},"childNodeCount":1,"localName":"p","namespaceURI":"http://www.w3.org/1999/xhtml","nodeType":1,"shadowRoot":null}},{"sharedId":"f.8AA54734AA77FC8FA71C50576EE7DE7A.d.81896DEF35B35D6ACD8ACA98F9D48BFD.e.1039","type":"node","value":{"attributes":{"alt":"James and Pat and Dave","class":"absolute inset-0 z-10 h-full w-full","src":"https://pql-static.abs-cbn.com/images/jamesandpatanddave.thumb-portrait.v2.jpg?im_policy=portraitThumb_tv_fhd","style":"object-fit: cover; border-radius: 0.4rem;"},"childNodeCount":0,"localName":"img","namespaceURI":"http://www.w3.org/1999/xhtml","nodeType":1,"shadowRoot":null}},{"sharedId":"f.8AA54734AA77FC8FA71C50576EE7DE7A.d.81896DEF35B35D6ACD8ACA98F9D48BFD.e.1040","type":"node","value":{"attributes":{"class":"thumbnail relative cursor-pointer outline-none"},"childNodeCount":1,"localName":"div","namespaceURI":"http://www.w3.org/1999/xhtml","nodeType":1,"shadowRoot":null}},{"sharedId":"f.8AA54734AA77FC8FA71C50576EE7DE7A.d.81896DEF35B35D6ACD8ACA98F9D48BFD.e.1041","type":"node","value":{"attributes":{"class":"relative","style":"height: 28.5rem; min-width: 19rem; border-radius: 0.4rem; box-shadow: transparent 0px 0px 0px 0.3rem; transform: scale(1); transition: box-shadow 0.2s, transform 0.2s ease-in;"},"childNodeCount":1,"localName":"div","namespaceURI":"http://www.w3.org/1999/xhtml","nodeType":1,"shadowRoot":null}},{"sharedId":"f.8AA54734AA77FC8FA71C50576EE7DE7A.d.81896DEF35B35D6ACD8ACA98F9D48BFD.e.1042","type":"node","value":{"attributes":{"class":"relative overflow-hidden","style":"width: 19rem; height: 100%; transition: width 0.3s;"},"childNodeCount":2,"localName":"div","namespaceURI":"http://www.w3.org/1999/xhtml","nodeType":1,"shadowRoot":null}},{"sharedId":"f.8AA54734AA77FC8FA71C50576EE7DE7A.d.81896DEF35B35D6ACD8ACA98F9D48BFD.e.1043","type":"node","value":{"attributes":{"class":"absolute inset-0 z-0 h-full hidden"},"childNodeCount":1,"localName":"div","namespaceURI":"http://www.w3.org/1999/xhtml","nodeType":1,"shadowRoot":null}},{"sharedId":"f.8AA54734AA77FC8FA71C50576EE7DE7A.d.81896DEF35B35D6ACD8ACA98F9D48BFD.e.1044","type":"node","value":{"attributes":{"class":"absolute inset-0 flex h-full items-center justify-center overflow-hidden text-ellipsis break-words p-[0.5rem] text-center","style":"width: 19rem; background-color: rgb(66, 66, 66); border-radius: 0.4rem;"},"childNodeCount":1,"localName":"div","namespaceURI":"http://www.w3.org/1999/xhtml","nodeType":1,"shadowRoot":null}},{"sharedId":"f.8AA54734AA77FC8FA71C50576EE7DE7A.d.81896DEF35B35D6ACD8ACA98F9D48BFD.e.1045","type":"node","value":{"attributes":{"class":"max-w-full whitespace-normal break-words text-[2.4rem] font-semibold"},"childNodeCount":1,"localName":"p","namespaceURI":"http://www.w3.org/1999/xhtml","nodeType":1,"shadowRoot":null}},{"sharedId":"f.8AA54734AA77FC8FA71C50576EE7DE7A.d.81896DEF35B35D6ACD8ACA98F9D48BFD.e.1046","type":"node","value":{"attributes":{"alt":"Maalaala Mo Kaya","class":"absolute inset-0 z-10 h-full w-full","src":"https://pql-static.abs-cbn.com/images/maalaalamokaya.thumb-portrait.v2.jpg?im_policy=portraitThumb_tv_fhd","style":"object-fit: cover; border-radius: 0.4rem;"},"childNodeCount":0,"localName":"img","namespaceURI":"http://www.w3.org/1999/xhtml","nodeType":1,"shadowRoot":null}},{"sharedId":"f.8AA54734AA77FC8FA71C50576EE7DE7A.d.81896DEF35B35D6ACD8ACA98F9D48BFD.e.1047","type":"node","value":{"attributes":{"class":"thumbnail relative cursor-pointer outline-none"},"childNodeCount":1,"localName":"div","namespaceURI":"http://www.w3.org/1999/xhtml","nodeType":1,"shadowRoot":null}},{"sharedId":"f.8AA54734AA77FC8FA71C50576EE7DE7A.d.81896DEF35B35D6ACD8ACA98F9D48BFD.e.1048","type":"node","value":{"attributes":{"class":"relative","style":"height: 28.5rem; min-width: 19rem; border-radius: 0.4rem; box-shadow: transparent 0px 0px 0px 0.3rem; transform: scale(1); transition: box-shadow 0.2s, transform 0.2s ease-in;"},"childNodeCount":1,"localName":"div","namespaceURI":"http://www.w3.org/1999/xhtml","nodeType":1,"shadowRoot":null}},{"sharedId":"f.8AA54734AA77FC8FA71C50576EE7DE7A.d.81896DEF35B35D6ACD8ACA98F9D48BFD.e.1049","type":"node","value":{"attributes":{"class":"relative overflow-hidden","style":"width: 19rem; height: 100%; transition: width 0.3s;"},"childNodeCount":2,"localName":"div","namespaceURI":"http://www.w3.org/1999/xhtml","nodeType":1,"shadowRoot":null}},{"sharedId":"f.8AA54734AA77FC8FA71C50576EE7DE7A.d.81896DEF35B35D6ACD8ACA98F9D48BFD.e.1050","type":"node","value":{"attributes":{"class":"absolute inset-0 z-0 h-full hidden"},"childNodeCount":1,"localName":"div","namespaceURI":"http://www.w3.org/1999/xhtml","nodeType":1,"shadowRoot":null}},{"sharedId":"f.8AA54734AA77FC8FA71C50576EE7DE7A.d.81896DEF35B35D6ACD8ACA98F9D48BFD.e.1051","type":"node","value":{"attributes":{"class":"absolute inset-0 flex h-full items-center justify-center overflow-hidden text-ellipsis break-words p-[0.5rem] text-center","style":"width: 19rem; background-color: rgb(66, 66, 66); border-radius: 0.4rem;"},"childNodeCount":1,"localName":"div","namespaceURI":"http://www.w3.org/1999/xhtml","nodeType":1,"shadowRoot":null}},{"sharedId":"f.8AA54734AA77FC8FA71C50576EE7DE7A.d.81896DEF35B35D6ACD8ACA98F9D48BFD.e.1052","type":"node","value":{"attributes":{"class":"max-w-full whitespace-normal break-words text-[2.4rem] font-semibold"},"childNodeCount":1,"localName":"p","namespaceURI":"http://www.w3.org/1999/xhtml","nodeType":1,"shadowRoot":null}},{"sharedId":"f.8AA54734AA77FC8FA71C50576EE7DE7A.d.81896DEF35B35D6ACD8ACA98F9D48BFD.e.1053","type":"node","value":{"attributes":{"alt":"Resbak","class":"absolute inset-0 z-10 h-full w-full","src":"https://pql-static.abs-cbn.com/images/resbak.thumb-portrait.png?im_policy=portraitThumb_tv_fhd","style":"object-fit: cover; border-radius: 0.4rem;"},"childNodeCount":0,"localName":"img","namespaceURI":"http://www.w3.org/1999/xhtml","nodeType":1,"shadowRoot":null}},{"sharedId":"f.8AA54734AA77FC8FA71C50576EE7DE7A.d.81896DEF35B35D6ACD8ACA98F9D48BFD.e.1054","type":"node","value":{"attributes":{"class":"thumbnail relative cursor-pointer outline-none"},"childNodeCount":1,"localName":"div","namespaceURI":"http://www.w3.org/1999/xhtml","nodeType":1,"shadowRoot":null}},{"sharedId":"f.8AA54734AA77FC8FA71C50576EE7DE7A.d.81896DEF35B35D6ACD8ACA98F9D48BFD.e.1055","type":"node","value":{"attributes":{"class":"relative","style":"height: 28.5rem; min-width: 19rem; border-radius: 0.4rem; box-shadow: transparent 0px 0px 0px 0.3rem; transform: scale(1); transition: box-shadow 0.2s, transform 0.2s ease-in;"},"childNodeCount":1,"localName":"div","namespaceURI":"http://www.w3.org/1999/xhtml","nodeType":1,"shadowRoot":null}},{"sharedId":"f.8AA54734AA77FC8FA71C50576EE7DE7A.d.81896DEF35B35D6ACD8ACA98F9D48BFD.e.1056","type":"node","value":{"attributes":{"class":"relative overflow-hidden","style":"width: 19rem; height: 100%; transition: width 0.3s;"},"childNodeCount":2,"localName":"div","namespaceURI":"http://www.w3.org/1999/xhtml","nodeType":1,"shadowRoot":null}},{"sharedId":"f.8AA54734AA77FC8FA71C50576EE7DE7A.d.81896DEF35B35D6ACD8ACA98F9D48BFD.e.1057","type":"node","value":{"attributes":{"class":"absolute inset-0 z-0 h-full hidden"},"childNodeCount":1,"localName":"div","namespaceURI":"http://www.w3.org/1999/xhtml","nodeType":1,"shadowRoot":null}},{"sharedId":"f.8AA54734AA77FC8FA71C50576EE7DE7A.d.81896DEF35B35D6ACD8ACA98F9D48BFD.e.1058","type":"node","value":{"attributes":{"class":"absolute inset-0 flex h-full items-center justify-center overflow-hidden text-ellipsis break-words p-[0.5rem] text-center","style":"width: 19rem; background-color: rgb(66, 66, 66); border-radius: 0.4rem;"},"childNodeCount":1,"localName":"div","namespaceURI":"http://www.w3.org/1999/xhtml","nodeType":1,"shadowRoot":null}},{"sharedId":"f.8AA54734AA77FC8FA71C50576EE7DE7A.d.81896DEF35B35D6ACD8ACA98F9D48BFD.e.1059","type":"node","value":{"attributes":{"class":"max-w-full whitespace-normal break-words text-[2.4rem] font-semibold"},"childNodeCount":1,"localName":"p","namespaceURI":"http://www.w3.org/1999/xhtml","nodeType":1,"shadowRoot":null}},{"sharedId":"f.8AA54734AA77FC8FA71C50576EE7DE7A.d.81896DEF35B35D6ACD8ACA98F9D48BFD.e.1060","type":"node","value":{"attributes":{"alt":"Till I Met You","class":"absolute inset-0 z-10 h-full w-full","src":"https://pql-static.abs-cbn.com/images/tillimetyouisd.thumb-portrait.v2.jpg?im_policy=portraitThumb_tv_fhd","style":"object-fit: cover; border-radius: 0.4rem;"},"childNodeCount":0,"localName":"img","namespaceURI":"http://www.w3.org/1999/xhtml","nodeType":1,"shadowRoot":null}},{"sharedId":"f.8AA54734AA77FC8FA71C50576EE7DE7A.d.81896DEF35B35D6ACD8ACA98F9D48BFD.e.1061","type":"node","value":{"attributes":{"class":"thumbnail relative cursor-pointer outline-none"},"childNodeCount":1,"localName":"div","namespaceURI":"http://www.w3.org/1999/xhtml","nodeType":1,"shadowRoot":null}},{"sharedId":"f.8AA54734AA77FC8FA71C50576EE7DE7A.d.81896DEF35B35D6ACD8ACA98F9D48BFD.e.1062","type":"node","value":{"attributes":{"class":"relative","style":"height: 28.5rem; min-width: 19rem; border-radius: 0.4rem; box-shadow: transparent 0px 0px 0px 0.3rem; transform: scale(1); transition: box-shadow 0.2s, transform 0.2s ease-in;"},"childNodeCount":1,"localName":"div","namespaceURI":"http://www.w3.org/1999/xhtml","nodeType":1,"shadowRoot":null}},{"sharedId":"f.8AA54734AA77FC8FA71C50576EE7DE7A.d.81896DEF35B35D6ACD8ACA98F9D48BFD.e.1063","type":"node","value":{"attributes":{"class":"relative overflow-hidden","style":"width: 19rem; height: 100%; transition: width 0.3s;"},"childNodeCount":2,"localName":"div","namespaceURI":"http://www.w3.org/1999/xhtml","nodeType":1,"shadowRoot":null}},{"sharedId":"f.8AA54734AA77FC8FA71C50576EE7DE7A.d.81896DEF35B35D6ACD8ACA98F9D48BFD.e.1064","type":"node","value":{"attributes":{"class":"absolute inset-0 z-0 h-full hidden"},"childNodeCount":1,"localName":"div","namespaceURI":"http://www.w3.org/1999/xhtml","nodeType":1,"shadowRoot":null}},{"sharedId":"f.8AA54734AA77FC8FA71C50576EE7DE7A.d.81896DEF35B35D6ACD8ACA98F9D48BFD.e.1065","type":"node","value":{"attributes":{"class":"absolute inset-0 flex h-full items-center justify-center overflow-hidden text-ellipsis break-words p-[0.5rem] text-center","style":"width: 19rem; background-color: rgb(66, 66, 66); border-radius: 0.4rem;"},"childNodeCount":1,"localName":"div","namespaceURI":"http://www.w3.org/1999/xhtml","nodeType":1,"shadowRoot":null}},{"sharedId":"f.8AA54734AA77FC8FA71C50576EE7DE7A.d.81896DEF35B35D6ACD8ACA98F9D48BFD.e.1066","type":"node","value":{"attributes":{"class":"max-w-full whitespace-normal break-words text-[2.4rem] font-semibold"},"childNodeCount":1,"localName":"p","namespaceURI":"http://www.w3.org/1999/xhtml","nodeType":1,"shadowRoot":null}},{"sharedId":"f.8AA54734AA77FC8FA71C50576EE7DE7A.d.81896DEF35B35D6ACD8ACA98F9D48BFD.e.1067","type":"node","value":{"attributes":{"alt":"Magandang Hatinggabi","class":"absolute inset-0 z-10 h-full w-full","src":"https://pql-static.abs-cbn.com/images/magandanghatinggabi.thumb-portrait.v2.jpg?im_policy=portraitThumb_tv_fhd","style":"object-fit: cover; border-radius: 0.4rem;"},"childNodeCount":0,"localName":"img","namespaceURI":"http://www.w3.org/1999/xhtml","nodeType":1,"shadowRoot":null}},{"sharedId":"f.8AA54734AA77FC8FA71C50576EE7DE7A.d.81896DEF35B35D6ACD8ACA98F9D48BFD.e.1068","type":"node","value":{"attributes":{"class":"thumbnail relative cursor-pointer outline-none"},"childNodeCount":1,"localName":"div","namespaceURI":"http://www.w3.org/1999/xhtml","nodeType":1,"shadowRoot":null}},{"sharedId":"f.8AA54734AA77FC8FA71C50576EE7DE7A.d.81896DEF35B35D6ACD8ACA98F9D48BFD.e.1069","type":"node","value":{"attributes":{"class":"relative","style":"height: 28.5rem; min-width: 19rem; border-radius: 0.4rem; box-shadow: transparent 0px 0px 0px 0.3rem; transform: scale(1); transition: box-shadow 0.2s, transform 0.2s ease-in;"},"childNodeCount":1,"localName":"div","namespaceURI":"http://www.w3.org/1999/xhtml","nodeType":1,"shadowRoot":null}},{"sharedId":"f.8AA54734AA77FC8FA71C50576EE7DE7A.d.81896DEF35B35D6ACD8ACA98F9D48BFD.e.1070","type":"node","value":{"attributes":{"class":"relative overflow-hidden","style":"width: 19rem; height: 100%; transition: width 0.3s;"},"childNodeCount":2,"localName":"div","namespaceURI":"http://www.w3.org/1999/xhtml","nodeType":1,"shadowRoot":null}},{"sharedId":"f.8AA54734AA77FC8FA71C50576EE7DE7A.d.81896DEF35B35D6ACD8ACA98F9D48BFD.e.1071","type":"node","value":{"attributes":{"class":"absolute inset-0 z-0 h-full hidden"},"childNodeCount":1,"localName":"div","namespaceURI":"http://www.w3.org/1999/xhtml","nodeType":1,"shadowRoot":null}},{"sharedId":"f.8AA54734AA77FC8FA71C50576EE7DE7A.d.81896DEF35B35D6ACD8ACA98F9D48BFD.e.1072","type":"node","value":{"attributes":{"class":"absolute inset-0 flex h-full items-center justify-center overflow-hidden text-ellipsis break-words p-[0.5rem] text-center","style":"width: 19rem; background-color: rgb(66, 66, 66); border-radius: 0.4rem;"},"childNodeCount":1,"localName":"div","namespaceURI":"http://www.w3.org/1999/xhtml","nodeType":1,"shadowRoot":null}},{"sharedId":"f.8AA54734AA77FC8FA71C50576EE7DE7A.d.81896DEF35B35D6ACD8ACA98F9D48BFD.e.1073","type":"node","value":{"attributes":{"class":"max-w-full whitespace-normal break-words text-[2.4rem] font-semibold"},"childNodeCount":1,"localName":"p","namespaceURI":"http://www.w3.org/1999/xhtml","nodeType":1,"shadowRoot":null}},{"sharedId":"f.8AA54734AA77FC8FA71C50576EE7DE7A.d.81896DEF35B35D6ACD8ACA98F9D48BFD.e.1074","type":"node","value":{"attributes":{"alt":"The Gift","class":"absolute inset-0 z-10 h-full w-full","src":"https://pql-static.abs-cbn.com/images/thegift.thumb-portrait.v2.jpg?im_policy=portraitThumb_tv_fhd","style":"object-fit: cover; border-radius: 0.4rem;"},"childNodeCount":0,"localName":"img","namespaceURI":"http://www.w3.org/1999/xhtml","nodeType":1,"shadowRoot":null}},{"sharedId":"f.8AA54734AA77FC8FA71C50576EE7DE7A.d.81896DEF35B35D6ACD8ACA98F9D48BFD.e.1075","type":"node","value":{"attributes":{"class":"thumbnail relative cursor-pointer outline-none"},"childNodeCount":1,"localName":"div","namespaceURI":"http://www.w3.org/1999/xhtml","nodeType":1,"shadowRoot":null}},{"sharedId":"f.8AA54734AA77FC8FA71C50576EE7DE7A.d.81896DEF35B35D6ACD8ACA98F9D48BFD.e.1076","type":"node","value":{"attributes":{"class":"relative","style":"height: 28.5rem; min-width: 19rem; border-radius: 0.4rem; box-shadow: transparent 0px 0px 0px 0.3rem; transform: scale(1); transition: box-shadow 0.2s, transform 0.2s ease-in;"},"childNodeCount":2,"localName":"div","namespaceURI":"http://www.w3.org/1999/xhtml","nodeType":1,"shadowRoot":null}},{"sharedId":"f.8AA54734AA77FC8FA71C50576EE7DE7A.d.81896DEF35B35D6ACD8ACA98F9D48BFD.e.1077","type":"node","value":{"attributes":{"class":"relative overflow-hidden","style":"width: 19rem; height: 100%; transition: width 0.3s;"},"childNodeCount":2,"localName":"div","namespaceURI":"http://www.w3.org/1999/xhtml","nodeType":1,"shadowRoot":null}},{"sharedId":"f.8AA54734AA77FC8FA71C50576EE7DE7A.d.81896DEF35B35D6ACD8ACA98F9D48BFD.e.1078","type":"node","value":{"attributes":{"class":"absolute inset-0 z-0 h-full hidden"},"childNodeCount":1,"localName":"div","namespaceURI":"http://www.w3.org/1999/xhtml","nodeType":1,"shadowRoot":null}},{"sharedId":"f.8AA54734AA77FC8FA71C50576EE7DE7A.d.81896DEF35B35D6ACD8ACA98F9D48BFD.e.1079","type":"node","value":{"attributes":{"class":"absolute inset-0 flex h-full items-center justify-center overflow-hidden text-ellipsis break-words p-[0.5rem] text-center","style":"width: 19rem; background-color: rgb(66, 66, 66); border-radius: 0.4rem;"},"childNodeCount":1,"localName":"div","namespaceURI":"http://www.w3.org/1999/xhtml","nodeType":1,"shadowRoot":null}},{"sharedId":"f.8AA54734AA77FC8FA71C50576EE7DE7A.d.81896DEF35B35D6ACD8ACA98F9D48BFD.e.1080","type":"node","value":{"attributes":{"class":"max-w-full whitespace-normal break-words text-[2.4rem] font-semibold"},"childNodeCount":1,"localName":"p","namespaceURI":"http://www.w3.org/1999/xhtml","nodeType":1,"shadowRoot":null}},{"sharedId":"f.8AA54734AA77FC8FA71C50576EE7DE7A.d.81896DEF35B35D6ACD8ACA98F9D48BFD.e.1081","type":"node","value":{"attributes":{"alt":"Para sa Hopeless Romantic","class":"absolute inset-0 z-10 h-full w-full","src":"https://pql-static.abs-cbn.com/images/parasahopelessromantic.thumb-portrait.v2.jpg?im_policy=portraitThumb_tv_fhd","style":"object-fit: cover; border-radius: 0.4rem;"},"childNodeCount":0,"localName":"img","namespaceURI":"http://www.w3.org/1999/xhtml","nodeType":1,"shadowRoot":null}},{"sharedId":"f.8AA54734AA77FC8FA71C50576EE7DE7A.d.81896DEF35B35D6ACD8ACA98F9D48BFD.e.1082","type":"node","value":{"attributes":{"class":"absolute left-0 top-0 z-10"},"childNodeCount":1,"localName":"div","namespaceURI":"http://www.w3.org/1999/xhtml","nodeType":1,"shadowRoot":null}},{"sharedId":"f.8AA54734AA77FC8FA71C50576EE7DE7A.d.81896DEF35B35D6ACD8ACA98F9D48BFD.e.1083","type":"node","value":{"attributes":{"alt":"https://pql-static.iwanttfc.com/static/uat/common/images/monetisation/free.png","class":"h-[3.2rem] w-auto object-contain","src":"https://pql-static.iwanttfc.com/static/uat/common/images/monetisation/free.png"},"childNodeCount":0,"localName":"img","namespaceURI":"http://www.w3.org/1999/xhtml","nodeType":1,"shadowRoot":null}},{"sharedId":"f.8AA54734AA77FC8FA71C50576EE7DE7A.d.81896DEF35B35D6ACD8ACA98F9D48BFD.e.1084","type":"node","value":{"attributes":{"class":"thumbnail relative cursor-pointer outline-none"},"childNodeCount":1,"localName":"div","namespaceURI":"http://www.w3.org/1999/xhtml","nodeType":1,"shadowRoot":null}},{"sharedId":"f.8AA54734AA77FC8FA71C50576EE7DE7A.d.81896DEF35B35D6ACD8ACA98F9D48BFD.e.1085","type":"node","value":{"attributes":{"class":"relative","style":"height: 28.5rem; min-width: 19rem; border-radius: 0.4rem; box-shadow: transparent 0px 0px 0px 0.3rem; transform: scale(1); transition: box-shadow 0.2s, transform 0.2s ease-in;"},"childNodeCount":1,"localName":"div","namespaceURI":"http://www.w3.org/1999/xhtml","nodeType":1,"shadowRoot":null}},{"sharedId":"f.8AA54734AA77FC8FA71C50576EE7DE7A.d.81896DEF35B35D6ACD8ACA98F9D48BFD.e.1086","type":"node","value":{"attributes":{"class":"relative overflow-hidden","style":"width: 19rem; height: 100%; transition: width 0.3s;"},"childNodeCount":2,"localName":"div","namespaceURI":"http://www.w3.org/1999/xhtml","nodeType":1,"shadowRoot":null}},{"sharedId":"f.8AA54734AA77FC8FA71C50576EE7DE7A.d.81896DEF35B35D6ACD8ACA98F9D48BFD.e.1087","type":"node","value":{"attributes":{"class":"absolute inset-0 z-0 h-full hidden"},"childNodeCount":1,"localName":"div","namespaceURI":"http://www.w3.org/1999/xhtml","nodeType":1,"shadowRoot":null}},{"sharedId":"f.8AA54734AA77FC8FA71C50576EE7DE7A.d.81896DEF35B35D6ACD8ACA98F9D48BFD.e.1088","type":"node","value":{"attributes":{"class":"absolute inset-0 flex h-full items-center justify-center overflow-hidden text-ellipsis break-words p-[0.5rem] text-center","style":"width: 19rem; background-color: rgb(66, 66, 66); border-radius: 0.4rem;"},"childNodeCount":1,"localName":"div","namespaceURI":"http://www.w3.org/1999/xhtml","nodeType":1,"shadowRoot":null}},{"sharedId":"f.8AA54734AA77FC8FA71C50576EE7DE7A.d.81896DEF35B35D6ACD8ACA98F9D48BFD.e.1089","type":"node","value":{"attributes":{"class":"max-w-full whitespace-normal break-words text-[2.4rem] font-semibold"},"childNodeCount":1,"localName":"p","namespaceURI":"http://www.w3.org/1999/xhtml","nodeType":1,"shadowRoot":null}},{"sharedId":"f.8AA54734AA77FC8FA71C50576EE7DE7A.d.81896DEF35B35D6ACD8ACA98F9D48BFD.e.1090","type":"node","value":{"attributes":{"alt":"Bloody Crayons","class":"absolute inset-0 z-10 h-full w-full","src":"https://pql-static.abs-cbn.com/images/bloodycrayons.thumb-portrait.jpg?im_policy=portraitThumb_tv_fhd","style":"object-fit: cover; border-radius: 0.4rem;"},"childNodeCount":0,"localName":"img","namespaceURI":"http://www.w3.org/1999/xhtml","nodeType":1,"shadowRoot":null}},{"sharedId":"f.8AA54734AA77FC8FA71C50576EE7DE7A.d.81896DEF35B35D6ACD8ACA98F9D48BFD.e.1091","type":"node","value":{"attributes":{"class":"thumbnail relative cursor-pointer outline-none"},"childNodeCount":1,"localName":"div","namespaceURI":"http://www.w3.org/1999/xhtml","nodeType":1,"shadowRoot":null}},{"sharedId":"f.8AA54734AA77FC8FA71C50576EE7DE7A.d.81896DEF35B35D6ACD8ACA98F9D48BFD.e.1092","type":"node","value":{"attributes":{"class":"relative","style":"height: 28.5rem; min-width: 19rem; border-radius: 0.4rem; box-shadow: transparent 0px 0px 0px 0.3rem; transform: scale(1); transition: box-shadow 0.2s, transform 0.2s ease-in;"},"childNodeCount":1,"localName":"div","namespaceURI":"http://www.w3.org/1999/xhtml","nodeType":1,"shadowRoot":null}},{"sharedId":"f.8AA54734AA77FC8FA71C50576EE7DE7A.d.81896DEF35B35D6ACD8ACA98F9D48BFD.e.1093","type":"node","value":{"attributes":{"class":"relative overflow-hidden","style":"width: 19rem; height: 100%; transition: width 0.3s;"},"childNodeCount":2,"localName":"div","namespaceURI":"http://www.w3.org/1999/xhtml","nodeType":1,"shadowRoot":null}},{"sharedId":"f.8AA54734AA77FC8FA71C50576EE7DE7A.d.81896DEF35B35D6ACD8ACA98F9D48BFD.e.1094","type":"node","value":{"attributes":{"class":"absolute inset-0 z-0 h-full hidden"},"childNodeCount":1,"localName":"div","namespaceURI":"http://www.w3.org/1999/xhtml","nodeType":1,"shadowRoot":null}},{"sharedId":"f.8AA54734AA77FC8FA71C50576EE7DE7A.d.81896DEF35B35D6ACD8ACA98F9D48BFD.e.1095","type":"node","value":{"attributes":{"class":"absolute inset-0 flex h-full items-center justify-center overflow-hidden text-ellipsis break-words p-[0.5rem] text-center","style":"width: 19rem; background-color: rgb(66, 66, 66); border-radius: 0.4rem;"},"childNodeCount":1,"localName":"div","namespaceURI":"http://www.w3.org/1999/xhtml","nodeType":1,"shadowRoot":null}},{"sharedId":"f.8AA54734AA77FC8FA71C50576EE7DE7A.d.81896DEF35B35D6ACD8ACA98F9D48BFD.e.1096","type":"node","value":{"attributes":{"class":"max-w-full whitespace-normal break-words text-[2.4rem] font-semibold"},"childNodeCount":1,"localName":"p","namespaceURI":"http://www.w3.org/1999/xhtml","nodeType":1,"shadowRoot":null}},{"sharedId":"f.8AA54734AA77FC8FA71C50576EE7DE7A.d.81896DEF35B35D6ACD8ACA98F9D48BFD.e.1097","type":"node","value":{"attributes":{"alt":"Four Sisters and a Wedding","class":"absolute inset-0 z-10 h-full w-full","src":"https://pql-static.abs-cbn.com/images/foursistersandawedding.thumb-portrait.v2.jpg?im_policy=portraitThumb_tv_fhd","style":"object-fit: cover; border-radius: 0.4rem;"},"childNodeCount":0,"localName":"img","namespaceURI":"http://www.w3.org/1999/xhtml","nodeType":1,"shadowRoot":null}},{"sharedId":"f.8AA54734AA77FC8FA71C50576EE7DE7A.d.81896DEF35B35D6ACD8ACA98F9D48BFD.e.1098","type":"node","value":{"attributes":{"class":"thumbnail relative cursor-pointer outline-none"},"childNodeCount":1,"localName":"div","namespaceURI":"http://www.w3.org/1999/xhtml","nodeType":1,"shadowRoot":null}},{"sharedId":"f.8AA54734AA77FC8FA71C50576EE7DE7A.d.81896DEF35B35D6ACD8ACA98F9D48BFD.e.1099","type":"node","value":{"attributes":{"class":"relative","style":"height: 28.5rem; min-width: 19rem; border-radius: 0.4rem; box-shadow: transparent 0px 0px 0px 0.3rem; transform: scale(1); transition: box-shadow 0.2s, transform 0.2s ease-in;"},"childNodeCount":1,"localName":"div","namespaceURI":"http://www.w3.org/1999/xhtml","nodeType":1,"shadowRoot":null}},{"sharedId":"f.8AA54734AA77FC8FA71C50576EE7DE7A.d.81896DEF35B35D6ACD8ACA98F9D48BFD.e.1100","type":"node","value":{"attributes":{"class":"relative overflow-hidden","style":"width: 19rem; height: 100%; transition: width 0.3s;"},"childNodeCount":2,"localName":"div","namespaceURI":"http://www.w3.org/1999/xhtml","nodeType":1,"shadowRoot":null}},{"sharedId":"f.8AA54734AA77FC8FA71C50576EE7DE7A.d.81896DEF35B35D6ACD8ACA98F9D48BFD.e.1101","type":"node","value":{"attributes":{"class":"absolute inset-0 z-0 h-full hidden"},"childNodeCount":1,"localName":"div","namespaceURI":"http://www.w3.org/1999/xhtml","nodeType":1,"shadowRoot":null}},{"sharedId":"f.8AA54734AA77FC8FA71C50576EE7DE7A.d.81896DEF35B35D6ACD8ACA98F9D48BFD.e.1102","type":"node","value":{"attributes":{"class":"absolute inset-0 flex h-full items-center justify-center overflow-hidden text-ellipsis break-words p-[0.5rem] text-center","style":"width: 19rem; background-color: rgb(66, 66, 66); border-radius: 0.4rem;"},"childNodeCount":1,"localName":"div","namespaceURI":"http://www.w3.org/1999/xhtml","nodeType":1,"shadowRoot":null}},{"sharedId":"f.8AA54734AA77FC8FA71C50576EE7DE7A.d.81896DEF35B35D6ACD8ACA98F9D48BFD.e.1103","type":"node","value":{"attributes":{"class":"max-w-full whitespace-normal break-words text-[2.4rem] font-semibold"},"childNodeCount":1,"localName":"p","namespaceURI":"http://www.w3.org/1999/xhtml","nodeType":1,"shadowRoot":null}},{"sharedId":"f.8AA54734AA77FC8FA71C50576EE7DE7A.d.81896DEF35B35D6ACD8ACA98F9D48BFD.e.1104","type":"node","value":{"attributes":{"alt":"Pusong Ligaw","class":"absolute inset-0 z-10 h-full w-full","src":"https://pql-static.abs-cbn.com/images/pusongligaw.thumb-portrait.jpg?im_policy=portraitThumb_tv_fhd","style":"object-fit: cover; border-radius: 0.4rem;"},"childNodeCount":0,"localName":"img","namespaceURI":"http://www.w3.org/1999/xhtml","nodeType":1,"shadowRoot":null}},{"sharedId":"f.8AA54734AA77FC8FA71C50576EE7DE7A.d.81896DEF35B35D6ACD8ACA98F9D48BFD.e.1105","type":"node","value":{"attributes":{"class":"thumbnail relative cursor-pointer outline-none"},"childNodeCount":1,"localName":"div","namespaceURI":"http://www.w3.org/1999/xhtml","nodeType":1,"shadowRoot":null}},{"sharedId":"f.8AA54734AA77FC8FA71C50576EE7DE7A.d.81896DEF35B35D6ACD8ACA98F9D48BFD.e.1106","type":"node","value":{"attributes":{"class":"relative","style":"height: 28.5rem; min-width: 19rem; border-radius: 0.4rem; box-shadow: transparent 0px 0px 0px 0.3rem; transform: scale(1); transition: box-shadow 0.2s, transform 0.2s ease-in;"},"childNodeCount":1,"localName":"div","namespaceURI":"http://www.w3.org/1999/xhtml","nodeType":1,"shadowRoot":null}},{"sharedId":"f.8AA54734AA77FC8FA71C50576EE7DE7A.d.81896DEF35B35D6ACD8ACA98F9D48BFD.e.1107","type":"node","value":{"attributes":{"class":"relative overflow-hidden","style":"width: 19rem; height: 100%; transition: width 0.3s;"},"childNodeCount":2,"localName":"div","namespaceURI":"http://www.w3.org/1999/xhtml","nodeType":1,"shadowRoot":null}},{"sharedId":"f.8AA54734AA77FC8FA71C50576EE7DE7A.d.81896DEF35B35D6ACD8ACA98F9D48BFD.e.1108","type":"node","value":{"attributes":{"class":"absolute inset-0 z-0 h-full hidden"},"childNodeCount":1,"localName":"div","namespaceURI":"http://www.w3.org/1999/xhtml","nodeType":1,"shadowRoot":null}},{"sharedId":"f.8AA54734AA77FC8FA71C50576EE7DE7A.d.81896DEF35B35D6ACD8ACA98F9D48BFD.e.1109","type":"node","value":{"attributes":{"class":"absolute inset-0 flex h-full items-center justify-center overflow-hidden text-ellipsis break-words p-[0.5rem] text-center","style":"width: 19rem; background-color: rgb(66, 66, 66); border-radius: 0.4rem;"},"childNodeCount":1,"localName":"div","namespaceURI":"http://www.w3.org/1999/xhtml","nodeType":1,"shadowRoot":null}},{"sharedId":"f.8AA54734AA77FC8FA71C50576EE7DE7A.d.81896DEF35B35D6ACD8ACA98F9D48BFD.e.1110","type":"node","value":{"attributes":{"class":"max-w-full whitespace-normal break-words text-[2.4rem] font-semibold"},"childNodeCount":1,"localName":"p","namespaceURI":"http://www.w3.org/1999/xhtml","nodeType":1,"shadowRoot":null}},{"sharedId":"f.8AA54734AA77FC8FA71C50576EE7DE7A.d.81896DEF35B35D6ACD8ACA98F9D48BFD.e.1111","type":"node","value":{"attributes":{"alt":"Bridges of Love","class":"absolute inset-0 z-10 h-full w-full","src":"https://pql-static.abs-cbn.com/images/bridgesofloveisd.thumb-portrait.jpg?im_policy=portraitThumb_tv_fhd","style":"object-fit: cover; border-radius: 0.4rem;"},"childNodeCount":0,"localName":"img","namespaceURI":"http://www.w3.org/1999/xhtml","nodeType":1,"shadowRoot":null}},{"sharedId":"f.8AA54734AA77FC8FA71C50576EE7DE7A.d.81896DEF35B35D6ACD8ACA98F9D48BFD.e.1112","type":"node","value":{"attributes":{"class":"rail relative h-full w-full pb-[3.2rem]","style":"width: 100%; margin-top: 0px; margin-bottom: 0px; margin-left: 0px; padding-left: 0px; padding-top: 3.2rem; background-size: cover; background-repeat: no-repeat; background-position: center center;"},"childNodeCount":2,"localName":"div","namespaceURI":"http://www.w3.org/1999/xhtml","nodeType":1,"shadowRoot":null}},{"sharedId":"f.8AA54734AA77FC8FA71C50576EE7DE7A.d.81896DEF35B35D6ACD8ACA98F9D48BFD.e.1113","type":"node","value":{"attributes":{"class":"title mb-[3.2rem]"},"childNodeCount":1,"localName":"div","namespaceURI":"http://www.w3.org/1999/xhtml","nodeType":1,"shadowRoot":null}},{"sharedId":"f.8AA54734AA77FC8FA71C50576EE7DE7A.d.81896DEF35B35D6ACD8ACA98F9D48BFD.e.1114","type":"node","value":{"attributes":{"class":"text-[2.8rem] font-medium leading-[3.5rem]"},"childNodeCount":1,"localName":"p","namespaceURI":"http://www.w3.org/1999/xhtml","nodeType":1,"shadowRoot":null}},{"sharedId":"f.8AA54734AA77FC8FA71C50576EE7DE7A.d.81896DEF35B35D6ACD8ACA98F9D48BFD.e.1115","type":"node","value":{"attributes":{"class":"rail-container pointer-events-none relative","style":"margin-top: 0px; margin-bottom: -3rem;"},"childNodeCount":1,"localName":"div","namespaceURI":"http://www.w3.org/1999/xhtml","nodeType":1,"shadowRoot":null}},{"sharedId":"f.8AA54734AA77FC8FA71C50576EE7DE7A.d.81896DEF35B35D6ACD8ACA98F9D48BFD.e.1116","type":"node","value":{"attributes":{"class":"scrollable-list pointer-events-auto flex gap-[1.6rem] overflow-x-auto scroll-smooth","style":"padding-top: 0px; padding-bottom: 3rem;"},"childNodeCount":17,"localName":"div","namespaceURI":"http://www.w3.org/1999/xhtml","nodeType":1,"shadowRoot":null}},{"sharedId":"f.8AA54734AA77FC8FA71C50576EE7DE7A.d.81896DEF35B35D6ACD8ACA98F9D48BFD.e.1117","type":"node","value":{"attributes":{"class":"thumbnail relative cursor-pointer outline-none"},"childNodeCount":1,"localName":"div","namespaceURI":"http://www.w3.org/1999/xhtml","nodeType":1,"shadowRoot":null}},{"sharedId":"f.8AA54734AA77FC8FA71C50576EE7DE7A.d.81896DEF35B35D6ACD8ACA98F9D48BFD.e.1118","type":"node","value":{"attributes":{"class":"relative","style":"height: 28.5rem; min-width: 19rem; border-radius: 0.4rem; box-shadow: transparent 0px 0px 0px 0.3rem; transform: scale(1); transition: box-shadow 0.2s, transform 0.2s ease-in;"},"childNodeCount":1,"localName":"div","namespaceURI":"http://www.w3.org/1999/xhtml","nodeType":1,"shadowRoot":null}},{"sharedId":"f.8AA54734AA77FC8FA71C50576EE7DE7A.d.81896DEF35B35D6ACD8ACA98F9D48BFD.e.1119","type":"node","value":{"attributes":{"class":"relative overflow-hidden","style":"width: 19rem; height: 100%; transition: width 0.3s;"},"childNodeCount":2,"localName":"div","namespaceURI":"http://www.w3.org/1999/xhtml","nodeType":1,"shadowRoot":null}},{"sharedId":"f.8AA54734AA77FC8FA71C50576EE7DE7A.d.81896DEF35B35D6ACD8ACA98F9D48BFD.e.1120","type":"node","value":{"attributes":{"class":"absolute inset-0 z-0 h-full hidden"},"childNodeCount":1,"localName":"div","namespaceURI":"http://www.w3.org/1999/xhtml","nodeType":1,"shadowRoot":null}},{"sharedId":"f.8AA54734AA77FC8FA71C50576EE7DE7A.d.81896DEF35B35D6ACD8ACA98F9D48BFD.e.1121","type":"node","value":{"attributes":{"class":"absolute inset-0 flex h-full items-center justify-center overflow-hidden text-ellipsis break-words p-[0.5rem] text-center","style":"width: 19rem; background-color: rgb(66, 66, 66); border-radius: 0.4rem;"},"childNodeCount":1,"localName":"div","namespaceURI":"http://www.w3.org/1999/xhtml","nodeType":1,"shadowRoot":null}},{"sharedId":"f.8AA54734AA77FC8FA71C50576EE7DE7A.d.81896DEF35B35D6ACD8ACA98F9D48BFD.e.1122","type":"node","value":{"attributes":{"class":"max-w-full whitespace-normal break-words text-[2.4rem] font-semibold"},"childNodeCount":1,"localName":"p","namespaceURI":"http://www.w3.org/1999/xhtml","nodeType":1,"shadowRoot":null}},{"sharedId":"f.8AA54734AA77FC8FA71C50576EE7DE7A.d.81896DEF35B35D6ACD8ACA98F9D48BFD.e.1123","type":"node","value":{"attributes":{"alt":"Pamilya Sagrado","class":"absolute inset-0 z-10 h-full w-full","src":"https://pql-static.abs-cbn.com/images/pamilyasagrado.thumb-portrait.jpg?im_policy=portraitThumb_tv_fhd","style":"object-fit: cover; border-radius: 0.4rem;"},"childNodeCount":0,"localName":"img","namespaceURI":"http://www.w3.org/1999/xhtml","nodeType":1,"shadowRoot":null}},{"sharedId":"f.8AA54734AA77FC8FA71C50576EE7DE7A.d.81896DEF35B35D6ACD8ACA98F9D48BFD.e.1124","type":"node","value":{"attributes":{"class":"thumbnail relative cursor-pointer outline-none"},"childNodeCount":1,"localName":"div","namespaceURI":"http://www.w3.org/1999/xhtml","nodeType":1,"shadowRoot":null}},{"sharedId":"f.8AA54734AA77FC8FA71C50576EE7DE7A.d.81896DEF35B35D6ACD8ACA98F9D48BFD.e.1125","type":"node","value":{"attributes":{"class":"relative","style":"height: 28.5rem; min-width: 19rem; border-radius: 0.4rem; box-shadow: transparent 0px 0px 0px 0.3rem; transform: scale(1); transition: box-shadow 0.2s, transform 0.2s ease-in;"},"childNodeCount":1,"localName":"div","namespaceURI":"http://www.w3.org/1999/xhtml","nodeType":1,"shadowRoot":null}},{"sharedId":"f.8AA54734AA77FC8FA71C50576EE7DE7A.d.81896DEF35B35D6ACD8ACA98F9D48BFD.e.1126","type":"node","value":{"attributes":{"class":"relative overflow-hidden","style":"width: 19rem; height: 100%; transition: width 0.3s;"},"childNodeCount":2,"localName":"div","namespaceURI":"http://www.w3.org/1999/xhtml","nodeType":1,"shadowRoot":null}},{"sharedId":"f.8AA54734AA77FC8FA71C50576EE7DE7A.d.81896DEF35B35D6ACD8ACA98F9D48BFD.e.1127","type":"node","value":{"attributes":{"class":"absolute inset-0 z-0 h-full hidden"},"childNodeCount":1,"localName":"div","namespaceURI":"http://www.w3.org/1999/xhtml","nodeType":1,"shadowRoot":null}},{"sharedId":"f.8AA54734AA77FC8FA71C50576EE7DE7A.d.81896DEF35B35D6ACD8ACA98F9D48BFD.e.1128","type":"node","value":{"attributes":{"class":"absolute inset-0 flex h-full items-center justify-center overflow-hidden text-ellipsis break-words p-[0.5rem] text-center","style":"width: 19rem; background-color: rgb(66, 66, 66); border-radius: 0.4rem;"},"childNodeCount":1,"localName":"div","namespaceURI":"http://www.w3.org/1999/xhtml","nodeType":1,"shadowRoot":null}},{"sharedId":"f.8AA54734AA77FC8FA71C50576EE7DE7A.d.81896DEF35B35D6ACD8ACA98F9D48BFD.e.1129","type":"node","value":{"attributes":{"class":"max-w-full whitespace-normal break-words text-[2.4rem] font-semibold"},"childNodeCount":1,"localName":"p","namespaceURI":"http://www.w3.org/1999/xhtml","nodeType":1,"shadowRoot":null}},{"sharedId":"f.8AA54734AA77FC8FA71C50576EE7DE7A.d.81896DEF35B35D6ACD8ACA98F9D48BFD.e.1130","type":"node","value":{"attributes":{"alt":"The Good Son","class":"absolute inset-0 z-10 h-full w-full","src":"https://pql-static.abs-cbn.com/images/thegoodsonisd.thumb-portrait.v2.jpg?im_policy=portraitThumb_tv_fhd","style":"object-fit: cover; border-radius: 0.4rem;"},"childNodeCount":0,"localName":"img","namespaceURI":"http://www.w3.org/1999/xhtml","nodeType":1,"shadowRoot":null}},{"sharedId":"f.8AA54734AA77FC8FA71C50576EE7DE7A.d.81896DEF35B35D6ACD8ACA98F9D48BFD.e.1131","type":"node","value":{"attributes":{"class":"thumbnail relative cursor-pointer outline-none"},"childNodeCount":1,"localName":"div","namespaceURI":"http://www.w3.org/1999/xhtml","nodeType":1,"shadowRoot":null}},{"sharedId":"f.8AA54734AA77FC8FA71C50576EE7DE7A.d.81896DEF35B35D6ACD8ACA98F9D48BFD.e.1132","type":"node","value":{"attributes":{"class":"relative","style":"height: 28.5rem; min-width: 19rem; border-radius: 0.4rem; box-shadow: transparent 0px 0px 0px 0.3rem; transform: scale(1); transition: box-shadow 0.2s, transform 0.2s ease-in;"},"childNodeCount":1,"localName":"div","namespaceURI":"http://www.w3.org/1999/xhtml","nodeType":1,"shadowRoot":null}},{"sharedId":"f.8AA54734AA77FC8FA71C50576EE7DE7A.d.81896DEF35B35D6ACD8ACA98F9D48BFD.e.1133","type":"node","value":{"attributes":{"class":"relative overflow-hidden","style":"width: 19rem; height: 100%; transition: width 0.3s;"},"childNodeCount":2,"localName":"div","namespaceURI":"http://www.w3.org/1999/xhtml","nodeType":1,"shadowRoot":null}},{"sharedId":"f.8AA54734AA77FC8FA71C50576EE7DE7A.d.81896DEF35B35D6ACD8ACA98F9D48BFD.e.1134","type":"node","value":{"attributes":{"class":"absolute inset-0 z-0 h-full hidden"},"childNodeCount":1,"localName":"div","namespaceURI":"http://www.w3.org/1999/xhtml","nodeType":1,"shadowRoot":null}},{"sharedId":"f.8AA54734AA77FC8FA71C50576EE7DE7A.d.81896DEF35B35D6ACD8ACA98F9D48BFD.e.1135","type":"node","value":{"attributes":{"class":"absolute inset-0 flex h-full items-center justify-center overflow-hidden text-ellipsis break-words p-[0.5rem] text-center","style":"width: 19rem; background-color: rgb(66, 66, 66); border-radius: 0.4rem;"},"childNodeCount":1,"localName":"div","namespaceURI":"http://www.w3.org/1999/xhtml","nodeType":1,"shadowRoot":null}},{"sharedId":"f.8AA54734AA77FC8FA71C50576EE7DE7A.d.81896DEF35B35D6ACD8ACA98F9D48BFD.e.1136","type":"node","value":{"attributes":{"class":"max-w-full whitespace-normal break-words text-[2.4rem] font-semibold"},"childNodeCount":1,"localName":"p","namespaceURI":"http://www.w3.org/1999/xhtml","nodeType":1,"shadowRoot":null}},{"sharedId":"f.8AA54734AA77FC8FA71C50576EE7DE7A.d.81896DEF35B35D6ACD8ACA98F9D48BFD.e.1137","type":"node","value":{"attributes":{"alt":"Lavender Fields","class":"absolute inset-0 z-10 h-full w-full","src":"https://pql-static.abs-cbn.com/images/lavenderfields.thumb-portrait.v2.jpg?im_policy=portraitThumb_tv_fhd","style":"object-fit: cover; border-radius: 0.4rem;"},"childNodeCount":0,"localName":"img","namespaceURI":"http://www.w3.org/1999/xhtml","nodeType":1,"shadowRoot":null}},{"sharedId":"f.8AA54734AA77FC8FA71C50576EE7DE7A.d.81896DEF35B35D6ACD8ACA98F9D48BFD.e.1138","type":"node","value":{"attributes":{"class":"thumbnail relative cursor-pointer outline-none"},"childNodeCount":1,"localName":"div","namespaceURI":"http://www.w3.org/1999/xhtml","nodeType":1,"shadowRoot":null}},{"sharedId":"f.8AA54734AA77FC8FA71C50576EE7DE7A.d.81896DEF35B35D6ACD8ACA98F9D48BFD.e.1139","type":"node","value":{"attributes":{"class":"relative","style":"height: 28.5rem; min-width: 19rem; border-radius: 0.4rem; box-shadow: transparent 0px 0px 0px 0.3rem; transform: scale(1); transition: box-shadow 0.2s, transform 0.2s ease-in;"},"childNodeCount":1,"localName":"div","namespaceURI":"http://www.w3.org/1999/xhtml","nodeType":1,"shadowRoot":null}},{"sharedId":"f.8AA54734AA77FC8FA71C50576EE7DE7A.d.81896DEF35B35D6ACD8ACA98F9D48BFD.e.1140","type":"node","value":{"attributes":{"class":"relative overflow-hidden","style":"width: 19rem; height: 100%; transition: width 0.3s;"},"childNodeCount":2,"localName":"div","namespaceURI":"http://www.w3.org/1999/xhtml","nodeType":1,"shadowRoot":null}},{"sharedId":"f.8AA54734AA77FC8FA71C50576EE7DE7A.d.81896DEF35B35D6ACD8ACA98F9D48BFD.e.1141","type":"node","value":{"attributes":{"class":"absolute inset-0 z-0 h-full hidden"},"childNodeCount":1,"localName":"div","namespaceURI":"http://www.w3.org/1999/xhtml","nodeType":1,"shadowRoot":null}},{"sharedId":"f.8AA54734AA77FC8FA71C50576EE7DE7A.d.81896DEF35B35D6ACD8ACA98F9D48BFD.e.1142","type":"node","value":{"attributes":{"class":"absolute inset-0 flex h-full items-center justify-center overflow-hidden text-ellipsis break-words p-[0.5rem] text-center","style":"width: 19rem; background-color: rgb(66, 66, 66); border-radius: 0.4rem;"},"childNodeCount":1,"localName":"div","namespaceURI":"http://www.w3.org/1999/xhtml","nodeType":1,"shadowRoot":null}},{"sharedId":"f.8AA54734AA77FC8FA71C50576EE7DE7A.d.81896DEF35B35D6ACD8ACA98F9D48BFD.e.1143","type":"node","value":{"attributes":{"class":"max-w-full whitespace-normal break-words text-[2.4rem] font-semibold"},"childNodeCount":1,"localName":"p","namespaceURI":"http://www.w3.org/1999/xhtml","nodeType":1,"shadowRoot":null}},{"sharedId":"f.8AA54734AA77FC8FA71C50576EE7DE7A.d.81896DEF35B35D6ACD8ACA98F9D48BFD.e.1144","type":"node","value":{"attributes":{"alt":"The Legal Wife","class":"absolute inset-0 z-10 h-full w-full","src":"https://pql-static.abs-cbn.com/images/thelegalwifeisd.thumb-portrait.v2.jpg?im_policy=portraitThumb_tv_fhd","style":"object-fit: cover; border-radius: 0.4rem;"},"childNodeCount":0,"localName":"img","namespaceURI":"http://www.w3.org/1999/xhtml","nodeType":1,"shadowRoot":null}},{"sharedId":"f.8AA54734AA77FC8FA71C50576EE7DE7A.d.81896DEF35B35D6ACD8ACA98F9D48BFD.e.1145","type":"node","value":{"attributes":{"class":"thumbnail relative cursor-pointer outline-none"},"childNodeCount":1,"localName":"div","namespaceURI":"http://www.w3.org/1999/xhtml","nodeType":1,"shadowRoot":null}},{"sharedId":"f.8AA54734AA77FC8FA71C50576EE7DE7A.d.81896DEF35B35D6ACD8ACA98F9D48BFD.e.1146","type":"node","value":{"attributes":{"class":"relative","style":"height: 28.5rem; min-width: 19rem; border-radius: 0.4rem; box-shadow: transparent 0px 0px 0px 0.3rem; transform: scale(1); transition: box-shadow 0.2s, transform 0.2s ease-in;"},"childNodeCount":1,"localName":"div","namespaceURI":"http://www.w3.org/1999/xhtml","nodeType":1,"shadowRoot":null}},{"sharedId":"f.8AA54734AA77FC8FA71C50576EE7DE7A.d.81896DEF35B35D6ACD8ACA98F9D48BFD.e.1147","type":"node","value":{"attributes":{"class":"relative overflow-hidden","style":"width: 19rem; height: 100%; transition: width 0.3s;"},"childNodeCount":2,"localName":"div","namespaceURI":"http://www.w3.org/1999/xhtml","nodeType":1,"shadowRoot":null}},{"sharedId":"f.8AA54734AA77FC8FA71C50576EE7DE7A.d.81896DEF35B35D6ACD8ACA98F9D48BFD.e.1148","type":"node","value":{"attributes":{"class":"absolute inset-0 z-0 h-full hidden"},"childNodeCount":1,"localName":"div","namespaceURI":"http://www.w3.org/1999/xhtml","nodeType":1,"shadowRoot":null}},{"sharedId":"f.8AA54734AA77FC8FA71C50576EE7DE7A.d.81896DEF35B35D6ACD8ACA98F9D48BFD.e.1149","type":"node","value":{"attributes":{"class":"absolute inset-0 flex h-full items-center justify-center overflow-hidden text-ellipsis break-words p-[0.5rem] text-center","style":"width: 19rem; background-color: rgb(66, 66, 66); border-radius: 0.4rem;"},"childNodeCount":1,"localName":"div","namespaceURI":"http://www.w3.org/1999/xhtml","nodeType":1,"shadowRoot":null}},{"sharedId":"f.8AA54734AA77FC8FA71C50576EE7DE7A.d.81896DEF35B35D6ACD8ACA98F9D48BFD.e.1150","type":"node","value":{"attributes":{"class":"max-w-full whitespace-normal break-words text-[2.4rem] font-semibold"},"childNodeCount":1,"localName":"p","namespaceURI":"http://www.w3.org/1999/xhtml","nodeType":1,"shadowRoot":null}},{"sharedId":"f.8AA54734AA77FC8FA71C50576EE7DE7A.d.81896DEF35B35D6ACD8ACA98F9D48BFD.e.1151","type":"node","value":{"attributes":{"alt":"Wildflower","class":"absolute inset-0 z-10 h-full w-full","src":"https://pql-static.abs-cbn.com/images/wildflowerisd.thumb-portrait.jpg?im_policy=portraitThumb_tv_fhd","style":"object-fit: cover; border-radius: 0.4rem;"},"childNodeCount":0,"localName":"img","namespaceURI":"http://www.w3.org/1999/xhtml","nodeType":1,"shadowRoot":null}},{"sharedId":"f.8AA54734AA77FC8FA71C50576EE7DE7A.d.81896DEF35B35D6ACD8ACA98F9D48BFD.e.1152","type":"node","value":{"attributes":{"class":"thumbnail relative cursor-pointer outline-none"},"childNodeCount":1,"localName":"div","namespaceURI":"http://www.w3.org/1999/xhtml","nodeType":1,"shadowRoot":null}},{"sharedId":"f.8AA54734AA77FC8FA71C50576EE7DE7A.d.81896DEF35B35D6ACD8ACA98F9D48BFD.e.1153","type":"node","value":{"attributes":{"class":"relative","style":"height: 28.5rem; min-width: 19rem; border-radius: 0.4rem; box-shadow: transparent 0px 0px 0px 0.3rem; transform: scale(1); transition: box-shadow 0.2s, transform 0.2s ease-in;"},"childNodeCount":1,"localName":"div","namespaceURI":"http://www.w3.org/1999/xhtml","nodeType":1,"shadowRoot":null}},{"sharedId":"f.8AA54734AA77FC8FA71C50576EE7DE7A.d.81896DEF35B35D6ACD8ACA98F9D48BFD.e.1154","type":"node","value":{"attributes":{"class":"relative overflow-hidden","style":"width: 19rem; height: 100%; transition: width 0.3s;"},"childNodeCount":2,"localName":"div","namespaceURI":"http://www.w3.org/1999/xhtml","nodeType":1,"shadowRoot":null}},{"sharedId":"f.8AA54734AA77FC8FA71C50576EE7DE7A.d.81896DEF35B35D6ACD8ACA98F9D48BFD.e.1155","type":"node","value":{"attributes":{"class":"absolute inset-0 z-0 h-full hidden"},"childNodeCount":1,"localName":"div","namespaceURI":"http://www.w3.org/1999/xhtml","nodeType":1,"shadowRoot":null}},{"sharedId":"f.8AA54734AA77FC8FA71C50576EE7DE7A.d.81896DEF35B35D6ACD8ACA98F9D48BFD.e.1156","type":"node","value":{"attributes":{"class":"absolute inset-0 flex h-full items-center justify-center overflow-hidden text-ellipsis break-words p-[0.5rem] text-center","style":"width: 19rem; background-color: rgb(66, 66, 66); border-radius: 0.4rem;"},"childNodeCount":1,"localName":"div","namespaceURI":"http://www.w3.org/1999/xhtml","nodeType":1,"shadowRoot":null}},{"sharedId":"f.8AA54734AA77FC8FA71C50576EE7DE7A.d.81896DEF35B35D6ACD8ACA98F9D48BFD.e.1157","type":"node","value":{"attributes":{"class":"max-w-full whitespace-normal break-words text-[2.4rem] font-semibold"},"childNodeCount":1,"localName":"p","namespaceURI":"http://www.w3.org/1999/xhtml","nodeType":1,"shadowRoot":null}},{"sharedId":"f.8AA54734AA77FC8FA71C50576EE7DE7A.d.81896DEF35B35D6ACD8ACA98F9D48BFD.e.1158","type":"node","value":{"attributes":{"alt":"Halik","class":"absolute inset-0 z-10 h-full w-full","src":"https://pql-static.abs-cbn.com/images/halik.thumb-portrait.jpg?im_policy=portraitThumb_tv_fhd","style":"object-fit: cover; border-radius: 0.4rem;"},"childNodeCount":0,"localName":"img","namespaceURI":"http://www.w3.org/1999/xhtml","nodeType":1,"shadowRoot":null}},{"sharedId":"f.8AA54734AA77FC8FA71C50576EE7DE7A.d.81896DEF35B35D6ACD8ACA98F9D48BFD.e.1159","type":"node","value":{"attributes":{"class":"thumbnail relative cursor-pointer outline-none"},"childNodeCount":1,"localName":"div","namespaceURI":"http://www.w3.org/1999/xhtml","nodeType":1,"shadowRoot":null}},{"sharedId":"f.8AA54734AA77FC8FA71C50576EE7DE7A.d.81896DEF35B35D6ACD8ACA98F9D48BFD.e.1160","type":"node","value":{"attributes":{"class":"relative","style":"height: 28.5rem; min-width: 19rem; border-radius: 0.4rem; box-shadow: transparent 0px 0px 0px 0.3rem; transform: scale(1); transition: box-shadow 0.2s, transform 0.2s ease-in;"},"childNodeCount":1,"localName":"div","namespaceURI":"http://www.w3.org/1999/xhtml","nodeType":1,"shadowRoot":null}},{"sharedId":"f.8AA54734AA77FC8FA71C50576EE7DE7A.d.81896DEF35B35D6ACD8ACA98F9D48BFD.e.1161","type":"node","value":{"attributes":{"class":"relative overflow-hidden","style":"width: 19rem; height: 100%; transition: width 0.3s;"},"childNodeCount":2,"localName":"div","namespaceURI":"http://www.w3.org/1999/xhtml","nodeType":1,"shadowRoot":null}},{"sharedId":"f.8AA54734AA77FC8FA71C50576EE7DE7A.d.81896DEF35B35D6ACD8ACA98F9D48BFD.e.1162","type":"node","value":{"attributes":{"class":"absolute inset-0 z-0 h-full hidden"},"childNodeCount":1,"localName":"div","namespaceURI":"http://www.w3.org/1999/xhtml","nodeType":1,"shadowRoot":null}},{"sharedId":"f.8AA54734AA77FC8FA71C50576EE7DE7A.d.81896DEF35B35D6ACD8ACA98F9D48BFD.e.1163","type":"node","value":{"attributes":{"class":"absolute inset-0 flex h-full items-center justify-center overflow-hidden text-ellipsis break-words p-[0.5rem] text-center","style":"width: 19rem; background-color: rgb(66, 66, 66); border-radius: 0.4rem;"},"childNodeCount":1,"localName":"div","namespaceURI":"http://www.w3.org/1999/xhtml","nodeType":1,"shadowRoot":null}},{"sharedId":"f.8AA54734AA77FC8FA71C50576EE7DE7A.d.81896DEF35B35D6ACD8ACA98F9D48BFD.e.1164","type":"node","value":{"attributes":{"class":"max-w-full whitespace-normal break-words text-[2.4rem] font-semibold"},"childNodeCount":1,"localName":"p","namespaceURI":"http://www.w3.org/1999/xhtml","nodeType":1,"shadowRoot":null}},{"sharedId":"f.8AA54734AA77FC8FA71C50576EE7DE7A.d.81896DEF35B35D6ACD8ACA98F9D48BFD.e.1165","type":"node","value":{"attributes":{"alt":"Kadenang Ginto","class":"absolute inset-0 z-10 h-full w-full","src":"https://pql-static.abs-cbn.com/images/kadenangginto.thumb-portrait.v2.jpg?im_policy=portraitThumb_tv_fhd","style":"object-fit: cover; border-radius: 0.4rem;"},"childNodeCount":0,"localName":"img","namespaceURI":"http://www.w3.org/1999/xhtml","nodeType":1,"shadowRoot":null}},{"sharedId":"f.8AA54734AA77FC8FA71C50576EE7DE7A.d.81896DEF35B35D6ACD8ACA98F9D48BFD.e.1166","type":"node","value":{"attributes":{"class":"thumbnail relative cursor-pointer outline-none"},"childNodeCount":1,"localName":"div","namespaceURI":"http://www.w3.org/1999/xhtml","nodeType":1,"shadowRoot":null}},{"sharedId":"f.8AA54734AA77FC8FA71C50576EE7DE7A.d.81896DEF35B35D6ACD8ACA98F9D48BFD.e.1167","type":"node","value":{"attributes":{"class":"relative","style":"height: 28.5rem; min-width: 19rem; border-radius: 0.4rem; box-shadow: transparent 0px 0px 0px 0.3rem; transform: scale(1); transition: box-shadow 0.2s, transform 0.2s ease-in;"},"childNodeCount":1,"localName":"div","namespaceURI":"http://www.w3.org/1999/xhtml","nodeType":1,"shadowRoot":null}},{"sharedId":"f.8AA54734AA77FC8FA71C50576EE7DE7A.d.81896DEF35B35D6ACD8ACA98F9D48BFD.e.1168","type":"node","value":{"attributes":{"class":"relative overflow-hidden","style":"width: 19rem; height: 100%; transition: width 0.3s;"},"childNodeCount":2,"localName":"div","namespaceURI":"http://www.w3.org/1999/xhtml","nodeType":1,"shadowRoot":null}},{"sharedId":"f.8AA54734AA77FC8FA71C50576EE7DE7A.d.81896DEF35B35D6ACD8ACA98F9D48BFD.e.1169","type":"node","value":{"attributes":{"class":"absolute inset-0 z-0 h-full hidden"},"childNodeCount":1,"localName":"div","namespaceURI":"http://www.w3.org/1999/xhtml","nodeType":1,"shadowRoot":null}},{"sharedId":"f.8AA54734AA77FC8FA71C50576EE7DE7A.d.81896DEF35B35D6ACD8ACA98F9D48BFD.e.1170","type":"node","value":{"attributes":{"class":"absolute inset-0 flex h-full items-center justify-center overflow-hidden text-ellipsis break-words p-[0.5rem] text-center","style":"width: 19rem; background-color: rgb(66, 66, 66); border-radius: 0.4rem;"},"childNodeCount":1,"localName":"div","namespaceURI":"http://www.w3.org/1999/xhtml","nodeType":1,"shadowRoot":null}},{"sharedId":"f.8AA54734AA77FC8FA71C50576EE7DE7A.d.81896DEF35B35D6ACD8ACA98F9D48BFD.e.1171","type":"node","value":{"attributes":{"class":"max-w-full whitespace-normal break-words text-[2.4rem] font-semibold"},"childNodeCount":1,"localName":"p","namespaceURI":"http://www.w3.org/1999/xhtml","nodeType":1,"shadowRoot":null}},{"sharedId":"f.8AA54734AA77FC8FA71C50576EE7DE7A.d.81896DEF35B35D6ACD8ACA98F9D48BFD.e.1172","type":"node","value":{"attributes":{"alt":"Asintado","class":"absolute inset-0 z-10 h-full w-full","src":"https://pql-static.abs-cbn.com/images/asintado.thumb-portrait.jpg?im_policy=portraitThumb_tv_fhd","style":"object-fit: cover; border-radius: 0.4rem;"},"childNodeCount":0,"localName":"img","namespaceURI":"http://www.w3.org/1999/xhtml","nodeType":1,"shadowRoot":null}},{"sharedId":"f.8AA54734AA77FC8FA71C50576EE7DE7A.d.81896DEF35B35D6ACD8ACA98F9D48BFD.e.1173","type":"node","value":{"attributes":{"class":"thumbnail relative cursor-pointer outline-none"},"childNodeCount":1,"localName":"div","namespaceURI":"http://www.w3.org/1999/xhtml","nodeType":1,"shadowRoot":null}},{"sharedId":"f.8AA54734AA77FC8FA71C50576EE7DE7A.d.81896DEF35B35D6ACD8ACA98F9D48BFD.e.1174","type":"node","value":{"attributes":{"class":"relative","style":"height: 28.5rem; min-width: 19rem; border-radius: 0.4rem; box-shadow: transparent 0px 0px 0px 0.3rem; transform: scale(1); transition: box-shadow 0.2s, transform 0.2s ease-in;"},"childNodeCount":1,"localName":"div","namespaceURI":"http://www.w3.org/1999/xhtml","nodeType":1,"shadowRoot":null}},{"sharedId":"f.8AA54734AA77FC8FA71C50576EE7DE7A.d.81896DEF35B35D6ACD8ACA98F9D48BFD.e.1175","type":"node","value":{"attributes":{"class":"relative overflow-hidden","style":"width: 19rem; height: 100%; transition: width 0.3s;"},"childNodeCount":2,"localName":"div","namespaceURI":"http://www.w3.org/1999/xhtml","nodeType":1,"shadowRoot":null}},{"sharedId":"f.8AA54734AA77FC8FA71C50576EE7DE7A.d.81896DEF35B35D6ACD8ACA98F9D48BFD.e.1176","type":"node","value":{"attributes":{"class":"absolute inset-0 z-0 h-full hidden"},"childNodeCount":1,"localName":"div","namespaceURI":"http://www.w3.org/1999/xhtml","nodeType":1,"shadowRoot":null}},{"sharedId":"f.8AA54734AA77FC8FA71C50576EE7DE7A.d.81896DEF35B35D6ACD8ACA98F9D48BFD.e.1177","type":"node","value":{"attributes":{"class":"absolute inset-0 flex h-full items-center justify-center overflow-hidden text-ellipsis break-words p-[0.5rem] text-center","style":"width: 19rem; background-color: rgb(66, 66, 66); border-radius: 0.4rem;"},"childNodeCount":1,"localName":"div","namespaceURI":"http://www.w3.org/1999/xhtml","nodeType":1,"shadowRoot":null}},{"sharedId":"f.8AA54734AA77FC8FA71C50576EE7DE7A.d.81896DEF35B35D6ACD8ACA98F9D48BFD.e.1178","type":"node","value":{"attributes":{"class":"max-w-full whitespace-normal break-words text-[2.4rem] font-semibold"},"childNodeCount":1,"localName":"p","namespaceURI":"http://www.w3.org/1999/xhtml","nodeType":1,"shadowRoot":null}},{"sharedId":"f.8AA54734AA77FC8FA71C50576EE7DE7A.d.81896DEF35B35D6ACD8ACA98F9D48BFD.e.1179","type":"node","value":{"attributes":{"alt":"Ang sa Iyo ay Akin","class":"absolute inset-0 z-10 h-full w-full","src":"https://pql-static.abs-cbn.com/images/angsaiyoayakin.thumb-portrait.jpg?im_policy=portraitThumb_tv_fhd","style":"object-fit: cover; border-radius: 0.4rem;"},"childNodeCount":0,"localName":"img","namespaceURI":"http://www.w3.org/1999/xhtml","nodeType":1,"shadowRoot":null}},{"sharedId":"f.8AA54734AA77FC8FA71C50576EE7DE7A.d.81896DEF35B35D6ACD8ACA98F9D48BFD.e.1180","type":"node","value":{"attributes":{"class":"thumbnail relative cursor-pointer outline-none"},"childNodeCount":1,"localName":"div","namespaceURI":"http://www.w3.org/1999/xhtml","nodeType":1,"shadowRoot":null}},{"sharedId":"f.8AA54734AA77FC8FA71C50576EE7DE7A.d.81896DEF35B35D6ACD8ACA98F9D48BFD.e.1181","type":"node","value":{"attributes":{"class":"relative","style":"height: 28.5rem; min-width: 19rem; border-radius: 0.4rem; box-shadow: transparent 0px 0px 0px 0.3rem; transform: scale(1); transition: box-shadow 0.2s, transform 0.2s ease-in;"},"childNodeCount":1,"localName":"div","namespaceURI":"http://www.w3.org/1999/xhtml","nodeType":1,"shadowRoot":null}},{"sharedId":"f.8AA54734AA77FC8FA71C50576EE7DE7A.d.81896DEF35B35D6ACD8ACA98F9D48BFD.e.1182","type":"node","value":{"attributes":{"class":"relative overflow-hidden","style":"width: 19rem; height: 100%; transition: width 0.3s;"},"childNodeCount":2,"localName":"div","namespaceURI":"http://www.w3.org/1999/xhtml","nodeType":1,"shadowRoot":null}},{"sharedId":"f.8AA54734AA77FC8FA71C50576EE7DE7A.d.81896DEF35B35D6ACD8ACA98F9D48BFD.e.1183","type":"node","value":{"attributes":{"class":"absolute inset-0 z-0 h-full hidden"},"childNodeCount":1,"localName":"div","namespaceURI":"http://www.w3.org/1999/xhtml","nodeType":1,"shadowRoot":null}},{"sharedId":"f.8AA54734AA77FC8FA71C50576EE7DE7A.d.81896DEF35B35D6ACD8ACA98F9D48BFD.e.1184","type":"node","value":{"attributes":{"class":"absolute inset-0 flex h-full items-center justify-center overflow-hidden text-ellipsis break-words p-[0.5rem] text-center","style":"width: 19rem; background-color: rgb(66, 66, 66); border-radius: 0.4rem;"},"childNodeCount":1,"localName":"div","namespaceURI":"http://www.w3.org/1999/xhtml","nodeType":1,"shadowRoot":null}},{"sharedId":"f.8AA54734AA77FC8FA71C50576EE7DE7A.d.81896DEF35B35D6ACD8ACA98F9D48BFD.e.1185","type":"node","value":{"attributes":{"class":"max-w-full whitespace-normal break-words text-[2.4rem] font-semibold"},"childNodeCount":1,"localName":"p","namespaceURI":"http://www.w3.org/1999/xhtml","nodeType":1,"shadowRoot":null}},{"sharedId":"f.8AA54734AA77FC8FA71C50576EE7DE7A.d.81896DEF35B35D6ACD8ACA98F9D48BFD.e.1186","type":"node","value":{"attributes":{"alt":"La Vida Lena","class":"absolute inset-0 z-10 h-full w-full","src":"https://pql-static.abs-cbn.com/images/lavidalena2021.thumb-portrait.jpg?im_policy=portraitThumb_tv_fhd","style":"object-fit: cover; border-radius: 0.4rem;"},"childNodeCount":0,"localName":"img","namespaceURI":"http://www.w3.org/1999/xhtml","nodeType":1,"shadowRoot":null}},{"sharedId":"f.8AA54734AA77FC8FA71C50576EE7DE7A.d.81896DEF35B35D6ACD8ACA98F9D48BFD.e.1187","type":"node","value":{"attributes":{"class":"thumbnail relative cursor-pointer outline-none"},"childNodeCount":1,"localName":"div","namespaceURI":"http://www.w3.org/1999/xhtml","nodeType":1,"shadowRoot":null}},{"sharedId":"f.8AA54734AA77FC8FA71C50576EE7DE7A.d.81896DEF35B35D6ACD8ACA98F9D48BFD.e.1188","type":"node","value":{"attributes":{"class":"relative","style":"height: 28.5rem; min-width: 19rem; border-radius: 0.4rem; box-shadow: transparent 0px 0px 0px 0.3rem; transform: scale(1); transition: box-shadow 0.2s, transform 0.2s ease-in;"},"childNodeCount":1,"localName":"div","namespaceURI":"http://www.w3.org/1999/xhtml","nodeType":1,"shadowRoot":null}},{"sharedId":"f.8AA54734AA77FC8FA71C50576EE7DE7A.d.81896DEF35B35D6ACD8ACA98F9D48BFD.e.1189","type":"node","value":{"attributes":{"class":"relative overflow-hidden","style":"width: 19rem; height: 100%; transition: width 0.3s;"},"childNodeCount":2,"localName":"div","namespaceURI":"http://www.w3.org/1999/xhtml","nodeType":1,"shadowRoot":null}},{"sharedId":"f.8AA54734AA77FC8FA71C50576EE7DE7A.d.81896DEF35B35D6ACD8ACA98F9D48BFD.e.1190","type":"node","value":{"attributes":{"class":"absolute inset-0 z-0 h-full hidden"},"childNodeCount":1,"localName":"div","namespaceURI":"http://www.w3.org/1999/xhtml","nodeType":1,"shadowRoot":null}},{"sharedId":"f.8AA54734AA77FC8FA71C50576EE7DE7A.d.81896DEF35B35D6ACD8ACA98F9D48BFD.e.1191","type":"node","value":{"attributes":{"class":"absolute inset-0 flex h-full items-center justify-center overflow-hidden text-ellipsis break-words p-[0.5rem] text-center","style":"width: 19rem; background-color: rgb(66, 66, 66); border-radius: 0.4rem;"},"childNodeCount":1,"localName":"div","namespaceURI":"http://www.w3.org/1999/xhtml","nodeType":1,"shadowRoot":null}},{"sharedId":"f.8AA54734AA77FC8FA71C50576EE7DE7A.d.81896DEF35B35D6ACD8ACA98F9D48BFD.e.1192","type":"node","value":{"attributes":{"class":"max-w-full whitespace-normal break-words text-[2.4rem] font-semibold"},"childNodeCount":1,"localName":"p","namespaceURI":"http://www.w3.org/1999/xhtml","nodeType":1,"shadowRoot":null}},{"sharedId":"f.8AA54734AA77FC8FA71C50576EE7DE7A.d.81896DEF35B35D6ACD8ACA98F9D48BFD.e.1193","type":"node","value":{"attributes":{"alt":"A Family Affair","class":"absolute inset-0 z-10 h-full w-full","src":"https://pql-static.abs-cbn.com/images/afamilyaffair.thumb-portrait.png?im_policy=portraitThumb_tv_fhd","style":"object-fit: cover; border-radius: 0.4rem;"},"childNodeCount":0,"localName":"img","namespaceURI":"http://www.w3.org/1999/xhtml","nodeType":1,"shadowRoot":null}},{"sharedId":"f.8AA54734AA77FC8FA71C50576EE7DE7A.d.81896DEF35B35D6ACD8ACA98F9D48BFD.e.1194","type":"node","value":{"attributes":{"class":"thumbnail relative cursor-pointer outline-none"},"childNodeCount":1,"localName":"div","namespaceURI":"http://www.w3.org/1999/xhtml","nodeType":1,"shadowRoot":null}},{"sharedId":"f.8AA54734AA77FC8FA71C50576EE7DE7A.d.81896DEF35B35D6ACD8ACA98F9D48BFD.e.1195","type":"node","value":{"attributes":{"class":"relative","style":"height: 28.5rem; min-width: 19rem; border-radius: 0.4rem; box-shadow: transparent 0px 0px 0px 0.3rem; transform: scale(1); transition: box-shadow 0.2s, transform 0.2s ease-in;"},"childNodeCount":1,"localName":"div","namespaceURI":"http://www.w3.org/1999/xhtml","nodeType":1,"shadowRoot":null}},{"sharedId":"f.8AA54734AA77FC8FA71C50576EE7DE7A.d.81896DEF35B35D6ACD8ACA98F9D48BFD.e.1196","type":"node","value":{"attributes":{"class":"relative overflow-hidden","style":"width: 19rem; height: 100%; transition: width 0.3s;"},"childNodeCount":2,"localName":"div","namespaceURI":"http://www.w3.org/1999/xhtml","nodeType":1,"shadowRoot":null}},{"sharedId":"f.8AA54734AA77FC8FA71C50576EE7DE7A.d.81896DEF35B35D6ACD8ACA98F9D48BFD.e.1197","type":"node","value":{"attributes":{"class":"absolute inset-0 z-0 h-full hidden"},"childNodeCount":1,"localName":"div","namespaceURI":"http://www.w3.org/1999/xhtml","nodeType":1,"shadowRoot":null}},{"sharedId":"f.8AA54734AA77FC8FA71C50576EE7DE7A.d.81896DEF35B35D6ACD8ACA98F9D48BFD.e.1198","type":"node","value":{"attributes":{"class":"absolute inset-0 flex h-full items-center justify-center overflow-hidden text-ellipsis break-words p-[0.5rem] text-center","style":"width: 19rem; background-color: rgb(66, 66, 66); border-radius: 0.4rem;"},"childNodeCount":1,"localName":"div","namespaceURI":"http://www.w3.org/1999/xhtml","nodeType":1,"shadowRoot":null}},{"sharedId":"f.8AA54734AA77FC8FA71C50576EE7DE7A.d.81896DEF35B35D6ACD8ACA98F9D48BFD.e.1199","type":"node","value":{"attributes":{"class":"max-w-full whitespace-normal break-words text-[2.4rem] font-semibold"},"childNodeCount":1,"localName":"p","namespaceURI":"http://www.w3.org/1999/xhtml","nodeType":1,"shadowRoot":null}},{"sharedId":"f.8AA54734AA77FC8FA71C50576EE7DE7A.d.81896DEF35B35D6ACD8ACA98F9D48BFD.e.1200","type":"node","value":{"attributes":{"alt":"Love Thy Woman","class":"absolute inset-0 z-10 h-full w-full","src":"https://pql-static.abs-cbn.com/images/lovethywoman.thumb-portrait.v2.jpg?im_policy=portraitThumb_tv_fhd","style":"object-fit: cover; border-radius: 0.4rem;"},"childNodeCount":0,"localName":"img","namespaceURI":"http://www.w3.org/1999/xhtml","nodeType":1,"shadowRoot":null}},{"sharedId":"f.8AA54734AA77FC8FA71C50576EE7DE7A.d.81896DEF35B35D6ACD8ACA98F9D48BFD.e.1201","type":"node","value":{"attributes":{"class":"thumbnail relative cursor-pointer outline-none"},"childNodeCount":1,"localName":"div","namespaceURI":"http://www.w3.org/1999/xhtml","nodeType":1,"shadowRoot":null}},{"sharedId":"f.8AA54734AA77FC8FA71C50576EE7DE7A.d.81896DEF35B35D6ACD8ACA98F9D48BFD.e.1202","type":"node","value":{"attributes":{"class":"relative","style":"height: 28.5rem; min-width: 19rem; border-radius: 0.4rem; box-shadow: transparent 0px 0px 0px 0.3rem; transform: scale(1); transition: box-shadow 0.2s, transform 0.2s ease-in;"},"childNodeCount":1,"localName":"div","namespaceURI":"http://www.w3.org/1999/xhtml","nodeType":1,"shadowRoot":null}},{"sharedId":"f.8AA54734AA77FC8FA71C50576EE7DE7A.d.81896DEF35B35D6ACD8ACA98F9D48BFD.e.1203","type":"node","value":{"attributes":{"class":"relative overflow-hidden","style":"width: 19rem; height: 100%; transition: width 0.3s;"},"childNodeCount":2,"localName":"div","namespaceURI":"http://www.w3.org/1999/xhtml","nodeType":1,"shadowRoot":null}},{"sharedId":"f.8AA54734AA77FC8FA71C50576EE7DE7A.d.81896DEF35B35D6ACD8ACA98F9D48BFD.e.1204","type":"node","value":{"attributes":{"class":"absolute inset-0 z-0 h-full hidden"},"childNodeCount":1,"localName":"div","namespaceURI":"http://www.w3.org/1999/xhtml","nodeType":1,"shadowRoot":null}},{"sharedId":"f.8AA54734AA77FC8FA71C50576EE7DE7A.d.81896DEF35B35D6ACD8ACA98F9D48BFD.e.1205","type":"node","value":{"attributes":{"class":"absolute inset-0 flex h-full items-center justify-center overflow-hidden text-ellipsis break-words p-[0.5rem] text-center","style":"width: 19rem; background-color: rgb(66, 66, 66); border-radius: 0.4rem;"},"childNodeCount":1,"localName":"div","namespaceURI":"http://www.w3.org/1999/xhtml","nodeType":1,"shadowRoot":null}},{"sharedId":"f.8AA54734AA77FC8FA71C50576EE7DE7A.d.81896DEF35B35D6ACD8ACA98F9D48BFD.e.1206","type":"node","value":{"attributes":{"class":"max-w-full whitespace-normal break-words text-[2.4rem] font-semibold"},"childNodeCount":1,"localName":"p","namespaceURI":"http://www.w3.org/1999/xhtml","nodeType":1,"shadowRoot":null}},{"sharedId":"f.8AA54734AA77FC8FA71C50576EE7DE7A.d.81896DEF35B35D6ACD8ACA98F9D48BFD.e.1207","type":"node","value":{"attributes":{"alt":"Nag-aapoy na Damdamin","class":"absolute inset-0 z-10 h-full w-full","src":"https://pql-static.abs-cbn.com/images/nagaapoynadamdamin.thumb-portrait.jpg?im_policy=portraitThumb_tv_fhd","style":"object-fit: cover; border-radius: 0.4rem;"},"childNodeCount":0,"localName":"img","namespaceURI":"http://www.w3.org/1999/xhtml","nodeType":1,"shadowRoot":null}},{"sharedId":"f.8AA54734AA77FC8FA71C50576EE7DE7A.d.81896DEF35B35D6ACD8ACA98F9D48BFD.e.1208","type":"node","value":{"attributes":{"class":"thumbnail relative cursor-pointer outline-none"},"childNodeCount":1,"localName":"div","namespaceURI":"http://www.w3.org/1999/xhtml","nodeType":1,"shadowRoot":null}},{"sharedId":"f.8AA54734AA77FC8FA71C50576EE7DE7A.d.81896DEF35B35D6ACD8ACA98F9D48BFD.e.1209","type":"node","value":{"attributes":{"class":"relative","style":"height: 28.5rem; min-width: 19rem; border-radius: 0.4rem; box-shadow: transparent 0px 0px 0px 0.3rem; transform: scale(1); transition: box-shadow 0.2s, transform 0.2s ease-in;"},"childNodeCount":1,"localName":"div","namespaceURI":"http://www.w3.org/1999/xhtml","nodeType":1,"shadowRoot":null}},{"sharedId":"f.8AA54734AA77FC8FA71C50576EE7DE7A.d.81896DEF35B35D6ACD8ACA98F9D48BFD.e.1210","type":"node","value":{"attributes":{"class":"relative overflow-hidden","style":"width: 19rem; height: 100%; transition: width 0.3s;"},"childNodeCount":2,"localName":"div","namespaceURI":"http://www.w3.org/1999/xhtml","nodeType":1,"shadowRoot":null}},{"sharedId":"f.8AA54734AA77FC8FA71C50576EE7DE7A.d.81896DEF35B35D6ACD8ACA98F9D48BFD.e.1211","type":"node","value":{"attributes":{"class":"absolute inset-0 z-0 h-full hidden"},"childNodeCount":1,"localName":"div","namespaceURI":"http://www.w3.org/1999/xhtml","nodeType":1,"shadowRoot":null}},{"sharedId":"f.8AA54734AA77FC8FA71C50576EE7DE7A.d.81896DEF35B35D6ACD8ACA98F9D48BFD.e.1212","type":"node","value":{"attributes":{"class":"absolute inset-0 flex h-full items-center justify-center overflow-hidden text-ellipsis break-words p-[0.5rem] text-center","style":"width: 19rem; background-color: rgb(66, 66, 66); border-radius: 0.4rem;"},"childNodeCount":1,"localName":"div","namespaceURI":"http://www.w3.org/1999/xhtml","nodeType":1,"shadowRoot":null}},{"sharedId":"f.8AA54734AA77FC8FA71C50576EE7DE7A.d.81896DEF35B35D6ACD8ACA98F9D48BFD.e.1213","type":"node","value":{"attributes":{"class":"max-w-full whitespace-normal break-words text-[2.4rem] font-semibold"},"childNodeCount":1,"localName":"p","namespaceURI":"http://www.w3.org/1999/xhtml","nodeType":1,"shadowRoot":null}},{"sharedId":"f.8AA54734AA77FC8FA71C50576EE7DE7A.d.81896DEF35B35D6ACD8ACA98F9D48BFD.e.1214","type":"node","value":{"attributes":{"alt":"Pira-Pirasong Paraiso","class":"absolute inset-0 z-10 h-full w-full","src":"https://pql-static.abs-cbn.com/images/pirapirasongparaiso.thumb-portrait.jpg?im_policy=portraitThumb_tv_fhd","style":"object-fit: cover; border-radius: 0.4rem;"},"childNodeCount":0,"localName":"img","namespaceURI":"http://www.w3.org/1999/xhtml","nodeType":1,"shadowRoot":null}},{"sharedId":"f.8AA54734AA77FC8FA71C50576EE7DE7A.d.81896DEF35B35D6ACD8ACA98F9D48BFD.e.1215","type":"node","value":{"attributes":{"class":"thumbnail relative cursor-pointer outline-none"},"childNodeCount":1,"localName":"div","namespaceURI":"http://www.w3.org/1999/xhtml","nodeType":1,"shadowRoot":null}},{"sharedId":"f.8AA54734AA77FC8FA71C50576EE7DE7A.d.81896DEF35B35D6ACD8ACA98F9D48BFD.e.1216","type":"node","value":{"attributes":{"class":"relative","style":"height: 28.5rem; min-width: 19rem; border-radius: 0.4rem; box-shadow: transparent 0px 0px 0px 0.3rem; transform: scale(1); transition: box-shadow 0.2s, transform 0.2s ease-in;"},"childNodeCount":1,"localName":"div","namespaceURI":"http://www.w3.org/1999/xhtml","nodeType":1,"shadowRoot":null}},{"sharedId":"f.8AA54734AA77FC8FA71C50576EE7DE7A.d.81896DEF35B35D6ACD8ACA98F9D48BFD.e.1217","type":"node","value":{"attributes":{"class":"relative overflow-hidden","style":"width: 19rem; height: 100%; transition: width 0.3s;"},"childNodeCount":2,"localName":"div","namespaceURI":"http://www.w3.org/1999/xhtml","nodeType":1,"shadowRoot":null}},{"sharedId":"f.8AA54734AA77FC8FA71C50576EE7DE7A.d.81896DEF35B35D6ACD8ACA98F9D48BFD.e.1218","type":"node","value":{"attributes":{"class":"absolute inset-0 z-0 h-full hidden"},"childNodeCount":1,"localName":"div","namespaceURI":"http://www.w3.org/1999/xhtml","nodeType":1,"shadowRoot":null}},{"sharedId":"f.8AA54734AA77FC8FA71C50576EE7DE7A.d.81896DEF35B35D6ACD8ACA98F9D48BFD.e.1219","type":"node","value":{"attributes":{"class":"absolute inset-0 flex h-full items-center justify-center overflow-hidden text-ellipsis break-words p-[0.5rem] text-center","style":"width: 19rem; background-color: rgb(66, 66, 66); border-radius: 0.4rem;"},"childNodeCount":1,"localName":"div","namespaceURI":"http://www.w3.org/1999/xhtml","nodeType":1,"shadowRoot":null}},{"sharedId":"f.8AA54734AA77FC8FA71C50576EE7DE7A.d.81896DEF35B35D6ACD8ACA98F9D48BFD.e.1220","type":"node","value":{"attributes":{"class":"max-w-full whitespace-normal break-words text-[2.4rem] font-semibold"},"childNodeCount":1,"localName":"p","namespaceURI":"http://www.w3.org/1999/xhtml","nodeType":1,"shadowRoot":null}},{"sharedId":"f.8AA54734AA77FC8FA71C50576EE7DE7A.d.81896DEF35B35D6ACD8ACA98F9D48BFD.e.1221","type":"node","value":{"attributes":{"alt":"Init sa Magdamag","class":"absolute inset-0 z-10 h-full w-full","src":"https://pql-static.abs-cbn.com/images/initsamagdamag.thumb-portrait.jpg?im_policy=portraitThumb_tv_fhd","style":"object-fit: cover; border-radius: 0.4rem;"},"childNodeCount":0,"localName":"img","namespaceURI":"http://www.w3.org/1999/xhtml","nodeType":1,"shadowRoot":null}},{"sharedId":"f.8AA54734AA77FC8FA71C50576EE7DE7A.d.81896DEF35B35D6ACD8ACA98F9D48BFD.e.1222","type":"node","value":{"attributes":{"class":"thumbnail relative cursor-pointer outline-none"},"childNodeCount":1,"localName":"div","namespaceURI":"http://www.w3.org/1999/xhtml","nodeType":1,"shadowRoot":null}},{"sharedId":"f.8AA54734AA77FC8FA71C50576EE7DE7A.d.81896DEF35B35D6ACD8ACA98F9D48BFD.e.1223","type":"node","value":{"attributes":{"class":"relative","style":"height: 28.5rem; min-width: 19rem; border-radius: 0.4rem; box-shadow: transparent 0px 0px 0px 0.3rem; transform: scale(1); transition: box-shadow 0.2s, transform 0.2s ease-in;"},"childNodeCount":1,"localName":"div","namespaceURI":"http://www.w3.org/1999/xhtml","nodeType":1,"shadowRoot":null}},{"sharedId":"f.8AA54734AA77FC8FA71C50576EE7DE7A.d.81896DEF35B35D6ACD8ACA98F9D48BFD.e.1224","type":"node","value":{"attributes":{"class":"relative overflow-hidden","style":"width: 19rem; height: 100%; transition: width 0.3s;"},"childNodeCount":2,"localName":"div","namespaceURI":"http://www.w3.org/1999/xhtml","nodeType":1,"shadowRoot":null}},{"sharedId":"f.8AA54734AA77FC8FA71C50576EE7DE7A.d.81896DEF35B35D6ACD8ACA98F9D48BFD.e.1225","type":"node","value":{"attributes":{"class":"absolute inset-0 z-0 h-full hidden"},"childNodeCount":1,"localName":"div","namespaceURI":"http://www.w3.org/1999/xhtml","nodeType":1,"shadowRoot":null}},{"sharedId":"f.8AA54734AA77FC8FA71C50576EE7DE7A.d.81896DEF35B35D6ACD8ACA98F9D48BFD.e.1226","type":"node","value":{"attributes":{"class":"absolute inset-0 flex h-full items-center justify-center overflow-hidden text-ellipsis break-words p-[0.5rem] text-center","style":"width: 19rem; background-color: rgb(66, 66, 66); border-radius: 0.4rem;"},"childNodeCount":1,"localName":"div","namespaceURI":"http://www.w3.org/1999/xhtml","nodeType":1,"shadowRoot":null}},{"sharedId":"f.8AA54734AA77FC8FA71C50576EE7DE7A.d.81896DEF35B35D6ACD8ACA98F9D48BFD.e.1227","type":"node","value":{"attributes":{"class":"max-w-full whitespace-normal break-words text-[2.4rem] font-semibold"},"childNodeCount":1,"localName":"p","namespaceURI":"http://www.w3.org/1999/xhtml","nodeType":1,"shadowRoot":null}},{"sharedId":"f.8AA54734AA77FC8FA71C50576EE7DE7A.d.81896DEF35B35D6ACD8ACA98F9D48BFD.e.1228","type":"node","value":{"attributes":{"alt":"Dirty Linen","class":"absolute inset-0 z-10 h-full w-full","src":"https://pql-static.abs-cbn.com/images/dirtylinen.thumb-portrait.v3.jpg?im_policy=portraitThumb_tv_fhd","style":"object-fit: cover; border-radius: 0.4rem;"},"childNodeCount":0,"localName":"img","namespaceURI":"http://www.w3.org/1999/xhtml","nodeType":1,"shadowRoot":null}},{"sharedId":"f.8AA54734AA77FC8FA71C50576EE7DE7A.d.81896DEF35B35D6ACD8ACA98F9D48BFD.e.1229","type":"node","value":{"attributes":{"class":"thumbnail relative cursor-pointer outline-none"},"childNodeCount":1,"localName":"div","namespaceURI":"http://www.w3.org/1999/xhtml","nodeType":1,"shadowRoot":null}},{"sharedId":"f.8AA54734AA77FC8FA71C50576EE7DE7A.d.81896DEF35B35D6ACD8ACA98F9D48BFD.e.1230","type":"node","value":{"attributes":{"class":"relative","style":"height: 28.5rem; min-width: 19rem; border-radius: 0.4rem; box-shadow: transparent 0px 0px 0px 0.3rem; transform: scale(1); transition: box-shadow 0.2s, transform 0.2s ease-in;"},"childNodeCount":1,"localName":"div","namespaceURI":"http://www.w3.org/1999/xhtml","nodeType":1,"shadowRoot":null}},{"sharedId":"f.8AA54734AA77FC8FA71C50576EE7DE7A.d.81896DEF35B35D6ACD8ACA98F9D48BFD.e.1231","type":"node","value":{"attributes":{"class":"relative overflow-hidden","style":"width: 19rem; height: 100%; transition: width 0.3s;"},"childNodeCount":2,"localName":"div","namespaceURI":"http://www.w3.org/1999/xhtml","nodeType":1,"shadowRoot":null}},{"sharedId":"f.8AA54734AA77FC8FA71C50576EE7DE7A.d.81896DEF35B35D6ACD8ACA98F9D48BFD.e.1232","type":"node","value":{"attributes":{"class":"absolute inset-0 z-0 h-full hidden"},"childNodeCount":1,"localName":"div","namespaceURI":"http://www.w3.org/1999/xhtml","nodeType":1,"shadowRoot":null}},{"sharedId":"f.8AA54734AA77FC8FA71C50576EE7DE7A.d.81896DEF35B35D6ACD8ACA98F9D48BFD.e.1233","type":"node","value":{"attributes":{"class":"absolute inset-0 flex h-full items-center justify-center overflow-hidden text-ellipsis break-words p-[0.5rem] text-center","style":"width: 19rem; background-color: rgb(66, 66, 66); border-radius: 0.4rem;"},"childNodeCount":1,"localName":"div","namespaceURI":"http://www.w3.org/1999/xhtml","nodeType":1,"shadowRoot":null}},{"sharedId":"f.8AA54734AA77FC8FA71C50576EE7DE7A.d.81896DEF35B35D6ACD8ACA98F9D48BFD.e.1234","type":"node","value":{"attributes":{"class":"max-w-full whitespace-normal break-words text-[2.4rem] font-semibold"},"childNodeCount":1,"localName":"p","namespaceURI":"http://www.w3.org/1999/xhtml","nodeType":1,"shadowRoot":null}},{"sharedId":"f.8AA54734AA77FC8FA71C50576EE7DE7A.d.81896DEF35B35D6ACD8ACA98F9D48BFD.e.1235","type":"node","value":{"attributes":{"alt":"The Iron Heart","class":"absolute inset-0 z-10 h-full w-full","src":"https://pql-static.abs-cbn.com/images/theironheart.thumb-portrait.jpg?im_policy=portraitThumb_tv_fhd","style":"object-fit: cover; border-radius: 0.4rem;"},"childNodeCount":0,"localName":"img","namespaceURI":"http://www.w3.org/1999/xhtml","nodeType":1,"shadowRoot":null}},{"sharedId":"f.8AA54734AA77FC8FA71C50576EE7DE7A.d.81896DEF35B35D6ACD8ACA98F9D48BFD.e.1236","type":"node","value":{"attributes":{"class":"banner-ad","id":"gpt-banner-ad-9-home","style":"margin: 8px auto; width: 970px; height: 250px;"},"childNodeCount":0,"localName":"div","namespaceURI":"http://www.w3.org/1999/xhtml","nodeType":1,"shadowRoot":null}},{"sharedId":"f.8AA54734AA77FC8FA71C50576EE7DE7A.d.81896DEF35B35D6ACD8ACA98F9D48BFD.e.1237","type":"node","value":{"attributes":{"class":"rail relative h-full w-full pb-[3.2rem]","style":"width: 100%; margin-top: 0px; margin-bottom: 0px; margin-left: 0px; padding-left: 0px; padding-top: 3.2rem; background-size: cover; background-repeat: no-repeat; background-position: center center;"},"childNodeCount":2,"localName":"div","namespaceURI":"http://www.w3.org/1999/xhtml","nodeType":1,"shadowRoot":null}},{"sharedId":"f.8AA54734AA77FC8FA71C50576EE7DE7A.d.81896DEF35B35D6ACD8ACA98F9D48BFD.e.1238","type":"node","value":{"attributes":{"class":"title mb-[3.2rem]"},"childNodeCount":1,"localName":"div","namespaceURI":"http://www.w3.org/1999/xhtml","nodeType":1,"shadowRoot":null}},{"sharedId":"f.8AA54734AA77FC8FA71C50576EE7DE7A.d.81896DEF35B35D6ACD8ACA98F9D48BFD.e.1239","type":"node","value":{"attributes":{"class":"text-[2.8rem] font-medium leading-[3.5rem]"},"childNodeCount":1,"localName":"p","namespaceURI":"http://www.w3.org/1999/xhtml","nodeType":1,"shadowRoot":null}},{"sharedId":"f.8AA54734AA77FC8FA71C50576EE7DE7A.d.81896DEF35B35D6ACD8ACA98F9D48BFD.e.1240","type":"node","value":{"attributes":{"class":"rail-container pointer-events-none relative","style":"margin-top: 0px; margin-bottom: -3rem;"},"childNodeCount":1,"localName":"div","namespaceURI":"http://www.w3.org/1999/xhtml","nodeType":1,"shadowRoot":null}},{"sharedId":"f.8AA54734AA77FC8FA71C50576EE7DE7A.d.81896DEF35B35D6ACD8ACA98F9D48BFD.e.1241","type":"node","value":{"attributes":{"class":"scrollable-list pointer-events-auto flex gap-[1.6rem] overflow-x-auto scroll-smooth","style":"padding-top: 0px; padding-bottom: 3rem;"},"childNodeCount":18,"localName":"div","namespaceURI":"http://www.w3.org/1999/xhtml","nodeType":1,"shadowRoot":null}},{"sharedId":"f.8AA54734AA77FC8FA71C50576EE7DE7A.d.81896DEF35B35D6ACD8ACA98F9D48BFD.e.1242","type":"node","value":{"attributes":{"class":"thumbnail relative cursor-pointer outline-none"},"childNodeCount":1,"localName":"div","namespaceURI":"http://www.w3.org/1999/xhtml","nodeType":1,"shadowRoot":null}},{"sharedId":"f.8AA54734AA77FC8FA71C50576EE7DE7A.d.81896DEF35B35D6ACD8ACA98F9D48BFD.e.1243","type":"node","value":{"attributes":{"class":"relative","style":"height: 28.5rem; min-width: 19rem; border-radius: 0.4rem; box-shadow: transparent 0px 0px 0px 0.3rem; transform: scale(1); transition: box-shadow 0.2s, transform 0.2s ease-in;"},"childNodeCount":2,"localName":"div","namespaceURI":"http://www.w3.org/1999/xhtml","nodeType":1,"shadowRoot":null}},{"sharedId":"f.8AA54734AA77FC8FA71C50576EE7DE7A.d.81896DEF35B35D6ACD8ACA98F9D48BFD.e.1244","type":"node","value":{"attributes":{"class":"relative overflow-hidden","style":"width: 19rem; height: 100%; transition: width 0.3s;"},"childNodeCount":2,"localName":"div","namespaceURI":"http://www.w3.org/1999/xhtml","nodeType":1,"shadowRoot":null}},{"sharedId":"f.8AA54734AA77FC8FA71C50576EE7DE7A.d.81896DEF35B35D6ACD8ACA98F9D48BFD.e.1245","type":"node","value":{"attributes":{"class":"absolute inset-0 z-0 h-full hidden"},"childNodeCount":1,"localName":"div","namespaceURI":"http://www.w3.org/1999/xhtml","nodeType":1,"shadowRoot":null}},{"sharedId":"f.8AA54734AA77FC8FA71C50576EE7DE7A.d.81896DEF35B35D6ACD8ACA98F9D48BFD.e.1246","type":"node","value":{"attributes":{"class":"absolute inset-0 flex h-full items-center justify-center overflow-hidden text-ellipsis break-words p-[0.5rem] text-center","style":"width: 19rem; background-color: rgb(66, 66, 66); border-radius: 0.4rem;"},"childNodeCount":1,"localName":"div","namespaceURI":"http://www.w3.org/1999/xhtml","nodeType":1,"shadowRoot":null}},{"sharedId":"f.8AA54734AA77FC8FA71C50576EE7DE7A.d.81896DEF35B35D6ACD8ACA98F9D48BFD.e.1247","type":"node","value":{"attributes":{"class":"max-w-full whitespace-normal break-words text-[2.4rem] font-semibold"},"childNodeCount":1,"localName":"p","namespaceURI":"http://www.w3.org/1999/xhtml","nodeType":1,"shadowRoot":null}},{"sharedId":"f.8AA54734AA77FC8FA71C50576EE7DE7A.d.81896DEF35B35D6ACD8ACA98F9D48BFD.e.1248","type":"node","value":{"attributes":{"alt":"Corazon: Ang Unang Aswang","class":"absolute inset-0 z-10 h-full w-full","src":"https://pql-static.abs-cbn.com/images/corazonangunangaswang.thumb-portrait.jpg?im_policy=portraitThumb_tv_fhd","style":"object-fit: cover; border-radius: 0.4rem;"},"childNodeCount":0,"localName":"img","namespaceURI":"http://www.w3.org/1999/xhtml","nodeType":1,"shadowRoot":null}},{"sharedId":"f.8AA54734AA77FC8FA71C50576EE7DE7A.d.81896DEF35B35D6ACD8ACA98F9D48BFD.e.1249","type":"node","value":{"attributes":{"class":"absolute left-0 top-0 z-10"},"childNodeCount":1,"localName":"div","namespaceURI":"http://www.w3.org/1999/xhtml","nodeType":1,"shadowRoot":null}},{"sharedId":"f.8AA54734AA77FC8FA71C50576EE7DE7A.d.81896DEF35B35D6ACD8ACA98F9D48BFD.e.1250","type":"node","value":{"attributes":{"alt":"https://pql-static.iwanttfc.com/static/uat/common/images/monetisation/free.png","class":"h-[3.2rem] w-auto object-contain","src":"https://pql-static.iwanttfc.com/static/uat/common/images/monetisation/free.png"},"childNodeCount":0,"localName":"img","namespaceURI":"http://www.w3.org/1999/xhtml","nodeType":1,"shadowRoot":null}},{"sharedId":"f.8AA54734AA77FC8FA71C50576EE7DE7A.d.81896DEF35B35D6ACD8ACA98F9D48BFD.e.1251","type":"node","value":{"attributes":{"class":"thumbnail relative cursor-pointer outline-none"},"childNodeCount":1,"localName":"div","namespaceURI":"http://www.w3.org/1999/xhtml","nodeType":1,"shadowRoot":null}},{"sharedId":"f.8AA54734AA77FC8FA71C50576EE7DE7A.d.81896DEF35B35D6ACD8ACA98F9D48BFD.e.1252","type":"node","value":{"attributes":{"class":"relative","style":"height: 28.5rem; min-width: 19rem; border-radius: 0.4rem; box-shadow: transparent 0px 0px 0px 0.3rem; transform: scale(1); transition: box-shadow 0.2s, transform 0.2s ease-in;"},"childNodeCount":1,"localName":"div","namespaceURI":"http://www.w3.org/1999/xhtml","nodeType":1,"shadowRoot":null}},{"sharedId":"f.8AA54734AA77FC8FA71C50576EE7DE7A.d.81896DEF35B35D6ACD8ACA98F9D48BFD.e.1253","type":"node","value":{"attributes":{"class":"relative overflow-hidden","style":"width: 19rem; height: 100%; transition: width 0.3s;"},"childNodeCount":2,"localName":"div","namespaceURI":"http://www.w3.org/1999/xhtml","nodeType":1,"shadowRoot":null}},{"sharedId":"f.8AA54734AA77FC8FA71C50576EE7DE7A.d.81896DEF35B35D6ACD8ACA98F9D48BFD.e.1254","type":"node","value":{"attributes":{"class":"absolute inset-0 z-0 h-full hidden"},"childNodeCount":1,"localName":"div","namespaceURI":"http://www.w3.org/1999/xhtml","nodeType":1,"shadowRoot":null}},{"sharedId":"f.8AA54734AA77FC8FA71C50576EE7DE7A.d.81896DEF35B35D6ACD8ACA98F9D48BFD.e.1255","type":"node","value":{"attributes":{"class":"absolute inset-0 flex h-full items-center justify-center overflow-hidden text-ellipsis break-words p-[0.5rem] text-center","style":"width: 19rem; background-color: rgb(66, 66, 66); border-radius: 0.4rem;"},"childNodeCount":1,"localName":"div","namespaceURI":"http://www.w3.org/1999/xhtml","nodeType":1,"shadowRoot":null}},{"sharedId":"f.8AA54734AA77FC8FA71C50576EE7DE7A.d.81896DEF35B35D6ACD8ACA98F9D48BFD.e.1256","type":"node","value":{"attributes":{"class":"max-w-full whitespace-normal break-words text-[2.4rem] font-semibold"},"childNodeCount":1,"localName":"p","namespaceURI":"http://www.w3.org/1999/xhtml","nodeType":1,"shadowRoot":null}},{"sharedId":"f.8AA54734AA77FC8FA71C50576EE7DE7A.d.81896DEF35B35D6ACD8ACA98F9D48BFD.e.1257","type":"node","value":{"attributes":{"alt":"Patayin sa Sindak si Barbara","class":"absolute inset-0 z-10 h-full w-full","src":"https://pql-static.abs-cbn.com/images/patayinsasindaksibarbara.thumb-portrait.v2.jpg?im_policy=portraitThumb_tv_fhd","style":"object-fit: cover; border-radius: 0.4rem;"},"childNodeCount":0,"localName":"img","namespaceURI":"http://www.w3.org/1999/xhtml","nodeType":1,"shadowRoot":null}},{"sharedId":"f.8AA54734AA77FC8FA71C50576EE7DE7A.d.81896DEF35B35D6ACD8ACA98F9D48BFD.e.1258","type":"node","value":{"attributes":{"class":"thumbnail relative cursor-pointer outline-none"},"childNodeCount":1,"localName":"div","namespaceURI":"http://www.w3.org/1999/xhtml","nodeType":1,"shadowRoot":null}},{"sharedId":"f.8AA54734AA77FC8FA71C50576EE7DE7A.d.81896DEF35B35D6ACD8ACA98F9D48BFD.e.1259","type":"node","value":{"attributes":{"class":"relative","style":"height: 28.5rem; min-width: 19rem; border-radius: 0.4rem; box-shadow: transparent 0px 0px 0px 0.3rem; transform: scale(1); transition: box-shadow 0.2s, transform 0.2s ease-in;"},"childNodeCount":1,"localName":"div","namespaceURI":"http://www.w3.org/1999/xhtml","nodeType":1,"shadowRoot":null}},{"sharedId":"f.8AA54734AA77FC8FA71C50576EE7DE7A.d.81896DEF35B35D6ACD8ACA98F9D48BFD.e.1260","type":"node","value":{"attributes":{"class":"relative overflow-hidden","style":"width: 19rem; height: 100%; transition: width 0.3s;"},"childNodeCount":2,"localName":"div","namespaceURI":"http://www.w3.org/1999/xhtml","nodeType":1,"shadowRoot":null}},{"sharedId":"f.8AA54734AA77FC8FA71C50576EE7DE7A.d.81896DEF35B35D6ACD8ACA98F9D48BFD.e.1261","type":"node","value":{"attributes":{"class":"absolute inset-0 z-0 h-full hidden"},"childNodeCount":1,"localName":"div","namespaceURI":"http://www.w3.org/1999/xhtml","nodeType":1,"shadowRoot":null}},{"sharedId":"f.8AA54734AA77FC8FA71C50576EE7DE7A.d.81896DEF35B35D6ACD8ACA98F9D48BFD.e.1262","type":"node","value":{"attributes":{"class":"absolute inset-0 flex h-full items-center justify-center overflow-hidden text-ellipsis break-words p-[0.5rem] text-center","style":"width: 19rem; background-color: rgb(66, 66, 66); border-radius: 0.4rem;"},"childNodeCount":1,"localName":"div","namespaceURI":"http://www.w3.org/1999/xhtml","nodeType":1,"shadowRoot":null}},{"sharedId":"f.8AA54734AA77FC8FA71C50576EE7DE7A.d.81896DEF35B35D6ACD8ACA98F9D48BFD.e.1263","type":"node","value":{"attributes":{"class":"max-w-full whitespace-normal break-words text-[2.4rem] font-semibold"},"childNodeCount":1,"localName":"p","namespaceURI":"http://www.w3.org/1999/xhtml","nodeType":1,"shadowRoot":null}},{"sharedId":"f.8AA54734AA77FC8FA71C50576EE7DE7A.d.81896DEF35B35D6ACD8ACA98F9D48BFD.e.1264","type":"node","value":{"attributes":{"alt":"Magandang Hatinggabi","class":"absolute inset-0 z-10 h-full w-full","src":"https://pql-static.abs-cbn.com/images/magandanghatinggabi.thumb-portrait.v2.jpg?im_policy=portraitThumb_tv_fhd","style":"object-fit: cover; border-radius: 0.4rem;"},"childNodeCount":0,"localName":"img","namespaceURI":"http://www.w3.org/1999/xhtml","nodeType":1,"shadowRoot":null}},{"sharedId":"f.8AA54734AA77FC8FA71C50576EE7DE7A.d.81896DEF35B35D6ACD8ACA98F9D48BFD.e.1265","type":"node","value":{"attributes":{"class":"thumbnail relative cursor-pointer outline-none"},"childNodeCount":1,"localName":"div","namespaceURI":"http://www.w3.org/1999/xhtml","nodeType":1,"shadowRoot":null}},{"sharedId":"f.8AA54734AA77FC8FA71C50576EE7DE7A.d.81896DEF35B35D6ACD8ACA98F9D48BFD.e.1266","type":"node","value":{"attributes":{"class":"relative","style":"height: 28.5rem; min-width: 19rem; border-radius: 0.4rem; box-shadow: transparent 0px 0px 0px 0.3rem; transform: scale(1); transition: box-shadow 0.2s, transform 0.2s ease-in;"},"childNodeCount":1,"localName":"div","namespaceURI":"http://www.w3.org/1999/xhtml","nodeType":1,"shadowRoot":null}},{"sharedId":"f.8AA54734AA77FC8FA71C50576EE7DE7A.d.81896DEF35B35D6ACD8ACA98F9D48BFD.e.1267","type":"node","value":{"attributes":{"class":"relative overflow-hidden","style":"width: 19rem; height: 100%; transition: width 0.3s;"},"childNodeCount":2,"localName":"div","namespaceURI":"http://www.w3.org/1999/xhtml","nodeType":1,"shadowRoot":null}},{"sharedId":"f.8AA54734AA77FC8FA71C50576EE7DE7A.d.81896DEF35B35D6ACD8ACA98F9D48BFD.e.1268","type":"node","value":{"attributes":{"class":"absolute inset-0 z-0 h-full hidden"},"childNodeCount":1,"localName":"div","namespaceURI":"http://www.w3.org/1999/xhtml","nodeType":1,"shadowRoot":null}},{"sharedId":"f.8AA54734AA77FC8FA71C50576EE7DE7A.d.81896DEF35B35D6ACD8ACA98F9D48BFD.e.1269","type":"node","value":{"attributes":{"class":"absolute inset-0 flex h-full items-center justify-center overflow-hidden text-ellipsis break-words p-[0.5rem] text-center","style":"width: 19rem; background-color: rgb(66, 66, 66); border-radius: 0.4rem;"},"childNodeCount":1,"localName":"div","namespaceURI":"http://www.w3.org/1999/xhtml","nodeType":1,"shadowRoot":null}},{"sharedId":"f.8AA54734AA77FC8FA71C50576EE7DE7A.d.81896DEF35B35D6ACD8ACA98F9D48BFD.e.1270","type":"node","value":{"attributes":{"class":"max-w-full whitespace-normal break-words text-[2.4rem] font-semibold"},"childNodeCount":1,"localName":"p","namespaceURI":"http://www.w3.org/1999/xhtml","nodeType":1,"shadowRoot":null}},{"sharedId":"f.8AA54734AA77FC8FA71C50576EE7DE7A.d.81896DEF35B35D6ACD8ACA98F9D48BFD.e.1271","type":"node","value":{"attributes":{"alt":"The Ghost Bride","class":"absolute inset-0 z-10 h-full w-full","src":"https://pql-static.abs-cbn.com/images/theghostbride.thumb-portrait.jpg?im_policy=portraitThumb_tv_fhd","style":"object-fit: cover; border-radius: 0.4rem;"},"childNodeCount":0,"localName":"img","namespaceURI":"http://www.w3.org/1999/xhtml","nodeType":1,"shadowRoot":null}},{"sharedId":"f.8AA54734AA77FC8FA71C50576EE7DE7A.d.81896DEF35B35D6ACD8ACA98F9D48BFD.e.1272","type":"node","value":{"attributes":{"class":"thumbnail relative cursor-pointer outline-none"},"childNodeCount":1,"localName":"div","namespaceURI":"http://www.w3.org/1999/xhtml","nodeType":1,"shadowRoot":null}},{"sharedId":"f.8AA54734AA77FC8FA71C50576EE7DE7A.d.81896DEF35B35D6ACD8ACA98F9D48BFD.e.1273","type":"node","value":{"attributes":{"class":"relative","style":"height: 28.5rem; min-width: 19rem; border-radius: 0.4rem; box-shadow: transparent 0px 0px 0px 0.3rem; transform: scale(1); transition: box-shadow 0.2s, transform 0.2s ease-in;"},"childNodeCount":2,"localName":"div","namespaceURI":"http://www.w3.org/1999/xhtml","nodeType":1,"shadowRoot":null}},{"sharedId":"f.8AA54734AA77FC8FA71C50576EE7DE7A.d.81896DEF35B35D6ACD8ACA98F9D48BFD.e.1274","type":"node","value":{"attributes":{"class":"relative overflow-hidden","style":"width: 19rem; height: 100%; transition: width 0.3s;"},"childNodeCount":2,"localName":"div","namespaceURI":"http://www.w3.org/1999/xhtml","nodeType":1,"shadowRoot":null}},{"sharedId":"f.8AA54734AA77FC8FA71C50576EE7DE7A.d.81896DEF35B35D6ACD8ACA98F9D48BFD.e.1275","type":"node","value":{"attributes":{"class":"absolute inset-0 z-0 h-full hidden"},"childNodeCount":1,"localName":"div","namespaceURI":"http://www.w3.org/1999/xhtml","nodeType":1,"shadowRoot":null}},{"sharedId":"f.8AA54734AA77FC8FA71C50576EE7DE7A.d.81896DEF35B35D6ACD8ACA98F9D48BFD.e.1276","type":"node","value":{"attributes":{"class":"absolute inset-0 flex h-full items-center justify-center overflow-hidden text-ellipsis break-words p-[0.5rem] text-center","style":"width: 19rem; background-color: rgb(66, 66, 66); border-radius: 0.4rem;"},"childNodeCount":1,"localName":"div","namespaceURI":"http://www.w3.org/1999/xhtml","nodeType":1,"shadowRoot":null}},{"sharedId":"f.8AA54734AA77FC8FA71C50576EE7DE7A.d.81896DEF35B35D6ACD8ACA98F9D48BFD.e.1277","type":"node","value":{"attributes":{"class":"max-w-full whitespace-normal break-words text-[2.4rem] font-semibold"},"childNodeCount":1,"localName":"p","namespaceURI":"http://www.w3.org/1999/xhtml","nodeType":1,"shadowRoot":null}},{"sharedId":"f.8AA54734AA77FC8FA71C50576EE7DE7A.d.81896DEF35B35D6ACD8ACA98F9D48BFD.e.1278","type":"node","value":{"attributes":{"alt":"Sigaw","class":"absolute inset-0 z-10 h-full w-full","src":"https://pql-static.abs-cbn.com/images/sigaw.thumb-portrait.jpg?im_policy=portraitThumb_tv_fhd","style":"object-fit: cover; border-radius: 0.4rem;"},"childNodeCount":0,"localName":"img","namespaceURI":"http://www.w3.org/1999/xhtml","nodeType":1,"shadowRoot":null}},{"sharedId":"f.8AA54734AA77FC8FA71C50576EE7DE7A.d.81896DEF35B35D6ACD8ACA98F9D48BFD.e.1279","type":"node","value":{"attributes":{"class":"absolute left-0 top-0 z-10"},"childNodeCount":1,"localName":"div","namespaceURI":"http://www.w3.org/1999/xhtml","nodeType":1,"shadowRoot":null}},{"sharedId":"f.8AA54734AA77FC8FA71C50576EE7DE7A.d.81896DEF35B35D6ACD8ACA98F9D48BFD.e.1280","type":"node","value":{"attributes":{"alt":"https://pql-static.iwanttfc.com/static/uat/common/images/monetisation/free.png","class":"h-[3.2rem] w-auto object-contain","src":"https://pql-static.iwanttfc.com/static/uat/common/images/monetisation/free.png"},"childNodeCount":0,"localName":"img","namespaceURI":"http://www.w3.org/1999/xhtml","nodeType":1,"shadowRoot":null}},{"sharedId":"f.8AA54734AA77FC8FA71C50576EE7DE7A.d.81896DEF35B35D6ACD8ACA98F9D48BFD.e.1281","type":"node","value":{"attributes":{"class":"thumbnail relative cursor-pointer outline-none"},"childNodeCount":1,"localName":"div","namespaceURI":"http://www.w3.org/1999/xhtml","nodeType":1,"shadowRoot":null}},{"sharedId":"f.8AA54734AA77FC8FA71C50576EE7DE7A.d.81896DEF35B35D6ACD8ACA98F9D48BFD.e.1282","type":"node","value":{"attributes":{"class":"relative","style":"height: 28.5rem; min-width: 19rem; border-radius: 0.4rem; box-shadow: transparent 0px 0px 0px 0.3rem; transform: scale(1); transition: box-shadow 0.2s, transform 0.2s ease-in;"},"childNodeCount":2,"localName":"div","namespaceURI":"http://www.w3.org/1999/xhtml","nodeType":1,"shadowRoot":null}},{"sharedId":"f.8AA54734AA77FC8FA71C50576EE7DE7A.d.81896DEF35B35D6ACD8ACA98F9D48BFD.e.1283","type":"node","value":{"attributes":{"class":"relative overflow-hidden","style":"width: 19rem; height: 100%; transition: width 0.3s;"},"childNodeCount":2,"localName":"div","namespaceURI":"http://www.w3.org/1999/xhtml","nodeType":1,"shadowRoot":null}},{"sharedId":"f.8AA54734AA77FC8FA71C50576EE7DE7A.d.81896DEF35B35D6ACD8ACA98F9D48BFD.e.1284","type":"node","value":{"attributes":{"class":"absolute inset-0 z-0 h-full hidden"},"childNodeCount":1,"localName":"div","namespaceURI":"http://www.w3.org/1999/xhtml","nodeType":1,"shadowRoot":null}},{"sharedId":"f.8AA54734AA77FC8FA71C50576EE7DE7A.d.81896DEF35B35D6ACD8ACA98F9D48BFD.e.1285","type":"node","value":{"attributes":{"class":"absolute inset-0 flex h-full items-center justify-center overflow-hidden text-ellipsis break-words p-[0.5rem] text-center","style":"width: 19rem; background-color: rgb(66, 66, 66); border-radius: 0.4rem;"},"childNodeCount":1,"localName":"div","namespaceURI":"http://www.w3.org/1999/xhtml","nodeType":1,"shadowRoot":null}},{"sharedId":"f.8AA54734AA77FC8FA71C50576EE7DE7A.d.81896DEF35B35D6ACD8ACA98F9D48BFD.e.1286","type":"node","value":{"attributes":{"class":"max-w-full whitespace-normal break-words text-[2.4rem] font-semibold"},"childNodeCount":1,"localName":"p","namespaceURI":"http://www.w3.org/1999/xhtml","nodeType":1,"shadowRoot":null}},{"sharedId":"f.8AA54734AA77FC8FA71C50576EE7DE7A.d.81896DEF35B35D6ACD8ACA98F9D48BFD.e.1287","type":"node","value":{"attributes":{"alt":"Halik sa Hangin","class":"absolute inset-0 z-10 h-full w-full","src":"https://pql-static.abs-cbn.com/images/haliksahangin.thumb-portrait.jpg?im_policy=portraitThumb_tv_fhd","style":"object-fit: cover; border-radius: 0.4rem;"},"childNodeCount":0,"localName":"img","namespaceURI":"http://www.w3.org/1999/xhtml","nodeType":1,"shadowRoot":null}},{"sharedId":"f.8AA54734AA77FC8FA71C50576EE7DE7A.d.81896DEF35B35D6ACD8ACA98F9D48BFD.e.1288","type":"node","value":{"attributes":{"class":"absolute left-0 top-0 z-10"},"childNodeCount":1,"localName":"div","namespaceURI":"http://www.w3.org/1999/xhtml","nodeType":1,"shadowRoot":null}},{"sharedId":"f.8AA54734AA77FC8FA71C50576EE7DE7A.d.81896DEF35B35D6ACD8ACA98F9D48BFD.e.1289","type":"node","value":{"attributes":{"alt":"https://pql-static.iwanttfc.com/static/uat/common/images/monetisation/free.png","class":"h-[3.2rem] w-auto object-contain","src":"https://pql-static.iwanttfc.com/static/uat/common/images/monetisation/free.png"},"childNodeCount":0,"localName":"img","namespaceURI":"http://www.w3.org/1999/xhtml","nodeType":1,"shadowRoot":null}},{"sharedId":"f.8AA54734AA77FC8FA71C50576EE7DE7A.d.81896DEF35B35D6ACD8ACA98F9D48BFD.e.1290","type":"node","value":{"attributes":{"class":"thumbnail relative cursor-pointer outline-none"},"childNodeCount":1,"localName":"div","namespaceURI":"http://www.w3.org/1999/xhtml","nodeType":1,"shadowRoot":null}},{"sharedId":"f.8AA54734AA77FC8FA71C50576EE7DE7A.d.81896DEF35B35D6ACD8ACA98F9D48BFD.e.1291","type":"node","value":{"attributes":{"class":"relative","style":"height: 28.5rem; min-width: 19rem; border-radius: 0.4rem; box-shadow: transparent 0px 0px 0px 0.3rem; transform: scale(1); transition: box-shadow 0.2s, transform 0.2s ease-in;"},"childNodeCount":1,"localName":"div","namespaceURI":"http://www.w3.org/1999/xhtml","nodeType":1,"shadowRoot":null}},{"sharedId":"f.8AA54734AA77FC8FA71C50576EE7DE7A.d.81896DEF35B35D6ACD8ACA98F9D48BFD.e.1292","type":"node","value":{"attributes":{"class":"relative overflow-hidden","style":"width: 19rem; height: 100%; transition: width 0.3s;"},"childNodeCount":2,"localName":"div","namespaceURI":"http://www.w3.org/1999/xhtml","nodeType":1,"shadowRoot":null}},{"sharedId":"f.8AA54734AA77FC8FA71C50576EE7DE7A.d.81896DEF35B35D6ACD8ACA98F9D48BFD.e.1293","type":"node","value":{"attributes":{"class":"absolute inset-0 z-0 h-full hidden"},"childNodeCount":1,"localName":"div","namespaceURI":"http://www.w3.org/1999/xhtml","nodeType":1,"shadowRoot":null}},{"sharedId":"f.8AA54734AA77FC8FA71C50576EE7DE7A.d.81896DEF35B35D6ACD8ACA98F9D48BFD.e.1294","type":"node","value":{"attributes":{"class":"absolute inset-0 flex h-full items-center justify-center overflow-hidden text-ellipsis break-words p-[0.5rem] text-center","style":"width: 19rem; background-color: rgb(66, 66, 66); border-radius: 0.4rem;"},"childNodeCount":1,"localName":"div","namespaceURI":"http://www.w3.org/1999/xhtml","nodeType":1,"shadowRoot":null}},{"sharedId":"f.8AA54734AA77FC8FA71C50576EE7DE7A.d.81896DEF35B35D6ACD8ACA98F9D48BFD.e.1295","type":"node","value":{"attributes":{"class":"max-w-full whitespace-normal break-words text-[2.4rem] font-semibold"},"childNodeCount":1,"localName":"p","namespaceURI":"http://www.w3.org/1999/xhtml","nodeType":1,"shadowRoot":null}},{"sharedId":"f.8AA54734AA77FC8FA71C50576EE7DE7A.d.81896DEF35B35D6ACD8ACA98F9D48BFD.e.1296","type":"node","value":{"attributes":{"alt":"Fractured","class":"absolute inset-0 z-10 h-full w-full","src":"https://pql-static.abs-cbn.com/images/fractured.thumb-portrait.jpg?im_policy=portraitThumb_tv_fhd","style":"object-fit: cover; border-radius: 0.4rem;"},"childNodeCount":0,"localName":"img","namespaceURI":"http://www.w3.org/1999/xhtml","nodeType":1,"shadowRoot":null}},{"sharedId":"f.8AA54734AA77FC8FA71C50576EE7DE7A.d.81896DEF35B35D6ACD8ACA98F9D48BFD.e.1297","type":"node","value":{"attributes":{"class":"thumbnail relative cursor-pointer outline-none"},"childNodeCount":1,"localName":"div","namespaceURI":"http://www.w3.org/1999/xhtml","nodeType":1,"shadowRoot":null}},{"sharedId":"f.8AA54734AA77FC8FA71C50576EE7DE7A.d.81896DEF35B35D6ACD8ACA98F9D48BFD.e.1298","type":"node","value":{"attributes":{"class":"relative","style":"height: 28.5rem; min-width: 19rem; border-radius: 0.4rem; box-shadow: transparent 0px 0px 0px 0.3rem; transform: scale(1); transition: box-shadow 0.2s, transform 0.2s ease-in;"},"childNodeCount":1,"localName":"div","namespaceURI":"http://www.w3.org/1999/xhtml","nodeType":1,"shadowRoot":null}},{"sharedId":"f.8AA54734AA77FC8FA71C50576EE7DE7A.d.81896DEF35B35D6ACD8ACA98F9D48BFD.e.1299","type":"node","value":{"attributes":{"class":"relative overflow-hidden","style":"width: 19rem; height: 100%; transition: width 0.3s;"},"childNodeCount":2,"localName":"div","namespaceURI":"http://www.w3.org/1999/xhtml","nodeType":1,"shadowRoot":null}},{"sharedId":"f.8AA54734AA77FC8FA71C50576EE7DE7A.d.81896DEF35B35D6ACD8ACA98F9D48BFD.e.1300","type":"node","value":{"attributes":{"class":"absolute inset-0 z-0 h-full hidden"},"childNodeCount":1,"localName":"div","namespaceURI":"http://www.w3.org/1999/xhtml","nodeType":1,"shadowRoot":null}},{"sharedId":"f.8AA54734AA77FC8FA71C50576EE7DE7A.d.81896DEF35B35D6ACD8ACA98F9D48BFD.e.1301","type":"node","value":{"attributes":{"class":"absolute inset-0 flex h-full items-center justify-center overflow-hidden text-ellipsis break-words p-[0.5rem] text-center","style":"width: 19rem; background-color: rgb(66, 66, 66); border-radius: 0.4rem;"},"childNodeCount":1,"localName":"div","namespaceURI":"http://www.w3.org/1999/xhtml","nodeType":1,"shadowRoot":null}},{"sharedId":"f.8AA54734AA77FC8FA71C50576EE7DE7A.d.81896DEF35B35D6ACD8ACA98F9D48BFD.e.1302","type":"node","value":{"attributes":{"class":"max-w-full whitespace-normal break-words text-[2.4rem] font-semibold"},"childNodeCount":1,"localName":"p","namespaceURI":"http://www.w3.org/1999/xhtml","nodeType":1,"shadowRoot":null}},{"sharedId":"f.8AA54734AA77FC8FA71C50576EE7DE7A.d.81896DEF35B35D6ACD8ACA98F9D48BFD.e.1303","type":"node","value":{"attributes":{"alt":"Salvage","class":"absolute inset-0 z-10 h-full w-full","src":"https://pql-static.abs-cbn.com/images/salvage.thumb-portrait.jpg?im_policy=portraitThumb_tv_fhd","style":"object-fit: cover; border-radius: 0.4rem;"},"childNodeCount":0,"localName":"img","namespaceURI":"http://www.w3.org/1999/xhtml","nodeType":1,"shadowRoot":null}},{"sharedId":"f.8AA54734AA77FC8FA71C50576EE7DE7A.d.81896DEF35B35D6ACD8ACA98F9D48BFD.e.1304","type":"node","value":{"attributes":{"class":"thumbnail relative cursor-pointer outline-none"},"childNodeCount":1,"localName":"div","namespaceURI":"http://www.w3.org/1999/xhtml","nodeType":1,"shadowRoot":null}},{"sharedId":"f.8AA54734AA77FC8FA71C50576EE7DE7A.d.81896DEF35B35D6ACD8ACA98F9D48BFD.e.1305","type":"node","value":{"attributes":{"class":"relative","style":"height: 28.5rem; min-width: 19rem; border-radius: 0.4rem; box-shadow: transparent 0px 0px 0px 0.3rem; transform: scale(1); transition: box-shadow 0.2s, transform 0.2s ease-in;"},"childNodeCount":2,"localName":"div","namespaceURI":"http://www.w3.org/1999/xhtml","nodeType":1,"shadowRoot":null}},{"sharedId":"f.8AA54734AA77FC8FA71C50576EE7DE7A.d.81896DEF35B35D6ACD8ACA98F9D48BFD.e.1306","type":"node","value":{"attributes":{"class":"relative overflow-hidden","style":"width: 19rem; height: 100%; transition: width 0.3s;"},"childNodeCount":2,"localName":"div","namespaceURI":"http://www.w3.org/1999/xhtml","nodeType":1,"shadowRoot":null}},{"sharedId":"f.8AA54734AA77FC8FA71C50576EE7DE7A.d.81896DEF35B35D6ACD8ACA98F9D48BFD.e.1307","type":"node","value":{"attributes":{"class":"absolute inset-0 z-0 h-full hidden"},"childNodeCount":1,"localName":"div","namespaceURI":"http://www.w3.org/1999/xhtml","nodeType":1,"shadowRoot":null}},{"sharedId":"f.8AA54734AA77FC8FA71C50576EE7DE7A.d.81896DEF35B35D6ACD8ACA98F9D48BFD.e.1308","type":"node","value":{"attributes":{"class":"absolute inset-0 flex h-full items-center justify-center overflow-hidden text-ellipsis break-words p-[0.5rem] text-center","style":"width: 19rem; background-color: rgb(66, 66, 66); border-radius: 0.4rem;"},"childNodeCount":1,"localName":"div","namespaceURI":"http://www.w3.org/1999/xhtml","nodeType":1,"shadowRoot":null}},{"sharedId":"f.8AA54734AA77FC8FA71C50576EE7DE7A.d.81896DEF35B35D6ACD8ACA98F9D48BFD.e.1309","type":"node","value":{"attributes":{"class":"max-w-full whitespace-normal break-words text-[2.4rem] font-semibold"},"childNodeCount":1,"localName":"p","namespaceURI":"http://www.w3.org/1999/xhtml","nodeType":1,"shadowRoot":null}},{"sharedId":"f.8AA54734AA77FC8FA71C50576EE7DE7A.d.81896DEF35B35D6ACD8ACA98F9D48BFD.e.1310","type":"node","value":{"attributes":{"alt":"Ugoy ng Duyan","class":"absolute inset-0 z-10 h-full w-full","src":"https://pql-static.abs-cbn.com/images/sinereelugoyngduyan.thumb-portrait.JPG?im_policy=portraitThumb_tv_fhd","style":"object-fit: cover; border-radius: 0.4rem;"},"childNodeCount":0,"localName":"img","namespaceURI":"http://www.w3.org/1999/xhtml","nodeType":1,"shadowRoot":null}},{"sharedId":"f.8AA54734AA77FC8FA71C50576EE7DE7A.d.81896DEF35B35D6ACD8ACA98F9D48BFD.e.1311","type":"node","value":{"attributes":{"class":"absolute left-0 top-0 z-10"},"childNodeCount":1,"localName":"div","namespaceURI":"http://www.w3.org/1999/xhtml","nodeType":1,"shadowRoot":null}},{"sharedId":"f.8AA54734AA77FC8FA71C50576EE7DE7A.d.81896DEF35B35D6ACD8ACA98F9D48BFD.e.1312","type":"node","value":{"attributes":{"alt":"https://pql-static.iwanttfc.com/static/uat/common/images/monetisation/free.png","class":"h-[3.2rem] w-auto object-contain","src":"https://pql-static.iwanttfc.com/static/uat/common/images/monetisation/free.png"},"childNodeCount":0,"localName":"img","namespaceURI":"http://www.w3.org/1999/xhtml","nodeType":1,"shadowRoot":null}},{"sharedId":"f.8AA54734AA77FC8FA71C50576EE7DE7A.d.81896DEF35B35D6ACD8ACA98F9D48BFD.e.1313","type":"node","value":{"attributes":{"class":"thumbnail relative cursor-pointer outline-none"},"childNodeCount":1,"localName":"div","namespaceURI":"http://www.w3.org/1999/xhtml","nodeType":1,"shadowRoot":null}},{"sharedId":"f.8AA54734AA77FC8FA71C50576EE7DE7A.d.81896DEF35B35D6ACD8ACA98F9D48BFD.e.1314","type":"node","value":{"attributes":{"class":"relative","style":"height: 28.5rem; min-width: 19rem; border-radius: 0.4rem; box-shadow: transparent 0px 0px 0px 0.3rem; transform: scale(1); transition: box-shadow 0.2s, transform 0.2s ease-in;"},"childNodeCount":1,"localName":"div","namespaceURI":"http://www.w3.org/1999/xhtml","nodeType":1,"shadowRoot":null}},{"sharedId":"f.8AA54734AA77FC8FA71C50576EE7DE7A.d.81896DEF35B35D6ACD8ACA98F9D48BFD.e.1315","type":"node","value":{"attributes":{"class":"relative overflow-hidden","style":"width: 19rem; height: 100%; transition: width 0.3s;"},"childNodeCount":2,"localName":"div","namespaceURI":"http://www.w3.org/1999/xhtml","nodeType":1,"shadowRoot":null}},{"sharedId":"f.8AA54734AA77FC8FA71C50576EE7DE7A.d.81896DEF35B35D6ACD8ACA98F9D48BFD.e.1316","type":"node","value":{"attributes":{"class":"absolute inset-0 z-0 h-full hidden"},"childNodeCount":1,"localName":"div","namespaceURI":"http://www.w3.org/1999/xhtml","nodeType":1,"shadowRoot":null}},{"sharedId":"f.8AA54734AA77FC8FA71C50576EE7DE7A.d.81896DEF35B35D6ACD8ACA98F9D48BFD.e.1317","type":"node","value":{"attributes":{"class":"absolute inset-0 flex h-full items-center justify-center overflow-hidden text-ellipsis break-words p-[0.5rem] text-center","style":"width: 19rem; background-color: rgb(66, 66, 66); border-radius: 0.4rem;"},"childNodeCount":1,"localName":"div","namespaceURI":"http://www.w3.org/1999/xhtml","nodeType":1,"shadowRoot":null}},{"sharedId":"f.8AA54734AA77FC8FA71C50576EE7DE7A.d.81896DEF35B35D6ACD8ACA98F9D48BFD.e.1318","type":"node","value":{"attributes":{"class":"max-w-full whitespace-normal break-words text-[2.4rem] font-semibold"},"childNodeCount":1,"localName":"p","namespaceURI":"http://www.w3.org/1999/xhtml","nodeType":1,"shadowRoot":null}},{"sharedId":"f.8AA54734AA77FC8FA71C50576EE7DE7A.d.81896DEF35B35D6ACD8ACA98F9D48BFD.e.1319","type":"node","value":{"attributes":{"alt":"I Am U","class":"absolute inset-0 z-10 h-full w-full","src":"https://pql-static.abs-cbn.com/images/iamu.thumb-portrait.jpg?im_policy=portraitThumb_tv_fhd","style":"object-fit: cover; border-radius: 0.4rem;"},"childNodeCount":0,"localName":"img","namespaceURI":"http://www.w3.org/1999/xhtml","nodeType":1,"shadowRoot":null}},{"sharedId":"f.8AA54734AA77FC8FA71C50576EE7DE7A.d.81896DEF35B35D6ACD8ACA98F9D48BFD.e.1320","type":"node","value":{"attributes":{"class":"thumbnail relative cursor-pointer outline-none"},"childNodeCount":1,"localName":"div","namespaceURI":"http://www.w3.org/1999/xhtml","nodeType":1,"shadowRoot":null}},{"sharedId":"f.8AA54734AA77FC8FA71C50576EE7DE7A.d.81896DEF35B35D6ACD8ACA98F9D48BFD.e.1321","type":"node","value":{"attributes":{"class":"relative","style":"height: 28.5rem; min-width: 19rem; border-radius: 0.4rem; box-shadow: transparent 0px 0px 0px 0.3rem; transform: scale(1); transition: box-shadow 0.2s, transform 0.2s ease-in;"},"childNodeCount":1,"localName":"div","namespaceURI":"http://www.w3.org/1999/xhtml","nodeType":1,"shadowRoot":null}},{"sharedId":"f.8AA54734AA77FC8FA71C50576EE7DE7A.d.81896DEF35B35D6ACD8ACA98F9D48BFD.e.1322","type":"node","value":{"attributes":{"class":"relative overflow-hidden","style":"width: 19rem; height: 100%; transition: width 0.3s;"},"childNodeCount":2,"localName":"div","namespaceURI":"http://www.w3.org/1999/xhtml","nodeType":1,"shadowRoot":null}},{"sharedId":"f.8AA54734AA77FC8FA71C50576EE7DE7A.d.81896DEF35B35D6ACD8ACA98F9D48BFD.e.1323","type":"node","value":{"attributes":{"class":"absolute inset-0 z-0 h-full hidden"},"childNodeCount":1,"localName":"div","namespaceURI":"http://www.w3.org/1999/xhtml","nodeType":1,"shadowRoot":null}},{"sharedId":"f.8AA54734AA77FC8FA71C50576EE7DE7A.d.81896DEF35B35D6ACD8ACA98F9D48BFD.e.1324","type":"node","value":{"attributes":{"class":"absolute inset-0 flex h-full items-center justify-center overflow-hidden text-ellipsis break-words p-[0.5rem] text-center","style":"width: 19rem; background-color: rgb(66, 66, 66); border-radius: 0.4rem;"},"childNodeCount":1,"localName":"div","namespaceURI":"http://www.w3.org/1999/xhtml","nodeType":1,"shadowRoot":null}},{"sharedId":"f.8AA54734AA77FC8FA71C50576EE7DE7A.d.81896DEF35B35D6ACD8ACA98F9D48BFD.e.1325","type":"node","value":{"attributes":{"class":"max-w-full whitespace-normal break-words text-[2.4rem] font-semibold"},"childNodeCount":1,"localName":"p","namespaceURI":"http://www.w3.org/1999/xhtml","nodeType":1,"shadowRoot":null}},{"sharedId":"f.8AA54734AA77FC8FA71C50576EE7DE7A.d.81896DEF35B35D6ACD8ACA98F9D48BFD.e.1326","type":"node","value":{"attributes":{"alt":"Block Z","class":"absolute inset-0 z-10 h-full w-full","src":"https://pql-static.abs-cbn.com/images/blockz.thumb-portrait.jpg?im_policy=portraitThumb_tv_fhd","style":"object-fit: cover; border-radius: 0.4rem;"},"childNodeCount":0,"localName":"img","namespaceURI":"http://www.w3.org/1999/xhtml","nodeType":1,"shadowRoot":null}},{"sharedId":"f.8AA54734AA77FC8FA71C50576EE7DE7A.d.81896DEF35B35D6ACD8ACA98F9D48BFD.e.1327","type":"node","value":{"attributes":{"class":"thumbnail relative cursor-pointer outline-none"},"childNodeCount":1,"localName":"div","namespaceURI":"http://www.w3.org/1999/xhtml","nodeType":1,"shadowRoot":null}},{"sharedId":"f.8AA54734AA77FC8FA71C50576EE7DE7A.d.81896DEF35B35D6ACD8ACA98F9D48BFD.e.1328","type":"node","value":{"attributes":{"class":"relative","style":"height: 28.5rem; min-width: 19rem; border-radius: 0.4rem; box-shadow: transparent 0px 0px 0px 0.3rem; transform: scale(1); transition: box-shadow 0.2s, transform 0.2s ease-in;"},"childNodeCount":1,"localName":"div","namespaceURI":"http://www.w3.org/1999/xhtml","nodeType":1,"shadowRoot":null}},{"sharedId":"f.8AA54734AA77FC8FA71C50576EE7DE7A.d.81896DEF35B35D6ACD8ACA98F9D48BFD.e.1329","type":"node","value":{"attributes":{"class":"relative overflow-hidden","style":"width: 19rem; height: 100%; transition: width 0.3s;"},"childNodeCount":2,"localName":"div","namespaceURI":"http://www.w3.org/1999/xhtml","nodeType":1,"shadowRoot":null}},{"sharedId":"f.8AA54734AA77FC8FA71C50576EE7DE7A.d.81896DEF35B35D6ACD8ACA98F9D48BFD.e.1330","type":"node","value":{"attributes":{"class":"absolute inset-0 z-0 h-full hidden"},"childNodeCount":1,"localName":"div","namespaceURI":"http://www.w3.org/1999/xhtml","nodeType":1,"shadowRoot":null}},{"sharedId":"f.8AA54734AA77FC8FA71C50576EE7DE7A.d.81896DEF35B35D6ACD8ACA98F9D48BFD.e.1331","type":"node","value":{"attributes":{"class":"absolute inset-0 flex h-full items-center justify-center overflow-hidden text-ellipsis break-words p-[0.5rem] text-center","style":"width: 19rem; background-color: rgb(66, 66, 66); border-radius: 0.4rem;"},"childNodeCount":1,"localName":"div","namespaceURI":"http://www.w3.org/1999/xhtml","nodeType":1,"shadowRoot":null}},{"sharedId":"f.8AA54734AA77FC8FA71C50576EE7DE7A.d.81896DEF35B35D6ACD8ACA98F9D48BFD.e.1332","type":"node","value":{"attributes":{"class":"max-w-full whitespace-normal break-words text-[2.4rem] font-semibold"},"childNodeCount":1,"localName":"p","namespaceURI":"http://www.w3.org/1999/xhtml","nodeType":1,"shadowRoot":null}},{"sharedId":"f.8AA54734AA77FC8FA71C50576EE7DE7A.d.81896DEF35B35D6ACD8ACA98F9D48BFD.e.1333","type":"node","value":{"attributes":{"alt":"Watch Me Kill","class":"absolute inset-0 z-10 h-full w-full","src":"https://pql-static.abs-cbn.com/images/wmk2019.thumb-portrait.jpg?im_policy=portraitThumb_tv_fhd","style":"object-fit: cover; border-radius: 0.4rem;"},"childNodeCount":0,"localName":"img","namespaceURI":"http://www.w3.org/1999/xhtml","nodeType":1,"shadowRoot":null}},{"sharedId":"f.8AA54734AA77FC8FA71C50576EE7DE7A.d.81896DEF35B35D6ACD8ACA98F9D48BFD.e.1334","type":"node","value":{"attributes":{"class":"thumbnail relative cursor-pointer outline-none"},"childNodeCount":1,"localName":"div","namespaceURI":"http://www.w3.org/1999/xhtml","nodeType":1,"shadowRoot":null}},{"sharedId":"f.8AA54734AA77FC8FA71C50576EE7DE7A.d.81896DEF35B35D6ACD8ACA98F9D48BFD.e.1335","type":"node","value":{"attributes":{"class":"relative","style":"height: 28.5rem; min-width: 19rem; border-radius: 0.4rem; box-shadow: transparent 0px 0px 0px 0.3rem; transform: scale(1); transition: box-shadow 0.2s, transform 0.2s ease-in;"},"childNodeCount":1,"localName":"div","namespaceURI":"http://www.w3.org/1999/xhtml","nodeType":1,"shadowRoot":null}},{"sharedId":"f.8AA54734AA77FC8FA71C50576EE7DE7A.d.81896DEF35B35D6ACD8ACA98F9D48BFD.e.1336","type":"node","value":{"attributes":{"class":"relative overflow-hidden","style":"width: 19rem; height: 100%; transition: width 0.3s;"},"childNodeCount":2,"localName":"div","namespaceURI":"http://www.w3.org/1999/xhtml","nodeType":1,"shadowRoot":null}},{"sharedId":"f.8AA54734AA77FC8FA71C50576EE7DE7A.d.81896DEF35B35D6ACD8ACA98F9D48BFD.e.1337","type":"node","value":{"attributes":{"class":"absolute inset-0 z-0 h-full hidden"},"childNodeCount":1,"localName":"div","namespaceURI":"http://www.w3.org/1999/xhtml","nodeType":1,"shadowRoot":null}},{"sharedId":"f.8AA54734AA77FC8FA71C50576EE7DE7A.d.81896DEF35B35D6ACD8ACA98F9D48BFD.e.1338","type":"node","value":{"attributes":{"class":"absolute inset-0 flex h-full items-center justify-center overflow-hidden text-ellipsis break-words p-[0.5rem] text-center","style":"width: 19rem; background-color: rgb(66, 66, 66); border-radius: 0.4rem;"},"childNodeCount":1,"localName":"div","namespaceURI":"http://www.w3.org/1999/xhtml","nodeType":1,"shadowRoot":null}},{"sharedId":"f.8AA54734AA77FC8FA71C50576EE7DE7A.d.81896DEF35B35D6ACD8ACA98F9D48BFD.e.1339","type":"node","value":{"attributes":{"class":"max-w-full whitespace-normal break-words text-[2.4rem] font-semibold"},"childNodeCount":1,"localName":"p","namespaceURI":"http://www.w3.org/1999/xhtml","nodeType":1,"shadowRoot":null}},{"sharedId":"f.8AA54734AA77FC8FA71C50576EE7DE7A.d.81896DEF35B35D6ACD8ACA98F9D48BFD.e.1340","type":"node","value":{"attributes":{"alt":"Buy Now, Die Later","class":"absolute inset-0 z-10 h-full w-full","src":"https://pql-static.abs-cbn.com/images/buynowdielater2015.thumb-portrait.jpg?im_policy=portraitThumb_tv_fhd","style":"object-fit: cover; border-radius: 0.4rem;"},"childNodeCount":0,"localName":"img","namespaceURI":"http://www.w3.org/1999/xhtml","nodeType":1,"shadowRoot":null}},{"sharedId":"f.8AA54734AA77FC8FA71C50576EE7DE7A.d.81896DEF35B35D6ACD8ACA98F9D48BFD.e.1341","type":"node","value":{"attributes":{"class":"thumbnail relative cursor-pointer outline-none"},"childNodeCount":1,"localName":"div","namespaceURI":"http://www.w3.org/1999/xhtml","nodeType":1,"shadowRoot":null}},{"sharedId":"f.8AA54734AA77FC8FA71C50576EE7DE7A.d.81896DEF35B35D6ACD8ACA98F9D48BFD.e.1342","type":"node","value":{"attributes":{"class":"relative","style":"height: 28.5rem; min-width: 19rem; border-radius: 0.4rem; box-shadow: transparent 0px 0px 0px 0.3rem; transform: scale(1); transition: box-shadow 0.2s, transform 0.2s ease-in;"},"childNodeCount":1,"localName":"div","namespaceURI":"http://www.w3.org/1999/xhtml","nodeType":1,"shadowRoot":null}},{"sharedId":"f.8AA54734AA77FC8FA71C50576EE7DE7A.d.81896DEF35B35D6ACD8ACA98F9D48BFD.e.1343","type":"node","value":{"attributes":{"class":"relative overflow-hidden","style":"width: 19rem; height: 100%; transition: width 0.3s;"},"childNodeCount":2,"localName":"div","namespaceURI":"http://www.w3.org/1999/xhtml","nodeType":1,"shadowRoot":null}},{"sharedId":"f.8AA54734AA77FC8FA71C50576EE7DE7A.d.81896DEF35B35D6ACD8ACA98F9D48BFD.e.1344","type":"node","value":{"attributes":{"class":"absolute inset-0 z-0 h-full hidden"},"childNodeCount":1,"localName":"div","namespaceURI":"http://www.w3.org/1999/xhtml","nodeType":1,"shadowRoot":null}},{"sharedId":"f.8AA54734AA77FC8FA71C50576EE7DE7A.d.81896DEF35B35D6ACD8ACA98F9D48BFD.e.1345","type":"node","value":{"attributes":{"class":"absolute inset-0 flex h-full items-center justify-center overflow-hidden text-ellipsis break-words p-[0.5rem] text-center","style":"width: 19rem; background-color: rgb(66, 66, 66); border-radius: 0.4rem;"},"childNodeCount":1,"localName":"div","namespaceURI":"http://www.w3.org/1999/xhtml","nodeType":1,"shadowRoot":null}},{"sharedId":"f.8AA54734AA77FC8FA71C50576EE7DE7A.d.81896DEF35B35D6ACD8ACA98F9D48BFD.e.1346","type":"node","value":{"attributes":{"class":"max-w-full whitespace-normal break-words text-[2.4rem] font-semibold"},"childNodeCount":1,"localName":"p","namespaceURI":"http://www.w3.org/1999/xhtml","nodeType":1,"shadowRoot":null}},{"sharedId":"f.8AA54734AA77FC8FA71C50576EE7DE7A.d.81896DEF35B35D6ACD8ACA98F9D48BFD.e.1347","type":"node","value":{"attributes":{"alt":"Ma","class":"absolute inset-0 z-10 h-full w-full","src":"https://pql-static.abs-cbn.com/images/ma.thumb-portrait.jpg?im_policy=portraitThumb_tv_fhd","style":"object-fit: cover; border-radius: 0.4rem;"},"childNodeCount":0,"localName":"img","namespaceURI":"http://www.w3.org/1999/xhtml","nodeType":1,"shadowRoot":null}},{"sharedId":"f.8AA54734AA77FC8FA71C50576EE7DE7A.d.81896DEF35B35D6ACD8ACA98F9D48BFD.e.1348","type":"node","value":{"attributes":{"class":"thumbnail relative cursor-pointer outline-none"},"childNodeCount":1,"localName":"div","namespaceURI":"http://www.w3.org/1999/xhtml","nodeType":1,"shadowRoot":null}},{"sharedId":"f.8AA54734AA77FC8FA71C50576EE7DE7A.d.81896DEF35B35D6ACD8ACA98F9D48BFD.e.1349","type":"node","value":{"attributes":{"class":"relative","style":"height: 28.5rem; min-width: 19rem; border-radius: 0.4rem; box-shadow: transparent 0px 0px 0px 0.3rem; transform: scale(1); transition: box-shadow 0.2s, transform 0.2s ease-in;"},"childNodeCount":1,"localName":"div","namespaceURI":"http://www.w3.org/1999/xhtml","nodeType":1,"shadowRoot":null}},{"sharedId":"f.8AA54734AA77FC8FA71C50576EE7DE7A.d.81896DEF35B35D6ACD8ACA98F9D48BFD.e.1350","type":"node","value":{"attributes":{"class":"relative overflow-hidden","style":"width: 19rem; height: 100%; transition: width 0.3s;"},"childNodeCount":2,"localName":"div","namespaceURI":"http://www.w3.org/1999/xhtml","nodeType":1,"shadowRoot":null}},{"sharedId":"f.8AA54734AA77FC8FA71C50576EE7DE7A.d.81896DEF35B35D6ACD8ACA98F9D48BFD.e.1351","type":"node","value":{"attributes":{"class":"absolute inset-0 z-0 h-full hidden"},"childNodeCount":1,"localName":"div","namespaceURI":"http://www.w3.org/1999/xhtml","nodeType":1,"shadowRoot":null}},{"sharedId":"f.8AA54734AA77FC8FA71C50576EE7DE7A.d.81896DEF35B35D6ACD8ACA98F9D48BFD.e.1352","type":"node","value":{"attributes":{"class":"absolute inset-0 flex h-full items-center justify-center overflow-hidden text-ellipsis break-words p-[0.5rem] text-center","style":"width: 19rem; background-color: rgb(66, 66, 66); border-radius: 0.4rem;"},"childNodeCount":1,"localName":"div","namespaceURI":"http://www.w3.org/1999/xhtml","nodeType":1,"shadowRoot":null}},{"sharedId":"f.8AA54734AA77FC8FA71C50576EE7DE7A.d.81896DEF35B35D6ACD8ACA98F9D48BFD.e.1353","type":"node","value":{"attributes":{"class":"max-w-full whitespace-normal break-words text-[2.4rem] font-semibold"},"childNodeCount":1,"localName":"p","namespaceURI":"http://www.w3.org/1999/xhtml","nodeType":1,"shadowRoot":null}},{"sharedId":"f.8AA54734AA77FC8FA71C50576EE7DE7A.d.81896DEF35B35D6ACD8ACA98F9D48BFD.e.1354","type":"node","value":{"attributes":{"alt":"Sitsit","class":"absolute inset-0 z-10 h-full w-full","src":"https://pql-static.abs-cbn.com/images/sitsit.thumb-portrait.v2.jpg?im_policy=portraitThumb_tv_fhd","style":"object-fit: cover; border-radius: 0.4rem;"},"childNodeCount":0,"localName":"img","namespaceURI":"http://www.w3.org/1999/xhtml","nodeType":1,"shadowRoot":null}},{"sharedId":"f.8AA54734AA77FC8FA71C50576EE7DE7A.d.81896DEF35B35D6ACD8ACA98F9D48BFD.e.1355","type":"node","value":{"attributes":{"class":"thumbnail relative cursor-pointer outline-none"},"childNodeCount":1,"localName":"div","namespaceURI":"http://www.w3.org/1999/xhtml","nodeType":1,"shadowRoot":null}},{"sharedId":"f.8AA54734AA77FC8FA71C50576EE7DE7A.d.81896DEF35B35D6ACD8ACA98F9D48BFD.e.1356","type":"node","value":{"attributes":{"class":"relative","style":"height: 28.5rem; min-width: 19rem; border-radius: 0.4rem; box-shadow: transparent 0px 0px 0px 0.3rem; transform: scale(1); transition: box-shadow 0.2s, transform 0.2s ease-in;"},"childNodeCount":1,"localName":"div","namespaceURI":"http://www.w3.org/1999/xhtml","nodeType":1,"shadowRoot":null}},{"sharedId":"f.8AA54734AA77FC8FA71C50576EE7DE7A.d.81896DEF35B35D6ACD8ACA98F9D48BFD.e.1357","type":"node","value":{"attributes":{"class":"relative overflow-hidden","style":"width: 19rem; height: 100%; transition: width 0.3s;"},"childNodeCount":2,"localName":"div","namespaceURI":"http://www.w3.org/1999/xhtml","nodeType":1,"shadowRoot":null}},{"sharedId":"f.8AA54734AA77FC8FA71C50576EE7DE7A.d.81896DEF35B35D6ACD8ACA98F9D48BFD.e.1358","type":"node","value":{"attributes":{"class":"absolute inset-0 z-0 h-full hidden"},"childNodeCount":1,"localName":"div","namespaceURI":"http://www.w3.org/1999/xhtml","nodeType":1,"shadowRoot":null}},{"sharedId":"f.8AA54734AA77FC8FA71C50576EE7DE7A.d.81896DEF35B35D6ACD8ACA98F9D48BFD.e.1359","type":"node","value":{"attributes":{"class":"absolute inset-0 flex h-full items-center justify-center overflow-hidden text-ellipsis break-words p-[0.5rem] text-center","style":"width: 19rem; background-color: rgb(66, 66, 66); border-radius: 0.4rem;"},"childNodeCount":1,"localName":"div","namespaceURI":"http://www.w3.org/1999/xhtml","nodeType":1,"shadowRoot":null}},{"sharedId":"f.8AA54734AA77FC8FA71C50576EE7DE7A.d.81896DEF35B35D6ACD8ACA98F9D48BFD.e.1360","type":"node","value":{"attributes":{"class":"max-w-full whitespace-normal break-words text-[2.4rem] font-semibold"},"childNodeCount":1,"localName":"p","namespaceURI":"http://www.w3.org/1999/xhtml","nodeType":1,"shadowRoot":null}},{"sharedId":"f.8AA54734AA77FC8FA71C50576EE7DE7A.d.81896DEF35B35D6ACD8ACA98F9D48BFD.e.1361","type":"node","value":{"attributes":{"alt":"Sa Aking mga Kamay","class":"absolute inset-0 z-10 h-full w-full","src":"https://pql-static.abs-cbn.com/images/saakingmgakamay.thumb-portrait.v2.jpg?im_policy=portraitThumb_tv_fhd","style":"object-fit: cover; border-radius: 0.4rem;"},"childNodeCount":0,"localName":"img","namespaceURI":"http://www.w3.org/1999/xhtml","nodeType":1,"shadowRoot":null}},{"sharedId":"f.8AA54734AA77FC8FA71C50576EE7DE7A.d.81896DEF35B35D6ACD8ACA98F9D48BFD.e.1362","type":"node","value":{"attributes":{"class":"thumbnail relative cursor-pointer outline-none"},"childNodeCount":1,"localName":"div","namespaceURI":"http://www.w3.org/1999/xhtml","nodeType":1,"shadowRoot":null}},{"sharedId":"f.8AA54734AA77FC8FA71C50576EE7DE7A.d.81896DEF35B35D6ACD8ACA98F9D48BFD.e.1363","type":"node","value":{"attributes":{"class":"relative","style":"height: 28.5rem; min-width: 19rem; border-radius: 0.4rem; box-shadow: transparent 0px 0px 0px 0.3rem; transform: scale(1); transition: box-shadow 0.2s, transform 0.2s ease-in;"},"childNodeCount":1,"localName":"div","namespaceURI":"http://www.w3.org/1999/xhtml","nodeType":1,"shadowRoot":null}},{"sharedId":"f.8AA54734AA77FC8FA71C50576EE7DE7A.d.81896DEF35B35D6ACD8ACA98F9D48BFD.e.1364","type":"node","value":{"attributes":{"class":"relative overflow-hidden","style":"width: 19rem; height: 100%; transition: width 0.3s;"},"childNodeCount":2,"localName":"div","namespaceURI":"http://www.w3.org/1999/xhtml","nodeType":1,"shadowRoot":null}},{"sharedId":"f.8AA54734AA77FC8FA71C50576EE7DE7A.d.81896DEF35B35D6ACD8ACA98F9D48BFD.e.1365","type":"node","value":{"attributes":{"class":"absolute inset-0 z-0 h-full hidden"},"childNodeCount":1,"localName":"div","namespaceURI":"http://www.w3.org/1999/xhtml","nodeType":1,"shadowRoot":null}},{"sharedId":"f.8AA54734AA77FC8FA71C50576EE7DE7A.d.81896DEF35B35D6ACD8ACA98F9D48BFD.e.1366","type":"node","value":{"attributes":{"class":"absolute inset-0 flex h-full items-center justify-center overflow-hidden text-ellipsis break-words p-[0.5rem] text-center","style":"width: 19rem; background-color: rgb(66, 66, 66); border-radius: 0.4rem;"},"childNodeCount":1,"localName":"div","namespaceURI":"http://www.w3.org/1999/xhtml","nodeType":1,"shadowRoot":null}},{"sharedId":"f.8AA54734AA77FC8FA71C50576EE7DE7A.d.81896DEF35B35D6ACD8ACA98F9D48BFD.e.1367","type":"node","value":{"attributes":{"class":"max-w-full whitespace-normal break-words text-[2.4rem] font-semibold"},"childNodeCount":1,"localName":"p","namespaceURI":"http://www.w3.org/1999/xhtml","nodeType":1,"shadowRoot":null}},{"sharedId":"f.8AA54734AA77FC8FA71C50576EE7DE7A.d.81896DEF35B35D6ACD8ACA98F9D48BFD.e.1368","type":"node","value":{"attributes":{"alt":"Feng Shui","class":"absolute inset-0 z-10 h-full w-full","src":"https://pql-static.abs-cbn.com/images/fengshui.thumb-portrait.jpg?im_policy=portraitThumb_tv_fhd","style":"object-fit: cover; border-radius: 0.4rem;"},"childNodeCount":0,"localName":"img","namespaceURI":"http://www.w3.org/1999/xhtml","nodeType":1,"shadowRoot":null}},{"sharedId":"f.8AA54734AA77FC8FA71C50576EE7DE7A.d.81896DEF35B35D6ACD8ACA98F9D48BFD.e.1369","type":"node","value":{"attributes":{"class":"thumbnail relative cursor-pointer outline-none"},"childNodeCount":1,"localName":"div","namespaceURI":"http://www.w3.org/1999/xhtml","nodeType":1,"shadowRoot":null}},{"sharedId":"f.8AA54734AA77FC8FA71C50576EE7DE7A.d.81896DEF35B35D6ACD8ACA98F9D48BFD.e.1370","type":"node","value":{"attributes":{"class":"relative","style":"height: 28.5rem; min-width: 19rem; border-radius: 0.4rem; box-shadow: transparent 0px 0px 0px 0.3rem; transform: scale(1); transition: box-shadow 0.2s, transform 0.2s ease-in;"},"childNodeCount":1,"localName":"div","namespaceURI":"http://www.w3.org/1999/xhtml","nodeType":1,"shadowRoot":null}},{"sharedId":"f.8AA54734AA77FC8FA71C50576EE7DE7A.d.81896DEF35B35D6ACD8ACA98F9D48BFD.e.1371","type":"node","value":{"attributes":{"class":"relative overflow-hidden","style":"width: 19rem; height: 100%; transition: width 0.3s;"},"childNodeCount":2,"localName":"div","namespaceURI":"http://www.w3.org/1999/xhtml","nodeType":1,"shadowRoot":null}},{"sharedId":"f.8AA54734AA77FC8FA71C50576EE7DE7A.d.81896DEF35B35D6ACD8ACA98F9D48BFD.e.1372","type":"node","value":{"attributes":{"class":"absolute inset-0 z-0 h-full hidden"},"childNodeCount":1,"localName":"div","namespaceURI":"http://www.w3.org/1999/xhtml","nodeType":1,"shadowRoot":null}},{"sharedId":"f.8AA54734AA77FC8FA71C50576EE7DE7A.d.81896DEF35B35D6ACD8ACA98F9D48BFD.e.1373","type":"node","value":{"attributes":{"class":"absolute inset-0 flex h-full items-center justify-center overflow-hidden text-ellipsis break-words p-[0.5rem] text-center","style":"width: 19rem; background-color: rgb(66, 66, 66); border-radius: 0.4rem;"},"childNodeCount":1,"localName":"div","namespaceURI":"http://www.w3.org/1999/xhtml","nodeType":1,"shadowRoot":null}},{"sharedId":"f.8AA54734AA77FC8FA71C50576EE7DE7A.d.81896DEF35B35D6ACD8ACA98F9D48BFD.e.1374","type":"node","value":{"attributes":{"class":"max-w-full whitespace-normal break-words text-[2.4rem] font-semibold"},"childNodeCount":1,"localName":"p","namespaceURI":"http://www.w3.org/1999/xhtml","nodeType":1,"shadowRoot":null}},{"sharedId":"f.8AA54734AA77FC8FA71C50576EE7DE7A.d.81896DEF35B35D6ACD8ACA98F9D48BFD.e.1375","type":"node","value":{"attributes":{"alt":"Feng Shui 2","class":"absolute inset-0 z-10 h-full w-full","src":"https://pql-static.abs-cbn.com/images/fengshui2.thumb-portrait.jpg?im_policy=portraitThumb_tv_fhd","style":"object-fit: cover; border-radius: 0.4rem;"},"childNodeCount":0,"localName":"img","namespaceURI":"http://www.w3.org/1999/xhtml","nodeType":1,"shadowRoot":null}},{"sharedId":"f.8AA54734AA77FC8FA71C50576EE7DE7A.d.81896DEF35B35D6ACD8ACA98F9D48BFD.e.1376","type":"node","value":{"attributes":{"class":"rail relative h-full w-full pb-[3.2rem]","style":"width: 100%; margin-top: 0px; margin-bottom: 0px; margin-left: 0px; padding-left: 0px; padding-top: 3.2rem; background-size: cover; background-repeat: no-repeat; background-position: center center;"},"childNodeCount":2,"localName":"div","namespaceURI":"http://www.w3.org/1999/xhtml","nodeType":1,"shadowRoot":null}},{"sharedId":"f.8AA54734AA77FC8FA71C50576EE7DE7A.d.81896DEF35B35D6ACD8ACA98F9D48BFD.e.1377","type":"node","value":{"attributes":{"class":"title mb-[3.2rem]"},"childNodeCount":1,"localName":"div","namespaceURI":"http://www.w3.org/1999/xhtml","nodeType":1,"shadowRoot":null}},{"sharedId":"f.8AA54734AA77FC8FA71C50576EE7DE7A.d.81896DEF35B35D6ACD8ACA98F9D48BFD.e.1378","type":"node","value":{"attributes":{"class":"text-[2.8rem] font-medium leading-[3.5rem]"},"childNodeCount":1,"localName":"p","namespaceURI":"http://www.w3.org/1999/xhtml","nodeType":1,"shadowRoot":null}},{"sharedId":"f.8AA54734AA77FC8FA71C50576EE7DE7A.d.81896DEF35B35D6ACD8ACA98F9D48BFD.e.1379","type":"node","value":{"attributes":{"class":"rail-container pointer-events-none relative","style":"margin-top: 0px; margin-bottom: -3rem;"},"childNodeCount":1,"localName":"div","namespaceURI":"http://www.w3.org/1999/xhtml","nodeType":1,"shadowRoot":null}},{"sharedId":"f.8AA54734AA77FC8FA71C50576EE7DE7A.d.81896DEF35B35D6ACD8ACA98F9D48BFD.e.1380","type":"node","value":{"attributes":{"class":"scrollable-list pointer-events-auto flex gap-[1.6rem] overflow-x-auto scroll-smooth","style":"padding-top: 0px; padding-bottom: 3rem;"},"childNodeCount":13,"localName":"div","namespaceURI":"http://www.w3.org/1999/xhtml","nodeType":1,"shadowRoot":null}},{"sharedId":"f.8AA54734AA77FC8FA71C50576EE7DE7A.d.81896DEF35B35D6ACD8ACA98F9D48BFD.e.1381","type":"node","value":{"attributes":{"class":"thumbnail relative cursor-pointer outline-none"},"childNodeCount":1,"localName":"div","namespaceURI":"http://www.w3.org/1999/xhtml","nodeType":1,"shadowRoot":null}},{"sharedId":"f.8AA54734AA77FC8FA71C50576EE7DE7A.d.81896DEF35B35D6ACD8ACA98F9D48BFD.e.1382","type":"node","value":{"attributes":{"class":"relative","style":"height: 28.5rem; min-width: 19rem; border-radius: 0.4rem; box-shadow: transparent 0px 0px 0px 0.3rem; transform: scale(1); transition: box-shadow 0.2s, transform 0.2s ease-in;"},"childNodeCount":1,"localName":"div","namespaceURI":"http://www.w3.org/1999/xhtml","nodeType":1,"shadowRoot":null}},{"sharedId":"f.8AA54734AA77FC8FA71C50576EE7DE7A.d.81896DEF35B35D6ACD8ACA98F9D48BFD.e.1383","type":"node","value":{"attributes":{"class":"relative overflow-hidden","style":"width: 19rem; height: 100%; transition: width 0.3s;"},"childNodeCount":2,"localName":"div","namespaceURI":"http://www.w3.org/1999/xhtml","nodeType":1,"shadowRoot":null}},{"sharedId":"f.8AA54734AA77FC8FA71C50576EE7DE7A.d.81896DEF35B35D6ACD8ACA98F9D48BFD.e.1384","type":"node","value":{"attributes":{"class":"absolute inset-0 z-0 h-full hidden"},"childNodeCount":1,"localName":"div","namespaceURI":"http://www.w3.org/1999/xhtml","nodeType":1,"shadowRoot":null}},{"sharedId":"f.8AA54734AA77FC8FA71C50576EE7DE7A.d.81896DEF35B35D6ACD8ACA98F9D48BFD.e.1385","type":"node","value":{"attributes":{"class":"absolute inset-0 flex h-full items-center justify-center overflow-hidden text-ellipsis break-words p-[0.5rem] text-center","style":"width: 19rem; background-color: rgb(66, 66, 66); border-radius: 0.4rem;"},"childNodeCount":1,"localName":"div","namespaceURI":"http://www.w3.org/1999/xhtml","nodeType":1,"shadowRoot":null}},{"sharedId":"f.8AA54734AA77FC8FA71C50576EE7DE7A.d.81896DEF35B35D6ACD8ACA98F9D48BFD.e.1386","type":"node","value":{"attributes":{"class":"max-w-full whitespace-normal break-words text-[2.4rem] font-semibold"},"childNodeCount":1,"localName":"p","namespaceURI":"http://www.w3.org/1999/xhtml","nodeType":1,"shadowRoot":null}},{"sharedId":"f.8AA54734AA77FC8FA71C50576EE7DE7A.d.81896DEF35B35D6ACD8ACA98F9D48BFD.e.1387","type":"node","value":{"attributes":{"alt":"From Hong Kong to The Hague: The Arrest of Rodrigo Roa Duterte","class":"absolute inset-0 z-10 h-full w-full","src":"https://pql-static.abs-cbn.com/images/fromhongkongtothehague.thumb-portrait.JPG?im_policy=portraitThumb_tv_fhd","style":"object-fit: cover; border-radius: 0.4rem;"},"childNodeCount":0,"localName":"img","namespaceURI":"http://www.w3.org/1999/xhtml","nodeType":1,"shadowRoot":null}},{"sharedId":"f.8AA54734AA77FC8FA71C50576EE7DE7A.d.81896DEF35B35D6ACD8ACA98F9D48BFD.e.1388","type":"node","value":{"attributes":{"class":"thumbnail relative cursor-pointer outline-none"},"childNodeCount":1,"localName":"div","namespaceURI":"http://www.w3.org/1999/xhtml","nodeType":1,"shadowRoot":null}},{"sharedId":"f.8AA54734AA77FC8FA71C50576EE7DE7A.d.81896DEF35B35D6ACD8ACA98F9D48BFD.e.1389","type":"node","value":{"attributes":{"class":"relative","style":"height: 28.5rem; min-width: 19rem; border-radius: 0.4rem; box-shadow: transparent 0px 0px 0px 0.3rem; transform: scale(1); transition: box-shadow 0.2s, transform 0.2s ease-in;"},"childNodeCount":1,"localName":"div","namespaceURI":"http://www.w3.org/1999/xhtml","nodeType":1,"shadowRoot":null}},{"sharedId":"f.8AA54734AA77FC8FA71C50576EE7DE7A.d.81896DEF35B35D6ACD8ACA98F9D48BFD.e.1390","type":"node","value":{"attributes":{"class":"relative overflow-hidden","style":"width: 19rem; height: 100%; transition: width 0.3s;"},"childNodeCount":2,"localName":"div","namespaceURI":"http://www.w3.org/1999/xhtml","nodeType":1,"shadowRoot":null}},{"sharedId":"f.8AA54734AA77FC8FA71C50576EE7DE7A.d.81896DEF35B35D6ACD8ACA98F9D48BFD.e.1391","type":"node","value":{"attributes":{"class":"absolute inset-0 z-0 h-full hidden"},"childNodeCount":1,"localName":"div","namespaceURI":"http://www.w3.org/1999/xhtml","nodeType":1,"shadowRoot":null}},{"sharedId":"f.8AA54734AA77FC8FA71C50576EE7DE7A.d.81896DEF35B35D6ACD8ACA98F9D48BFD.e.1392","type":"node","value":{"attributes":{"class":"absolute inset-0 flex h-full items-center justify-center overflow-hidden text-ellipsis break-words p-[0.5rem] text-center","style":"width: 19rem; background-color: rgb(66, 66, 66); border-radius: 0.4rem;"},"childNodeCount":1,"localName":"div","namespaceURI":"http://www.w3.org/1999/xhtml","nodeType":1,"shadowRoot":null}},{"sharedId":"f.8AA54734AA77FC8FA71C50576EE7DE7A.d.81896DEF35B35D6ACD8ACA98F9D48BFD.e.1393","type":"node","value":{"attributes":{"class":"max-w-full whitespace-normal break-words text-[2.4rem] font-semibold"},"childNodeCount":1,"localName":"p","namespaceURI":"http://www.w3.org/1999/xhtml","nodeType":1,"shadowRoot":null}},{"sharedId":"f.8AA54734AA77FC8FA71C50576EE7DE7A.d.81896DEF35B35D6ACD8ACA98F9D48BFD.e.1394","type":"node","value":{"attributes":{"alt":"People of the Philippines vs Arnolfo Teves Jr.","class":"absolute inset-0 z-10 h-full w-full","src":"https://pql-static.abs-cbn.com/images/peopleofthephilsvstevesjr.thumb-portrait.JPG?im_policy=portraitThumb_tv_fhd","style":"object-fit: cover; border-radius: 0.4rem;"},"childNodeCount":0,"localName":"img","namespaceURI":"http://www.w3.org/1999/xhtml","nodeType":1,"shadowRoot":null}},{"sharedId":"f.8AA54734AA77FC8FA71C50576EE7DE7A.d.81896DEF35B35D6ACD8ACA98F9D48BFD.e.1395","type":"node","value":{"attributes":{"class":"thumbnail relative cursor-pointer outline-none"},"childNodeCount":1,"localName":"div","namespaceURI":"http://www.w3.org/1999/xhtml","nodeType":1,"shadowRoot":null}},{"sharedId":"f.8AA54734AA77FC8FA71C50576EE7DE7A.d.81896DEF35B35D6ACD8ACA98F9D48BFD.e.1396","type":"node","value":{"attributes":{"class":"relative","style":"height: 28.5rem; min-width: 19rem; border-radius: 0.4rem; box-shadow: transparent 0px 0px 0px 0.3rem; transform: scale(1); transition: box-shadow 0.2s, transform 0.2s ease-in;"},"childNodeCount":1,"localName":"div","namespaceURI":"http://www.w3.org/1999/xhtml","nodeType":1,"shadowRoot":null}},{"sharedId":"f.8AA54734AA77FC8FA71C50576EE7DE7A.d.81896DEF35B35D6ACD8ACA98F9D48BFD.e.1397","type":"node","value":{"attributes":{"class":"relative overflow-hidden","style":"width: 19rem; height: 100%; transition: width 0.3s;"},"childNodeCount":2,"localName":"div","namespaceURI":"http://www.w3.org/1999/xhtml","nodeType":1,"shadowRoot":null}},{"sharedId":"f.8AA54734AA77FC8FA71C50576EE7DE7A.d.81896DEF35B35D6ACD8ACA98F9D48BFD.e.1398","type":"node","value":{"attributes":{"class":"absolute inset-0 z-0 h-full hidden"},"childNodeCount":1,"localName":"div","namespaceURI":"http://www.w3.org/1999/xhtml","nodeType":1,"shadowRoot":null}},{"sharedId":"f.8AA54734AA77FC8FA71C50576EE7DE7A.d.81896DEF35B35D6ACD8ACA98F9D48BFD.e.1399","type":"node","value":{"attributes":{"class":"absolute inset-0 flex h-full items-center justify-center overflow-hidden text-ellipsis break-words p-[0.5rem] text-center","style":"width: 19rem; background-color: rgb(66, 66, 66); border-radius: 0.4rem;"},"childNodeCount":1,"localName":"div","namespaceURI":"http://www.w3.org/1999/xhtml","nodeType":1,"shadowRoot":null}},{"sharedId":"f.8AA54734AA77FC8FA71C50576EE7DE7A.d.81896DEF35B35D6ACD8ACA98F9D48BFD.e.1400","type":"node","value":{"attributes":{"class":"max-w-full whitespace-normal break-words text-[2.4rem] font-semibold"},"childNodeCount":1,"localName":"p","namespaceURI":"http://www.w3.org/1999/xhtml","nodeType":1,"shadowRoot":null}},{"sharedId":"f.8AA54734AA77FC8FA71C50576EE7DE7A.d.81896DEF35B35D6ACD8ACA98F9D48BFD.e.1401","type":"node","value":{"attributes":{"alt":"Hiyas sa Escoda:┬áFrom Science to Standoff in the West Philippine Sea","class":"absolute inset-0 z-10 h-full w-full","src":"https://pql-static.abs-cbn.com/images/hiyassaescoda.thumb-portrait.JPG?im_policy=portraitThumb_tv_fhd","style":"object-fit: cover; border-radius: 0.4rem;"},"childNodeCount":0,"localName":"img","namespaceURI":"http://www.w3.org/1999/xhtml","nodeType":1,"shadowRoot":null}},{"sharedId":"f.8AA54734AA77FC8FA71C50576EE7DE7A.d.81896DEF35B35D6ACD8ACA98F9D48BFD.e.1402","type":"node","value":{"attributes":{"class":"thumbnail relative cursor-pointer outline-none"},"childNodeCount":1,"localName":"div","namespaceURI":"http://www.w3.org/1999/xhtml","nodeType":1,"shadowRoot":null}},{"sharedId":"f.8AA54734AA77FC8FA71C50576EE7DE7A.d.81896DEF35B35D6ACD8ACA98F9D48BFD.e.1403","type":"node","value":{"attributes":{"class":"relative","style":"height: 28.5rem; min-width: 19rem; border-radius: 0.4rem; box-shadow: transparent 0px 0px 0px 0.3rem; transform: scale(1); transition: box-shadow 0.2s, transform 0.2s ease-in;"},"childNodeCount":1,"localName":"div","namespaceURI":"http://www.w3.org/1999/xhtml","nodeType":1,"shadowRoot":null}},{"sharedId":"f.8AA54734AA77FC8FA71C50576EE7DE7A.d.81896DEF35B35D6ACD8ACA98F9D48BFD.e.1404","type":"node","value":{"attributes":{"class":"relative overflow-hidden","style":"width: 19rem; height: 100%; transition: width 0.3s;"},"childNodeCount":2,"localName":"div","namespaceURI":"http://www.w3.org/1999/xhtml","nodeType":1,"shadowRoot":null}},{"sharedId":"f.8AA54734AA77FC8FA71C50576EE7DE7A.d.81896DEF35B35D6ACD8ACA98F9D48BFD.e.1405","type":"node","value":{"attributes":{"class":"absolute inset-0 z-0 h-full hidden"},"childNodeCount":1,"localName":"div","namespaceURI":"http://www.w3.org/1999/xhtml","nodeType":1,"shadowRoot":null}},{"sharedId":"f.8AA54734AA77FC8FA71C50576EE7DE7A.d.81896DEF35B35D6ACD8ACA98F9D48BFD.e.1406","type":"node","value":{"attributes":{"class":"absolute inset-0 flex h-full items-center justify-center overflow-hidden text-ellipsis break-words p-[0.5rem] text-center","style":"width: 19rem; background-color: rgb(66, 66, 66); border-radius: 0.4rem;"},"childNodeCount":1,"localName":"div","namespaceURI":"http://www.w3.org/1999/xhtml","nodeType":1,"shadowRoot":null}},{"sharedId":"f.8AA54734AA77FC8FA71C50576EE7DE7A.d.81896DEF35B35D6ACD8ACA98F9D48BFD.e.1407","type":"node","value":{"attributes":{"class":"max-w-full whitespace-normal break-words text-[2.4rem] font-semibold"},"childNodeCount":1,"localName":"p","namespaceURI":"http://www.w3.org/1999/xhtml","nodeType":1,"shadowRoot":null}},{"sharedId":"f.8AA54734AA77FC8FA71C50576EE7DE7A.d.81896DEF35B35D6ACD8ACA98F9D48BFD.e.1408","type":"node","value":{"attributes":{"alt":"Balikat sa Dagat: 8 Days at Sea","class":"absolute inset-0 z-10 h-full w-full","src":"https://pql-static.abs-cbn.com/images/balikatsadagat.thumb-portrait.JPG?im_policy=portraitThumb_tv_fhd","style":"object-fit: cover; border-radius: 0.4rem;"},"childNodeCount":0,"localName":"img","namespaceURI":"http://www.w3.org/1999/xhtml","nodeType":1,"shadowRoot":null}},{"sharedId":"f.8AA54734AA77FC8FA71C50576EE7DE7A.d.81896DEF35B35D6ACD8ACA98F9D48BFD.e.1409","type":"node","value":{"attributes":{"class":"thumbnail relative cursor-pointer outline-none"},"childNodeCount":1,"localName":"div","namespaceURI":"http://www.w3.org/1999/xhtml","nodeType":1,"shadowRoot":null}},{"sharedId":"f.8AA54734AA77FC8FA71C50576EE7DE7A.d.81896DEF35B35D6ACD8ACA98F9D48BFD.e.1410","type":"node","value":{"attributes":{"class":"relative","style":"height: 28.5rem; min-width: 19rem; border-radius: 0.4rem; box-shadow: transparent 0px 0px 0px 0.3rem; transform: scale(1); transition: box-shadow 0.2s, transform 0.2s ease-in;"},"childNodeCount":1,"localName":"div","namespaceURI":"http://www.w3.org/1999/xhtml","nodeType":1,"shadowRoot":null}},{"sharedId":"f.8AA54734AA77FC8FA71C50576EE7DE7A.d.81896DEF35B35D6ACD8ACA98F9D48BFD.e.1411","type":"node","value":{"attributes":{"class":"relative overflow-hidden","style":"width: 19rem; height: 100%; transition: width 0.3s;"},"childNodeCount":2,"localName":"div","namespaceURI":"http://www.w3.org/1999/xhtml","nodeType":1,"shadowRoot":null}},{"sharedId":"f.8AA54734AA77FC8FA71C50576EE7DE7A.d.81896DEF35B35D6ACD8ACA98F9D48BFD.e.1412","type":"node","value":{"attributes":{"class":"absolute inset-0 z-0 h-full hidden"},"childNodeCount":1,"localName":"div","namespaceURI":"http://www.w3.org/1999/xhtml","nodeType":1,"shadowRoot":null}},{"sharedId":"f.8AA54734AA77FC8FA71C50576EE7DE7A.d.81896DEF35B35D6ACD8ACA98F9D48BFD.e.1413","type":"node","value":{"attributes":{"class":"absolute inset-0 flex h-full items-center justify-center overflow-hidden text-ellipsis break-words p-[0.5rem] text-center","style":"width: 19rem; background-color: rgb(66, 66, 66); border-radius: 0.4rem;"},"childNodeCount":1,"localName":"div","namespaceURI":"http://www.w3.org/1999/xhtml","nodeType":1,"shadowRoot":null}},{"sharedId":"f.8AA54734AA77FC8FA71C50576EE7DE7A.d.81896DEF35B35D6ACD8ACA98F9D48BFD.e.1414","type":"node","value":{"attributes":{"class":"max-w-full whitespace-normal break-words text-[2.4rem] font-semibold"},"childNodeCount":1,"localName":"p","namespaceURI":"http://www.w3.org/1999/xhtml","nodeType":1,"shadowRoot":null}},{"sharedId":"f.8AA54734AA77FC8FA71C50576EE7DE7A.d.81896DEF35B35D6ACD8ACA98F9D48BFD.e.1415","type":"node","value":{"attributes":{"alt":"Pope Leo XIV: Ang Pastol","class":"absolute inset-0 z-10 h-full w-full","src":"https://pql-static.abs-cbn.com/images/popeleoxivangpastol.thumb-portrait.v2.JPG?im_policy=portraitThumb_tv_fhd","style":"object-fit: cover; border-radius: 0.4rem;"},"childNodeCount":0,"localName":"img","namespaceURI":"http://www.w3.org/1999/xhtml","nodeType":1,"shadowRoot":null}},{"sharedId":"f.8AA54734AA77FC8FA71C50576EE7DE7A.d.81896DEF35B35D6ACD8ACA98F9D48BFD.e.1416","type":"node","value":{"attributes":{"class":"thumbnail relative cursor-pointer outline-none"},"childNodeCount":1,"localName":"div","namespaceURI":"http://www.w3.org/1999/xhtml","nodeType":1,"shadowRoot":null}},{"sharedId":"f.8AA54734AA77FC8FA71C50576EE7DE7A.d.81896DEF35B35D6ACD8ACA98F9D48BFD.e.1417","type":"node","value":{"attributes":{"class":"relative","style":"height: 28.5rem; min-width: 19rem; border-radius: 0.4rem; box-shadow: transparent 0px 0px 0px 0.3rem; transform: scale(1); transition: box-shadow 0.2s, transform 0.2s ease-in;"},"childNodeCount":1,"localName":"div","namespaceURI":"http://www.w3.org/1999/xhtml","nodeType":1,"shadowRoot":null}},{"sharedId":"f.8AA54734AA77FC8FA71C50576EE7DE7A.d.81896DEF35B35D6ACD8ACA98F9D48BFD.e.1418","type":"node","value":{"attributes":{"class":"relative overflow-hidden","style":"width: 19rem; height: 100%; transition: width 0.3s;"},"childNodeCount":2,"localName":"div","namespaceURI":"http://www.w3.org/1999/xhtml","nodeType":1,"shadowRoot":null}},{"sharedId":"f.8AA54734AA77FC8FA71C50576EE7DE7A.d.81896DEF35B35D6ACD8ACA98F9D48BFD.e.1419","type":"node","value":{"attributes":{"class":"absolute inset-0 z-0 h-full hidden"},"childNodeCount":1,"localName":"div","namespaceURI":"http://www.w3.org/1999/xhtml","nodeType":1,"shadowRoot":null}},{"sharedId":"f.8AA54734AA77FC8FA71C50576EE7DE7A.d.81896DEF35B35D6ACD8ACA98F9D48BFD.e.1420","type":"node","value":{"attributes":{"class":"absolute inset-0 flex h-full items-center justify-center overflow-hidden text-ellipsis break-words p-[0.5rem] text-center","style":"width: 19rem; background-color: rgb(66, 66, 66); border-radius: 0.4rem;"},"childNodeCount":1,"localName":"div","namespaceURI":"http://www.w3.org/1999/xhtml","nodeType":1,"shadowRoot":null}},{"sharedId":"f.8AA54734AA77FC8FA71C50576EE7DE7A.d.81896DEF35B35D6ACD8ACA98F9D48BFD.e.1421","type":"node","value":{"attributes":{"class":"max-w-full whitespace-normal break-words text-[2.4rem] font-semibold"},"childNodeCount":1,"localName":"p","namespaceURI":"http://www.w3.org/1999/xhtml","nodeType":1,"shadowRoot":null}},{"sharedId":"f.8AA54734AA77FC8FA71C50576EE7DE7A.d.81896DEF35B35D6ACD8ACA98F9D48BFD.e.1422","type":"node","value":{"attributes":{"alt":"Ako ang Simula: Ibalik ang Himig","class":"absolute inset-0 z-10 h-full w-full","src":"https://pql-static.abs-cbn.com/images/akoangsimulaibalikanghimig.thumb-portrait.JPG?im_policy=portraitThumb_tv_fhd","style":"object-fit: cover; border-radius: 0.4rem;"},"childNodeCount":0,"localName":"img","namespaceURI":"http://www.w3.org/1999/xhtml","nodeType":1,"shadowRoot":null}},{"sharedId":"f.8AA54734AA77FC8FA71C50576EE7DE7A.d.81896DEF35B35D6ACD8ACA98F9D48BFD.e.1423","type":"node","value":{"attributes":{"class":"thumbnail relative cursor-pointer outline-none"},"childNodeCount":1,"localName":"div","namespaceURI":"http://www.w3.org/1999/xhtml","nodeType":1,"shadowRoot":null}},{"sharedId":"f.8AA54734AA77FC8FA71C50576EE7DE7A.d.81896DEF35B35D6ACD8ACA98F9D48BFD.e.1424","type":"node","value":{"attributes":{"class":"relative","style":"height: 28.5rem; min-width: 19rem; border-radius: 0.4rem; box-shadow: transparent 0px 0px 0px 0.3rem; transform: scale(1); transition: box-shadow 0.2s, transform 0.2s ease-in;"},"childNodeCount":2,"localName":"div","namespaceURI":"http://www.w3.org/1999/xhtml","nodeType":1,"shadowRoot":null}},{"sharedId":"f.8AA54734AA77FC8FA71C50576EE7DE7A.d.81896DEF35B35D6ACD8ACA98F9D48BFD.e.1425","type":"node","value":{"attributes":{"class":"relative overflow-hidden","style":"width: 19rem; height: 100%; transition: width 0.3s;"},"childNodeCount":2,"localName":"div","namespaceURI":"http://www.w3.org/1999/xhtml","nodeType":1,"shadowRoot":null}},{"sharedId":"f.8AA54734AA77FC8FA71C50576EE7DE7A.d.81896DEF35B35D6ACD8ACA98F9D48BFD.e.1426","type":"node","value":{"attributes":{"class":"absolute inset-0 z-0 h-full hidden"},"childNodeCount":1,"localName":"div","namespaceURI":"http://www.w3.org/1999/xhtml","nodeType":1,"shadowRoot":null}},{"sharedId":"f.8AA54734AA77FC8FA71C50576EE7DE7A.d.81896DEF35B35D6ACD8ACA98F9D48BFD.e.1427","type":"node","value":{"attributes":{"class":"absolute inset-0 flex h-full items-center justify-center overflow-hidden text-ellipsis break-words p-[0.5rem] text-center","style":"width: 19rem; background-color: rgb(66, 66, 66); border-radius: 0.4rem;"},"childNodeCount":1,"localName":"div","namespaceURI":"http://www.w3.org/1999/xhtml","nodeType":1,"shadowRoot":null}},{"sharedId":"f.8AA54734AA77FC8FA71C50576EE7DE7A.d.81896DEF35B35D6ACD8ACA98F9D48BFD.e.1428","type":"node","value":{"attributes":{"class":"max-w-full whitespace-normal break-words text-[2.4rem] font-semibold"},"childNodeCount":1,"localName":"p","namespaceURI":"http://www.w3.org/1999/xhtml","nodeType":1,"shadowRoot":null}},{"sharedId":"f.8AA54734AA77FC8FA71C50576EE7DE7A.d.81896DEF35B35D6ACD8ACA98F9D48BFD.e.1429","type":"node","value":{"attributes":{"alt":"Paalam at Salamat Superstar: The Nora Aunor State Funeral","class":"absolute inset-0 z-10 h-full w-full","src":"https://pql-static.abs-cbn.com/images/paalamatsalamatsuperstar.thumb-portrait.v2.JPG?im_policy=portraitThumb_tv_fhd","style":"object-fit: cover; border-radius: 0.4rem;"},"childNodeCount":0,"localName":"img","namespaceURI":"http://www.w3.org/1999/xhtml","nodeType":1,"shadowRoot":null}},{"sharedId":"f.8AA54734AA77FC8FA71C50576EE7DE7A.d.81896DEF35B35D6ACD8ACA98F9D48BFD.e.1430","type":"node","value":{"attributes":{"class":"absolute left-0 top-0 z-10"},"childNodeCount":1,"localName":"div","namespaceURI":"http://www.w3.org/1999/xhtml","nodeType":1,"shadowRoot":null}},{"sharedId":"f.8AA54734AA77FC8FA71C50576EE7DE7A.d.81896DEF35B35D6ACD8ACA98F9D48BFD.e.1431","type":"node","value":{"attributes":{"alt":"https://pql-static.iwanttfc.com/static/uat/common/images/monetisation/free.png","class":"h-[3.2rem] w-auto object-contain","src":"https://pql-static.iwanttfc.com/static/uat/common/images/monetisation/free.png"},"childNodeCount":0,"localName":"img","namespaceURI":"http://www.w3.org/1999/xhtml","nodeType":1,"shadowRoot":null}},{"sharedId":"f.8AA54734AA77FC8FA71C50576EE7DE7A.d.81896DEF35B35D6ACD8ACA98F9D48BFD.e.1432","type":"node","value":{"attributes":{"class":"thumbnail relative cursor-pointer outline-none"},"childNodeCount":1,"localName":"div","namespaceURI":"http://www.w3.org/1999/xhtml","nodeType":1,"shadowRoot":null}},{"sharedId":"f.8AA54734AA77FC8FA71C50576EE7DE7A.d.81896DEF35B35D6ACD8ACA98F9D48BFD.e.1433","type":"node","value":{"attributes":{"class":"relative","style":"height: 28.5rem; min-width: 19rem; border-radius: 0.4rem; box-shadow: transparent 0px 0px 0px 0.3rem; transform: scale(1); transition: box-shadow 0.2s, transform 0.2s ease-in;"},"childNodeCount":1,"localName":"div","namespaceURI":"http://www.w3.org/1999/xhtml","nodeType":1,"shadowRoot":null}},{"sharedId":"f.8AA54734AA77FC8FA71C50576EE7DE7A.d.81896DEF35B35D6ACD8ACA98F9D48BFD.e.1434","type":"node","value":{"attributes":{"class":"relative overflow-hidden","style":"width: 19rem; height: 100%; transition: width 0.3s;"},"childNodeCount":2,"localName":"div","namespaceURI":"http://www.w3.org/1999/xhtml","nodeType":1,"shadowRoot":null}},{"sharedId":"f.8AA54734AA77FC8FA71C50576EE7DE7A.d.81896DEF35B35D6ACD8ACA98F9D48BFD.e.1435","type":"node","value":{"attributes":{"class":"absolute inset-0 z-0 h-full hidden"},"childNodeCount":1,"localName":"div","namespaceURI":"http://www.w3.org/1999/xhtml","nodeType":1,"shadowRoot":null}},{"sharedId":"f.8AA54734AA77FC8FA71C50576EE7DE7A.d.81896DEF35B35D6ACD8ACA98F9D48BFD.e.1436","type":"node","value":{"attributes":{"class":"absolute inset-0 flex h-full items-center justify-center overflow-hidden text-ellipsis break-words p-[0.5rem] text-center","style":"width: 19rem; background-color: rgb(66, 66, 66); border-radius: 0.4rem;"},"childNodeCount":1,"localName":"div","namespaceURI":"http://www.w3.org/1999/xhtml","nodeType":1,"shadowRoot":null}},{"sharedId":"f.8AA54734AA77FC8FA71C50576EE7DE7A.d.81896DEF35B35D6ACD8ACA98F9D48BFD.e.1437","type":"node","value":{"attributes":{"class":"max-w-full whitespace-normal break-words text-[2.4rem] font-semibold"},"childNodeCount":1,"localName":"p","namespaceURI":"http://www.w3.org/1999/xhtml","nodeType":1,"shadowRoot":null}},{"sharedId":"f.8AA54734AA77FC8FA71C50576EE7DE7A.d.81896DEF35B35D6ACD8ACA98F9D48BFD.e.1438","type":"node","value":{"attributes":{"alt":"Juan Conversations with Rose Eclarinal","class":"absolute inset-0 z-10 h-full w-full","src":"https://pql-static.abs-cbn.com/images/juanconwithroseeclarinal.thumb-portrait.JPG?im_policy=portraitThumb_tv_fhd","style":"object-fit: cover; border-radius: 0.4rem;"},"childNodeCount":0,"localName":"img","namespaceURI":"http://www.w3.org/1999/xhtml","nodeType":1,"shadowRoot":null}},{"sharedId":"f.8AA54734AA77FC8FA71C50576EE7DE7A.d.81896DEF35B35D6ACD8ACA98F9D48BFD.e.1439","type":"node","value":{"attributes":{"class":"thumbnail relative cursor-pointer outline-none"},"childNodeCount":1,"localName":"div","namespaceURI":"http://www.w3.org/1999/xhtml","nodeType":1,"shadowRoot":null}},{"sharedId":"f.8AA54734AA77FC8FA71C50576EE7DE7A.d.81896DEF35B35D6ACD8ACA98F9D48BFD.e.1440","type":"node","value":{"attributes":{"class":"relative","style":"height: 28.5rem; min-width: 19rem; border-radius: 0.4rem; box-shadow: transparent 0px 0px 0px 0.3rem; transform: scale(1); transition: box-shadow 0.2s, transform 0.2s ease-in;"},"childNodeCount":2,"localName":"div","namespaceURI":"http://www.w3.org/1999/xhtml","nodeType":1,"shadowRoot":null}},{"sharedId":"f.8AA54734AA77FC8FA71C50576EE7DE7A.d.81896DEF35B35D6ACD8ACA98F9D48BFD.e.1441","type":"node","value":{"attributes":{"class":"relative overflow-hidden","style":"width: 19rem; height: 100%; transition: width 0.3s;"},"childNodeCount":2,"localName":"div","namespaceURI":"http://www.w3.org/1999/xhtml","nodeType":1,"shadowRoot":null}},{"sharedId":"f.8AA54734AA77FC8FA71C50576EE7DE7A.d.81896DEF35B35D6ACD8ACA98F9D48BFD.e.1442","type":"node","value":{"attributes":{"class":"absolute inset-0 z-0 h-full hidden"},"childNodeCount":1,"localName":"div","namespaceURI":"http://www.w3.org/1999/xhtml","nodeType":1,"shadowRoot":null}},{"sharedId":"f.8AA54734AA77FC8FA71C50576EE7DE7A.d.81896DEF35B35D6ACD8ACA98F9D48BFD.e.1443","type":"node","value":{"attributes":{"class":"absolute inset-0 flex h-full items-center justify-center overflow-hidden text-ellipsis break-words p-[0.5rem] text-center","style":"width: 19rem; background-color: rgb(66, 66, 66); border-radius: 0.4rem;"},"childNodeCount":1,"localName":"div","namespaceURI":"http://www.w3.org/1999/xhtml","nodeType":1,"shadowRoot":null}},{"sharedId":"f.8AA54734AA77FC8FA71C50576EE7DE7A.d.81896DEF35B35D6ACD8ACA98F9D48BFD.e.1444","type":"node","value":{"attributes":{"class":"max-w-full whitespace-normal break-words text-[2.4rem] font-semibold"},"childNodeCount":1,"localName":"p","namespaceURI":"http://www.w3.org/1999/xhtml","nodeType":1,"shadowRoot":null}},{"sharedId":"f.8AA54734AA77FC8FA71C50576EE7DE7A.d.81896DEF35B35D6ACD8ACA98F9D48BFD.e.1445","type":"node","value":{"attributes":{"alt":"State of the Nation Address 2025 - the ABS-CBN News Special Coverage","class":"absolute inset-0 z-10 h-full w-full","src":"https://pql-static.abs-cbn.com/images/sona2025.thumb-portrait.JPG?im_policy=portraitThumb_tv_fhd","style":"object-fit: cover; border-radius: 0.4rem;"},"childNodeCount":0,"localName":"img","namespaceURI":"http://www.w3.org/1999/xhtml","nodeType":1,"shadowRoot":null}},{"sharedId":"f.8AA54734AA77FC8FA71C50576EE7DE7A.d.81896DEF35B35D6ACD8ACA98F9D48BFD.e.1446","type":"node","value":{"attributes":{"class":"absolute left-0 top-0 z-10"},"childNodeCount":1,"localName":"div","namespaceURI":"http://www.w3.org/1999/xhtml","nodeType":1,"shadowRoot":null}},{"sharedId":"f.8AA54734AA77FC8FA71C50576EE7DE7A.d.81896DEF35B35D6ACD8ACA98F9D48BFD.e.1447","type":"node","value":{"attributes":{"alt":"https://pql-static.iwanttfc.com/static/uat/common/images/monetisation/free.png","class":"h-[3.2rem] w-auto object-contain","src":"https://pql-static.iwanttfc.com/static/uat/common/images/monetisation/free.png"},"childNodeCount":0,"localName":"img","namespaceURI":"http://www.w3.org/1999/xhtml","nodeType":1,"shadowRoot":null}},{"sharedId":"f.8AA54734AA77FC8FA71C50576EE7DE7A.d.81896DEF35B35D6ACD8ACA98F9D48BFD.e.1448","type":"node","value":{"attributes":{"class":"thumbnail relative cursor-pointer outline-none"},"childNodeCount":1,"localName":"div","namespaceURI":"http://www.w3.org/1999/xhtml","nodeType":1,"shadowRoot":null}},{"sharedId":"f.8AA54734AA77FC8FA71C50576EE7DE7A.d.81896DEF35B35D6ACD8ACA98F9D48BFD.e.1449","type":"node","value":{"attributes":{"class":"relative","style":"height: 28.5rem; min-width: 19rem; border-radius: 0.4rem; box-shadow: transparent 0px 0px 0px 0.3rem; transform: scale(1); transition: box-shadow 0.2s, transform 0.2s ease-in;"},"childNodeCount":2,"localName":"div","namespaceURI":"http://www.w3.org/1999/xhtml","nodeType":1,"shadowRoot":null}},{"sharedId":"f.8AA54734AA77FC8FA71C50576EE7DE7A.d.81896DEF35B35D6ACD8ACA98F9D48BFD.e.1450","type":"node","value":{"attributes":{"class":"relative overflow-hidden","style":"width: 19rem; height: 100%; transition: width 0.3s;"},"childNodeCount":2,"localName":"div","namespaceURI":"http://www.w3.org/1999/xhtml","nodeType":1,"shadowRoot":null}},{"sharedId":"f.8AA54734AA77FC8FA71C50576EE7DE7A.d.81896DEF35B35D6ACD8ACA98F9D48BFD.e.1451","type":"node","value":{"attributes":{"class":"absolute inset-0 z-0 h-full hidden"},"childNodeCount":1,"localName":"div","namespaceURI":"http://www.w3.org/1999/xhtml","nodeType":1,"shadowRoot":null}},{"sharedId":"f.8AA54734AA77FC8FA71C50576EE7DE7A.d.81896DEF35B35D6ACD8ACA98F9D48BFD.e.1452","type":"node","value":{"attributes":{"class":"absolute inset-0 flex h-full items-center justify-center overflow-hidden text-ellipsis break-words p-[0.5rem] text-center","style":"width: 19rem; background-color: rgb(66, 66, 66); border-radius: 0.4rem;"},"childNodeCount":1,"localName":"div","namespaceURI":"http://www.w3.org/1999/xhtml","nodeType":1,"shadowRoot":null}},{"sharedId":"f.8AA54734AA77FC8FA71C50576EE7DE7A.d.81896DEF35B35D6ACD8ACA98F9D48BFD.e.1453","type":"node","value":{"attributes":{"class":"max-w-full whitespace-normal break-words text-[2.4rem] font-semibold"},"childNodeCount":1,"localName":"p","namespaceURI":"http://www.w3.org/1999/xhtml","nodeType":1,"shadowRoot":null}},{"sharedId":"f.8AA54734AA77FC8FA71C50576EE7DE7A.d.81896DEF35B35D6ACD8ACA98F9D48BFD.e.1454","type":"node","value":{"attributes":{"alt":"TV Patrol Express","class":"absolute inset-0 z-10 h-full w-full","src":"https://pql-static.abs-cbn.com/images/tvpexpress.thumb-portrait.jpg?im_policy=portraitThumb_tv_fhd","style":"object-fit: cover; border-radius: 0.4rem;"},"childNodeCount":0,"localName":"img","namespaceURI":"http://www.w3.org/1999/xhtml","nodeType":1,"shadowRoot":null}},{"sharedId":"f.8AA54734AA77FC8FA71C50576EE7DE7A.d.81896DEF35B35D6ACD8ACA98F9D48BFD.e.1455","type":"node","value":{"attributes":{"class":"absolute left-0 top-0 z-10"},"childNodeCount":1,"localName":"div","namespaceURI":"http://www.w3.org/1999/xhtml","nodeType":1,"shadowRoot":null}},{"sharedId":"f.8AA54734AA77FC8FA71C50576EE7DE7A.d.81896DEF35B35D6ACD8ACA98F9D48BFD.e.1456","type":"node","value":{"attributes":{"alt":"https://pql-static.iwanttfc.com/static/uat/common/images/monetisation/free.png","class":"h-[3.2rem] w-auto object-contain","src":"https://pql-static.iwanttfc.com/static/uat/common/images/monetisation/free.png"},"childNodeCount":0,"localName":"img","namespaceURI":"http://www.w3.org/1999/xhtml","nodeType":1,"shadowRoot":null}},{"sharedId":"f.8AA54734AA77FC8FA71C50576EE7DE7A.d.81896DEF35B35D6ACD8ACA98F9D48BFD.e.1457","type":"node","value":{"attributes":{"class":"thumbnail relative cursor-pointer outline-none"},"childNodeCount":1,"localName":"div","namespaceURI":"http://www.w3.org/1999/xhtml","nodeType":1,"shadowRoot":null}},{"sharedId":"f.8AA54734AA77FC8FA71C50576EE7DE7A.d.81896DEF35B35D6ACD8ACA98F9D48BFD.e.1458","type":"node","value":{"attributes":{"class":"relative","style":"height: 28.5rem; min-width: 19rem; border-radius: 0.4rem; box-shadow: transparent 0px 0px 0px 0.3rem; transform: scale(1); transition: box-shadow 0.2s, transform 0.2s ease-in;"},"childNodeCount":2,"localName":"div","namespaceURI":"http://www.w3.org/1999/xhtml","nodeType":1,"shadowRoot":null}},{"sharedId":"f.8AA54734AA77FC8FA71C50576EE7DE7A.d.81896DEF35B35D6ACD8ACA98F9D48BFD.e.1459","type":"node","value":{"attributes":{"class":"relative overflow-hidden","style":"width: 19rem; height: 100%; transition: width 0.3s;"},"childNodeCount":2,"localName":"div","namespaceURI":"http://www.w3.org/1999/xhtml","nodeType":1,"shadowRoot":null}},{"sharedId":"f.8AA54734AA77FC8FA71C50576EE7DE7A.d.81896DEF35B35D6ACD8ACA98F9D48BFD.e.1460","type":"node","value":{"attributes":{"class":"absolute inset-0 z-0 h-full hidden"},"childNodeCount":1,"localName":"div","namespaceURI":"http://www.w3.org/1999/xhtml","nodeType":1,"shadowRoot":null}},{"sharedId":"f.8AA54734AA77FC8FA71C50576EE7DE7A.d.81896DEF35B35D6ACD8ACA98F9D48BFD.e.1461","type":"node","value":{"attributes":{"class":"absolute inset-0 flex h-full items-center justify-center overflow-hidden text-ellipsis break-words p-[0.5rem] text-center","style":"width: 19rem; background-color: rgb(66, 66, 66); border-radius: 0.4rem;"},"childNodeCount":1,"localName":"div","namespaceURI":"http://www.w3.org/1999/xhtml","nodeType":1,"shadowRoot":null}},{"sharedId":"f.8AA54734AA77FC8FA71C50576EE7DE7A.d.81896DEF35B35D6ACD8ACA98F9D48BFD.e.1462","type":"node","value":{"attributes":{"class":"max-w-full whitespace-normal break-words text-[2.4rem] font-semibold"},"childNodeCount":1,"localName":"p","namespaceURI":"http://www.w3.org/1999/xhtml","nodeType":1,"shadowRoot":null}},{"sharedId":"f.8AA54734AA77FC8FA71C50576EE7DE7A.d.81896DEF35B35D6ACD8ACA98F9D48BFD.e.1463","type":"node","value":{"attributes":{"alt":"Teleradyo Ronda Pasada","class":"absolute inset-0 z-10 h-full w-full","src":"https://pql-static.abs-cbn.com/images/teleradyorondapasada.thumb-portrait.JPG?im_policy=portraitThumb_tv_fhd","style":"object-fit: cover; border-radius: 0.4rem;"},"childNodeCount":0,"localName":"img","namespaceURI":"http://www.w3.org/1999/xhtml","nodeType":1,"shadowRoot":null}},{"sharedId":"f.8AA54734AA77FC8FA71C50576EE7DE7A.d.81896DEF35B35D6ACD8ACA98F9D48BFD.e.1464","type":"node","value":{"attributes":{"class":"absolute left-0 top-0 z-10"},"childNodeCount":1,"localName":"div","namespaceURI":"http://www.w3.org/1999/xhtml","nodeType":1,"shadowRoot":null}},{"sharedId":"f.8AA54734AA77FC8FA71C50576EE7DE7A.d.81896DEF35B35D6ACD8ACA98F9D48BFD.e.1465","type":"node","value":{"attributes":{"alt":"https://pql-static.iwanttfc.com/static/uat/common/images/monetisation/free.png","class":"h-[3.2rem] w-auto object-contain","src":"https://pql-static.iwanttfc.com/static/uat/common/images/monetisation/free.png"},"childNodeCount":0,"localName":"img","namespaceURI":"http://www.w3.org/1999/xhtml","nodeType":1,"shadowRoot":null}},{"sharedId":"f.8AA54734AA77FC8FA71C50576EE7DE7A.d.81896DEF35B35D6ACD8ACA98F9D48BFD.e.1466","type":"node","value":{"attributes":{"class":"thumbnail relative cursor-pointer outline-none"},"childNodeCount":1,"localName":"div","namespaceURI":"http://www.w3.org/1999/xhtml","nodeType":1,"shadowRoot":null}},{"sharedId":"f.8AA54734AA77FC8FA71C50576EE7DE7A.d.81896DEF35B35D6ACD8ACA98F9D48BFD.e.1467","type":"node","value":{"attributes":{"class":"relative","style":"height: 28.5rem; min-width: 19rem; border-radius: 0.4rem; box-shadow: transparent 0px 0px 0px 0.3rem; transform: scale(1); transition: box-shadow 0.2s, transform 0.2s ease-in;"},"childNodeCount":2,"localName":"div","namespaceURI":"http://www.w3.org/1999/xhtml","nodeType":1,"shadowRoot":null}},{"sharedId":"f.8AA54734AA77FC8FA71C50576EE7DE7A.d.81896DEF35B35D6ACD8ACA98F9D48BFD.e.1468","type":"node","value":{"attributes":{"class":"relative overflow-hidden","style":"width: 19rem; height: 100%; transition: width 0.3s;"},"childNodeCount":2,"localName":"div","namespaceURI":"http://www.w3.org/1999/xhtml","nodeType":1,"shadowRoot":null}},{"sharedId":"f.8AA54734AA77FC8FA71C50576EE7DE7A.d.81896DEF35B35D6ACD8ACA98F9D48BFD.e.1469","type":"node","value":{"attributes":{"class":"absolute inset-0 z-0 h-full hidden"},"childNodeCount":1,"localName":"div","namespaceURI":"http://www.w3.org/1999/xhtml","nodeType":1,"shadowRoot":null}},{"sharedId":"f.8AA54734AA77FC8FA71C50576EE7DE7A.d.81896DEF35B35D6ACD8ACA98F9D48BFD.e.1470","type":"node","value":{"attributes":{"class":"absolute inset-0 flex h-full items-center justify-center overflow-hidden text-ellipsis break-words p-[0.5rem] text-center","style":"width: 19rem; background-color: rgb(66, 66, 66); border-radius: 0.4rem;"},"childNodeCount":1,"localName":"div","namespaceURI":"http://www.w3.org/1999/xhtml","nodeType":1,"shadowRoot":null}},{"sharedId":"f.8AA54734AA77FC8FA71C50576EE7DE7A.d.81896DEF35B35D6ACD8ACA98F9D48BFD.e.1471","type":"node","value":{"attributes":{"class":"max-w-full whitespace-normal break-words text-[2.4rem] font-semibold"},"childNodeCount":1,"localName":"p","namespaceURI":"http://www.w3.org/1999/xhtml","nodeType":1,"shadowRoot":null}},{"sharedId":"f.8AA54734AA77FC8FA71C50576EE7DE7A.d.81896DEF35B35D6ACD8ACA98F9D48BFD.e.1472","type":"node","value":{"attributes":{"alt":"Teleradyo Radyo Patrol Balita Alas Syete","class":"absolute inset-0 z-10 h-full w-full","src":"https://pql-static.abs-cbn.com/images/teleradyopatrolbalitaalassyete.thumb-portrait.JPG?im_policy=portraitThumb_tv_fhd","style":"object-fit: cover; border-radius: 0.4rem;"},"childNodeCount":0,"localName":"img","namespaceURI":"http://www.w3.org/1999/xhtml","nodeType":1,"shadowRoot":null}},{"sharedId":"f.8AA54734AA77FC8FA71C50576EE7DE7A.d.81896DEF35B35D6ACD8ACA98F9D48BFD.e.1473","type":"node","value":{"attributes":{"class":"absolute left-0 top-0 z-10"},"childNodeCount":1,"localName":"div","namespaceURI":"http://www.w3.org/1999/xhtml","nodeType":1,"shadowRoot":null}},{"sharedId":"f.8AA54734AA77FC8FA71C50576EE7DE7A.d.81896DEF35B35D6ACD8ACA98F9D48BFD.e.1474","type":"node","value":{"attributes":{"alt":"https://pql-static.iwanttfc.com/static/uat/common/images/monetisation/free.png","class":"h-[3.2rem] w-auto object-contain","src":"https://pql-static.iwanttfc.com/static/uat/common/images/monetisation/free.png"},"childNodeCount":0,"localName":"img","namespaceURI":"http://www.w3.org/1999/xhtml","nodeType":1,"shadowRoot":null}},{"sharedId":"f.8AA54734AA77FC8FA71C50576EE7DE7A.d.81896DEF35B35D6ACD8ACA98F9D48BFD.e.1475","type":"node","value":{"attributes":{"class":"thumbnail relative cursor-pointer outline-none"},"childNodeCount":1,"localName":"div","namespaceURI":"http://www.w3.org/1999/xhtml","nodeType":1,"shadowRoot":null}},{"sharedId":"f.8AA54734AA77FC8FA71C50576EE7DE7A.d.81896DEF35B35D6ACD8ACA98F9D48BFD.e.1476","type":"node","value":{"attributes":{"class":"relative","style":"height: 28.5rem; min-width: 19rem; border-radius: 0.4rem; box-shadow: transparent 0px 0px 0px 0.3rem; transform: scale(1); transition: box-shadow 0.2s, transform 0.2s ease-in;"},"childNodeCount":2,"localName":"div","namespaceURI":"http://www.w3.org/1999/xhtml","nodeType":1,"shadowRoot":null}},{"sharedId":"f.8AA54734AA77FC8FA71C50576EE7DE7A.d.81896DEF35B35D6ACD8ACA98F9D48BFD.e.1477","type":"node","value":{"attributes":{"class":"relative overflow-hidden","style":"width: 19rem; height: 100%; transition: width 0.3s;"},"childNodeCount":2,"localName":"div","namespaceURI":"http://www.w3.org/1999/xhtml","nodeType":1,"shadowRoot":null}},{"sharedId":"f.8AA54734AA77FC8FA71C50576EE7DE7A.d.81896DEF35B35D6ACD8ACA98F9D48BFD.e.1478","type":"node","value":{"attributes":{"class":"absolute inset-0 z-0 h-full hidden"},"childNodeCount":1,"localName":"div","namespaceURI":"http://www.w3.org/1999/xhtml","nodeType":1,"shadowRoot":null}},{"sharedId":"f.8AA54734AA77FC8FA71C50576EE7DE7A.d.81896DEF35B35D6ACD8ACA98F9D48BFD.e.1479","type":"node","value":{"attributes":{"class":"absolute inset-0 flex h-full items-center justify-center overflow-hidden text-ellipsis break-words p-[0.5rem] text-center","style":"width: 19rem; background-color: rgb(66, 66, 66); border-radius: 0.4rem;"},"childNodeCount":1,"localName":"div","namespaceURI":"http://www.w3.org/1999/xhtml","nodeType":1,"shadowRoot":null}},{"sharedId":"f.8AA54734AA77FC8FA71C50576EE7DE7A.d.81896DEF35B35D6ACD8ACA98F9D48BFD.e.1480","type":"node","value":{"attributes":{"class":"max-w-full whitespace-normal break-words text-[2.4rem] font-semibold"},"childNodeCount":1,"localName":"p","namespaceURI":"http://www.w3.org/1999/xhtml","nodeType":1,"shadowRoot":null}},{"sharedId":"f.8AA54734AA77FC8FA71C50576EE7DE7A.d.81896DEF35B35D6ACD8ACA98F9D48BFD.e.1481","type":"node","value":{"attributes":{"alt":"Gising Pilipinas","class":"absolute inset-0 z-10 h-full w-full","src":"https://pql-static.abs-cbn.com/images/gisingpilipinas.thumb-portrait.jpg?im_policy=portraitThumb_tv_fhd","style":"object-fit: cover; border-radius: 0.4rem;"},"childNodeCount":0,"localName":"img","namespaceURI":"http://www.w3.org/1999/xhtml","nodeType":1,"shadowRoot":null}},{"sharedId":"f.8AA54734AA77FC8FA71C50576EE7DE7A.d.81896DEF35B35D6ACD8ACA98F9D48BFD.e.1482","type":"node","value":{"attributes":{"class":"absolute left-0 top-0 z-10"},"childNodeCount":1,"localName":"div","namespaceURI":"http://www.w3.org/1999/xhtml","nodeType":1,"shadowRoot":null}},{"sharedId":"f.8AA54734AA77FC8FA71C50576EE7DE7A.d.81896DEF35B35D6ACD8ACA98F9D48BFD.e.1483","type":"node","value":{"attributes":{"alt":"https://pql-static.iwanttfc.com/static/uat/common/images/monetisation/free.png","class":"h-[3.2rem] w-auto object-contain","src":"https://pql-static.iwanttfc.com/static/uat/common/images/monetisation/free.png"},"childNodeCount":0,"localName":"img","namespaceURI":"http://www.w3.org/1999/xhtml","nodeType":1,"shadowRoot":null}},{"sharedId":"f.8AA54734AA77FC8FA71C50576EE7DE7A.d.81896DEF35B35D6ACD8ACA98F9D48BFD.e.1484","type":"node","value":{"attributes":{"class":"rail relative h-full w-full pb-[3.2rem]","style":"width: 100%; margin-top: 0px; margin-bottom: 0px; margin-left: 0px; padding-left: 0px; padding-top: 3.2rem; background-size: cover; background-repeat: no-repeat; background-position: center center;"},"childNodeCount":2,"localName":"div","namespaceURI":"http://www.w3.org/1999/xhtml","nodeType":1,"shadowRoot":null}},{"sharedId":"f.8AA54734AA77FC8FA71C50576EE7DE7A.d.81896DEF35B35D6ACD8ACA98F9D48BFD.e.1485","type":"node","value":{"attributes":{"class":"title mb-[3.2rem]"},"childNodeCount":1,"localName":"div","namespaceURI":"http://www.w3.org/1999/xhtml","nodeType":1,"shadowRoot":null}},{"sharedId":"f.8AA54734AA77FC8FA71C50576EE7DE7A.d.81896DEF35B35D6ACD8ACA98F9D48BFD.e.1486","type":"node","value":{"attributes":{"class":"text-[2.8rem] font-medium leading-[3.5rem]"},"childNodeCount":1,"localName":"p","namespaceURI":"http://www.w3.org/1999/xhtml","nodeType":1,"shadowRoot":null}},{"sharedId":"f.8AA54734AA77FC8FA71C50576EE7DE7A.d.81896DEF35B35D6ACD8ACA98F9D48BFD.e.1487","type":"node","value":{"attributes":{"class":"rail-container pointer-events-none relative","style":"margin-top: 0px; margin-bottom: -3rem;"},"childNodeCount":1,"localName":"div","namespaceURI":"http://www.w3.org/1999/xhtml","nodeType":1,"shadowRoot":null}},{"sharedId":"f.8AA54734AA77FC8FA71C50576EE7DE7A.d.81896DEF35B35D6ACD8ACA98F9D48BFD.e.1488","type":"node","value":{"attributes":{"class":"scrollable-list pointer-events-auto flex gap-[1.6rem] overflow-x-auto scroll-smooth","style":"padding-top: 0px; padding-bottom: 3rem;"},"childNodeCount":12,"localName":"div","namespaceURI":"http://www.w3.org/1999/xhtml","nodeType":1,"shadowRoot":null}},{"sharedId":"f.8AA54734AA77FC8FA71C50576EE7DE7A.d.81896DEF35B35D6ACD8ACA98F9D48BFD.e.1489","type":"node","value":{"attributes":{"class":"thumbnail relative cursor-pointer outline-none"},"childNodeCount":1,"localName":"div","namespaceURI":"http://www.w3.org/1999/xhtml","nodeType":1,"shadowRoot":null}},{"sharedId":"f.8AA54734AA77FC8FA71C50576EE7DE7A.d.81896DEF35B35D6ACD8ACA98F9D48BFD.e.1490","type":"node","value":{"attributes":{"class":"relative","style":"height: 28.5rem; min-width: 19rem; border-radius: 0.4rem; box-shadow: transparent 0px 0px 0px 0.3rem; transform: scale(1); transition: box-shadow 0.2s, transform 0.2s ease-in;"},"childNodeCount":1,"localName":"div","namespaceURI":"http://www.w3.org/1999/xhtml","nodeType":1,"shadowRoot":null}},{"sharedId":"f.8AA54734AA77FC8FA71C50576EE7DE7A.d.81896DEF35B35D6ACD8ACA98F9D48BFD.e.1491","type":"node","value":{"attributes":{"class":"relative overflow-hidden","style":"width: 19rem; height: 100%; transition: width 0.3s;"},"childNodeCount":2,"localName":"div","namespaceURI":"http://www.w3.org/1999/xhtml","nodeType":1,"shadowRoot":null}},{"sharedId":"f.8AA54734AA77FC8FA71C50576EE7DE7A.d.81896DEF35B35D6ACD8ACA98F9D48BFD.e.1492","type":"node","value":{"attributes":{"class":"absolute inset-0 z-0 h-full hidden"},"childNodeCount":1,"localName":"div","namespaceURI":"http://www.w3.org/1999/xhtml","nodeType":1,"shadowRoot":null}},{"sharedId":"f.8AA54734AA77FC8FA71C50576EE7DE7A.d.81896DEF35B35D6ACD8ACA98F9D48BFD.e.1493","type":"node","value":{"attributes":{"class":"absolute inset-0 flex h-full items-center justify-center overflow-hidden text-ellipsis break-words p-[0.5rem] text-center","style":"width: 19rem; background-color: rgb(66, 66, 66); border-radius: 0.4rem;"},"childNodeCount":1,"localName":"div","namespaceURI":"http://www.w3.org/1999/xhtml","nodeType":1,"shadowRoot":null}},{"sharedId":"f.8AA54734AA77FC8FA71C50576EE7DE7A.d.81896DEF35B35D6ACD8ACA98F9D48BFD.e.1494","type":"node","value":{"attributes":{"class":"max-w-full whitespace-normal break-words text-[2.4rem] font-semibold"},"childNodeCount":1,"localName":"p","namespaceURI":"http://www.w3.org/1999/xhtml","nodeType":1,"shadowRoot":null}},{"sharedId":"f.8AA54734AA77FC8FA71C50576EE7DE7A.d.81896DEF35B35D6ACD8ACA98F9D48BFD.e.1495","type":"node","value":{"attributes":{"alt":"Precious Hearts Romances Presents: Ang Lalaking Nagmahal Sa Akin","class":"absolute inset-0 z-10 h-full w-full","src":"https://pql-static.abs-cbn.com/images/phranglalakingnagmahalsaakin.thumb-portrait.jpg?im_policy=portraitThumb_tv_fhd","style":"object-fit: cover; border-radius: 0.4rem;"},"childNodeCount":0,"localName":"img","namespaceURI":"http://www.w3.org/1999/xhtml","nodeType":1,"shadowRoot":null}},{"sharedId":"f.8AA54734AA77FC8FA71C50576EE7DE7A.d.81896DEF35B35D6ACD8ACA98F9D48BFD.e.1496","type":"node","value":{"attributes":{"class":"thumbnail relative cursor-pointer outline-none"},"childNodeCount":1,"localName":"div","namespaceURI":"http://www.w3.org/1999/xhtml","nodeType":1,"shadowRoot":null}},{"sharedId":"f.8AA54734AA77FC8FA71C50576EE7DE7A.d.81896DEF35B35D6ACD8ACA98F9D48BFD.e.1497","type":"node","value":{"attributes":{"class":"relative","style":"height: 28.5rem; min-width: 19rem; border-radius: 0.4rem; box-shadow: transparent 0px 0px 0px 0.3rem; transform: scale(1); transition: box-shadow 0.2s, transform 0.2s ease-in;"},"childNodeCount":1,"localName":"div","namespaceURI":"http://www.w3.org/1999/xhtml","nodeType":1,"shadowRoot":null}},{"sharedId":"f.8AA54734AA77FC8FA71C50576EE7DE7A.d.81896DEF35B35D6ACD8ACA98F9D48BFD.e.1498","type":"node","value":{"attributes":{"class":"relative overflow-hidden","style":"width: 19rem; height: 100%; transition: width 0.3s;"},"childNodeCount":2,"localName":"div","namespaceURI":"http://www.w3.org/1999/xhtml","nodeType":1,"shadowRoot":null}},{"sharedId":"f.8AA54734AA77FC8FA71C50576EE7DE7A.d.81896DEF35B35D6ACD8ACA98F9D48BFD.e.1499","type":"node","value":{"attributes":{"class":"absolute inset-0 z-0 h-full hidden"},"childNodeCount":1,"localName":"div","namespaceURI":"http://www.w3.org/1999/xhtml","nodeType":1,"shadowRoot":null}},{"sharedId":"f.8AA54734AA77FC8FA71C50576EE7DE7A.d.81896DEF35B35D6ACD8ACA98F9D48BFD.e.1500","type":"node","value":{"attributes":{"class":"absolute inset-0 flex h-full items-center justify-center overflow-hidden text-ellipsis break-words p-[0.5rem] text-center","style":"width: 19rem; background-color: rgb(66, 66, 66); border-radius: 0.4rem;"},"childNodeCount":1,"localName":"div","namespaceURI":"http://www.w3.org/1999/xhtml","nodeType":1,"shadowRoot":null}},{"sharedId":"f.8AA54734AA77FC8FA71C50576EE7DE7A.d.81896DEF35B35D6ACD8ACA98F9D48BFD.e.1501","type":"node","value":{"attributes":{"class":"max-w-full whitespace-normal break-words text-[2.4rem] font-semibold"},"childNodeCount":1,"localName":"p","namespaceURI":"http://www.w3.org/1999/xhtml","nodeType":1,"shadowRoot":null}},{"sharedId":"f.8AA54734AA77FC8FA71C50576EE7DE7A.d.81896DEF35B35D6ACD8ACA98F9D48BFD.e.1502","type":"node","value":{"attributes":{"alt":"Precious Hearts Romances Presents: Kristine","class":"absolute inset-0 z-10 h-full w-full","src":"https://pql-static.abs-cbn.com/images/phrkristine.thumb-portrait.jpg?im_policy=portraitThumb_tv_fhd","style":"object-fit: cover; border-radius: 0.4rem;"},"childNodeCount":0,"localName":"img","namespaceURI":"http://www.w3.org/1999/xhtml","nodeType":1,"shadowRoot":null}},{"sharedId":"f.8AA54734AA77FC8FA71C50576EE7DE7A.d.81896DEF35B35D6ACD8ACA98F9D48BFD.e.1503","type":"node","value":{"attributes":{"class":"thumbnail relative cursor-pointer outline-none"},"childNodeCount":1,"localName":"div","namespaceURI":"http://www.w3.org/1999/xhtml","nodeType":1,"shadowRoot":null}},{"sharedId":"f.8AA54734AA77FC8FA71C50576EE7DE7A.d.81896DEF35B35D6ACD8ACA98F9D48BFD.e.1504","type":"node","value":{"attributes":{"class":"relative","style":"height: 28.5rem; min-width: 19rem; border-radius: 0.4rem; box-shadow: transparent 0px 0px 0px 0.3rem; transform: scale(1); transition: box-shadow 0.2s, transform 0.2s ease-in;"},"childNodeCount":1,"localName":"div","namespaceURI":"http://www.w3.org/1999/xhtml","nodeType":1,"shadowRoot":null}},{"sharedId":"f.8AA54734AA77FC8FA71C50576EE7DE7A.d.81896DEF35B35D6ACD8ACA98F9D48BFD.e.1505","type":"node","value":{"attributes":{"class":"relative overflow-hidden","style":"width: 19rem; height: 100%; transition: width 0.3s;"},"childNodeCount":2,"localName":"div","namespaceURI":"http://www.w3.org/1999/xhtml","nodeType":1,"shadowRoot":null}},{"sharedId":"f.8AA54734AA77FC8FA71C50576EE7DE7A.d.81896DEF35B35D6ACD8ACA98F9D48BFD.e.1506","type":"node","value":{"attributes":{"class":"absolute inset-0 z-0 h-full hidden"},"childNodeCount":1,"localName":"div","namespaceURI":"http://www.w3.org/1999/xhtml","nodeType":1,"shadowRoot":null}},{"sharedId":"f.8AA54734AA77FC8FA71C50576EE7DE7A.d.81896DEF35B35D6ACD8ACA98F9D48BFD.e.1507","type":"node","value":{"attributes":{"class":"absolute inset-0 flex h-full items-center justify-center overflow-hidden text-ellipsis break-words p-[0.5rem] text-center","style":"width: 19rem; background-color: rgb(66, 66, 66); border-radius: 0.4rem;"},"childNodeCount":1,"localName":"div","namespaceURI":"http://www.w3.org/1999/xhtml","nodeType":1,"shadowRoot":null}},{"sharedId":"f.8AA54734AA77FC8FA71C50576EE7DE7A.d.81896DEF35B35D6ACD8ACA98F9D48BFD.e.1508","type":"node","value":{"attributes":{"class":"max-w-full whitespace-normal break-words text-[2.4rem] font-semibold"},"childNodeCount":1,"localName":"p","namespaceURI":"http://www.w3.org/1999/xhtml","nodeType":1,"shadowRoot":null}},{"sharedId":"f.8AA54734AA77FC8FA71C50576EE7DE7A.d.81896DEF35B35D6ACD8ACA98F9D48BFD.e.1509","type":"node","value":{"attributes":{"alt":"Precious Hearts Romances Presents: My Cheating Heart","class":"absolute inset-0 z-10 h-full w-full","src":"https://pql-static.abs-cbn.com/images/phrmycheatingheart.thumb-portrait.jpg?im_policy=portraitThumb_tv_fhd","style":"object-fit: cover; border-radius: 0.4rem;"},"childNodeCount":0,"localName":"img","namespaceURI":"http://www.w3.org/1999/xhtml","nodeType":1,"shadowRoot":null}},{"sharedId":"f.8AA54734AA77FC8FA71C50576EE7DE7A.d.81896DEF35B35D6ACD8ACA98F9D48BFD.e.1510","type":"node","value":{"attributes":{"class":"thumbnail relative cursor-pointer outline-none"},"childNodeCount":1,"localName":"div","namespaceURI":"http://www.w3.org/1999/xhtml","nodeType":1,"shadowRoot":null}},{"sharedId":"f.8AA54734AA77FC8FA71C50576EE7DE7A.d.81896DEF35B35D6ACD8ACA98F9D48BFD.e.1511","type":"node","value":{"attributes":{"class":"relative","style":"height: 28.5rem; min-width: 19rem; border-radius: 0.4rem; box-shadow: transparent 0px 0px 0px 0.3rem; transform: scale(1); transition: box-shadow 0.2s, transform 0.2s ease-in;"},"childNodeCount":1,"localName":"div","namespaceURI":"http://www.w3.org/1999/xhtml","nodeType":1,"shadowRoot":null}},{"sharedId":"f.8AA54734AA77FC8FA71C50576EE7DE7A.d.81896DEF35B35D6ACD8ACA98F9D48BFD.e.1512","type":"node","value":{"attributes":{"class":"relative overflow-hidden","style":"width: 19rem; height: 100%; transition: width 0.3s;"},"childNodeCount":2,"localName":"div","namespaceURI":"http://www.w3.org/1999/xhtml","nodeType":1,"shadowRoot":null}},{"sharedId":"f.8AA54734AA77FC8FA71C50576EE7DE7A.d.81896DEF35B35D6ACD8ACA98F9D48BFD.e.1513","type":"node","value":{"attributes":{"class":"absolute inset-0 z-0 h-full hidden"},"childNodeCount":1,"localName":"div","namespaceURI":"http://www.w3.org/1999/xhtml","nodeType":1,"shadowRoot":null}},{"sharedId":"f.8AA54734AA77FC8FA71C50576EE7DE7A.d.81896DEF35B35D6ACD8ACA98F9D48BFD.e.1514","type":"node","value":{"attributes":{"class":"absolute inset-0 flex h-full items-center justify-center overflow-hidden text-ellipsis break-words p-[0.5rem] text-center","style":"width: 19rem; background-color: rgb(66, 66, 66); border-radius: 0.4rem;"},"childNodeCount":1,"localName":"div","namespaceURI":"http://www.w3.org/1999/xhtml","nodeType":1,"shadowRoot":null}},{"sharedId":"f.8AA54734AA77FC8FA71C50576EE7DE7A.d.81896DEF35B35D6ACD8ACA98F9D48BFD.e.1515","type":"node","value":{"attributes":{"class":"max-w-full whitespace-normal break-words text-[2.4rem] font-semibold"},"childNodeCount":1,"localName":"p","namespaceURI":"http://www.w3.org/1999/xhtml","nodeType":1,"shadowRoot":null}},{"sharedId":"f.8AA54734AA77FC8FA71C50576EE7DE7A.d.81896DEF35B35D6ACD8ACA98F9D48BFD.e.1516","type":"node","value":{"attributes":{"alt":"Precious Hearts Romances Presents: Bud Brother Series","class":"absolute inset-0 z-10 h-full w-full","src":"https://pql-static.abs-cbn.com/images/phrbudbrothers.thumb-portrait.jpg?im_policy=portraitThumb_tv_fhd","style":"object-fit: cover; border-radius: 0.4rem;"},"childNodeCount":0,"localName":"img","namespaceURI":"http://www.w3.org/1999/xhtml","nodeType":1,"shadowRoot":null}},{"sharedId":"f.8AA54734AA77FC8FA71C50576EE7DE7A.d.81896DEF35B35D6ACD8ACA98F9D48BFD.e.1517","type":"node","value":{"attributes":{"class":"thumbnail relative cursor-pointer outline-none"},"childNodeCount":1,"localName":"div","namespaceURI":"http://www.w3.org/1999/xhtml","nodeType":1,"shadowRoot":null}},{"sharedId":"f.8AA54734AA77FC8FA71C50576EE7DE7A.d.81896DEF35B35D6ACD8ACA98F9D48BFD.e.1518","type":"node","value":{"attributes":{"class":"relative","style":"height: 28.5rem; min-width: 19rem; border-radius: 0.4rem; box-shadow: transparent 0px 0px 0px 0.3rem; transform: scale(1); transition: box-shadow 0.2s, transform 0.2s ease-in;"},"childNodeCount":1,"localName":"div","namespaceURI":"http://www.w3.org/1999/xhtml","nodeType":1,"shadowRoot":null}},{"sharedId":"f.8AA54734AA77FC8FA71C50576EE7DE7A.d.81896DEF35B35D6ACD8ACA98F9D48BFD.e.1519","type":"node","value":{"attributes":{"class":"relative overflow-hidden","style":"width: 19rem; height: 100%; transition: width 0.3s;"},"childNodeCount":2,"localName":"div","namespaceURI":"http://www.w3.org/1999/xhtml","nodeType":1,"shadowRoot":null}},{"sharedId":"f.8AA54734AA77FC8FA71C50576EE7DE7A.d.81896DEF35B35D6ACD8ACA98F9D48BFD.e.1520","type":"node","value":{"attributes":{"class":"absolute inset-0 z-0 h-full hidden"},"childNodeCount":1,"localName":"div","namespaceURI":"http://www.w3.org/1999/xhtml","nodeType":1,"shadowRoot":null}},{"sharedId":"f.8AA54734AA77FC8FA71C50576EE7DE7A.d.81896DEF35B35D6ACD8ACA98F9D48BFD.e.1521","type":"node","value":{"attributes":{"class":"absolute inset-0 flex h-full items-center justify-center overflow-hidden text-ellipsis break-words p-[0.5rem] text-center","style":"width: 19rem; background-color: rgb(66, 66, 66); border-radius: 0.4rem;"},"childNodeCount":1,"localName":"div","namespaceURI":"http://www.w3.org/1999/xhtml","nodeType":1,"shadowRoot":null}},{"sharedId":"f.8AA54734AA77FC8FA71C50576EE7DE7A.d.81896DEF35B35D6ACD8ACA98F9D48BFD.e.1522","type":"node","value":{"attributes":{"class":"max-w-full whitespace-normal break-words text-[2.4rem] font-semibold"},"childNodeCount":1,"localName":"p","namespaceURI":"http://www.w3.org/1999/xhtml","nodeType":1,"shadowRoot":null}},{"sharedId":"f.8AA54734AA77FC8FA71C50576EE7DE7A.d.81896DEF35B35D6ACD8ACA98F9D48BFD.e.1523","type":"node","value":{"attributes":{"alt":"Precious Hearts Romances Presents: The Substitute Bride","class":"absolute inset-0 z-10 h-full w-full","src":"https://pql-static.abs-cbn.com/images/phrthesubstitutebride.thumb-portrait.jpg?im_policy=portraitThumb_tv_fhd","style":"object-fit: cover; border-radius: 0.4rem;"},"childNodeCount":0,"localName":"img","namespaceURI":"http://www.w3.org/1999/xhtml","nodeType":1,"shadowRoot":null}},{"sharedId":"f.8AA54734AA77FC8FA71C50576EE7DE7A.d.81896DEF35B35D6ACD8ACA98F9D48BFD.e.1524","type":"node","value":{"attributes":{"class":"thumbnail relative cursor-pointer outline-none"},"childNodeCount":1,"localName":"div","namespaceURI":"http://www.w3.org/1999/xhtml","nodeType":1,"shadowRoot":null}},{"sharedId":"f.8AA54734AA77FC8FA71C50576EE7DE7A.d.81896DEF35B35D6ACD8ACA98F9D48BFD.e.1525","type":"node","value":{"attributes":{"class":"relative","style":"height: 28.5rem; min-width: 19rem; border-radius: 0.4rem; box-shadow: transparent 0px 0px 0px 0.3rem; transform: scale(1); transition: box-shadow 0.2s, transform 0.2s ease-in;"},"childNodeCount":1,"localName":"div","namespaceURI":"http://www.w3.org/1999/xhtml","nodeType":1,"shadowRoot":null}},{"sharedId":"f.8AA54734AA77FC8FA71C50576EE7DE7A.d.81896DEF35B35D6ACD8ACA98F9D48BFD.e.1526","type":"node","value":{"attributes":{"class":"relative overflow-hidden","style":"width: 19rem; height: 100%; transition: width 0.3s;"},"childNodeCount":2,"localName":"div","namespaceURI":"http://www.w3.org/1999/xhtml","nodeType":1,"shadowRoot":null}},{"sharedId":"f.8AA54734AA77FC8FA71C50576EE7DE7A.d.81896DEF35B35D6ACD8ACA98F9D48BFD.e.1527","type":"node","value":{"attributes":{"class":"absolute inset-0 z-0 h-full hidden"},"childNodeCount":1,"localName":"div","namespaceURI":"http://www.w3.org/1999/xhtml","nodeType":1,"shadowRoot":null}},{"sharedId":"f.8AA54734AA77FC8FA71C50576EE7DE7A.d.81896DEF35B35D6ACD8ACA98F9D48BFD.e.1528","type":"node","value":{"attributes":{"class":"absolute inset-0 flex h-full items-center justify-center overflow-hidden text-ellipsis break-words p-[0.5rem] text-center","style":"width: 19rem; background-color: rgb(66, 66, 66); border-radius: 0.4rem;"},"childNodeCount":1,"localName":"div","namespaceURI":"http://www.w3.org/1999/xhtml","nodeType":1,"shadowRoot":null}},{"sharedId":"f.8AA54734AA77FC8FA71C50576EE7DE7A.d.81896DEF35B35D6ACD8ACA98F9D48BFD.e.1529","type":"node","value":{"attributes":{"class":"max-w-full whitespace-normal break-words text-[2.4rem] font-semibold"},"childNodeCount":1,"localName":"p","namespaceURI":"http://www.w3.org/1999/xhtml","nodeType":1,"shadowRoot":null}},{"sharedId":"f.8AA54734AA77FC8FA71C50576EE7DE7A.d.81896DEF35B35D6ACD8ACA98F9D48BFD.e.1530","type":"node","value":{"attributes":{"alt":"Precious Hearts Romances Presents: You're Mine, Only Mine","class":"absolute inset-0 z-10 h-full w-full","src":"https://pql-static.abs-cbn.com/images/phryouremineonlymine.thumb-portrait.jpg?im_policy=portraitThumb_tv_fhd","style":"object-fit: cover; border-radius: 0.4rem;"},"childNodeCount":0,"localName":"img","namespaceURI":"http://www.w3.org/1999/xhtml","nodeType":1,"shadowRoot":null}},{"sharedId":"f.8AA54734AA77FC8FA71C50576EE7DE7A.d.81896DEF35B35D6ACD8ACA98F9D48BFD.e.1531","type":"node","value":{"attributes":{"class":"thumbnail relative cursor-pointer outline-none"},"childNodeCount":1,"localName":"div","namespaceURI":"http://www.w3.org/1999/xhtml","nodeType":1,"shadowRoot":null}},{"sharedId":"f.8AA54734AA77FC8FA71C50576EE7DE7A.d.81896DEF35B35D6ACD8ACA98F9D48BFD.e.1532","type":"node","value":{"attributes":{"class":"relative","style":"height: 28.5rem; min-width: 19rem; border-radius: 0.4rem; box-shadow: transparent 0px 0px 0px 0.3rem; transform: scale(1); transition: box-shadow 0.2s, transform 0.2s ease-in;"},"childNodeCount":1,"localName":"div","namespaceURI":"http://www.w3.org/1999/xhtml","nodeType":1,"shadowRoot":null}},{"sharedId":"f.8AA54734AA77FC8FA71C50576EE7DE7A.d.81896DEF35B35D6ACD8ACA98F9D48BFD.e.1533","type":"node","value":{"attributes":{"class":"relative overflow-hidden","style":"width: 19rem; height: 100%; transition: width 0.3s;"},"childNodeCount":2,"localName":"div","namespaceURI":"http://www.w3.org/1999/xhtml","nodeType":1,"shadowRoot":null}},{"sharedId":"f.8AA54734AA77FC8FA71C50576EE7DE7A.d.81896DEF35B35D6ACD8ACA98F9D48BFD.e.1534","type":"node","value":{"attributes":{"class":"absolute inset-0 z-0 h-full hidden"},"childNodeCount":1,"localName":"div","namespaceURI":"http://www.w3.org/1999/xhtml","nodeType":1,"shadowRoot":null}},{"sharedId":"f.8AA54734AA77FC8FA71C50576EE7DE7A.d.81896DEF35B35D6ACD8ACA98F9D48BFD.e.1535","type":"node","value":{"attributes":{"class":"absolute inset-0 flex h-full items-center justify-center overflow-hidden text-ellipsis break-words p-[0.5rem] text-center","style":"width: 19rem; background-color: rgb(66, 66, 66); border-radius: 0.4rem;"},"childNodeCount":1,"localName":"div","namespaceURI":"http://www.w3.org/1999/xhtml","nodeType":1,"shadowRoot":null}},{"sharedId":"f.8AA54734AA77FC8FA71C50576EE7DE7A.d.81896DEF35B35D6ACD8ACA98F9D48BFD.e.1536","type":"node","value":{"attributes":{"class":"max-w-full whitespace-normal break-words text-[2.4rem] font-semibold"},"childNodeCount":1,"localName":"p","namespaceURI":"http://www.w3.org/1999/xhtml","nodeType":1,"shadowRoot":null}},{"sharedId":"f.8AA54734AA77FC8FA71C50576EE7DE7A.d.81896DEF35B35D6ACD8ACA98F9D48BFD.e.1537","type":"node","value":{"attributes":{"alt":"Precious Hearts Romances Presents: Somewhere in My Heart","class":"absolute inset-0 z-10 h-full w-full","src":"https://pql-static.abs-cbn.com/images/phrsomewhereinmyheart.thumb-portrait.jpg?im_policy=portraitThumb_tv_fhd","style":"object-fit: cover; border-radius: 0.4rem;"},"childNodeCount":0,"localName":"img","namespaceURI":"http://www.w3.org/1999/xhtml","nodeType":1,"shadowRoot":null}},{"sharedId":"f.8AA54734AA77FC8FA71C50576EE7DE7A.d.81896DEF35B35D6ACD8ACA98F9D48BFD.e.1538","type":"node","value":{"attributes":{"class":"thumbnail relative cursor-pointer outline-none"},"childNodeCount":1,"localName":"div","namespaceURI":"http://www.w3.org/1999/xhtml","nodeType":1,"shadowRoot":null}},{"sharedId":"f.8AA54734AA77FC8FA71C50576EE7DE7A.d.81896DEF35B35D6ACD8ACA98F9D48BFD.e.1539","type":"node","value":{"attributes":{"class":"relative","style":"height: 28.5rem; min-width: 19rem; border-radius: 0.4rem; box-shadow: transparent 0px 0px 0px 0.3rem; transform: scale(1); transition: box-shadow 0.2s, transform 0.2s ease-in;"},"childNodeCount":1,"localName":"div","namespaceURI":"http://www.w3.org/1999/xhtml","nodeType":1,"shadowRoot":null}},{"sharedId":"f.8AA54734AA77FC8FA71C50576EE7DE7A.d.81896DEF35B35D6ACD8ACA98F9D48BFD.e.1540","type":"node","value":{"attributes":{"class":"relative overflow-hidden","style":"width: 19rem; height: 100%; transition: width 0.3s;"},"childNodeCount":2,"localName":"div","namespaceURI":"http://www.w3.org/1999/xhtml","nodeType":1,"shadowRoot":null}},{"sharedId":"f.8AA54734AA77FC8FA71C50576EE7DE7A.d.81896DEF35B35D6ACD8ACA98F9D48BFD.e.1541","type":"node","value":{"attributes":{"class":"absolute inset-0 z-0 h-full hidden"},"childNodeCount":1,"localName":"div","namespaceURI":"http://www.w3.org/1999/xhtml","nodeType":1,"shadowRoot":null}},{"sharedId":"f.8AA54734AA77FC8FA71C50576EE7DE7A.d.81896DEF35B35D6ACD8ACA98F9D48BFD.e.1542","type":"node","value":{"attributes":{"class":"absolute inset-0 flex h-full items-center justify-center overflow-hidden text-ellipsis break-words p-[0.5rem] text-center","style":"width: 19rem; background-color: rgb(66, 66, 66); border-radius: 0.4rem;"},"childNodeCount":1,"localName":"div","namespaceURI":"http://www.w3.org/1999/xhtml","nodeType":1,"shadowRoot":null}},{"sharedId":"f.8AA54734AA77FC8FA71C50576EE7DE7A.d.81896DEF35B35D6ACD8ACA98F9D48BFD.e.1543","type":"node","value":{"attributes":{"class":"max-w-full whitespace-normal break-words text-[2.4rem] font-semibold"},"childNodeCount":1,"localName":"p","namespaceURI":"http://www.w3.org/1999/xhtml","nodeType":1,"shadowRoot":null}},{"sharedId":"f.8AA54734AA77FC8FA71C50576EE7DE7A.d.81896DEF35B35D6ACD8ACA98F9D48BFD.e.1544","type":"node","value":{"attributes":{"alt":"Precious Hearts Romances Presents: Mana Po","class":"absolute inset-0 z-10 h-full w-full","src":"https://pql-static.abs-cbn.com/images/phrmanapo.thumb-portrait.jpg?im_policy=portraitThumb_tv_fhd","style":"object-fit: cover; border-radius: 0.4rem;"},"childNodeCount":0,"localName":"img","namespaceURI":"http://www.w3.org/1999/xhtml","nodeType":1,"shadowRoot":null}},{"sharedId":"f.8AA54734AA77FC8FA71C50576EE7DE7A.d.81896DEF35B35D6ACD8ACA98F9D48BFD.e.1545","type":"node","value":{"attributes":{"class":"thumbnail relative cursor-pointer outline-none"},"childNodeCount":1,"localName":"div","namespaceURI":"http://www.w3.org/1999/xhtml","nodeType":1,"shadowRoot":null}},{"sharedId":"f.8AA54734AA77FC8FA71C50576EE7DE7A.d.81896DEF35B35D6ACD8ACA98F9D48BFD.e.1546","type":"node","value":{"attributes":{"class":"relative","style":"height: 28.5rem; min-width: 19rem; border-radius: 0.4rem; box-shadow: transparent 0px 0px 0px 0.3rem; transform: scale(1); transition: box-shadow 0.2s, transform 0.2s ease-in;"},"childNodeCount":1,"localName":"div","namespaceURI":"http://www.w3.org/1999/xhtml","nodeType":1,"shadowRoot":null}},{"sharedId":"f.8AA54734AA77FC8FA71C50576EE7DE7A.d.81896DEF35B35D6ACD8ACA98F9D48BFD.e.1547","type":"node","value":{"attributes":{"class":"relative overflow-hidden","style":"width: 19rem; height: 100%; transition: width 0.3s;"},"childNodeCount":2,"localName":"div","namespaceURI":"http://www.w3.org/1999/xhtml","nodeType":1,"shadowRoot":null}},{"sharedId":"f.8AA54734AA77FC8FA71C50576EE7DE7A.d.81896DEF35B35D6ACD8ACA98F9D48BFD.e.1548","type":"node","value":{"attributes":{"class":"absolute inset-0 z-0 h-full hidden"},"childNodeCount":1,"localName":"div","namespaceURI":"http://www.w3.org/1999/xhtml","nodeType":1,"shadowRoot":null}},{"sharedId":"f.8AA54734AA77FC8FA71C50576EE7DE7A.d.81896DEF35B35D6ACD8ACA98F9D48BFD.e.1549","type":"node","value":{"attributes":{"class":"absolute inset-0 flex h-full items-center justify-center overflow-hidden text-ellipsis break-words p-[0.5rem] text-center","style":"width: 19rem; background-color: rgb(66, 66, 66); border-radius: 0.4rem;"},"childNodeCount":1,"localName":"div","namespaceURI":"http://www.w3.org/1999/xhtml","nodeType":1,"shadowRoot":null}},{"sharedId":"f.8AA54734AA77FC8FA71C50576EE7DE7A.d.81896DEF35B35D6ACD8ACA98F9D48BFD.e.1550","type":"node","value":{"attributes":{"class":"max-w-full whitespace-normal break-words text-[2.4rem] font-semibold"},"childNodeCount":1,"localName":"p","namespaceURI":"http://www.w3.org/1999/xhtml","nodeType":1,"shadowRoot":null}},{"sharedId":"f.8AA54734AA77FC8FA71C50576EE7DE7A.d.81896DEF35B35D6ACD8ACA98F9D48BFD.e.1551","type":"node","value":{"attributes":{"alt":"Precious Hearts Romances Presents: Impostor","class":"absolute inset-0 z-10 h-full w-full","src":"https://pql-static.abs-cbn.com/images/phrimpostor.thumb-portrait.jpg?im_policy=portraitThumb_tv_fhd","style":"object-fit: cover; border-radius: 0.4rem;"},"childNodeCount":0,"localName":"img","namespaceURI":"http://www.w3.org/1999/xhtml","nodeType":1,"shadowRoot":null}},{"sharedId":"f.8AA54734AA77FC8FA71C50576EE7DE7A.d.81896DEF35B35D6ACD8ACA98F9D48BFD.e.1552","type":"node","value":{"attributes":{"class":"thumbnail relative cursor-pointer outline-none"},"childNodeCount":1,"localName":"div","namespaceURI":"http://www.w3.org/1999/xhtml","nodeType":1,"shadowRoot":null}},{"sharedId":"f.8AA54734AA77FC8FA71C50576EE7DE7A.d.81896DEF35B35D6ACD8ACA98F9D48BFD.e.1553","type":"node","value":{"attributes":{"class":"relative","style":"height: 28.5rem; min-width: 19rem; border-radius: 0.4rem; box-shadow: transparent 0px 0px 0px 0.3rem; transform: scale(1); transition: box-shadow 0.2s, transform 0.2s ease-in;"},"childNodeCount":1,"localName":"div","namespaceURI":"http://www.w3.org/1999/xhtml","nodeType":1,"shadowRoot":null}},{"sharedId":"f.8AA54734AA77FC8FA71C50576EE7DE7A.d.81896DEF35B35D6ACD8ACA98F9D48BFD.e.1554","type":"node","value":{"attributes":{"class":"relative overflow-hidden","style":"width: 19rem; height: 100%; transition: width 0.3s;"},"childNodeCount":2,"localName":"div","namespaceURI":"http://www.w3.org/1999/xhtml","nodeType":1,"shadowRoot":null}},{"sharedId":"f.8AA54734AA77FC8FA71C50576EE7DE7A.d.81896DEF35B35D6ACD8ACA98F9D48BFD.e.1555","type":"node","value":{"attributes":{"class":"absolute inset-0 z-0 h-full hidden"},"childNodeCount":1,"localName":"div","namespaceURI":"http://www.w3.org/1999/xhtml","nodeType":1,"shadowRoot":null}},{"sharedId":"f.8AA54734AA77FC8FA71C50576EE7DE7A.d.81896DEF35B35D6ACD8ACA98F9D48BFD.e.1556","type":"node","value":{"attributes":{"class":"absolute inset-0 flex h-full items-center justify-center overflow-hidden text-ellipsis break-words p-[0.5rem] text-center","style":"width: 19rem; background-color: rgb(66, 66, 66); border-radius: 0.4rem;"},"childNodeCount":1,"localName":"div","namespaceURI":"http://www.w3.org/1999/xhtml","nodeType":1,"shadowRoot":null}},{"sharedId":"f.8AA54734AA77FC8FA71C50576EE7DE7A.d.81896DEF35B35D6ACD8ACA98F9D48BFD.e.1557","type":"node","value":{"attributes":{"class":"max-w-full whitespace-normal break-words text-[2.4rem] font-semibold"},"childNodeCount":1,"localName":"p","namespaceURI":"http://www.w3.org/1999/xhtml","nodeType":1,"shadowRoot":null}},{"sharedId":"f.8AA54734AA77FC8FA71C50576EE7DE7A.d.81896DEF35B35D6ACD8ACA98F9D48BFD.e.1558","type":"node","value":{"attributes":{"alt":"Precious Hearts Romances Presents: Midnight Phantom","class":"absolute inset-0 z-10 h-full w-full","src":"https://pql-static.abs-cbn.com/images/phrmidnightphantom.thumb-portrait.jpg?im_policy=portraitThumb_tv_fhd","style":"object-fit: cover; border-radius: 0.4rem;"},"childNodeCount":0,"localName":"img","namespaceURI":"http://www.w3.org/1999/xhtml","nodeType":1,"shadowRoot":null}},{"sharedId":"f.8AA54734AA77FC8FA71C50576EE7DE7A.d.81896DEF35B35D6ACD8ACA98F9D48BFD.e.1559","type":"node","value":{"attributes":{"class":"thumbnail relative cursor-pointer outline-none"},"childNodeCount":1,"localName":"div","namespaceURI":"http://www.w3.org/1999/xhtml","nodeType":1,"shadowRoot":null}},{"sharedId":"f.8AA54734AA77FC8FA71C50576EE7DE7A.d.81896DEF35B35D6ACD8ACA98F9D48BFD.e.1560","type":"node","value":{"attributes":{"class":"relative","style":"height: 28.5rem; min-width: 19rem; border-radius: 0.4rem; box-shadow: transparent 0px 0px 0px 0.3rem; transform: scale(1); transition: box-shadow 0.2s, transform 0.2s ease-in;"},"childNodeCount":1,"localName":"div","namespaceURI":"http://www.w3.org/1999/xhtml","nodeType":1,"shadowRoot":null}},{"sharedId":"f.8AA54734AA77FC8FA71C50576EE7DE7A.d.81896DEF35B35D6ACD8ACA98F9D48BFD.e.1561","type":"node","value":{"attributes":{"class":"relative overflow-hidden","style":"width: 19rem; height: 100%; transition: width 0.3s;"},"childNodeCount":2,"localName":"div","namespaceURI":"http://www.w3.org/1999/xhtml","nodeType":1,"shadowRoot":null}},{"sharedId":"f.8AA54734AA77FC8FA71C50576EE7DE7A.d.81896DEF35B35D6ACD8ACA98F9D48BFD.e.1562","type":"node","value":{"attributes":{"class":"absolute inset-0 z-0 h-full hidden"},"childNodeCount":1,"localName":"div","namespaceURI":"http://www.w3.org/1999/xhtml","nodeType":1,"shadowRoot":null}},{"sharedId":"f.8AA54734AA77FC8FA71C50576EE7DE7A.d.81896DEF35B35D6ACD8ACA98F9D48BFD.e.1563","type":"node","value":{"attributes":{"class":"absolute inset-0 flex h-full items-center justify-center overflow-hidden text-ellipsis break-words p-[0.5rem] text-center","style":"width: 19rem; background-color: rgb(66, 66, 66); border-radius: 0.4rem;"},"childNodeCount":1,"localName":"div","namespaceURI":"http://www.w3.org/1999/xhtml","nodeType":1,"shadowRoot":null}},{"sharedId":"f.8AA54734AA77FC8FA71C50576EE7DE7A.d.81896DEF35B35D6ACD8ACA98F9D48BFD.e.1564","type":"node","value":{"attributes":{"class":"max-w-full whitespace-normal break-words text-[2.4rem] font-semibold"},"childNodeCount":1,"localName":"p","namespaceURI":"http://www.w3.org/1999/xhtml","nodeType":1,"shadowRoot":null}},{"sharedId":"f.8AA54734AA77FC8FA71C50576EE7DE7A.d.81896DEF35B35D6ACD8ACA98F9D48BFD.e.1565","type":"node","value":{"attributes":{"alt":"Precious Hearts Romances Presents: Pintada","class":"absolute inset-0 z-10 h-full w-full","src":"https://pql-static.abs-cbn.com/images/phrpintada.thumb-portrait.jpg?im_policy=portraitThumb_tv_fhd","style":"object-fit: cover; border-radius: 0.4rem;"},"childNodeCount":0,"localName":"img","namespaceURI":"http://www.w3.org/1999/xhtml","nodeType":1,"shadowRoot":null}},{"sharedId":"f.8AA54734AA77FC8FA71C50576EE7DE7A.d.81896DEF35B35D6ACD8ACA98F9D48BFD.e.1566","type":"node","value":{"attributes":{"class":"thumbnail relative cursor-pointer outline-none"},"childNodeCount":1,"localName":"div","namespaceURI":"http://www.w3.org/1999/xhtml","nodeType":1,"shadowRoot":null}},{"sharedId":"f.8AA54734AA77FC8FA71C50576EE7DE7A.d.81896DEF35B35D6ACD8ACA98F9D48BFD.e.1567","type":"node","value":{"attributes":{"class":"relative","style":"height: 28.5rem; min-width: 19rem; border-radius: 0.4rem; box-shadow: transparent 0px 0px 0px 0.3rem; transform: scale(1); transition: box-shadow 0.2s, transform 0.2s ease-in;"},"childNodeCount":1,"localName":"div","namespaceURI":"http://www.w3.org/1999/xhtml","nodeType":1,"shadowRoot":null}},{"sharedId":"f.8AA54734AA77FC8FA71C50576EE7DE7A.d.81896DEF35B35D6ACD8ACA98F9D48BFD.e.1568","type":"node","value":{"attributes":{"class":"relative overflow-hidden","style":"width: 19rem; height: 100%; transition: width 0.3s;"},"childNodeCount":2,"localName":"div","namespaceURI":"http://www.w3.org/1999/xhtml","nodeType":1,"shadowRoot":null}},{"sharedId":"f.8AA54734AA77FC8FA71C50576EE7DE7A.d.81896DEF35B35D6ACD8ACA98F9D48BFD.e.1569","type":"node","value":{"attributes":{"class":"absolute inset-0 z-0 h-full hidden"},"childNodeCount":1,"localName":"div","namespaceURI":"http://www.w3.org/1999/xhtml","nodeType":1,"shadowRoot":null}},{"sharedId":"f.8AA54734AA77FC8FA71C50576EE7DE7A.d.81896DEF35B35D6ACD8ACA98F9D48BFD.e.1570","type":"node","value":{"attributes":{"class":"absolute inset-0 flex h-full items-center justify-center overflow-hidden text-ellipsis break-words p-[0.5rem] text-center","style":"width: 19rem; background-color: rgb(66, 66, 66); border-radius: 0.4rem;"},"childNodeCount":1,"localName":"div","namespaceURI":"http://www.w3.org/1999/xhtml","nodeType":1,"shadowRoot":null}},{"sharedId":"f.8AA54734AA77FC8FA71C50576EE7DE7A.d.81896DEF35B35D6ACD8ACA98F9D48BFD.e.1571","type":"node","value":{"attributes":{"class":"max-w-full whitespace-normal break-words text-[2.4rem] font-semibold"},"childNodeCount":1,"localName":"p","namespaceURI":"http://www.w3.org/1999/xhtml","nodeType":1,"shadowRoot":null}},{"sharedId":"f.8AA54734AA77FC8FA71C50576EE7DE7A.d.81896DEF35B35D6ACD8ACA98F9D48BFD.e.1572","type":"node","value":{"attributes":{"alt":"Precious Hearts Romances Presents: Araw Gabi","class":"absolute inset-0 z-10 h-full w-full","src":"https://pql-static.abs-cbn.com/images/arawgabi.thumb-portrait.jpg?im_policy=portraitThumb_tv_fhd","style":"object-fit: cover; border-radius: 0.4rem;"},"childNodeCount":0,"localName":"img","namespaceURI":"http://www.w3.org/1999/xhtml","nodeType":1,"shadowRoot":null}},{"sharedId":"f.8AA54734AA77FC8FA71C50576EE7DE7A.d.81896DEF35B35D6ACD8ACA98F9D48BFD.e.1573","type":"node","value":{"attributes":{"class":"rail relative h-full w-full pb-[3.2rem]","style":"width: 100%; margin-top: 0px; margin-bottom: 0px; margin-left: 0px; padding-left: 0px; padding-top: 3.2rem; background-size: cover; background-repeat: no-repeat; background-position: center center;"},"childNodeCount":2,"localName":"div","namespaceURI":"http://www.w3.org/1999/xhtml","nodeType":1,"shadowRoot":null}},{"sharedId":"f.8AA54734AA77FC8FA71C50576EE7DE7A.d.81896DEF35B35D6ACD8ACA98F9D48BFD.e.1574","type":"node","value":{"attributes":{"class":"title mb-[3.2rem]"},"childNodeCount":1,"localName":"div","namespaceURI":"http://www.w3.org/1999/xhtml","nodeType":1,"shadowRoot":null}},{"sharedId":"f.8AA54734AA77FC8FA71C50576EE7DE7A.d.81896DEF35B35D6ACD8ACA98F9D48BFD.e.1575","type":"node","value":{"attributes":{"class":"text-[2.8rem] font-medium leading-[3.5rem]"},"childNodeCount":1,"localName":"p","namespaceURI":"http://www.w3.org/1999/xhtml","nodeType":1,"shadowRoot":null}},{"sharedId":"f.8AA54734AA77FC8FA71C50576EE7DE7A.d.81896DEF35B35D6ACD8ACA98F9D48BFD.e.1576","type":"node","value":{"attributes":{"class":"rail-container pointer-events-none relative","style":"margin-top: 0px; margin-bottom: -3rem;"},"childNodeCount":1,"localName":"div","namespaceURI":"http://www.w3.org/1999/xhtml","nodeType":1,"shadowRoot":null}},{"sharedId":"f.8AA54734AA77FC8FA71C50576EE7DE7A.d.81896DEF35B35D6ACD8ACA98F9D48BFD.e.1577","type":"node","value":{"attributes":{"class":"scrollable-list pointer-events-auto flex gap-[1.6rem] overflow-x-auto scroll-smooth","style":"padding-top: 0px; padding-bottom: 3rem;"},"childNodeCount":20,"localName":"div","namespaceURI":"http://www.w3.org/1999/xhtml","nodeType":1,"shadowRoot":null}},{"sharedId":"f.8AA54734AA77FC8FA71C50576EE7DE7A.d.81896DEF35B35D6ACD8ACA98F9D48BFD.e.1578","type":"node","value":{"attributes":{"class":"thumbnail relative cursor-pointer outline-none"},"childNodeCount":1,"localName":"div","namespaceURI":"http://www.w3.org/1999/xhtml","nodeType":1,"shadowRoot":null}},{"sharedId":"f.8AA54734AA77FC8FA71C50576EE7DE7A.d.81896DEF35B35D6ACD8ACA98F9D48BFD.e.1579","type":"node","value":{"attributes":{"class":"relative","style":"height: 28.5rem; min-width: 19rem; border-radius: 0.4rem; box-shadow: transparent 0px 0px 0px 0.3rem; transform: scale(1); transition: box-shadow 0.2s, transform 0.2s ease-in;"},"childNodeCount":1,"localName":"div","namespaceURI":"http://www.w3.org/1999/xhtml","nodeType":1,"shadowRoot":null}},{"sharedId":"f.8AA54734AA77FC8FA71C50576EE7DE7A.d.81896DEF35B35D6ACD8ACA98F9D48BFD.e.1580","type":"node","value":{"attributes":{"class":"relative overflow-hidden","style":"width: 19rem; height: 100%; transition: width 0.3s;"},"childNodeCount":2,"localName":"div","namespaceURI":"http://www.w3.org/1999/xhtml","nodeType":1,"shadowRoot":null}},{"sharedId":"f.8AA54734AA77FC8FA71C50576EE7DE7A.d.81896DEF35B35D6ACD8ACA98F9D48BFD.e.1581","type":"node","value":{"attributes":{"class":"absolute inset-0 z-0 h-full hidden"},"childNodeCount":1,"localName":"div","namespaceURI":"http://www.w3.org/1999/xhtml","nodeType":1,"shadowRoot":null}},{"sharedId":"f.8AA54734AA77FC8FA71C50576EE7DE7A.d.81896DEF35B35D6ACD8ACA98F9D48BFD.e.1582","type":"node","value":{"attributes":{"class":"absolute inset-0 flex h-full items-center justify-center overflow-hidden text-ellipsis break-words p-[0.5rem] text-center","style":"width: 19rem; background-color: rgb(66, 66, 66); border-radius: 0.4rem;"},"childNodeCount":1,"localName":"div","namespaceURI":"http://www.w3.org/1999/xhtml","nodeType":1,"shadowRoot":null}},{"sharedId":"f.8AA54734AA77FC8FA71C50576EE7DE7A.d.81896DEF35B35D6ACD8ACA98F9D48BFD.e.1583","type":"node","value":{"attributes":{"class":"max-w-full whitespace-normal break-words text-[2.4rem] font-semibold"},"childNodeCount":1,"localName":"p","namespaceURI":"http://www.w3.org/1999/xhtml","nodeType":1,"shadowRoot":null}},{"sharedId":"f.8AA54734AA77FC8FA71C50576EE7DE7A.d.81896DEF35B35D6ACD8ACA98F9D48BFD.e.1584","type":"node","value":{"attributes":{"alt":"Dubai","class":"absolute inset-0 z-10 h-full w-full","src":"https://pql-static.abs-cbn.com/images/dubai.thumb-portrait.v2.jpg?im_policy=portraitThumb_tv_fhd","style":"object-fit: cover; border-radius: 0.4rem;"},"childNodeCount":0,"localName":"img","namespaceURI":"http://www.w3.org/1999/xhtml","nodeType":1,"shadowRoot":null}},{"sharedId":"f.8AA54734AA77FC8FA71C50576EE7DE7A.d.81896DEF35B35D6ACD8ACA98F9D48BFD.e.1585","type":"node","value":{"attributes":{"class":"thumbnail relative cursor-pointer outline-none"},"childNodeCount":1,"localName":"div","namespaceURI":"http://www.w3.org/1999/xhtml","nodeType":1,"shadowRoot":null}},{"sharedId":"f.8AA54734AA77FC8FA71C50576EE7DE7A.d.81896DEF35B35D6ACD8ACA98F9D48BFD.e.1586","type":"node","value":{"attributes":{"class":"relative","style":"height: 28.5rem; min-width: 19rem; border-radius: 0.4rem; box-shadow: transparent 0px 0px 0px 0.3rem; transform: scale(1); transition: box-shadow 0.2s, transform 0.2s ease-in;"},"childNodeCount":1,"localName":"div","namespaceURI":"http://www.w3.org/1999/xhtml","nodeType":1,"shadowRoot":null}},{"sharedId":"f.8AA54734AA77FC8FA71C50576EE7DE7A.d.81896DEF35B35D6ACD8ACA98F9D48BFD.e.1587","type":"node","value":{"attributes":{"class":"relative overflow-hidden","style":"width: 19rem; height: 100%; transition: width 0.3s;"},"childNodeCount":2,"localName":"div","namespaceURI":"http://www.w3.org/1999/xhtml","nodeType":1,"shadowRoot":null}},{"sharedId":"f.8AA54734AA77FC8FA71C50576EE7DE7A.d.81896DEF35B35D6ACD8ACA98F9D48BFD.e.1588","type":"node","value":{"attributes":{"class":"absolute inset-0 z-0 h-full hidden"},"childNodeCount":1,"localName":"div","namespaceURI":"http://www.w3.org/1999/xhtml","nodeType":1,"shadowRoot":null}},{"sharedId":"f.8AA54734AA77FC8FA71C50576EE7DE7A.d.81896DEF35B35D6ACD8ACA98F9D48BFD.e.1589","type":"node","value":{"attributes":{"class":"absolute inset-0 flex h-full items-center justify-center overflow-hidden text-ellipsis break-words p-[0.5rem] text-center","style":"width: 19rem; background-color: rgb(66, 66, 66); border-radius: 0.4rem;"},"childNodeCount":1,"localName":"div","namespaceURI":"http://www.w3.org/1999/xhtml","nodeType":1,"shadowRoot":null}},{"sharedId":"f.8AA54734AA77FC8FA71C50576EE7DE7A.d.81896DEF35B35D6ACD8ACA98F9D48BFD.e.1590","type":"node","value":{"attributes":{"class":"max-w-full whitespace-normal break-words text-[2.4rem] font-semibold"},"childNodeCount":1,"localName":"p","namespaceURI":"http://www.w3.org/1999/xhtml","nodeType":1,"shadowRoot":null}},{"sharedId":"f.8AA54734AA77FC8FA71C50576EE7DE7A.d.81896DEF35B35D6ACD8ACA98F9D48BFD.e.1591","type":"node","value":{"attributes":{"alt":"Love Me Again (Land Down Under)","class":"absolute inset-0 z-10 h-full w-full","src":"https://pql-static.abs-cbn.com/images/lovemeagain.thumb-portrait.jpg?im_policy=portraitThumb_tv_fhd","style":"object-fit: cover; border-radius: 0.4rem;"},"childNodeCount":0,"localName":"img","namespaceURI":"http://www.w3.org/1999/xhtml","nodeType":1,"shadowRoot":null}},{"sharedId":"f.8AA54734AA77FC8FA71C50576EE7DE7A.d.81896DEF35B35D6ACD8ACA98F9D48BFD.e.1592","type":"node","value":{"attributes":{"class":"thumbnail relative cursor-pointer outline-none"},"childNodeCount":1,"localName":"div","namespaceURI":"http://www.w3.org/1999/xhtml","nodeType":1,"shadowRoot":null}},{"sharedId":"f.8AA54734AA77FC8FA71C50576EE7DE7A.d.81896DEF35B35D6ACD8ACA98F9D48BFD.e.1593","type":"node","value":{"attributes":{"class":"relative","style":"height: 28.5rem; min-width: 19rem; border-radius: 0.4rem; box-shadow: transparent 0px 0px 0px 0.3rem; transform: scale(1); transition: box-shadow 0.2s, transform 0.2s ease-in;"},"childNodeCount":1,"localName":"div","namespaceURI":"http://www.w3.org/1999/xhtml","nodeType":1,"shadowRoot":null}},{"sharedId":"f.8AA54734AA77FC8FA71C50576EE7DE7A.d.81896DEF35B35D6ACD8ACA98F9D48BFD.e.1594","type":"node","value":{"attributes":{"class":"relative overflow-hidden","style":"width: 19rem; height: 100%; transition: width 0.3s;"},"childNodeCount":2,"localName":"div","namespaceURI":"http://www.w3.org/1999/xhtml","nodeType":1,"shadowRoot":null}},{"sharedId":"f.8AA54734AA77FC8FA71C50576EE7DE7A.d.81896DEF35B35D6ACD8ACA98F9D48BFD.e.1595","type":"node","value":{"attributes":{"class":"absolute inset-0 z-0 h-full hidden"},"childNodeCount":1,"localName":"div","namespaceURI":"http://www.w3.org/1999/xhtml","nodeType":1,"shadowRoot":null}},{"sharedId":"f.8AA54734AA77FC8FA71C50576EE7DE7A.d.81896DEF35B35D6ACD8ACA98F9D48BFD.e.1596","type":"node","value":{"attributes":{"class":"absolute inset-0 flex h-full items-center justify-center overflow-hidden text-ellipsis break-words p-[0.5rem] text-center","style":"width: 19rem; background-color: rgb(66, 66, 66); border-radius: 0.4rem;"},"childNodeCount":1,"localName":"div","namespaceURI":"http://www.w3.org/1999/xhtml","nodeType":1,"shadowRoot":null}},{"sharedId":"f.8AA54734AA77FC8FA71C50576EE7DE7A.d.81896DEF35B35D6ACD8ACA98F9D48BFD.e.1597","type":"node","value":{"attributes":{"class":"max-w-full whitespace-normal break-words text-[2.4rem] font-semibold"},"childNodeCount":1,"localName":"p","namespaceURI":"http://www.w3.org/1999/xhtml","nodeType":1,"shadowRoot":null}},{"sharedId":"f.8AA54734AA77FC8FA71C50576EE7DE7A.d.81896DEF35B35D6ACD8ACA98F9D48BFD.e.1598","type":"node","value":{"attributes":{"alt":"Sana Maulit Muli","class":"absolute inset-0 z-10 h-full w-full","src":"https://pql-static.abs-cbn.com/images/sanamaulitmuli.thumb-portrait.jpg?im_policy=portraitThumb_tv_fhd","style":"object-fit: cover; border-radius: 0.4rem;"},"childNodeCount":0,"localName":"img","namespaceURI":"http://www.w3.org/1999/xhtml","nodeType":1,"shadowRoot":null}},{"sharedId":"f.8AA54734AA77FC8FA71C50576EE7DE7A.d.81896DEF35B35D6ACD8ACA98F9D48BFD.e.1599","type":"node","value":{"attributes":{"class":"thumbnail relative cursor-pointer outline-none"},"childNodeCount":1,"localName":"div","namespaceURI":"http://www.w3.org/1999/xhtml","nodeType":1,"shadowRoot":null}},{"sharedId":"f.8AA54734AA77FC8FA71C50576EE7DE7A.d.81896DEF35B35D6ACD8ACA98F9D48BFD.e.1600","type":"node","value":{"attributes":{"class":"relative","style":"height: 28.5rem; min-width: 19rem; border-radius: 0.4rem; box-shadow: transparent 0px 0px 0px 0.3rem; transform: scale(1); transition: box-shadow 0.2s, transform 0.2s ease-in;"},"childNodeCount":1,"localName":"div","namespaceURI":"http://www.w3.org/1999/xhtml","nodeType":1,"shadowRoot":null}},{"sharedId":"f.8AA54734AA77FC8FA71C50576EE7DE7A.d.81896DEF35B35D6ACD8ACA98F9D48BFD.e.1601","type":"node","value":{"attributes":{"class":"relative overflow-hidden","style":"width: 19rem; height: 100%; transition: width 0.3s;"},"childNodeCount":2,"localName":"div","namespaceURI":"http://www.w3.org/1999/xhtml","nodeType":1,"shadowRoot":null}},{"sharedId":"f.8AA54734AA77FC8FA71C50576EE7DE7A.d.81896DEF35B35D6ACD8ACA98F9D48BFD.e.1602","type":"node","value":{"attributes":{"class":"absolute inset-0 z-0 h-full hidden"},"childNodeCount":1,"localName":"div","namespaceURI":"http://www.w3.org/1999/xhtml","nodeType":1,"shadowRoot":null}},{"sharedId":"f.8AA54734AA77FC8FA71C50576EE7DE7A.d.81896DEF35B35D6ACD8ACA98F9D48BFD.e.1603","type":"node","value":{"attributes":{"class":"absolute inset-0 flex h-full items-center justify-center overflow-hidden text-ellipsis break-words p-[0.5rem] text-center","style":"width: 19rem; background-color: rgb(66, 66, 66); border-radius: 0.4rem;"},"childNodeCount":1,"localName":"div","namespaceURI":"http://www.w3.org/1999/xhtml","nodeType":1,"shadowRoot":null}},{"sharedId":"f.8AA54734AA77FC8FA71C50576EE7DE7A.d.81896DEF35B35D6ACD8ACA98F9D48BFD.e.1604","type":"node","value":{"attributes":{"class":"max-w-full whitespace-normal break-words text-[2.4rem] font-semibold"},"childNodeCount":1,"localName":"p","namespaceURI":"http://www.w3.org/1999/xhtml","nodeType":1,"shadowRoot":null}},{"sharedId":"f.8AA54734AA77FC8FA71C50576EE7DE7A.d.81896DEF35B35D6ACD8ACA98F9D48BFD.e.1605","type":"node","value":{"attributes":{"alt":"Nasaan ka man","class":"absolute inset-0 z-10 h-full w-full","src":"https://pql-static.abs-cbn.com/images/nasaankaman.thumb-portrait.jpg?im_policy=portraitThumb_tv_fhd","style":"object-fit: cover; border-radius: 0.4rem;"},"childNodeCount":0,"localName":"img","namespaceURI":"http://www.w3.org/1999/xhtml","nodeType":1,"shadowRoot":null}},{"sharedId":"f.8AA54734AA77FC8FA71C50576EE7DE7A.d.81896DEF35B35D6ACD8ACA98F9D48BFD.e.1606","type":"node","value":{"attributes":{"class":"thumbnail relative cursor-pointer outline-none"},"childNodeCount":1,"localName":"div","namespaceURI":"http://www.w3.org/1999/xhtml","nodeType":1,"shadowRoot":null}},{"sharedId":"f.8AA54734AA77FC8FA71C50576EE7DE7A.d.81896DEF35B35D6ACD8ACA98F9D48BFD.e.1607","type":"node","value":{"attributes":{"class":"relative","style":"height: 28.5rem; min-width: 19rem; border-radius: 0.4rem; box-shadow: transparent 0px 0px 0px 0.3rem; transform: scale(1); transition: box-shadow 0.2s, transform 0.2s ease-in;"},"childNodeCount":1,"localName":"div","namespaceURI":"http://www.w3.org/1999/xhtml","nodeType":1,"shadowRoot":null}},{"sharedId":"f.8AA54734AA77FC8FA71C50576EE7DE7A.d.81896DEF35B35D6ACD8ACA98F9D48BFD.e.1608","type":"node","value":{"attributes":{"class":"relative overflow-hidden","style":"width: 19rem; height: 100%; transition: width 0.3s;"},"childNodeCount":2,"localName":"div","namespaceURI":"http://www.w3.org/1999/xhtml","nodeType":1,"shadowRoot":null}},{"sharedId":"f.8AA54734AA77FC8FA71C50576EE7DE7A.d.81896DEF35B35D6ACD8ACA98F9D48BFD.e.1609","type":"node","value":{"attributes":{"class":"absolute inset-0 z-0 h-full hidden"},"childNodeCount":1,"localName":"div","namespaceURI":"http://www.w3.org/1999/xhtml","nodeType":1,"shadowRoot":null}},{"sharedId":"f.8AA54734AA77FC8FA71C50576EE7DE7A.d.81896DEF35B35D6ACD8ACA98F9D48BFD.e.1610","type":"node","value":{"attributes":{"class":"absolute inset-0 flex h-full items-center justify-center overflow-hidden text-ellipsis break-words p-[0.5rem] text-center","style":"width: 19rem; background-color: rgb(66, 66, 66); border-radius: 0.4rem;"},"childNodeCount":1,"localName":"div","namespaceURI":"http://www.w3.org/1999/xhtml","nodeType":1,"shadowRoot":null}},{"sharedId":"f.8AA54734AA77FC8FA71C50576EE7DE7A.d.81896DEF35B35D6ACD8ACA98F9D48BFD.e.1611","type":"node","value":{"attributes":{"class":"max-w-full whitespace-normal break-words text-[2.4rem] font-semibold"},"childNodeCount":1,"localName":"p","namespaceURI":"http://www.w3.org/1999/xhtml","nodeType":1,"shadowRoot":null}},{"sharedId":"f.8AA54734AA77FC8FA71C50576EE7DE7A.d.81896DEF35B35D6ACD8ACA98F9D48BFD.e.1612","type":"node","value":{"attributes":{"alt":"My Big Love","class":"absolute inset-0 z-10 h-full w-full","src":"https://pql-static.abs-cbn.com/images/mybiglove.thumb-portrait.v2.jpg?im_policy=portraitThumb_tv_fhd","style":"object-fit: cover; border-radius: 0.4rem;"},"childNodeCount":0,"localName":"img","namespaceURI":"http://www.w3.org/1999/xhtml","nodeType":1,"shadowRoot":null}},{"sharedId":"f.8AA54734AA77FC8FA71C50576EE7DE7A.d.81896DEF35B35D6ACD8ACA98F9D48BFD.e.1613","type":"node","value":{"attributes":{"class":"thumbnail relative cursor-pointer outline-none"},"childNodeCount":1,"localName":"div","namespaceURI":"http://www.w3.org/1999/xhtml","nodeType":1,"shadowRoot":null}},{"sharedId":"f.8AA54734AA77FC8FA71C50576EE7DE7A.d.81896DEF35B35D6ACD8ACA98F9D48BFD.e.1614","type":"node","value":{"attributes":{"class":"relative","style":"height: 28.5rem; min-width: 19rem; border-radius: 0.4rem; box-shadow: transparent 0px 0px 0px 0.3rem; transform: scale(1); transition: box-shadow 0.2s, transform 0.2s ease-in;"},"childNodeCount":1,"localName":"div","namespaceURI":"http://www.w3.org/1999/xhtml","nodeType":1,"shadowRoot":null}},{"sharedId":"f.8AA54734AA77FC8FA71C50576EE7DE7A.d.81896DEF35B35D6ACD8ACA98F9D48BFD.e.1615","type":"node","value":{"attributes":{"class":"relative overflow-hidden","style":"width: 19rem; height: 100%; transition: width 0.3s;"},"childNodeCount":2,"localName":"div","namespaceURI":"http://www.w3.org/1999/xhtml","nodeType":1,"shadowRoot":null}},{"sharedId":"f.8AA54734AA77FC8FA71C50576EE7DE7A.d.81896DEF35B35D6ACD8ACA98F9D48BFD.e.1616","type":"node","value":{"attributes":{"class":"absolute inset-0 z-0 h-full hidden"},"childNodeCount":1,"localName":"div","namespaceURI":"http://www.w3.org/1999/xhtml","nodeType":1,"shadowRoot":null}},{"sharedId":"f.8AA54734AA77FC8FA71C50576EE7DE7A.d.81896DEF35B35D6ACD8ACA98F9D48BFD.e.1617","type":"node","value":{"attributes":{"class":"absolute inset-0 flex h-full items-center justify-center overflow-hidden text-ellipsis break-words p-[0.5rem] text-center","style":"width: 19rem; background-color: rgb(66, 66, 66); border-radius: 0.4rem;"},"childNodeCount":1,"localName":"div","namespaceURI":"http://www.w3.org/1999/xhtml","nodeType":1,"shadowRoot":null}},{"sharedId":"f.8AA54734AA77FC8FA71C50576EE7DE7A.d.81896DEF35B35D6ACD8ACA98F9D48BFD.e.1618","type":"node","value":{"attributes":{"class":"max-w-full whitespace-normal break-words text-[2.4rem] font-semibold"},"childNodeCount":1,"localName":"p","namespaceURI":"http://www.w3.org/1999/xhtml","nodeType":1,"shadowRoot":null}},{"sharedId":"f.8AA54734AA77FC8FA71C50576EE7DE7A.d.81896DEF35B35D6ACD8ACA98F9D48BFD.e.1619","type":"node","value":{"attributes":{"alt":"All About Love","class":"absolute inset-0 z-10 h-full w-full","src":"https://pql-static.abs-cbn.com/images/allaboutlove.thumb-portrait.jpg?im_policy=portraitThumb_tv_fhd","style":"object-fit: cover; border-radius: 0.4rem;"},"childNodeCount":0,"localName":"img","namespaceURI":"http://www.w3.org/1999/xhtml","nodeType":1,"shadowRoot":null}},{"sharedId":"f.8AA54734AA77FC8FA71C50576EE7DE7A.d.81896DEF35B35D6ACD8ACA98F9D48BFD.e.1620","type":"node","value":{"attributes":{"class":"thumbnail relative cursor-pointer outline-none"},"childNodeCount":1,"localName":"div","namespaceURI":"http://www.w3.org/1999/xhtml","nodeType":1,"shadowRoot":null}},{"sharedId":"f.8AA54734AA77FC8FA71C50576EE7DE7A.d.81896DEF35B35D6ACD8ACA98F9D48BFD.e.1621","type":"node","value":{"attributes":{"class":"relative","style":"height: 28.5rem; min-width: 19rem; border-radius: 0.4rem; box-shadow: transparent 0px 0px 0px 0.3rem; transform: scale(1); transition: box-shadow 0.2s, transform 0.2s ease-in;"},"childNodeCount":1,"localName":"div","namespaceURI":"http://www.w3.org/1999/xhtml","nodeType":1,"shadowRoot":null}},{"sharedId":"f.8AA54734AA77FC8FA71C50576EE7DE7A.d.81896DEF35B35D6ACD8ACA98F9D48BFD.e.1622","type":"node","value":{"attributes":{"class":"relative overflow-hidden","style":"width: 19rem; height: 100%; transition: width 0.3s;"},"childNodeCount":2,"localName":"div","namespaceURI":"http://www.w3.org/1999/xhtml","nodeType":1,"shadowRoot":null}},{"sharedId":"f.8AA54734AA77FC8FA71C50576EE7DE7A.d.81896DEF35B35D6ACD8ACA98F9D48BFD.e.1623","type":"node","value":{"attributes":{"class":"absolute inset-0 z-0 h-full hidden"},"childNodeCount":1,"localName":"div","namespaceURI":"http://www.w3.org/1999/xhtml","nodeType":1,"shadowRoot":null}},{"sharedId":"f.8AA54734AA77FC8FA71C50576EE7DE7A.d.81896DEF35B35D6ACD8ACA98F9D48BFD.e.1624","type":"node","value":{"attributes":{"class":"absolute inset-0 flex h-full items-center justify-center overflow-hidden text-ellipsis break-words p-[0.5rem] text-center","style":"width: 19rem; background-color: rgb(66, 66, 66); border-radius: 0.4rem;"},"childNodeCount":1,"localName":"div","namespaceURI":"http://www.w3.org/1999/xhtml","nodeType":1,"shadowRoot":null}},{"sharedId":"f.8AA54734AA77FC8FA71C50576EE7DE7A.d.81896DEF35B35D6ACD8ACA98F9D48BFD.e.1625","type":"node","value":{"attributes":{"class":"max-w-full whitespace-normal break-words text-[2.4rem] font-semibold"},"childNodeCount":1,"localName":"p","namespaceURI":"http://www.w3.org/1999/xhtml","nodeType":1,"shadowRoot":null}},{"sharedId":"f.8AA54734AA77FC8FA71C50576EE7DE7A.d.81896DEF35B35D6ACD8ACA98F9D48BFD.e.1626","type":"node","value":{"attributes":{"alt":"Gimik: The Reunion","class":"absolute inset-0 z-10 h-full w-full","src":"https://pql-static.abs-cbn.com/images/gimikthereunion.thumb-portrait.v2.jpg?im_policy=portraitThumb_tv_fhd","style":"object-fit: cover; border-radius: 0.4rem;"},"childNodeCount":0,"localName":"img","namespaceURI":"http://www.w3.org/1999/xhtml","nodeType":1,"shadowRoot":null}},{"sharedId":"f.8AA54734AA77FC8FA71C50576EE7DE7A.d.81896DEF35B35D6ACD8ACA98F9D48BFD.e.1627","type":"node","value":{"attributes":{"class":"thumbnail relative cursor-pointer outline-none"},"childNodeCount":1,"localName":"div","namespaceURI":"http://www.w3.org/1999/xhtml","nodeType":1,"shadowRoot":null}},{"sharedId":"f.8AA54734AA77FC8FA71C50576EE7DE7A.d.81896DEF35B35D6ACD8ACA98F9D48BFD.e.1628","type":"node","value":{"attributes":{"class":"relative","style":"height: 28.5rem; min-width: 19rem; border-radius: 0.4rem; box-shadow: transparent 0px 0px 0px 0.3rem; transform: scale(1); transition: box-shadow 0.2s, transform 0.2s ease-in;"},"childNodeCount":1,"localName":"div","namespaceURI":"http://www.w3.org/1999/xhtml","nodeType":1,"shadowRoot":null}},{"sharedId":"f.8AA54734AA77FC8FA71C50576EE7DE7A.d.81896DEF35B35D6ACD8ACA98F9D48BFD.e.1629","type":"node","value":{"attributes":{"class":"relative overflow-hidden","style":"width: 19rem; height: 100%; transition: width 0.3s;"},"childNodeCount":2,"localName":"div","namespaceURI":"http://www.w3.org/1999/xhtml","nodeType":1,"shadowRoot":null}},{"sharedId":"f.8AA54734AA77FC8FA71C50576EE7DE7A.d.81896DEF35B35D6ACD8ACA98F9D48BFD.e.1630","type":"node","value":{"attributes":{"class":"absolute inset-0 z-0 h-full hidden"},"childNodeCount":1,"localName":"div","namespaceURI":"http://www.w3.org/1999/xhtml","nodeType":1,"shadowRoot":null}},{"sharedId":"f.8AA54734AA77FC8FA71C50576EE7DE7A.d.81896DEF35B35D6ACD8ACA98F9D48BFD.e.1631","type":"node","value":{"attributes":{"class":"absolute inset-0 flex h-full items-center justify-center overflow-hidden text-ellipsis break-words p-[0.5rem] text-center","style":"width: 19rem; background-color: rgb(66, 66, 66); border-radius: 0.4rem;"},"childNodeCount":1,"localName":"div","namespaceURI":"http://www.w3.org/1999/xhtml","nodeType":1,"shadowRoot":null}},{"sharedId":"f.8AA54734AA77FC8FA71C50576EE7DE7A.d.81896DEF35B35D6ACD8ACA98F9D48BFD.e.1632","type":"node","value":{"attributes":{"class":"max-w-full whitespace-normal break-words text-[2.4rem] font-semibold"},"childNodeCount":1,"localName":"p","namespaceURI":"http://www.w3.org/1999/xhtml","nodeType":1,"shadowRoot":null}},{"sharedId":"f.8AA54734AA77FC8FA71C50576EE7DE7A.d.81896DEF35B35D6ACD8ACA98F9D48BFD.e.1633","type":"node","value":{"attributes":{"alt":"Trip","class":"absolute inset-0 z-10 h-full w-full","src":"https://pql-static.abs-cbn.com/images/trip.thumb-portrait.jpg?im_policy=portraitThumb_tv_fhd","style":"object-fit: cover; border-radius: 0.4rem;"},"childNodeCount":0,"localName":"img","namespaceURI":"http://www.w3.org/1999/xhtml","nodeType":1,"shadowRoot":null}},{"sharedId":"f.8AA54734AA77FC8FA71C50576EE7DE7A.d.81896DEF35B35D6ACD8ACA98F9D48BFD.e.1634","type":"node","value":{"attributes":{"class":"thumbnail relative cursor-pointer outline-none"},"childNodeCount":1,"localName":"div","namespaceURI":"http://www.w3.org/1999/xhtml","nodeType":1,"shadowRoot":null}},{"sharedId":"f.8AA54734AA77FC8FA71C50576EE7DE7A.d.81896DEF35B35D6ACD8ACA98F9D48BFD.e.1635","type":"node","value":{"attributes":{"class":"relative","style":"height: 28.5rem; min-width: 19rem; border-radius: 0.4rem; box-shadow: transparent 0px 0px 0px 0.3rem; transform: scale(1); transition: box-shadow 0.2s, transform 0.2s ease-in;"},"childNodeCount":1,"localName":"div","namespaceURI":"http://www.w3.org/1999/xhtml","nodeType":1,"shadowRoot":null}},{"sharedId":"f.8AA54734AA77FC8FA71C50576EE7DE7A.d.81896DEF35B35D6ACD8ACA98F9D48BFD.e.1636","type":"node","value":{"attributes":{"class":"relative overflow-hidden","style":"width: 19rem; height: 100%; transition: width 0.3s;"},"childNodeCount":2,"localName":"div","namespaceURI":"http://www.w3.org/1999/xhtml","nodeType":1,"shadowRoot":null}},{"sharedId":"f.8AA54734AA77FC8FA71C50576EE7DE7A.d.81896DEF35B35D6ACD8ACA98F9D48BFD.e.1637","type":"node","value":{"attributes":{"class":"absolute inset-0 z-0 h-full hidden"},"childNodeCount":1,"localName":"div","namespaceURI":"http://www.w3.org/1999/xhtml","nodeType":1,"shadowRoot":null}},{"sharedId":"f.8AA54734AA77FC8FA71C50576EE7DE7A.d.81896DEF35B35D6ACD8ACA98F9D48BFD.e.1638","type":"node","value":{"attributes":{"class":"absolute inset-0 flex h-full items-center justify-center overflow-hidden text-ellipsis break-words p-[0.5rem] text-center","style":"width: 19rem; background-color: rgb(66, 66, 66); border-radius: 0.4rem;"},"childNodeCount":1,"localName":"div","namespaceURI":"http://www.w3.org/1999/xhtml","nodeType":1,"shadowRoot":null}},{"sharedId":"f.8AA54734AA77FC8FA71C50576EE7DE7A.d.81896DEF35B35D6ACD8ACA98F9D48BFD.e.1639","type":"node","value":{"attributes":{"class":"max-w-full whitespace-normal break-words text-[2.4rem] font-semibold"},"childNodeCount":1,"localName":"p","namespaceURI":"http://www.w3.org/1999/xhtml","nodeType":1,"shadowRoot":null}},{"sharedId":"f.8AA54734AA77FC8FA71C50576EE7DE7A.d.81896DEF35B35D6ACD8ACA98F9D48BFD.e.1640","type":"node","value":{"attributes":{"alt":"Jologs","class":"absolute inset-0 z-10 h-full w-full","src":"https://pql-static.abs-cbn.com/images/jologs.thumb-portrait.jpg?im_policy=portraitThumb_tv_fhd","style":"object-fit: cover; border-radius: 0.4rem;"},"childNodeCount":0,"localName":"img","namespaceURI":"http://www.w3.org/1999/xhtml","nodeType":1,"shadowRoot":null}},{"sharedId":"f.8AA54734AA77FC8FA71C50576EE7DE7A.d.81896DEF35B35D6ACD8ACA98F9D48BFD.e.1641","type":"node","value":{"attributes":{"class":"thumbnail relative cursor-pointer outline-none"},"childNodeCount":1,"localName":"div","namespaceURI":"http://www.w3.org/1999/xhtml","nodeType":1,"shadowRoot":null}},{"sharedId":"f.8AA54734AA77FC8FA71C50576EE7DE7A.d.81896DEF35B35D6ACD8ACA98F9D48BFD.e.1642","type":"node","value":{"attributes":{"class":"relative","style":"height: 28.5rem; min-width: 19rem; border-radius: 0.4rem; box-shadow: transparent 0px 0px 0px 0.3rem; transform: scale(1); transition: box-shadow 0.2s, transform 0.2s ease-in;"},"childNodeCount":1,"localName":"div","namespaceURI":"http://www.w3.org/1999/xhtml","nodeType":1,"shadowRoot":null}},{"sharedId":"f.8AA54734AA77FC8FA71C50576EE7DE7A.d.81896DEF35B35D6ACD8ACA98F9D48BFD.e.1643","type":"node","value":{"attributes":{"class":"relative overflow-hidden","style":"width: 19rem; height: 100%; transition: width 0.3s;"},"childNodeCount":2,"localName":"div","namespaceURI":"http://www.w3.org/1999/xhtml","nodeType":1,"shadowRoot":null}},{"sharedId":"f.8AA54734AA77FC8FA71C50576EE7DE7A.d.81896DEF35B35D6ACD8ACA98F9D48BFD.e.1644","type":"node","value":{"attributes":{"class":"absolute inset-0 z-0 h-full hidden"},"childNodeCount":1,"localName":"div","namespaceURI":"http://www.w3.org/1999/xhtml","nodeType":1,"shadowRoot":null}},{"sharedId":"f.8AA54734AA77FC8FA71C50576EE7DE7A.d.81896DEF35B35D6ACD8ACA98F9D48BFD.e.1645","type":"node","value":{"attributes":{"class":"absolute inset-0 flex h-full items-center justify-center overflow-hidden text-ellipsis break-words p-[0.5rem] text-center","style":"width: 19rem; background-color: rgb(66, 66, 66); border-radius: 0.4rem;"},"childNodeCount":1,"localName":"div","namespaceURI":"http://www.w3.org/1999/xhtml","nodeType":1,"shadowRoot":null}},{"sharedId":"f.8AA54734AA77FC8FA71C50576EE7DE7A.d.81896DEF35B35D6ACD8ACA98F9D48BFD.e.1646","type":"node","value":{"attributes":{"class":"max-w-full whitespace-normal break-words text-[2.4rem] font-semibold"},"childNodeCount":1,"localName":"p","namespaceURI":"http://www.w3.org/1999/xhtml","nodeType":1,"shadowRoot":null}},{"sharedId":"f.8AA54734AA77FC8FA71C50576EE7DE7A.d.81896DEF35B35D6ACD8ACA98F9D48BFD.e.1647","type":"node","value":{"attributes":{"alt":"Himala","class":"absolute inset-0 z-10 h-full w-full","src":"https://pql-static.abs-cbn.com/images/himala.thumb-portrait.jpg?im_policy=portraitThumb_tv_fhd","style":"object-fit: cover; border-radius: 0.4rem;"},"childNodeCount":0,"localName":"img","namespaceURI":"http://www.w3.org/1999/xhtml","nodeType":1,"shadowRoot":null}},{"sharedId":"f.8AA54734AA77FC8FA71C50576EE7DE7A.d.81896DEF35B35D6ACD8ACA98F9D48BFD.e.1648","type":"node","value":{"attributes":{"class":"thumbnail relative cursor-pointer outline-none"},"childNodeCount":1,"localName":"div","namespaceURI":"http://www.w3.org/1999/xhtml","nodeType":1,"shadowRoot":null}},{"sharedId":"f.8AA54734AA77FC8FA71C50576EE7DE7A.d.81896DEF35B35D6ACD8ACA98F9D48BFD.e.1649","type":"node","value":{"attributes":{"class":"relative","style":"height: 28.5rem; min-width: 19rem; border-radius: 0.4rem; box-shadow: transparent 0px 0px 0px 0.3rem; transform: scale(1); transition: box-shadow 0.2s, transform 0.2s ease-in;"},"childNodeCount":1,"localName":"div","namespaceURI":"http://www.w3.org/1999/xhtml","nodeType":1,"shadowRoot":null}},{"sharedId":"f.8AA54734AA77FC8FA71C50576EE7DE7A.d.81896DEF35B35D6ACD8ACA98F9D48BFD.e.1650","type":"node","value":{"attributes":{"class":"relative overflow-hidden","style":"width: 19rem; height: 100%; transition: width 0.3s;"},"childNodeCount":2,"localName":"div","namespaceURI":"http://www.w3.org/1999/xhtml","nodeType":1,"shadowRoot":null}},{"sharedId":"f.8AA54734AA77FC8FA71C50576EE7DE7A.d.81896DEF35B35D6ACD8ACA98F9D48BFD.e.1651","type":"node","value":{"attributes":{"class":"absolute inset-0 z-0 h-full hidden"},"childNodeCount":1,"localName":"div","namespaceURI":"http://www.w3.org/1999/xhtml","nodeType":1,"shadowRoot":null}},{"sharedId":"f.8AA54734AA77FC8FA71C50576EE7DE7A.d.81896DEF35B35D6ACD8ACA98F9D48BFD.e.1652","type":"node","value":{"attributes":{"class":"absolute inset-0 flex h-full items-center justify-center overflow-hidden text-ellipsis break-words p-[0.5rem] text-center","style":"width: 19rem; background-color: rgb(66, 66, 66); border-radius: 0.4rem;"},"childNodeCount":1,"localName":"div","namespaceURI":"http://www.w3.org/1999/xhtml","nodeType":1,"shadowRoot":null}},{"sharedId":"f.8AA54734AA77FC8FA71C50576EE7DE7A.d.81896DEF35B35D6ACD8ACA98F9D48BFD.e.1653","type":"node","value":{"attributes":{"class":"max-w-full whitespace-normal break-words text-[2.4rem] font-semibold"},"childNodeCount":1,"localName":"p","namespaceURI":"http://www.w3.org/1999/xhtml","nodeType":1,"shadowRoot":null}},{"sharedId":"f.8AA54734AA77FC8FA71C50576EE7DE7A.d.81896DEF35B35D6ACD8ACA98F9D48BFD.e.1654","type":"node","value":{"attributes":{"alt":"Ama, Ina, Anak","class":"absolute inset-0 z-10 h-full w-full","src":"https://pql-static.abs-cbn.com/images/amainaanak.thumb-portrait.jpg?im_policy=portraitThumb_tv_fhd","style":"object-fit: cover; border-radius: 0.4rem;"},"childNodeCount":0,"localName":"img","namespaceURI":"http://www.w3.org/1999/xhtml","nodeType":1,"shadowRoot":null}},{"sharedId":"f.8AA54734AA77FC8FA71C50576EE7DE7A.d.81896DEF35B35D6ACD8ACA98F9D48BFD.e.1655","type":"node","value":{"attributes":{"class":"thumbnail relative cursor-pointer outline-none"},"childNodeCount":1,"localName":"div","namespaceURI":"http://www.w3.org/1999/xhtml","nodeType":1,"shadowRoot":null}},{"sharedId":"f.8AA54734AA77FC8FA71C50576EE7DE7A.d.81896DEF35B35D6ACD8ACA98F9D48BFD.e.1656","type":"node","value":{"attributes":{"class":"relative","style":"height: 28.5rem; min-width: 19rem; border-radius: 0.4rem; box-shadow: transparent 0px 0px 0px 0.3rem; transform: scale(1); transition: box-shadow 0.2s, transform 0.2s ease-in;"},"childNodeCount":1,"localName":"div","namespaceURI":"http://www.w3.org/1999/xhtml","nodeType":1,"shadowRoot":null}},{"sharedId":"f.8AA54734AA77FC8FA71C50576EE7DE7A.d.81896DEF35B35D6ACD8ACA98F9D48BFD.e.1657","type":"node","value":{"attributes":{"class":"relative overflow-hidden","style":"width: 19rem; height: 100%; transition: width 0.3s;"},"childNodeCount":2,"localName":"div","namespaceURI":"http://www.w3.org/1999/xhtml","nodeType":1,"shadowRoot":null}},{"sharedId":"f.8AA54734AA77FC8FA71C50576EE7DE7A.d.81896DEF35B35D6ACD8ACA98F9D48BFD.e.1658","type":"node","value":{"attributes":{"class":"absolute inset-0 z-0 h-full hidden"},"childNodeCount":1,"localName":"div","namespaceURI":"http://www.w3.org/1999/xhtml","nodeType":1,"shadowRoot":null}},{"sharedId":"f.8AA54734AA77FC8FA71C50576EE7DE7A.d.81896DEF35B35D6ACD8ACA98F9D48BFD.e.1659","type":"node","value":{"attributes":{"class":"absolute inset-0 flex h-full items-center justify-center overflow-hidden text-ellipsis break-words p-[0.5rem] text-center","style":"width: 19rem; background-color: rgb(66, 66, 66); border-radius: 0.4rem;"},"childNodeCount":1,"localName":"div","namespaceURI":"http://www.w3.org/1999/xhtml","nodeType":1,"shadowRoot":null}},{"sharedId":"f.8AA54734AA77FC8FA71C50576EE7DE7A.d.81896DEF35B35D6ACD8ACA98F9D48BFD.e.1660","type":"node","value":{"attributes":{"class":"max-w-full whitespace-normal break-words text-[2.4rem] font-semibold"},"childNodeCount":1,"localName":"p","namespaceURI":"http://www.w3.org/1999/xhtml","nodeType":1,"shadowRoot":null}},{"sharedId":"f.8AA54734AA77FC8FA71C50576EE7DE7A.d.81896DEF35B35D6ACD8ACA98F9D48BFD.e.1661","type":"node","value":{"attributes":{"alt":"Ang Pulubi at ang Prinsesa","class":"absolute inset-0 z-10 h-full w-full","src":"https://pql-static.abs-cbn.com/images/angpulubiatangprinsesa.thumb-portrait.jpg?im_policy=portraitThumb_tv_fhd","style":"object-fit: cover; border-radius: 0.4rem;"},"childNodeCount":0,"localName":"img","namespaceURI":"http://www.w3.org/1999/xhtml","nodeType":1,"shadowRoot":null}},{"sharedId":"f.8AA54734AA77FC8FA71C50576EE7DE7A.d.81896DEF35B35D6ACD8ACA98F9D48BFD.e.1662","type":"node","value":{"attributes":{"class":"thumbnail relative cursor-pointer outline-none"},"childNodeCount":1,"localName":"div","namespaceURI":"http://www.w3.org/1999/xhtml","nodeType":1,"shadowRoot":null}},{"sharedId":"f.8AA54734AA77FC8FA71C50576EE7DE7A.d.81896DEF35B35D6ACD8ACA98F9D48BFD.e.1663","type":"node","value":{"attributes":{"class":"relative","style":"height: 28.5rem; min-width: 19rem; border-radius: 0.4rem; box-shadow: transparent 0px 0px 0px 0.3rem; transform: scale(1); transition: box-shadow 0.2s, transform 0.2s ease-in;"},"childNodeCount":1,"localName":"div","namespaceURI":"http://www.w3.org/1999/xhtml","nodeType":1,"shadowRoot":null}},{"sharedId":"f.8AA54734AA77FC8FA71C50576EE7DE7A.d.81896DEF35B35D6ACD8ACA98F9D48BFD.e.1664","type":"node","value":{"attributes":{"class":"relative overflow-hidden","style":"width: 19rem; height: 100%; transition: width 0.3s;"},"childNodeCount":2,"localName":"div","namespaceURI":"http://www.w3.org/1999/xhtml","nodeType":1,"shadowRoot":null}},{"sharedId":"f.8AA54734AA77FC8FA71C50576EE7DE7A.d.81896DEF35B35D6ACD8ACA98F9D48BFD.e.1665","type":"node","value":{"attributes":{"class":"absolute inset-0 z-0 h-full hidden"},"childNodeCount":1,"localName":"div","namespaceURI":"http://www.w3.org/1999/xhtml","nodeType":1,"shadowRoot":null}},{"sharedId":"f.8AA54734AA77FC8FA71C50576EE7DE7A.d.81896DEF35B35D6ACD8ACA98F9D48BFD.e.1666","type":"node","value":{"attributes":{"class":"absolute inset-0 flex h-full items-center justify-center overflow-hidden text-ellipsis break-words p-[0.5rem] text-center","style":"width: 19rem; background-color: rgb(66, 66, 66); border-radius: 0.4rem;"},"childNodeCount":1,"localName":"div","namespaceURI":"http://www.w3.org/1999/xhtml","nodeType":1,"shadowRoot":null}},{"sharedId":"f.8AA54734AA77FC8FA71C50576EE7DE7A.d.81896DEF35B35D6ACD8ACA98F9D48BFD.e.1667","type":"node","value":{"attributes":{"class":"max-w-full whitespace-normal break-words text-[2.4rem] font-semibold"},"childNodeCount":1,"localName":"p","namespaceURI":"http://www.w3.org/1999/xhtml","nodeType":1,"shadowRoot":null}},{"sharedId":"f.8AA54734AA77FC8FA71C50576EE7DE7A.d.81896DEF35B35D6ACD8ACA98F9D48BFD.e.1668","type":"node","value":{"attributes":{"alt":"Bulaklak sa City Jail","class":"absolute inset-0 z-10 h-full w-full","src":"https://pql-static.abs-cbn.com/images/bulaklaksacityjail.thumb-portrait.jpg?im_policy=portraitThumb_tv_fhd","style":"object-fit: cover; border-radius: 0.4rem;"},"childNodeCount":0,"localName":"img","namespaceURI":"http://www.w3.org/1999/xhtml","nodeType":1,"shadowRoot":null}},{"sharedId":"f.8AA54734AA77FC8FA71C50576EE7DE7A.d.81896DEF35B35D6ACD8ACA98F9D48BFD.e.1669","type":"node","value":{"attributes":{"class":"thumbnail relative cursor-pointer outline-none"},"childNodeCount":1,"localName":"div","namespaceURI":"http://www.w3.org/1999/xhtml","nodeType":1,"shadowRoot":null}},{"sharedId":"f.8AA54734AA77FC8FA71C50576EE7DE7A.d.81896DEF35B35D6ACD8ACA98F9D48BFD.e.1670","type":"node","value":{"attributes":{"class":"relative","style":"height: 28.5rem; min-width: 19rem; border-radius: 0.4rem; box-shadow: transparent 0px 0px 0px 0.3rem; transform: scale(1); transition: box-shadow 0.2s, transform 0.2s ease-in;"},"childNodeCount":1,"localName":"div","namespaceURI":"http://www.w3.org/1999/xhtml","nodeType":1,"shadowRoot":null}},{"sharedId":"f.8AA54734AA77FC8FA71C50576EE7DE7A.d.81896DEF35B35D6ACD8ACA98F9D48BFD.e.1671","type":"node","value":{"attributes":{"class":"relative overflow-hidden","style":"width: 19rem; height: 100%; transition: width 0.3s;"},"childNodeCount":2,"localName":"div","namespaceURI":"http://www.w3.org/1999/xhtml","nodeType":1,"shadowRoot":null}},{"sharedId":"f.8AA54734AA77FC8FA71C50576EE7DE7A.d.81896DEF35B35D6ACD8ACA98F9D48BFD.e.1672","type":"node","value":{"attributes":{"class":"absolute inset-0 z-0 h-full hidden"},"childNodeCount":1,"localName":"div","namespaceURI":"http://www.w3.org/1999/xhtml","nodeType":1,"shadowRoot":null}},{"sharedId":"f.8AA54734AA77FC8FA71C50576EE7DE7A.d.81896DEF35B35D6ACD8ACA98F9D48BFD.e.1673","type":"node","value":{"attributes":{"class":"absolute inset-0 flex h-full items-center justify-center overflow-hidden text-ellipsis break-words p-[0.5rem] text-center","style":"width: 19rem; background-color: rgb(66, 66, 66); border-radius: 0.4rem;"},"childNodeCount":1,"localName":"div","namespaceURI":"http://www.w3.org/1999/xhtml","nodeType":1,"shadowRoot":null}},{"sharedId":"f.8AA54734AA77FC8FA71C50576EE7DE7A.d.81896DEF35B35D6ACD8ACA98F9D48BFD.e.1674","type":"node","value":{"attributes":{"class":"max-w-full whitespace-normal break-words text-[2.4rem] font-semibold"},"childNodeCount":1,"localName":"p","namespaceURI":"http://www.w3.org/1999/xhtml","nodeType":1,"shadowRoot":null}},{"sharedId":"f.8AA54734AA77FC8FA71C50576EE7DE7A.d.81896DEF35B35D6ACD8ACA98F9D48BFD.e.1675","type":"node","value":{"attributes":{"alt":"Kapag Langit ang Humatol","class":"absolute inset-0 z-10 h-full w-full","src":"https://pql-static.abs-cbn.com/images/kapaglangitanghumatol.thumb-portrait.v2.jpg?im_policy=portraitThumb_tv_fhd","style":"object-fit: cover; border-radius: 0.4rem;"},"childNodeCount":0,"localName":"img","namespaceURI":"http://www.w3.org/1999/xhtml","nodeType":1,"shadowRoot":null}},{"sharedId":"f.8AA54734AA77FC8FA71C50576EE7DE7A.d.81896DEF35B35D6ACD8ACA98F9D48BFD.e.1676","type":"node","value":{"attributes":{"class":"thumbnail relative cursor-pointer outline-none"},"childNodeCount":1,"localName":"div","namespaceURI":"http://www.w3.org/1999/xhtml","nodeType":1,"shadowRoot":null}},{"sharedId":"f.8AA54734AA77FC8FA71C50576EE7DE7A.d.81896DEF35B35D6ACD8ACA98F9D48BFD.e.1677","type":"node","value":{"attributes":{"class":"relative","style":"height: 28.5rem; min-width: 19rem; border-radius: 0.4rem; box-shadow: transparent 0px 0px 0px 0.3rem; transform: scale(1); transition: box-shadow 0.2s, transform 0.2s ease-in;"},"childNodeCount":1,"localName":"div","namespaceURI":"http://www.w3.org/1999/xhtml","nodeType":1,"shadowRoot":null}},{"sharedId":"f.8AA54734AA77FC8FA71C50576EE7DE7A.d.81896DEF35B35D6ACD8ACA98F9D48BFD.e.1678","type":"node","value":{"attributes":{"class":"relative overflow-hidden","style":"width: 19rem; height: 100%; transition: width 0.3s;"},"childNodeCount":2,"localName":"div","namespaceURI":"http://www.w3.org/1999/xhtml","nodeType":1,"shadowRoot":null}},{"sharedId":"f.8AA54734AA77FC8FA71C50576EE7DE7A.d.81896DEF35B35D6ACD8ACA98F9D48BFD.e.1679","type":"node","value":{"attributes":{"class":"absolute inset-0 z-0 h-full hidden"},"childNodeCount":1,"localName":"div","namespaceURI":"http://www.w3.org/1999/xhtml","nodeType":1,"shadowRoot":null}},{"sharedId":"f.8AA54734AA77FC8FA71C50576EE7DE7A.d.81896DEF35B35D6ACD8ACA98F9D48BFD.e.1680","type":"node","value":{"attributes":{"class":"absolute inset-0 flex h-full items-center justify-center overflow-hidden text-ellipsis break-words p-[0.5rem] text-center","style":"width: 19rem; background-color: rgb(66, 66, 66); border-radius: 0.4rem;"},"childNodeCount":1,"localName":"div","namespaceURI":"http://www.w3.org/1999/xhtml","nodeType":1,"shadowRoot":null}},{"sharedId":"f.8AA54734AA77FC8FA71C50576EE7DE7A.d.81896DEF35B35D6ACD8ACA98F9D48BFD.e.1681","type":"node","value":{"attributes":{"class":"max-w-full whitespace-normal break-words text-[2.4rem] font-semibold"},"childNodeCount":1,"localName":"p","namespaceURI":"http://www.w3.org/1999/xhtml","nodeType":1,"shadowRoot":null}},{"sharedId":"f.8AA54734AA77FC8FA71C50576EE7DE7A.d.81896DEF35B35D6ACD8ACA98F9D48BFD.e.1682","type":"node","value":{"attributes":{"alt":"Oro, Plata, Mata","class":"absolute inset-0 z-10 h-full w-full","src":"https://pql-static.abs-cbn.com/images/oroplatamata.thumb-portrait.jpg?im_policy=portraitThumb_tv_fhd","style":"object-fit: cover; border-radius: 0.4rem;"},"childNodeCount":0,"localName":"img","namespaceURI":"http://www.w3.org/1999/xhtml","nodeType":1,"shadowRoot":null}},{"sharedId":"f.8AA54734AA77FC8FA71C50576EE7DE7A.d.81896DEF35B35D6ACD8ACA98F9D48BFD.e.1683","type":"node","value":{"attributes":{"class":"thumbnail relative cursor-pointer outline-none"},"childNodeCount":1,"localName":"div","namespaceURI":"http://www.w3.org/1999/xhtml","nodeType":1,"shadowRoot":null}},{"sharedId":"f.8AA54734AA77FC8FA71C50576EE7DE7A.d.81896DEF35B35D6ACD8ACA98F9D48BFD.e.1684","type":"node","value":{"attributes":{"class":"relative","style":"height: 28.5rem; min-width: 19rem; border-radius: 0.4rem; box-shadow: transparent 0px 0px 0px 0.3rem; transform: scale(1); transition: box-shadow 0.2s, transform 0.2s ease-in;"},"childNodeCount":1,"localName":"div","namespaceURI":"http://www.w3.org/1999/xhtml","nodeType":1,"shadowRoot":null}},{"sharedId":"f.8AA54734AA77FC8FA71C50576EE7DE7A.d.81896DEF35B35D6ACD8ACA98F9D48BFD.e.1685","type":"node","value":{"attributes":{"class":"relative overflow-hidden","style":"width: 19rem; height: 100%; transition: width 0.3s;"},"childNodeCount":2,"localName":"div","namespaceURI":"http://www.w3.org/1999/xhtml","nodeType":1,"shadowRoot":null}},{"sharedId":"f.8AA54734AA77FC8FA71C50576EE7DE7A.d.81896DEF35B35D6ACD8ACA98F9D48BFD.e.1686","type":"node","value":{"attributes":{"class":"absolute inset-0 z-0 h-full hidden"},"childNodeCount":1,"localName":"div","namespaceURI":"http://www.w3.org/1999/xhtml","nodeType":1,"shadowRoot":null}},{"sharedId":"f.8AA54734AA77FC8FA71C50576EE7DE7A.d.81896DEF35B35D6ACD8ACA98F9D48BFD.e.1687","type":"node","value":{"attributes":{"class":"absolute inset-0 flex h-full items-center justify-center overflow-hidden text-ellipsis break-words p-[0.5rem] text-center","style":"width: 19rem; background-color: rgb(66, 66, 66); border-radius: 0.4rem;"},"childNodeCount":1,"localName":"div","namespaceURI":"http://www.w3.org/1999/xhtml","nodeType":1,"shadowRoot":null}},{"sharedId":"f.8AA54734AA77FC8FA71C50576EE7DE7A.d.81896DEF35B35D6ACD8ACA98F9D48BFD.e.1688","type":"node","value":{"attributes":{"class":"max-w-full whitespace-normal break-words text-[2.4rem] font-semibold"},"childNodeCount":1,"localName":"p","namespaceURI":"http://www.w3.org/1999/xhtml","nodeType":1,"shadowRoot":null}},{"sharedId":"f.8AA54734AA77FC8FA71C50576EE7DE7A.d.81896DEF35B35D6ACD8ACA98F9D48BFD.e.1689","type":"node","value":{"attributes":{"alt":"Bulong","class":"absolute inset-0 z-10 h-full w-full","src":"https://pql-static.abs-cbn.com/images/bulong.thumb-portrait.jpg?im_policy=portraitThumb_tv_fhd","style":"object-fit: cover; border-radius: 0.4rem;"},"childNodeCount":0,"localName":"img","namespaceURI":"http://www.w3.org/1999/xhtml","nodeType":1,"shadowRoot":null}},{"sharedId":"f.8AA54734AA77FC8FA71C50576EE7DE7A.d.81896DEF35B35D6ACD8ACA98F9D48BFD.e.1690","type":"node","value":{"attributes":{"class":"thumbnail relative cursor-pointer outline-none"},"childNodeCount":1,"localName":"div","namespaceURI":"http://www.w3.org/1999/xhtml","nodeType":1,"shadowRoot":null}},{"sharedId":"f.8AA54734AA77FC8FA71C50576EE7DE7A.d.81896DEF35B35D6ACD8ACA98F9D48BFD.e.1691","type":"node","value":{"attributes":{"class":"relative","style":"height: 28.5rem; min-width: 19rem; border-radius: 0.4rem; box-shadow: transparent 0px 0px 0px 0.3rem; transform: scale(1); transition: box-shadow 0.2s, transform 0.2s ease-in;"},"childNodeCount":1,"localName":"div","namespaceURI":"http://www.w3.org/1999/xhtml","nodeType":1,"shadowRoot":null}},{"sharedId":"f.8AA54734AA77FC8FA71C50576EE7DE7A.d.81896DEF35B35D6ACD8ACA98F9D48BFD.e.1692","type":"node","value":{"attributes":{"class":"relative overflow-hidden","style":"width: 19rem; height: 100%; transition: width 0.3s;"},"childNodeCount":2,"localName":"div","namespaceURI":"http://www.w3.org/1999/xhtml","nodeType":1,"shadowRoot":null}},{"sharedId":"f.8AA54734AA77FC8FA71C50576EE7DE7A.d.81896DEF35B35D6ACD8ACA98F9D48BFD.e.1693","type":"node","value":{"attributes":{"class":"absolute inset-0 z-0 h-full hidden"},"childNodeCount":1,"localName":"div","namespaceURI":"http://www.w3.org/1999/xhtml","nodeType":1,"shadowRoot":null}},{"sharedId":"f.8AA54734AA77FC8FA71C50576EE7DE7A.d.81896DEF35B35D6ACD8ACA98F9D48BFD.e.1694","type":"node","value":{"attributes":{"class":"absolute inset-0 flex h-full items-center justify-center overflow-hidden text-ellipsis break-words p-[0.5rem] text-center","style":"width: 19rem; background-color: rgb(66, 66, 66); border-radius: 0.4rem;"},"childNodeCount":1,"localName":"div","namespaceURI":"http://www.w3.org/1999/xhtml","nodeType":1,"shadowRoot":null}},{"sharedId":"f.8AA54734AA77FC8FA71C50576EE7DE7A.d.81896DEF35B35D6ACD8ACA98F9D48BFD.e.1695","type":"node","value":{"attributes":{"class":"max-w-full whitespace-normal break-words text-[2.4rem] font-semibold"},"childNodeCount":1,"localName":"p","namespaceURI":"http://www.w3.org/1999/xhtml","nodeType":1,"shadowRoot":null}},{"sharedId":"f.8AA54734AA77FC8FA71C50576EE7DE7A.d.81896DEF35B35D6ACD8ACA98F9D48BFD.e.1696","type":"node","value":{"attributes":{"alt":"One More Chance","class":"absolute inset-0 z-10 h-full w-full","src":"https://pql-static.abs-cbn.com/images/onemorechance.thumb-portrait.jpg?im_policy=portraitThumb_tv_fhd","style":"object-fit: cover; border-radius: 0.4rem;"},"childNodeCount":0,"localName":"img","namespaceURI":"http://www.w3.org/1999/xhtml","nodeType":1,"shadowRoot":null}},{"sharedId":"f.8AA54734AA77FC8FA71C50576EE7DE7A.d.81896DEF35B35D6ACD8ACA98F9D48BFD.e.1697","type":"node","value":{"attributes":{"class":"thumbnail relative cursor-pointer outline-none"},"childNodeCount":1,"localName":"div","namespaceURI":"http://www.w3.org/1999/xhtml","nodeType":1,"shadowRoot":null}},{"sharedId":"f.8AA54734AA77FC8FA71C50576EE7DE7A.d.81896DEF35B35D6ACD8ACA98F9D48BFD.e.1698","type":"node","value":{"attributes":{"class":"relative","style":"height: 28.5rem; min-width: 19rem; border-radius: 0.4rem; box-shadow: transparent 0px 0px 0px 0.3rem; transform: scale(1); transition: box-shadow 0.2s, transform 0.2s ease-in;"},"childNodeCount":1,"localName":"div","namespaceURI":"http://www.w3.org/1999/xhtml","nodeType":1,"shadowRoot":null}},{"sharedId":"f.8AA54734AA77FC8FA71C50576EE7DE7A.d.81896DEF35B35D6ACD8ACA98F9D48BFD.e.1699","type":"node","value":{"attributes":{"class":"relative overflow-hidden","style":"width: 19rem; height: 100%; transition: width 0.3s;"},"childNodeCount":2,"localName":"div","namespaceURI":"http://www.w3.org/1999/xhtml","nodeType":1,"shadowRoot":null}},{"sharedId":"f.8AA54734AA77FC8FA71C50576EE7DE7A.d.81896DEF35B35D6ACD8ACA98F9D48BFD.e.1700","type":"node","value":{"attributes":{"class":"absolute inset-0 z-0 h-full hidden"},"childNodeCount":1,"localName":"div","namespaceURI":"http://www.w3.org/1999/xhtml","nodeType":1,"shadowRoot":null}},{"sharedId":"f.8AA54734AA77FC8FA71C50576EE7DE7A.d.81896DEF35B35D6ACD8ACA98F9D48BFD.e.1701","type":"node","value":{"attributes":{"class":"absolute inset-0 flex h-full items-center justify-center overflow-hidden text-ellipsis break-words p-[0.5rem] text-center","style":"width: 19rem; background-color: rgb(66, 66, 66); border-radius: 0.4rem;"},"childNodeCount":1,"localName":"div","namespaceURI":"http://www.w3.org/1999/xhtml","nodeType":1,"shadowRoot":null}},{"sharedId":"f.8AA54734AA77FC8FA71C50576EE7DE7A.d.81896DEF35B35D6ACD8ACA98F9D48BFD.e.1702","type":"node","value":{"attributes":{"class":"max-w-full whitespace-normal break-words text-[2.4rem] font-semibold"},"childNodeCount":1,"localName":"p","namespaceURI":"http://www.w3.org/1999/xhtml","nodeType":1,"shadowRoot":null}},{"sharedId":"f.8AA54734AA77FC8FA71C50576EE7DE7A.d.81896DEF35B35D6ACD8ACA98F9D48BFD.e.1703","type":"node","value":{"attributes":{"alt":"Batang PX","class":"absolute inset-0 z-10 h-full w-full","src":"https://pql-static.abs-cbn.com/images/batangpx.thumb-portrait.jpg?im_policy=portraitThumb_tv_fhd","style":"object-fit: cover; border-radius: 0.4rem;"},"childNodeCount":0,"localName":"img","namespaceURI":"http://www.w3.org/1999/xhtml","nodeType":1,"shadowRoot":null}},{"sharedId":"f.8AA54734AA77FC8FA71C50576EE7DE7A.d.81896DEF35B35D6ACD8ACA98F9D48BFD.e.1704","type":"node","value":{"attributes":{"class":"thumbnail relative cursor-pointer outline-none"},"childNodeCount":1,"localName":"div","namespaceURI":"http://www.w3.org/1999/xhtml","nodeType":1,"shadowRoot":null}},{"sharedId":"f.8AA54734AA77FC8FA71C50576EE7DE7A.d.81896DEF35B35D6ACD8ACA98F9D48BFD.e.1705","type":"node","value":{"attributes":{"class":"relative","style":"height: 28.5rem; min-width: 19rem; border-radius: 0.4rem; box-shadow: transparent 0px 0px 0px 0.3rem; transform: scale(1); transition: box-shadow 0.2s, transform 0.2s ease-in;"},"childNodeCount":1,"localName":"div","namespaceURI":"http://www.w3.org/1999/xhtml","nodeType":1,"shadowRoot":null}},{"sharedId":"f.8AA54734AA77FC8FA71C50576EE7DE7A.d.81896DEF35B35D6ACD8ACA98F9D48BFD.e.1706","type":"node","value":{"attributes":{"class":"relative overflow-hidden","style":"width: 19rem; height: 100%; transition: width 0.3s;"},"childNodeCount":2,"localName":"div","namespaceURI":"http://www.w3.org/1999/xhtml","nodeType":1,"shadowRoot":null}},{"sharedId":"f.8AA54734AA77FC8FA71C50576EE7DE7A.d.81896DEF35B35D6ACD8ACA98F9D48BFD.e.1707","type":"node","value":{"attributes":{"class":"absolute inset-0 z-0 h-full hidden"},"childNodeCount":1,"localName":"div","namespaceURI":"http://www.w3.org/1999/xhtml","nodeType":1,"shadowRoot":null}},{"sharedId":"f.8AA54734AA77FC8FA71C50576EE7DE7A.d.81896DEF35B35D6ACD8ACA98F9D48BFD.e.1708","type":"node","value":{"attributes":{"class":"absolute inset-0 flex h-full items-center justify-center overflow-hidden text-ellipsis break-words p-[0.5rem] text-center","style":"width: 19rem; background-color: rgb(66, 66, 66); border-radius: 0.4rem;"},"childNodeCount":1,"localName":"div","namespaceURI":"http://www.w3.org/1999/xhtml","nodeType":1,"shadowRoot":null}},{"sharedId":"f.8AA54734AA77FC8FA71C50576EE7DE7A.d.81896DEF35B35D6ACD8ACA98F9D48BFD.e.1709","type":"node","value":{"attributes":{"class":"max-w-full whitespace-normal break-words text-[2.4rem] font-semibold"},"childNodeCount":1,"localName":"p","namespaceURI":"http://www.w3.org/1999/xhtml","nodeType":1,"shadowRoot":null}},{"sharedId":"f.8AA54734AA77FC8FA71C50576EE7DE7A.d.81896DEF35B35D6ACD8ACA98F9D48BFD.e.1710","type":"node","value":{"attributes":{"alt":"Sukob","class":"absolute inset-0 z-10 h-full w-full","src":"https://pql-static.abs-cbn.com/images/sukob.thumb-portrait.v2.jpg?im_policy=portraitThumb_tv_fhd","style":"object-fit: cover; border-radius: 0.4rem;"},"childNodeCount":0,"localName":"img","namespaceURI":"http://www.w3.org/1999/xhtml","nodeType":1,"shadowRoot":null}},{"sharedId":"f.8AA54734AA77FC8FA71C50576EE7DE7A.d.81896DEF35B35D6ACD8ACA98F9D48BFD.e.1711","type":"node","value":{"attributes":{"class":"thumbnail relative cursor-pointer outline-none"},"childNodeCount":1,"localName":"div","namespaceURI":"http://www.w3.org/1999/xhtml","nodeType":1,"shadowRoot":null}},{"sharedId":"f.8AA54734AA77FC8FA71C50576EE7DE7A.d.81896DEF35B35D6ACD8ACA98F9D48BFD.e.1712","type":"node","value":{"attributes":{"class":"relative","style":"height: 28.5rem; min-width: 19rem; border-radius: 0.4rem; box-shadow: transparent 0px 0px 0px 0.3rem; transform: scale(1); transition: box-shadow 0.2s, transform 0.2s ease-in;"},"childNodeCount":1,"localName":"div","namespaceURI":"http://www.w3.org/1999/xhtml","nodeType":1,"shadowRoot":null}},{"sharedId":"f.8AA54734AA77FC8FA71C50576EE7DE7A.d.81896DEF35B35D6ACD8ACA98F9D48BFD.e.1713","type":"node","value":{"attributes":{"class":"relative overflow-hidden","style":"width: 19rem; height: 100%; transition: width 0.3s;"},"childNodeCount":2,"localName":"div","namespaceURI":"http://www.w3.org/1999/xhtml","nodeType":1,"shadowRoot":null}},{"sharedId":"f.8AA54734AA77FC8FA71C50576EE7DE7A.d.81896DEF35B35D6ACD8ACA98F9D48BFD.e.1714","type":"node","value":{"attributes":{"class":"absolute inset-0 z-0 h-full hidden"},"childNodeCount":1,"localName":"div","namespaceURI":"http://www.w3.org/1999/xhtml","nodeType":1,"shadowRoot":null}},{"sharedId":"f.8AA54734AA77FC8FA71C50576EE7DE7A.d.81896DEF35B35D6ACD8ACA98F9D48BFD.e.1715","type":"node","value":{"attributes":{"class":"absolute inset-0 flex h-full items-center justify-center overflow-hidden text-ellipsis break-words p-[0.5rem] text-center","style":"width: 19rem; background-color: rgb(66, 66, 66); border-radius: 0.4rem;"},"childNodeCount":1,"localName":"div","namespaceURI":"http://www.w3.org/1999/xhtml","nodeType":1,"shadowRoot":null}},{"sharedId":"f.8AA54734AA77FC8FA71C50576EE7DE7A.d.81896DEF35B35D6ACD8ACA98F9D48BFD.e.1716","type":"node","value":{"attributes":{"class":"max-w-full whitespace-normal break-words text-[2.4rem] font-semibold"},"childNodeCount":1,"localName":"p","namespaceURI":"http://www.w3.org/1999/xhtml","nodeType":1,"shadowRoot":null}},{"sharedId":"f.8AA54734AA77FC8FA71C50576EE7DE7A.d.81896DEF35B35D6ACD8ACA98F9D48BFD.e.1717","type":"node","value":{"attributes":{"alt":"La Vida Rosa","class":"absolute inset-0 z-10 h-full w-full","src":"https://pql-static.abs-cbn.com/images/lavidarosa.thumb-portrait.jpg?im_policy=portraitThumb_tv_fhd","style":"object-fit: cover; border-radius: 0.4rem;"},"childNodeCount":0,"localName":"img","namespaceURI":"http://www.w3.org/1999/xhtml","nodeType":1,"shadowRoot":null}},{"sharedId":"f.8AA54734AA77FC8FA71C50576EE7DE7A.d.81896DEF35B35D6ACD8ACA98F9D48BFD.e.1718","type":"node","value":{"attributes":{"class":"rail relative h-full w-full pb-[3.2rem]","style":"width: 100%; margin-top: 0px; margin-bottom: 0px; margin-left: 0px; padding-left: 0px; padding-top: 3.2rem; background-size: cover; background-repeat: no-repeat; background-position: center center;"},"childNodeCount":2,"localName":"div","namespaceURI":"http://www.w3.org/1999/xhtml","nodeType":1,"shadowRoot":null}},{"sharedId":"f.8AA54734AA77FC8FA71C50576EE7DE7A.d.81896DEF35B35D6ACD8ACA98F9D48BFD.e.1719","type":"node","value":{"attributes":{"class":"title mb-[3.2rem]"},"childNodeCount":1,"localName":"div","namespaceURI":"http://www.w3.org/1999/xhtml","nodeType":1,"shadowRoot":null}},{"sharedId":"f.8AA54734AA77FC8FA71C50576EE7DE7A.d.81896DEF35B35D6ACD8ACA98F9D48BFD.e.1720","type":"node","value":{"attributes":{"class":"text-[2.8rem] font-medium leading-[3.5rem]"},"childNodeCount":1,"localName":"p","namespaceURI":"http://www.w3.org/1999/xhtml","nodeType":1,"shadowRoot":null}},{"sharedId":"f.8AA54734AA77FC8FA71C50576EE7DE7A.d.81896DEF35B35D6ACD8ACA98F9D48BFD.e.1721","type":"node","value":{"attributes":{"class":"rail-container pointer-events-none relative","style":"margin-top: 0px; margin-bottom: -3rem;"},"childNodeCount":1,"localName":"div","namespaceURI":"http://www.w3.org/1999/xhtml","nodeType":1,"shadowRoot":null}},{"sharedId":"f.8AA54734AA77FC8FA71C50576EE7DE7A.d.81896DEF35B35D6ACD8ACA98F9D48BFD.e.1722","type":"node","value":{"attributes":{"class":"scrollable-list pointer-events-auto flex gap-[1.6rem] overflow-x-auto scroll-smooth","style":"padding-top: 0px; padding-bottom: 3rem;"},"childNodeCount":12,"localName":"div","namespaceURI":"http://www.w3.org/1999/xhtml","nodeType":1,"shadowRoot":null}},{"sharedId":"f.8AA54734AA77FC8FA71C50576EE7DE7A.d.81896DEF35B35D6ACD8ACA98F9D48BFD.e.1723","type":"node","value":{"attributes":{"class":"thumbnail relative cursor-pointer outline-none"},"childNodeCount":1,"localName":"div","namespaceURI":"http://www.w3.org/1999/xhtml","nodeType":1,"shadowRoot":null}},{"sharedId":"f.8AA54734AA77FC8FA71C50576EE7DE7A.d.81896DEF35B35D6ACD8ACA98F9D48BFD.e.1724","type":"node","value":{"attributes":{"class":"relative","style":"height: 28.5rem; min-width: 19rem; border-radius: 0.4rem; box-shadow: transparent 0px 0px 0px 0.3rem; transform: scale(1); transition: box-shadow 0.2s, transform 0.2s ease-in;"},"childNodeCount":2,"localName":"div","namespaceURI":"http://www.w3.org/1999/xhtml","nodeType":1,"shadowRoot":null}},{"sharedId":"f.8AA54734AA77FC8FA71C50576EE7DE7A.d.81896DEF35B35D6ACD8ACA98F9D48BFD.e.1725","type":"node","value":{"attributes":{"class":"relative overflow-hidden","style":"width: 19rem; height: 100%; transition: width 0.3s;"},"childNodeCount":2,"localName":"div","namespaceURI":"http://www.w3.org/1999/xhtml","nodeType":1,"shadowRoot":null}},{"sharedId":"f.8AA54734AA77FC8FA71C50576EE7DE7A.d.81896DEF35B35D6ACD8ACA98F9D48BFD.e.1726","type":"node","value":{"attributes":{"class":"absolute inset-0 z-0 h-full hidden"},"childNodeCount":1,"localName":"div","namespaceURI":"http://www.w3.org/1999/xhtml","nodeType":1,"shadowRoot":null}},{"sharedId":"f.8AA54734AA77FC8FA71C50576EE7DE7A.d.81896DEF35B35D6ACD8ACA98F9D48BFD.e.1727","type":"node","value":{"attributes":{"class":"absolute inset-0 flex h-full items-center justify-center overflow-hidden text-ellipsis break-words p-[0.5rem] text-center","style":"width: 19rem; background-color: rgb(66, 66, 66); border-radius: 0.4rem;"},"childNodeCount":1,"localName":"div","namespaceURI":"http://www.w3.org/1999/xhtml","nodeType":1,"shadowRoot":null}},{"sharedId":"f.8AA54734AA77FC8FA71C50576EE7DE7A.d.81896DEF35B35D6ACD8ACA98F9D48BFD.e.1728","type":"node","value":{"attributes":{"class":"max-w-full whitespace-normal break-words text-[2.4rem] font-semibold"},"childNodeCount":1,"localName":"p","namespaceURI":"http://www.w3.org/1999/xhtml","nodeType":1,"shadowRoot":null}},{"sharedId":"f.8AA54734AA77FC8FA71C50576EE7DE7A.d.81896DEF35B35D6ACD8ACA98F9D48BFD.e.1729","type":"node","value":{"attributes":{"alt":"Unchained Love","class":"absolute inset-0 z-10 h-full w-full","src":"https://pql-static.abs-cbn.com/images/unchainedlovetag.thumb-portrait.JPG?im_policy=portraitThumb_tv_fhd","style":"object-fit: cover; border-radius: 0.4rem;"},"childNodeCount":0,"localName":"img","namespaceURI":"http://www.w3.org/1999/xhtml","nodeType":1,"shadowRoot":null}},{"sharedId":"f.8AA54734AA77FC8FA71C50576EE7DE7A.d.81896DEF35B35D6ACD8ACA98F9D48BFD.e.1730","type":"node","value":{"attributes":{"class":"absolute left-0 top-0 z-10"},"childNodeCount":1,"localName":"div","namespaceURI":"http://www.w3.org/1999/xhtml","nodeType":1,"shadowRoot":null}},{"sharedId":"f.8AA54734AA77FC8FA71C50576EE7DE7A.d.81896DEF35B35D6ACD8ACA98F9D48BFD.e.1731","type":"node","value":{"attributes":{"alt":"https://pql-static.iwanttfc.com/static/uat/common/images/monetisation/free.png","class":"h-[3.2rem] w-auto object-contain","src":"https://pql-static.iwanttfc.com/static/uat/common/images/monetisation/free.png"},"childNodeCount":0,"localName":"img","namespaceURI":"http://www.w3.org/1999/xhtml","nodeType":1,"shadowRoot":null}},{"sharedId":"f.8AA54734AA77FC8FA71C50576EE7DE7A.d.81896DEF35B35D6ACD8ACA98F9D48BFD.e.1732","type":"node","value":{"attributes":{"class":"thumbnail relative cursor-pointer outline-none"},"childNodeCount":1,"localName":"div","namespaceURI":"http://www.w3.org/1999/xhtml","nodeType":1,"shadowRoot":null}},{"sharedId":"f.8AA54734AA77FC8FA71C50576EE7DE7A.d.81896DEF35B35D6ACD8ACA98F9D48BFD.e.1733","type":"node","value":{"attributes":{"class":"relative","style":"height: 28.5rem; min-width: 19rem; border-radius: 0.4rem; box-shadow: transparent 0px 0px 0px 0.3rem; transform: scale(1); transition: box-shadow 0.2s, transform 0.2s ease-in;"},"childNodeCount":2,"localName":"div","namespaceURI":"http://www.w3.org/1999/xhtml","nodeType":1,"shadowRoot":null}},{"sharedId":"f.8AA54734AA77FC8FA71C50576EE7DE7A.d.81896DEF35B35D6ACD8ACA98F9D48BFD.e.1734","type":"node","value":{"attributes":{"class":"relative overflow-hidden","style":"width: 19rem; height: 100%; transition: width 0.3s;"},"childNodeCount":2,"localName":"div","namespaceURI":"http://www.w3.org/1999/xhtml","nodeType":1,"shadowRoot":null}},{"sharedId":"f.8AA54734AA77FC8FA71C50576EE7DE7A.d.81896DEF35B35D6ACD8ACA98F9D48BFD.e.1735","type":"node","value":{"attributes":{"class":"absolute inset-0 z-0 h-full hidden"},"childNodeCount":1,"localName":"div","namespaceURI":"http://www.w3.org/1999/xhtml","nodeType":1,"shadowRoot":null}},{"sharedId":"f.8AA54734AA77FC8FA71C50576EE7DE7A.d.81896DEF35B35D6ACD8ACA98F9D48BFD.e.1736","type":"node","value":{"attributes":{"class":"absolute inset-0 flex h-full items-center justify-center overflow-hidden text-ellipsis break-words p-[0.5rem] text-center","style":"width: 19rem; background-color: rgb(66, 66, 66); border-radius: 0.4rem;"},"childNodeCount":1,"localName":"div","namespaceURI":"http://www.w3.org/1999/xhtml","nodeType":1,"shadowRoot":null}},{"sharedId":"f.8AA54734AA77FC8FA71C50576EE7DE7A.d.81896DEF35B35D6ACD8ACA98F9D48BFD.e.1737","type":"node","value":{"attributes":{"class":"max-w-full whitespace-normal break-words text-[2.4rem] font-semibold"},"childNodeCount":1,"localName":"p","namespaceURI":"http://www.w3.org/1999/xhtml","nodeType":1,"shadowRoot":null}},{"sharedId":"f.8AA54734AA77FC8FA71C50576EE7DE7A.d.81896DEF35B35D6ACD8ACA98F9D48BFD.e.1738","type":"node","value":{"attributes":{"alt":"Love at First Spike","class":"absolute inset-0 z-10 h-full w-full","src":"https://pql-static.abs-cbn.com/images/loveatfirstspike.thumb-portrait.v1.JPG?im_policy=portraitThumb_tv_fhd","style":"object-fit: cover; border-radius: 0.4rem;"},"childNodeCount":0,"localName":"img","namespaceURI":"http://www.w3.org/1999/xhtml","nodeType":1,"shadowRoot":null}},{"sharedId":"f.8AA54734AA77FC8FA71C50576EE7DE7A.d.81896DEF35B35D6ACD8ACA98F9D48BFD.e.1739","type":"node","value":{"attributes":{"class":"absolute left-0 top-0 z-10"},"childNodeCount":1,"localName":"div","namespaceURI":"http://www.w3.org/1999/xhtml","nodeType":1,"shadowRoot":null}},{"sharedId":"f.8AA54734AA77FC8FA71C50576EE7DE7A.d.81896DEF35B35D6ACD8ACA98F9D48BFD.e.1740","type":"node","value":{"attributes":{"alt":"https://pql-static.iwanttfc.com/static/uat/common/images/monetisation/free.png","class":"h-[3.2rem] w-auto object-contain","src":"https://pql-static.iwanttfc.com/static/uat/common/images/monetisation/free.png"},"childNodeCount":0,"localName":"img","namespaceURI":"http://www.w3.org/1999/xhtml","nodeType":1,"shadowRoot":null}},{"sharedId":"f.8AA54734AA77FC8FA71C50576EE7DE7A.d.81896DEF35B35D6ACD8ACA98F9D48BFD.e.1741","type":"node","value":{"attributes":{"class":"thumbnail relative cursor-pointer outline-none"},"childNodeCount":1,"localName":"div","namespaceURI":"http://www.w3.org/1999/xhtml","nodeType":1,"shadowRoot":null}},{"sharedId":"f.8AA54734AA77FC8FA71C50576EE7DE7A.d.81896DEF35B35D6ACD8ACA98F9D48BFD.e.1742","type":"node","value":{"attributes":{"class":"relative","style":"height: 28.5rem; min-width: 19rem; border-radius: 0.4rem; box-shadow: transparent 0px 0px 0px 0.3rem; transform: scale(1); transition: box-shadow 0.2s, transform 0.2s ease-in;"},"childNodeCount":1,"localName":"div","namespaceURI":"http://www.w3.org/1999/xhtml","nodeType":1,"shadowRoot":null}},{"sharedId":"f.8AA54734AA77FC8FA71C50576EE7DE7A.d.81896DEF35B35D6ACD8ACA98F9D48BFD.e.1743","type":"node","value":{"attributes":{"class":"relative overflow-hidden","style":"width: 19rem; height: 100%; transition: width 0.3s;"},"childNodeCount":2,"localName":"div","namespaceURI":"http://www.w3.org/1999/xhtml","nodeType":1,"shadowRoot":null}},{"sharedId":"f.8AA54734AA77FC8FA71C50576EE7DE7A.d.81896DEF35B35D6ACD8ACA98F9D48BFD.e.1744","type":"node","value":{"attributes":{"class":"absolute inset-0 z-0 h-full hidden"},"childNodeCount":1,"localName":"div","namespaceURI":"http://www.w3.org/1999/xhtml","nodeType":1,"shadowRoot":null}},{"sharedId":"f.8AA54734AA77FC8FA71C50576EE7DE7A.d.81896DEF35B35D6ACD8ACA98F9D48BFD.e.1745","type":"node","value":{"attributes":{"class":"absolute inset-0 flex h-full items-center justify-center overflow-hidden text-ellipsis break-words p-[0.5rem] text-center","style":"width: 19rem; background-color: rgb(66, 66, 66); border-radius: 0.4rem;"},"childNodeCount":1,"localName":"div","namespaceURI":"http://www.w3.org/1999/xhtml","nodeType":1,"shadowRoot":null}},{"sharedId":"f.8AA54734AA77FC8FA71C50576EE7DE7A.d.81896DEF35B35D6ACD8ACA98F9D48BFD.e.1746","type":"node","value":{"attributes":{"class":"max-w-full whitespace-normal break-words text-[2.4rem] font-semibold"},"childNodeCount":1,"localName":"p","namespaceURI":"http://www.w3.org/1999/xhtml","nodeType":1,"shadowRoot":null}},{"sharedId":"f.8AA54734AA77FC8FA71C50576EE7DE7A.d.81896DEF35B35D6ACD8ACA98F9D48BFD.e.1747","type":"node","value":{"attributes":{"alt":"Seven Sundays","class":"absolute inset-0 z-10 h-full w-full","src":"https://pql-static.abs-cbn.com/images/sevensundays.thumb-portrait.jpg?im_policy=portraitThumb_tv_fhd","style":"object-fit: cover; border-radius: 0.4rem;"},"childNodeCount":0,"localName":"img","namespaceURI":"http://www.w3.org/1999/xhtml","nodeType":1,"shadowRoot":null}},{"sharedId":"f.8AA54734AA77FC8FA71C50576EE7DE7A.d.81896DEF35B35D6ACD8ACA98F9D48BFD.e.1748","type":"node","value":{"attributes":{"class":"thumbnail relative cursor-pointer outline-none"},"childNodeCount":1,"localName":"div","namespaceURI":"http://www.w3.org/1999/xhtml","nodeType":1,"shadowRoot":null}},{"sharedId":"f.8AA54734AA77FC8FA71C50576EE7DE7A.d.81896DEF35B35D6ACD8ACA98F9D48BFD.e.1749","type":"node","value":{"attributes":{"class":"relative","style":"height: 28.5rem; min-width: 19rem; border-radius: 0.4rem; box-shadow: transparent 0px 0px 0px 0.3rem; transform: scale(1); transition: box-shadow 0.2s, transform 0.2s ease-in;"},"childNodeCount":1,"localName":"div","namespaceURI":"http://www.w3.org/1999/xhtml","nodeType":1,"shadowRoot":null}},{"sharedId":"f.8AA54734AA77FC8FA71C50576EE7DE7A.d.81896DEF35B35D6ACD8ACA98F9D48BFD.e.1750","type":"node","value":{"attributes":{"class":"relative overflow-hidden","style":"width: 19rem; height: 100%; transition: width 0.3s;"},"childNodeCount":2,"localName":"div","namespaceURI":"http://www.w3.org/1999/xhtml","nodeType":1,"shadowRoot":null}},{"sharedId":"f.8AA54734AA77FC8FA71C50576EE7DE7A.d.81896DEF35B35D6ACD8ACA98F9D48BFD.e.1751","type":"node","value":{"attributes":{"class":"absolute inset-0 z-0 h-full hidden"},"childNodeCount":1,"localName":"div","namespaceURI":"http://www.w3.org/1999/xhtml","nodeType":1,"shadowRoot":null}},{"sharedId":"f.8AA54734AA77FC8FA71C50576EE7DE7A.d.81896DEF35B35D6ACD8ACA98F9D48BFD.e.1752","type":"node","value":{"attributes":{"class":"absolute inset-0 flex h-full items-center justify-center overflow-hidden text-ellipsis break-words p-[0.5rem] text-center","style":"width: 19rem; background-color: rgb(66, 66, 66); border-radius: 0.4rem;"},"childNodeCount":1,"localName":"div","namespaceURI":"http://www.w3.org/1999/xhtml","nodeType":1,"shadowRoot":null}},{"sharedId":"f.8AA54734AA77FC8FA71C50576EE7DE7A.d.81896DEF35B35D6ACD8ACA98F9D48BFD.e.1753","type":"node","value":{"attributes":{"class":"max-w-full whitespace-normal break-words text-[2.4rem] font-semibold"},"childNodeCount":1,"localName":"p","namespaceURI":"http://www.w3.org/1999/xhtml","nodeType":1,"shadowRoot":null}},{"sharedId":"f.8AA54734AA77FC8FA71C50576EE7DE7A.d.81896DEF35B35D6ACD8ACA98F9D48BFD.e.1754","type":"node","value":{"attributes":{"alt":"Northern Lights: A Journey to Love","class":"absolute inset-0 z-10 h-full w-full","src":"https://pql-static.abs-cbn.com/images/northernlights.thumb-portrait.jpg?im_policy=portraitThumb_tv_fhd","style":"object-fit: cover; border-radius: 0.4rem;"},"childNodeCount":0,"localName":"img","namespaceURI":"http://www.w3.org/1999/xhtml","nodeType":1,"shadowRoot":null}},{"sharedId":"f.8AA54734AA77FC8FA71C50576EE7DE7A.d.81896DEF35B35D6ACD8ACA98F9D48BFD.e.1755","type":"node","value":{"attributes":{"class":"thumbnail relative cursor-pointer outline-none"},"childNodeCount":1,"localName":"div","namespaceURI":"http://www.w3.org/1999/xhtml","nodeType":1,"shadowRoot":null}},{"sharedId":"f.8AA54734AA77FC8FA71C50576EE7DE7A.d.81896DEF35B35D6ACD8ACA98F9D48BFD.e.1756","type":"node","value":{"attributes":{"class":"relative","style":"height: 28.5rem; min-width: 19rem; border-radius: 0.4rem; box-shadow: transparent 0px 0px 0px 0.3rem; transform: scale(1); transition: box-shadow 0.2s, transform 0.2s ease-in;"},"childNodeCount":1,"localName":"div","namespaceURI":"http://www.w3.org/1999/xhtml","nodeType":1,"shadowRoot":null}},{"sharedId":"f.8AA54734AA77FC8FA71C50576EE7DE7A.d.81896DEF35B35D6ACD8ACA98F9D48BFD.e.1757","type":"node","value":{"attributes":{"class":"relative overflow-hidden","style":"width: 19rem; height: 100%; transition: width 0.3s;"},"childNodeCount":2,"localName":"div","namespaceURI":"http://www.w3.org/1999/xhtml","nodeType":1,"shadowRoot":null}},{"sharedId":"f.8AA54734AA77FC8FA71C50576EE7DE7A.d.81896DEF35B35D6ACD8ACA98F9D48BFD.e.1758","type":"node","value":{"attributes":{"class":"absolute inset-0 z-0 h-full hidden"},"childNodeCount":1,"localName":"div","namespaceURI":"http://www.w3.org/1999/xhtml","nodeType":1,"shadowRoot":null}},{"sharedId":"f.8AA54734AA77FC8FA71C50576EE7DE7A.d.81896DEF35B35D6ACD8ACA98F9D48BFD.e.1759","type":"node","value":{"attributes":{"class":"absolute inset-0 flex h-full items-center justify-center overflow-hidden text-ellipsis break-words p-[0.5rem] text-center","style":"width: 19rem; background-color: rgb(66, 66, 66); border-radius: 0.4rem;"},"childNodeCount":1,"localName":"div","namespaceURI":"http://www.w3.org/1999/xhtml","nodeType":1,"shadowRoot":null}},{"sharedId":"f.8AA54734AA77FC8FA71C50576EE7DE7A.d.81896DEF35B35D6ACD8ACA98F9D48BFD.e.1760","type":"node","value":{"attributes":{"class":"max-w-full whitespace-normal break-words text-[2.4rem] font-semibold"},"childNodeCount":1,"localName":"p","namespaceURI":"http://www.w3.org/1999/xhtml","nodeType":1,"shadowRoot":null}},{"sharedId":"f.8AA54734AA77FC8FA71C50576EE7DE7A.d.81896DEF35B35D6ACD8ACA98F9D48BFD.e.1761","type":"node","value":{"attributes":{"alt":"Home Along Da Riles: Da Movie","class":"absolute inset-0 z-10 h-full w-full","src":"https://pql-static.abs-cbn.com/images/homealongdarilesdamovie.thumb-portrait.jpg?im_policy=portraitThumb_tv_fhd","style":"object-fit: cover; border-radius: 0.4rem;"},"childNodeCount":0,"localName":"img","namespaceURI":"http://www.w3.org/1999/xhtml","nodeType":1,"shadowRoot":null}},{"sharedId":"f.8AA54734AA77FC8FA71C50576EE7DE7A.d.81896DEF35B35D6ACD8ACA98F9D48BFD.e.1762","type":"node","value":{"attributes":{"class":"thumbnail relative cursor-pointer outline-none"},"childNodeCount":1,"localName":"div","namespaceURI":"http://www.w3.org/1999/xhtml","nodeType":1,"shadowRoot":null}},{"sharedId":"f.8AA54734AA77FC8FA71C50576EE7DE7A.d.81896DEF35B35D6ACD8ACA98F9D48BFD.e.1763","type":"node","value":{"attributes":{"class":"relative","style":"height: 28.5rem; min-width: 19rem; border-radius: 0.4rem; box-shadow: transparent 0px 0px 0px 0.3rem; transform: scale(1); transition: box-shadow 0.2s, transform 0.2s ease-in;"},"childNodeCount":1,"localName":"div","namespaceURI":"http://www.w3.org/1999/xhtml","nodeType":1,"shadowRoot":null}},{"sharedId":"f.8AA54734AA77FC8FA71C50576EE7DE7A.d.81896DEF35B35D6ACD8ACA98F9D48BFD.e.1764","type":"node","value":{"attributes":{"class":"relative overflow-hidden","style":"width: 19rem; height: 100%; transition: width 0.3s;"},"childNodeCount":2,"localName":"div","namespaceURI":"http://www.w3.org/1999/xhtml","nodeType":1,"shadowRoot":null}},{"sharedId":"f.8AA54734AA77FC8FA71C50576EE7DE7A.d.81896DEF35B35D6ACD8ACA98F9D48BFD.e.1765","type":"node","value":{"attributes":{"class":"absolute inset-0 z-0 h-full hidden"},"childNodeCount":1,"localName":"div","namespaceURI":"http://www.w3.org/1999/xhtml","nodeType":1,"shadowRoot":null}},{"sharedId":"f.8AA54734AA77FC8FA71C50576EE7DE7A.d.81896DEF35B35D6ACD8ACA98F9D48BFD.e.1766","type":"node","value":{"attributes":{"class":"absolute inset-0 flex h-full items-center justify-center overflow-hidden text-ellipsis break-words p-[0.5rem] text-center","style":"width: 19rem; background-color: rgb(66, 66, 66); border-radius: 0.4rem;"},"childNodeCount":1,"localName":"div","namespaceURI":"http://www.w3.org/1999/xhtml","nodeType":1,"shadowRoot":null}},{"sharedId":"f.8AA54734AA77FC8FA71C50576EE7DE7A.d.81896DEF35B35D6ACD8ACA98F9D48BFD.e.1767","type":"node","value":{"attributes":{"class":"max-w-full whitespace-normal break-words text-[2.4rem] font-semibold"},"childNodeCount":1,"localName":"p","namespaceURI":"http://www.w3.org/1999/xhtml","nodeType":1,"shadowRoot":null}},{"sharedId":"f.8AA54734AA77FC8FA71C50576EE7DE7A.d.81896DEF35B35D6ACD8ACA98F9D48BFD.e.1768","type":"node","value":{"attributes":{"alt":"Angelito: Ang Bagong Yugto","class":"absolute inset-0 z-10 h-full w-full","src":"https://pql-static.abs-cbn.com/images/angelitoangbagongyugto.thumb-portrait.jpg?im_policy=portraitThumb_tv_fhd","style":"object-fit: cover; border-radius: 0.4rem;"},"childNodeCount":0,"localName":"img","namespaceURI":"http://www.w3.org/1999/xhtml","nodeType":1,"shadowRoot":null}},{"sharedId":"f.8AA54734AA77FC8FA71C50576EE7DE7A.d.81896DEF35B35D6ACD8ACA98F9D48BFD.e.1769","type":"node","value":{"attributes":{"class":"thumbnail relative cursor-pointer outline-none"},"childNodeCount":1,"localName":"div","namespaceURI":"http://www.w3.org/1999/xhtml","nodeType":1,"shadowRoot":null}},{"sharedId":"f.8AA54734AA77FC8FA71C50576EE7DE7A.d.81896DEF35B35D6ACD8ACA98F9D48BFD.e.1770","type":"node","value":{"attributes":{"class":"relative","style":"height: 28.5rem; min-width: 19rem; border-radius: 0.4rem; box-shadow: transparent 0px 0px 0px 0.3rem; transform: scale(1); transition: box-shadow 0.2s, transform 0.2s ease-in;"},"childNodeCount":1,"localName":"div","namespaceURI":"http://www.w3.org/1999/xhtml","nodeType":1,"shadowRoot":null}},{"sharedId":"f.8AA54734AA77FC8FA71C50576EE7DE7A.d.81896DEF35B35D6ACD8ACA98F9D48BFD.e.1771","type":"node","value":{"attributes":{"class":"relative overflow-hidden","style":"width: 19rem; height: 100%; transition: width 0.3s;"},"childNodeCount":2,"localName":"div","namespaceURI":"http://www.w3.org/1999/xhtml","nodeType":1,"shadowRoot":null}},{"sharedId":"f.8AA54734AA77FC8FA71C50576EE7DE7A.d.81896DEF35B35D6ACD8ACA98F9D48BFD.e.1772","type":"node","value":{"attributes":{"class":"absolute inset-0 z-0 h-full hidden"},"childNodeCount":1,"localName":"div","namespaceURI":"http://www.w3.org/1999/xhtml","nodeType":1,"shadowRoot":null}},{"sharedId":"f.8AA54734AA77FC8FA71C50576EE7DE7A.d.81896DEF35B35D6ACD8ACA98F9D48BFD.e.1773","type":"node","value":{"attributes":{"class":"absolute inset-0 flex h-full items-center justify-center overflow-hidden text-ellipsis break-words p-[0.5rem] text-center","style":"width: 19rem; background-color: rgb(66, 66, 66); border-radius: 0.4rem;"},"childNodeCount":1,"localName":"div","namespaceURI":"http://www.w3.org/1999/xhtml","nodeType":1,"shadowRoot":null}},{"sharedId":"f.8AA54734AA77FC8FA71C50576EE7DE7A.d.81896DEF35B35D6ACD8ACA98F9D48BFD.e.1774","type":"node","value":{"attributes":{"class":"max-w-full whitespace-normal break-words text-[2.4rem] font-semibold"},"childNodeCount":1,"localName":"p","namespaceURI":"http://www.w3.org/1999/xhtml","nodeType":1,"shadowRoot":null}},{"sharedId":"f.8AA54734AA77FC8FA71C50576EE7DE7A.d.81896DEF35B35D6ACD8ACA98F9D48BFD.e.1775","type":"node","value":{"attributes":{"alt":"Block Z","class":"absolute inset-0 z-10 h-full w-full","src":"https://pql-static.abs-cbn.com/images/blockz.thumb-portrait.jpg?im_policy=portraitThumb_tv_fhd","style":"object-fit: cover; border-radius: 0.4rem;"},"childNodeCount":0,"localName":"img","namespaceURI":"http://www.w3.org/1999/xhtml","nodeType":1,"shadowRoot":null}},{"sharedId":"f.8AA54734AA77FC8FA71C50576EE7DE7A.d.81896DEF35B35D6ACD8ACA98F9D48BFD.e.1776","type":"node","value":{"attributes":{"class":"thumbnail relative cursor-pointer outline-none"},"childNodeCount":1,"localName":"div","namespaceURI":"http://www.w3.org/1999/xhtml","nodeType":1,"shadowRoot":null}},{"sharedId":"f.8AA54734AA77FC8FA71C50576EE7DE7A.d.81896DEF35B35D6ACD8ACA98F9D48BFD.e.1777","type":"node","value":{"attributes":{"class":"relative","style":"height: 28.5rem; min-width: 19rem; border-radius: 0.4rem; box-shadow: transparent 0px 0px 0px 0.3rem; transform: scale(1); transition: box-shadow 0.2s, transform 0.2s ease-in;"},"childNodeCount":2,"localName":"div","namespaceURI":"http://www.w3.org/1999/xhtml","nodeType":1,"shadowRoot":null}},{"sharedId":"f.8AA54734AA77FC8FA71C50576EE7DE7A.d.81896DEF35B35D6ACD8ACA98F9D48BFD.e.1778","type":"node","value":{"attributes":{"class":"relative overflow-hidden","style":"width: 19rem; height: 100%; transition: width 0.3s;"},"childNodeCount":2,"localName":"div","namespaceURI":"http://www.w3.org/1999/xhtml","nodeType":1,"shadowRoot":null}},{"sharedId":"f.8AA54734AA77FC8FA71C50576EE7DE7A.d.81896DEF35B35D6ACD8ACA98F9D48BFD.e.1779","type":"node","value":{"attributes":{"class":"absolute inset-0 z-0 h-full hidden"},"childNodeCount":1,"localName":"div","namespaceURI":"http://www.w3.org/1999/xhtml","nodeType":1,"shadowRoot":null}},{"sharedId":"f.8AA54734AA77FC8FA71C50576EE7DE7A.d.81896DEF35B35D6ACD8ACA98F9D48BFD.e.1780","type":"node","value":{"attributes":{"class":"absolute inset-0 flex h-full items-center justify-center overflow-hidden text-ellipsis break-words p-[0.5rem] text-center","style":"width: 19rem; background-color: rgb(66, 66, 66); border-radius: 0.4rem;"},"childNodeCount":1,"localName":"div","namespaceURI":"http://www.w3.org/1999/xhtml","nodeType":1,"shadowRoot":null}},{"sharedId":"f.8AA54734AA77FC8FA71C50576EE7DE7A.d.81896DEF35B35D6ACD8ACA98F9D48BFD.e.1781","type":"node","value":{"attributes":{"class":"max-w-full whitespace-normal break-words text-[2.4rem] font-semibold"},"childNodeCount":1,"localName":"p","namespaceURI":"http://www.w3.org/1999/xhtml","nodeType":1,"shadowRoot":null}},{"sharedId":"f.8AA54734AA77FC8FA71C50576EE7DE7A.d.81896DEF35B35D6ACD8ACA98F9D48BFD.e.1782","type":"node","value":{"attributes":{"alt":"Be Careful With My Heart","class":"absolute inset-0 z-10 h-full w-full","src":"https://pql-static.abs-cbn.com/images/becarefulwithmyheart.thumb-portrait.jpg?im_policy=portraitThumb_tv_fhd","style":"object-fit: cover; border-radius: 0.4rem;"},"childNodeCount":0,"localName":"img","namespaceURI":"http://www.w3.org/1999/xhtml","nodeType":1,"shadowRoot":null}},{"sharedId":"f.8AA54734AA77FC8FA71C50576EE7DE7A.d.81896DEF35B35D6ACD8ACA98F9D48BFD.e.1783","type":"node","value":{"attributes":{"class":"absolute top-0 right-0 z-10"},"childNodeCount":1,"localName":"div","namespaceURI":"http://www.w3.org/1999/xhtml","nodeType":1,"shadowRoot":null}},{"sharedId":"f.8AA54734AA77FC8FA71C50576EE7DE7A.d.81896DEF35B35D6ACD8ACA98F9D48BFD.e.1784","type":"node","value":{"attributes":{"alt":"top_10","class":"h-[3.2rem] max-w-min object-contain","src":"https://pql-static.iwanttfc.com/static/uat/common/images/labels/top_10_new.png"},"childNodeCount":0,"localName":"img","namespaceURI":"http://www.w3.org/1999/xhtml","nodeType":1,"shadowRoot":null}},{"sharedId":"f.8AA54734AA77FC8FA71C50576EE7DE7A.d.81896DEF35B35D6ACD8ACA98F9D48BFD.e.1785","type":"node","value":{"attributes":{"class":"thumbnail relative cursor-pointer outline-none"},"childNodeCount":1,"localName":"div","namespaceURI":"http://www.w3.org/1999/xhtml","nodeType":1,"shadowRoot":null}},{"sharedId":"f.8AA54734AA77FC8FA71C50576EE7DE7A.d.81896DEF35B35D6ACD8ACA98F9D48BFD.e.1786","type":"node","value":{"attributes":{"class":"relative","style":"height: 28.5rem; min-width: 19rem; border-radius: 0.4rem; box-shadow: transparent 0px 0px 0px 0.3rem; transform: scale(1); transition: box-shadow 0.2s, transform 0.2s ease-in;"},"childNodeCount":2,"localName":"div","namespaceURI":"http://www.w3.org/1999/xhtml","nodeType":1,"shadowRoot":null}},{"sharedId":"f.8AA54734AA77FC8FA71C50576EE7DE7A.d.81896DEF35B35D6ACD8ACA98F9D48BFD.e.1787","type":"node","value":{"attributes":{"class":"relative overflow-hidden","style":"width: 19rem; height: 100%; transition: width 0.3s;"},"childNodeCount":2,"localName":"div","namespaceURI":"http://www.w3.org/1999/xhtml","nodeType":1,"shadowRoot":null}},{"sharedId":"f.8AA54734AA77FC8FA71C50576EE7DE7A.d.81896DEF35B35D6ACD8ACA98F9D48BFD.e.1788","type":"node","value":{"attributes":{"class":"absolute inset-0 z-0 h-full hidden"},"childNodeCount":1,"localName":"div","namespaceURI":"http://www.w3.org/1999/xhtml","nodeType":1,"shadowRoot":null}},{"sharedId":"f.8AA54734AA77FC8FA71C50576EE7DE7A.d.81896DEF35B35D6ACD8ACA98F9D48BFD.e.1789","type":"node","value":{"attributes":{"class":"absolute inset-0 flex h-full items-center justify-center overflow-hidden text-ellipsis break-words p-[0.5rem] text-center","style":"width: 19rem; background-color: rgb(66, 66, 66); border-radius: 0.4rem;"},"childNodeCount":1,"localName":"div","namespaceURI":"http://www.w3.org/1999/xhtml","nodeType":1,"shadowRoot":null}},{"sharedId":"f.8AA54734AA77FC8FA71C50576EE7DE7A.d.81896DEF35B35D6ACD8ACA98F9D48BFD.e.1790","type":"node","value":{"attributes":{"class":"max-w-full whitespace-normal break-words text-[2.4rem] font-semibold"},"childNodeCount":1,"localName":"p","namespaceURI":"http://www.w3.org/1999/xhtml","nodeType":1,"shadowRoot":null}},{"sharedId":"f.8AA54734AA77FC8FA71C50576EE7DE7A.d.81896DEF35B35D6ACD8ACA98F9D48BFD.e.1791","type":"node","value":{"attributes":{"alt":"My Special Tatay","class":"absolute inset-0 z-10 h-full w-full","src":"https://pql-static.abs-cbn.com/images/gmamyspecialtatay.thumb-portrait.jpg?im_policy=portraitThumb_tv_fhd","style":"object-fit: cover; border-radius: 0.4rem;"},"childNodeCount":0,"localName":"img","namespaceURI":"http://www.w3.org/1999/xhtml","nodeType":1,"shadowRoot":null}},{"sharedId":"f.8AA54734AA77FC8FA71C50576EE7DE7A.d.81896DEF35B35D6ACD8ACA98F9D48BFD.e.1792","type":"node","value":{"attributes":{"class":"absolute left-0 top-0 z-10"},"childNodeCount":1,"localName":"div","namespaceURI":"http://www.w3.org/1999/xhtml","nodeType":1,"shadowRoot":null}},{"sharedId":"f.8AA54734AA77FC8FA71C50576EE7DE7A.d.81896DEF35B35D6ACD8ACA98F9D48BFD.e.1793","type":"node","value":{"attributes":{"alt":"https://pql-static.iwanttfc.com/static/uat/common/images/monetisation/gma.png","class":"h-[3.2rem] w-auto object-contain","src":"https://pql-static.iwanttfc.com/static/uat/common/images/monetisation/gma.png"},"childNodeCount":0,"localName":"img","namespaceURI":"http://www.w3.org/1999/xhtml","nodeType":1,"shadowRoot":null}},{"sharedId":"f.8AA54734AA77FC8FA71C50576EE7DE7A.d.81896DEF35B35D6ACD8ACA98F9D48BFD.e.1794","type":"node","value":{"attributes":{"class":"thumbnail relative cursor-pointer outline-none"},"childNodeCount":1,"localName":"div","namespaceURI":"http://www.w3.org/1999/xhtml","nodeType":1,"shadowRoot":null}},{"sharedId":"f.8AA54734AA77FC8FA71C50576EE7DE7A.d.81896DEF35B35D6ACD8ACA98F9D48BFD.e.1795","type":"node","value":{"attributes":{"class":"relative","style":"height: 28.5rem; min-width: 19rem; border-radius: 0.4rem; box-shadow: transparent 0px 0px 0px 0.3rem; transform: scale(1); transition: box-shadow 0.2s, transform 0.2s ease-in;"},"childNodeCount":1,"localName":"div","namespaceURI":"http://www.w3.org/1999/xhtml","nodeType":1,"shadowRoot":null}},{"sharedId":"f.8AA54734AA77FC8FA71C50576EE7DE7A.d.81896DEF35B35D6ACD8ACA98F9D48BFD.e.1796","type":"node","value":{"attributes":{"class":"relative overflow-hidden","style":"width: 19rem; height: 100%; transition: width 0.3s;"},"childNodeCount":2,"localName":"div","namespaceURI":"http://www.w3.org/1999/xhtml","nodeType":1,"shadowRoot":null}},{"sharedId":"f.8AA54734AA77FC8FA71C50576EE7DE7A.d.81896DEF35B35D6ACD8ACA98F9D48BFD.e.1797","type":"node","value":{"attributes":{"class":"absolute inset-0 z-0 h-full hidden"},"childNodeCount":1,"localName":"div","namespaceURI":"http://www.w3.org/1999/xhtml","nodeType":1,"shadowRoot":null}},{"sharedId":"f.8AA54734AA77FC8FA71C50576EE7DE7A.d.81896DEF35B35D6ACD8ACA98F9D48BFD.e.1798","type":"node","value":{"attributes":{"class":"absolute inset-0 flex h-full items-center justify-center overflow-hidden text-ellipsis break-words p-[0.5rem] text-center","style":"width: 19rem; background-color: rgb(66, 66, 66); border-radius: 0.4rem;"},"childNodeCount":1,"localName":"div","namespaceURI":"http://www.w3.org/1999/xhtml","nodeType":1,"shadowRoot":null}},{"sharedId":"f.8AA54734AA77FC8FA71C50576EE7DE7A.d.81896DEF35B35D6ACD8ACA98F9D48BFD.e.1799","type":"node","value":{"attributes":{"class":"max-w-full whitespace-normal break-words text-[2.4rem] font-semibold"},"childNodeCount":1,"localName":"p","namespaceURI":"http://www.w3.org/1999/xhtml","nodeType":1,"shadowRoot":null}},{"sharedId":"f.8AA54734AA77FC8FA71C50576EE7DE7A.d.81896DEF35B35D6ACD8ACA98F9D48BFD.e.1800","type":"node","value":{"attributes":{"alt":"Father Jejemon","class":"absolute inset-0 z-10 h-full w-full","src":"https://pql-static.abs-cbn.com/images/fatherjejemon2010.thumb-portrait.jpg?im_policy=portraitThumb_tv_fhd","style":"object-fit: cover; border-radius: 0.4rem;"},"childNodeCount":0,"localName":"img","namespaceURI":"http://www.w3.org/1999/xhtml","nodeType":1,"shadowRoot":null}},{"sharedId":"f.8AA54734AA77FC8FA71C50576EE7DE7A.d.81896DEF35B35D6ACD8ACA98F9D48BFD.e.1801","type":"node","value":{"attributes":{"class":"thumbnail relative cursor-pointer outline-none"},"childNodeCount":1,"localName":"div","namespaceURI":"http://www.w3.org/1999/xhtml","nodeType":1,"shadowRoot":null}},{"sharedId":"f.8AA54734AA77FC8FA71C50576EE7DE7A.d.81896DEF35B35D6ACD8ACA98F9D48BFD.e.1802","type":"node","value":{"attributes":{"class":"relative","style":"height: 28.5rem; min-width: 19rem; border-radius: 0.4rem; box-shadow: transparent 0px 0px 0px 0.3rem; transform: scale(1); transition: box-shadow 0.2s, transform 0.2s ease-in;"},"childNodeCount":1,"localName":"div","namespaceURI":"http://www.w3.org/1999/xhtml","nodeType":1,"shadowRoot":null}},{"sharedId":"f.8AA54734AA77FC8FA71C50576EE7DE7A.d.81896DEF35B35D6ACD8ACA98F9D48BFD.e.1803","type":"node","value":{"attributes":{"class":"relative overflow-hidden","style":"width: 19rem; height: 100%; transition: width 0.3s;"},"childNodeCount":2,"localName":"div","namespaceURI":"http://www.w3.org/1999/xhtml","nodeType":1,"shadowRoot":null}},{"sharedId":"f.8AA54734AA77FC8FA71C50576EE7DE7A.d.81896DEF35B35D6ACD8ACA98F9D48BFD.e.1804","type":"node","value":{"attributes":{"class":"absolute inset-0 z-0 h-full hidden"},"childNodeCount":1,"localName":"div","namespaceURI":"http://www.w3.org/1999/xhtml","nodeType":1,"shadowRoot":null}},{"sharedId":"f.8AA54734AA77FC8FA71C50576EE7DE7A.d.81896DEF35B35D6ACD8ACA98F9D48BFD.e.1805","type":"node","value":{"attributes":{"class":"absolute inset-0 flex h-full items-center justify-center overflow-hidden text-ellipsis break-words p-[0.5rem] text-center","style":"width: 19rem; background-color: rgb(66, 66, 66); border-radius: 0.4rem;"},"childNodeCount":1,"localName":"div","namespaceURI":"http://www.w3.org/1999/xhtml","nodeType":1,"shadowRoot":null}},{"sharedId":"f.8AA54734AA77FC8FA71C50576EE7DE7A.d.81896DEF35B35D6ACD8ACA98F9D48BFD.e.1806","type":"node","value":{"attributes":{"class":"max-w-full whitespace-normal break-words text-[2.4rem] font-semibold"},"childNodeCount":1,"localName":"p","namespaceURI":"http://www.w3.org/1999/xhtml","nodeType":1,"shadowRoot":null}},{"sharedId":"f.8AA54734AA77FC8FA71C50576EE7DE7A.d.81896DEF35B35D6ACD8ACA98F9D48BFD.e.1807","type":"node","value":{"attributes":{"alt":"Jack Em Popoy: The Puliscredibles","class":"absolute inset-0 z-10 h-full w-full","src":"https://pql-static.abs-cbn.com/images/jackempopoypuliscredibles2018.thumb-portrait.jpg?im_policy=portraitThumb_tv_fhd","style":"object-fit: cover; border-radius: 0.4rem;"},"childNodeCount":0,"localName":"img","namespaceURI":"http://www.w3.org/1999/xhtml","nodeType":1,"shadowRoot":null}},{"sharedId":"f.8AA54734AA77FC8FA71C50576EE7DE7A.d.81896DEF35B35D6ACD8ACA98F9D48BFD.e.1808","type":"node","value":{"attributes":{"class":"thumbnail relative cursor-pointer outline-none"},"childNodeCount":1,"localName":"div","namespaceURI":"http://www.w3.org/1999/xhtml","nodeType":1,"shadowRoot":null}},{"sharedId":"f.8AA54734AA77FC8FA71C50576EE7DE7A.d.81896DEF35B35D6ACD8ACA98F9D48BFD.e.1809","type":"node","value":{"attributes":{"class":"relative","style":"height: 28.5rem; min-width: 19rem; border-radius: 0.4rem; box-shadow: transparent 0px 0px 0px 0.3rem; transform: scale(1); transition: box-shadow 0.2s, transform 0.2s ease-in;"},"childNodeCount":1,"localName":"div","namespaceURI":"http://www.w3.org/1999/xhtml","nodeType":1,"shadowRoot":null}},{"sharedId":"f.8AA54734AA77FC8FA71C50576EE7DE7A.d.81896DEF35B35D6ACD8ACA98F9D48BFD.e.1810","type":"node","value":{"attributes":{"class":"relative overflow-hidden","style":"width: 19rem; height: 100%; transition: width 0.3s;"},"childNodeCount":2,"localName":"div","namespaceURI":"http://www.w3.org/1999/xhtml","nodeType":1,"shadowRoot":null}},{"sharedId":"f.8AA54734AA77FC8FA71C50576EE7DE7A.d.81896DEF35B35D6ACD8ACA98F9D48BFD.e.1811","type":"node","value":{"attributes":{"class":"absolute inset-0 z-0 h-full hidden"},"childNodeCount":1,"localName":"div","namespaceURI":"http://www.w3.org/1999/xhtml","nodeType":1,"shadowRoot":null}},{"sharedId":"f.8AA54734AA77FC8FA71C50576EE7DE7A.d.81896DEF35B35D6ACD8ACA98F9D48BFD.e.1812","type":"node","value":{"attributes":{"class":"absolute inset-0 flex h-full items-center justify-center overflow-hidden text-ellipsis break-words p-[0.5rem] text-center","style":"width: 19rem; background-color: rgb(66, 66, 66); border-radius: 0.4rem;"},"childNodeCount":1,"localName":"div","namespaceURI":"http://www.w3.org/1999/xhtml","nodeType":1,"shadowRoot":null}},{"sharedId":"f.8AA54734AA77FC8FA71C50576EE7DE7A.d.81896DEF35B35D6ACD8ACA98F9D48BFD.e.1813","type":"node","value":{"attributes":{"class":"max-w-full whitespace-normal break-words text-[2.4rem] font-semibold"},"childNodeCount":1,"localName":"p","namespaceURI":"http://www.w3.org/1999/xhtml","nodeType":1,"shadowRoot":null}},{"sharedId":"f.8AA54734AA77FC8FA71C50576EE7DE7A.d.81896DEF35B35D6ACD8ACA98F9D48BFD.e.1814","type":"node","value":{"attributes":{"alt":"Bagman","class":"absolute inset-0 z-10 h-full w-full","src":"https://pql-static.abs-cbn.com/images/bagman.thumb-portrait.jpg?im_policy=portraitThumb_tv_fhd","style":"object-fit: cover; border-radius: 0.4rem;"},"childNodeCount":0,"localName":"img","namespaceURI":"http://www.w3.org/1999/xhtml","nodeType":1,"shadowRoot":null}},{"sharedId":"f.8AA54734AA77FC8FA71C50576EE7DE7A.d.81896DEF35B35D6ACD8ACA98F9D48BFD.e.1815","type":"node","value":{"attributes":{"class":"rail relative h-full w-full pb-[3.2rem]","style":"width: 100%; margin-top: 0px; margin-bottom: 0px; margin-left: 0px; padding-left: 0px; padding-top: 3.2rem; background-size: cover; background-repeat: no-repeat; background-position: center center;"},"childNodeCount":2,"localName":"div","namespaceURI":"http://www.w3.org/1999/xhtml","nodeType":1,"shadowRoot":null}},{"sharedId":"f.8AA54734AA77FC8FA71C50576EE7DE7A.d.81896DEF35B35D6ACD8ACA98F9D48BFD.e.1816","type":"node","value":{"attributes":{"class":"title mb-[3.2rem]"},"childNodeCount":1,"localName":"div","namespaceURI":"http://www.w3.org/1999/xhtml","nodeType":1,"shadowRoot":null}},{"sharedId":"f.8AA54734AA77FC8FA71C50576EE7DE7A.d.81896DEF35B35D6ACD8ACA98F9D48BFD.e.1817","type":"node","value":{"attributes":{"class":"text-[2.8rem] font-medium leading-[3.5rem]"},"childNodeCount":1,"localName":"p","namespaceURI":"http://www.w3.org/1999/xhtml","nodeType":1,"shadowRoot":null}},{"sharedId":"f.8AA54734AA77FC8FA71C50576EE7DE7A.d.81896DEF35B35D6ACD8ACA98F9D48BFD.e.1818","type":"node","value":{"attributes":{"class":"rail-container pointer-events-none relative","style":"margin-top: 0px; margin-bottom: -3rem;"},"childNodeCount":1,"localName":"div","namespaceURI":"http://www.w3.org/1999/xhtml","nodeType":1,"shadowRoot":null}},{"sharedId":"f.8AA54734AA77FC8FA71C50576EE7DE7A.d.81896DEF35B35D6ACD8ACA98F9D48BFD.e.1819","type":"node","value":{"attributes":{"class":"scrollable-list pointer-events-auto flex gap-[1.6rem] overflow-x-auto scroll-smooth","style":"padding-top: 0px; padding-bottom: 3rem;"},"childNodeCount":5,"localName":"div","namespaceURI":"http://www.w3.org/1999/xhtml","nodeType":1,"shadowRoot":null}},{"sharedId":"f.8AA54734AA77FC8FA71C50576EE7DE7A.d.81896DEF35B35D6ACD8ACA98F9D48BFD.e.1820","type":"node","value":{"attributes":{"class":"thumbnail relative cursor-pointer outline-none"},"childNodeCount":1,"localName":"div","namespaceURI":"http://www.w3.org/1999/xhtml","nodeType":1,"shadowRoot":null}},{"sharedId":"f.8AA54734AA77FC8FA71C50576EE7DE7A.d.81896DEF35B35D6ACD8ACA98F9D48BFD.e.1821","type":"node","value":{"attributes":{"class":"relative","style":"height: 28.5rem; min-width: 19rem; border-radius: 0.4rem; box-shadow: transparent 0px 0px 0px 0.3rem; transform: scale(1); transition: box-shadow 0.2s, transform 0.2s ease-in;"},"childNodeCount":1,"localName":"div","namespaceURI":"http://www.w3.org/1999/xhtml","nodeType":1,"shadowRoot":null}},{"sharedId":"f.8AA54734AA77FC8FA71C50576EE7DE7A.d.81896DEF35B35D6ACD8ACA98F9D48BFD.e.1822","type":"node","value":{"attributes":{"class":"relative overflow-hidden","style":"width: 19rem; height: 100%; transition: width 0.3s;"},"childNodeCount":2,"localName":"div","namespaceURI":"http://www.w3.org/1999/xhtml","nodeType":1,"shadowRoot":null}},{"sharedId":"f.8AA54734AA77FC8FA71C50576EE7DE7A.d.81896DEF35B35D6ACD8ACA98F9D48BFD.e.1823","type":"node","value":{"attributes":{"class":"absolute inset-0 z-0 h-full hidden"},"childNodeCount":1,"localName":"div","namespaceURI":"http://www.w3.org/1999/xhtml","nodeType":1,"shadowRoot":null}},{"sharedId":"f.8AA54734AA77FC8FA71C50576EE7DE7A.d.81896DEF35B35D6ACD8ACA98F9D48BFD.e.1824","type":"node","value":{"attributes":{"class":"absolute inset-0 flex h-full items-center justify-center overflow-hidden text-ellipsis break-words p-[0.5rem] text-center","style":"width: 19rem; background-color: rgb(66, 66, 66); border-radius: 0.4rem;"},"childNodeCount":1,"localName":"div","namespaceURI":"http://www.w3.org/1999/xhtml","nodeType":1,"shadowRoot":null}},{"sharedId":"f.8AA54734AA77FC8FA71C50576EE7DE7A.d.81896DEF35B35D6ACD8ACA98F9D48BFD.e.1825","type":"node","value":{"attributes":{"class":"max-w-full whitespace-normal break-words text-[2.4rem] font-semibold"},"childNodeCount":1,"localName":"p","namespaceURI":"http://www.w3.org/1999/xhtml","nodeType":1,"shadowRoot":null}},{"sharedId":"f.8AA54734AA77FC8FA71C50576EE7DE7A.d.81896DEF35B35D6ACD8ACA98F9D48BFD.e.1826","type":"node","value":{"attributes":{"alt":"Chef RV's Kitchen","class":"absolute inset-0 z-10 h-full w-full","src":"https://pql-static.abs-cbn.com/images/chefrvskitchen.thumb-portrait.jpg?im_policy=portraitThumb_tv_fhd","style":"object-fit: cover; border-radius: 0.4rem;"},"childNodeCount":0,"localName":"img","namespaceURI":"http://www.w3.org/1999/xhtml","nodeType":1,"shadowRoot":null}},{"sharedId":"f.8AA54734AA77FC8FA71C50576EE7DE7A.d.81896DEF35B35D6ACD8ACA98F9D48BFD.e.1827","type":"node","value":{"attributes":{"class":"thumbnail relative cursor-pointer outline-none"},"childNodeCount":1,"localName":"div","namespaceURI":"http://www.w3.org/1999/xhtml","nodeType":1,"shadowRoot":null}},{"sharedId":"f.8AA54734AA77FC8FA71C50576EE7DE7A.d.81896DEF35B35D6ACD8ACA98F9D48BFD.e.1828","type":"node","value":{"attributes":{"class":"relative","style":"height: 28.5rem; min-width: 19rem; border-radius: 0.4rem; box-shadow: transparent 0px 0px 0px 0.3rem; transform: scale(1); transition: box-shadow 0.2s, transform 0.2s ease-in;"},"childNodeCount":2,"localName":"div","namespaceURI":"http://www.w3.org/1999/xhtml","nodeType":1,"shadowRoot":null}},{"sharedId":"f.8AA54734AA77FC8FA71C50576EE7DE7A.d.81896DEF35B35D6ACD8ACA98F9D48BFD.e.1829","type":"node","value":{"attributes":{"class":"relative overflow-hidden","style":"width: 19rem; height: 100%; transition: width 0.3s;"},"childNodeCount":2,"localName":"div","namespaceURI":"http://www.w3.org/1999/xhtml","nodeType":1,"shadowRoot":null}},{"sharedId":"f.8AA54734AA77FC8FA71C50576EE7DE7A.d.81896DEF35B35D6ACD8ACA98F9D48BFD.e.1830","type":"node","value":{"attributes":{"class":"absolute inset-0 z-0 h-full hidden"},"childNodeCount":1,"localName":"div","namespaceURI":"http://www.w3.org/1999/xhtml","nodeType":1,"shadowRoot":null}},{"sharedId":"f.8AA54734AA77FC8FA71C50576EE7DE7A.d.81896DEF35B35D6ACD8ACA98F9D48BFD.e.1831","type":"node","value":{"attributes":{"class":"absolute inset-0 flex h-full items-center justify-center overflow-hidden text-ellipsis break-words p-[0.5rem] text-center","style":"width: 19rem; background-color: rgb(66, 66, 66); border-radius: 0.4rem;"},"childNodeCount":1,"localName":"div","namespaceURI":"http://www.w3.org/1999/xhtml","nodeType":1,"shadowRoot":null}},{"sharedId":"f.8AA54734AA77FC8FA71C50576EE7DE7A.d.81896DEF35B35D6ACD8ACA98F9D48BFD.e.1832","type":"node","value":{"attributes":{"class":"max-w-full whitespace-normal break-words text-[2.4rem] font-semibold"},"childNodeCount":1,"localName":"p","namespaceURI":"http://www.w3.org/1999/xhtml","nodeType":1,"shadowRoot":null}},{"sharedId":"f.8AA54734AA77FC8FA71C50576EE7DE7A.d.81896DEF35B35D6ACD8ACA98F9D48BFD.e.1833","type":"node","value":{"attributes":{"alt":"Astig Vegan","class":"absolute inset-0 z-10 h-full w-full","src":"https://pql-static.abs-cbn.com/images/astigvegan.thumb-portrait.jpg?im_policy=portraitThumb_tv_fhd","style":"object-fit: cover; border-radius: 0.4rem;"},"childNodeCount":0,"localName":"img","namespaceURI":"http://www.w3.org/1999/xhtml","nodeType":1,"shadowRoot":null}},{"sharedId":"f.8AA54734AA77FC8FA71C50576EE7DE7A.d.81896DEF35B35D6ACD8ACA98F9D48BFD.e.1834","type":"node","value":{"attributes":{"class":"absolute bottom-0 left-[50%] translate-x-[-50%] z-10"},"childNodeCount":1,"localName":"div","namespaceURI":"http://www.w3.org/1999/xhtml","nodeType":1,"shadowRoot":null}},{"sharedId":"f.8AA54734AA77FC8FA71C50576EE7DE7A.d.81896DEF35B35D6ACD8ACA98F9D48BFD.e.1835","type":"node","value":{"attributes":{"alt":"leaving_soon","class":"h-[3.2rem] max-w-min object-contain","src":"https://pql-static.iwanttfc.com/static/uat/common/images/labels/leaving_soon.png"},"childNodeCount":0,"localName":"img","namespaceURI":"http://www.w3.org/1999/xhtml","nodeType":1,"shadowRoot":null}},{"sharedId":"f.8AA54734AA77FC8FA71C50576EE7DE7A.d.81896DEF35B35D6ACD8ACA98F9D48BFD.e.1836","type":"node","value":{"attributes":{"class":"thumbnail relative cursor-pointer outline-none"},"childNodeCount":1,"localName":"div","namespaceURI":"http://www.w3.org/1999/xhtml","nodeType":1,"shadowRoot":null}},{"sharedId":"f.8AA54734AA77FC8FA71C50576EE7DE7A.d.81896DEF35B35D6ACD8ACA98F9D48BFD.e.1837","type":"node","value":{"attributes":{"class":"relative","style":"height: 28.5rem; min-width: 19rem; border-radius: 0.4rem; box-shadow: transparent 0px 0px 0px 0.3rem; transform: scale(1); transition: box-shadow 0.2s, transform 0.2s ease-in;"},"childNodeCount":1,"localName":"div","namespaceURI":"http://www.w3.org/1999/xhtml","nodeType":1,"shadowRoot":null}},{"sharedId":"f.8AA54734AA77FC8FA71C50576EE7DE7A.d.81896DEF35B35D6ACD8ACA98F9D48BFD.e.1838","type":"node","value":{"attributes":{"class":"relative overflow-hidden","style":"width: 19rem; height: 100%; transition: width 0.3s;"},"childNodeCount":2,"localName":"div","namespaceURI":"http://www.w3.org/1999/xhtml","nodeType":1,"shadowRoot":null}},{"sharedId":"f.8AA54734AA77FC8FA71C50576EE7DE7A.d.81896DEF35B35D6ACD8ACA98F9D48BFD.e.1839","type":"node","value":{"attributes":{"class":"absolute inset-0 z-0 h-full hidden"},"childNodeCount":1,"localName":"div","namespaceURI":"http://www.w3.org/1999/xhtml","nodeType":1,"shadowRoot":null}},{"sharedId":"f.8AA54734AA77FC8FA71C50576EE7DE7A.d.81896DEF35B35D6ACD8ACA98F9D48BFD.e.1840","type":"node","value":{"attributes":{"class":"absolute inset-0 flex h-full items-center justify-center overflow-hidden text-ellipsis break-words p-[0.5rem] text-center","style":"width: 19rem; background-color: rgb(66, 66, 66); border-radius: 0.4rem;"},"childNodeCount":1,"localName":"div","namespaceURI":"http://www.w3.org/1999/xhtml","nodeType":1,"shadowRoot":null}},{"sharedId":"f.8AA54734AA77FC8FA71C50576EE7DE7A.d.81896DEF35B35D6ACD8ACA98F9D48BFD.e.1841","type":"node","value":{"attributes":{"class":"max-w-full whitespace-normal break-words text-[2.4rem] font-semibold"},"childNodeCount":1,"localName":"p","namespaceURI":"http://www.w3.org/1999/xhtml","nodeType":1,"shadowRoot":null}},{"sharedId":"f.8AA54734AA77FC8FA71C50576EE7DE7A.d.81896DEF35B35D6ACD8ACA98F9D48BFD.e.1842","type":"node","value":{"attributes":{"alt":"First Bite by Jayzar Recinto","class":"absolute inset-0 z-10 h-full w-full","src":"https://pql-static.abs-cbn.com/images/firstbitebyjayzarrecinto.thumb-portrait.jpg?im_policy=portraitThumb_tv_fhd","style":"object-fit: cover; border-radius: 0.4rem;"},"childNodeCount":0,"localName":"img","namespaceURI":"http://www.w3.org/1999/xhtml","nodeType":1,"shadowRoot":null}},{"sharedId":"f.8AA54734AA77FC8FA71C50576EE7DE7A.d.81896DEF35B35D6ACD8ACA98F9D48BFD.e.1843","type":"node","value":{"attributes":{"class":"thumbnail relative cursor-pointer outline-none"},"childNodeCount":1,"localName":"div","namespaceURI":"http://www.w3.org/1999/xhtml","nodeType":1,"shadowRoot":null}},{"sharedId":"f.8AA54734AA77FC8FA71C50576EE7DE7A.d.81896DEF35B35D6ACD8ACA98F9D48BFD.e.1844","type":"node","value":{"attributes":{"class":"relative","style":"height: 28.5rem; min-width: 19rem; border-radius: 0.4rem; box-shadow: transparent 0px 0px 0px 0.3rem; transform: scale(1); transition: box-shadow 0.2s, transform 0.2s ease-in;"},"childNodeCount":2,"localName":"div","namespaceURI":"http://www.w3.org/1999/xhtml","nodeType":1,"shadowRoot":null}},{"sharedId":"f.8AA54734AA77FC8FA71C50576EE7DE7A.d.81896DEF35B35D6ACD8ACA98F9D48BFD.e.1845","type":"node","value":{"attributes":{"class":"relative overflow-hidden","style":"width: 19rem; height: 100%; transition: width 0.3s;"},"childNodeCount":2,"localName":"div","namespaceURI":"http://www.w3.org/1999/xhtml","nodeType":1,"shadowRoot":null}},{"sharedId":"f.8AA54734AA77FC8FA71C50576EE7DE7A.d.81896DEF35B35D6ACD8ACA98F9D48BFD.e.1846","type":"node","value":{"attributes":{"class":"absolute inset-0 z-0 h-full hidden"},"childNodeCount":1,"localName":"div","namespaceURI":"http://www.w3.org/1999/xhtml","nodeType":1,"shadowRoot":null}},{"sharedId":"f.8AA54734AA77FC8FA71C50576EE7DE7A.d.81896DEF35B35D6ACD8ACA98F9D48BFD.e.1847","type":"node","value":{"attributes":{"class":"absolute inset-0 flex h-full items-center justify-center overflow-hidden text-ellipsis break-words p-[0.5rem] text-center","style":"width: 19rem; background-color: rgb(66, 66, 66); border-radius: 0.4rem;"},"childNodeCount":1,"localName":"div","namespaceURI":"http://www.w3.org/1999/xhtml","nodeType":1,"shadowRoot":null}},{"sharedId":"f.8AA54734AA77FC8FA71C50576EE7DE7A.d.81896DEF35B35D6ACD8ACA98F9D48BFD.e.1848","type":"node","value":{"attributes":{"class":"max-w-full whitespace-normal break-words text-[2.4rem] font-semibold"},"childNodeCount":1,"localName":"p","namespaceURI":"http://www.w3.org/1999/xhtml","nodeType":1,"shadowRoot":null}},{"sharedId":"f.8AA54734AA77FC8FA71C50576EE7DE7A.d.81896DEF35B35D6ACD8ACA98F9D48BFD.e.1849","type":"node","value":{"attributes":{"alt":"Heirloom Crab Dish from Butuan (Bunta'a) Filipino Cooking","class":"absolute inset-0 z-10 h-full w-full","src":"https://pql-static.abs-cbn.com/images/heirloomcrabdish.thumb-portrait.JPG?im_policy=portraitThumb_tv_fhd","style":"object-fit: cover; border-radius: 0.4rem;"},"childNodeCount":0,"localName":"img","namespaceURI":"http://www.w3.org/1999/xhtml","nodeType":1,"shadowRoot":null}},{"sharedId":"f.8AA54734AA77FC8FA71C50576EE7DE7A.d.81896DEF35B35D6ACD8ACA98F9D48BFD.e.1850","type":"node","value":{"attributes":{"class":"absolute left-0 top-0 z-10"},"childNodeCount":1,"localName":"div","namespaceURI":"http://www.w3.org/1999/xhtml","nodeType":1,"shadowRoot":null}},{"sharedId":"f.8AA54734AA77FC8FA71C50576EE7DE7A.d.81896DEF35B35D6ACD8ACA98F9D48BFD.e.1851","type":"node","value":{"attributes":{"alt":"https://pql-static.iwanttfc.com/static/uat/common/images/monetisation/free.png","class":"h-[3.2rem] w-auto object-contain","src":"https://pql-static.iwanttfc.com/static/uat/common/images/monetisation/free.png"},"childNodeCount":0,"localName":"img","namespaceURI":"http://www.w3.org/1999/xhtml","nodeType":1,"shadowRoot":null}},{"sharedId":"f.8AA54734AA77FC8FA71C50576EE7DE7A.d.81896DEF35B35D6ACD8ACA98F9D48BFD.e.1852","type":"node","value":{"attributes":{"class":"thumbnail relative cursor-pointer outline-none"},"childNodeCount":1,"localName":"div","namespaceURI":"http://www.w3.org/1999/xhtml","nodeType":1,"shadowRoot":null}},{"sharedId":"f.8AA54734AA77FC8FA71C50576EE7DE7A.d.81896DEF35B35D6ACD8ACA98F9D48BFD.e.1853","type":"node","value":{"attributes":{"class":"relative","style":"height: 28.5rem; min-width: 19rem; border-radius: 0.4rem; box-shadow: transparent 0px 0px 0px 0.3rem; transform: scale(1); transition: box-shadow 0.2s, transform 0.2s ease-in;"},"childNodeCount":2,"localName":"div","namespaceURI":"http://www.w3.org/1999/xhtml","nodeType":1,"shadowRoot":null}},{"sharedId":"f.8AA54734AA77FC8FA71C50576EE7DE7A.d.81896DEF35B35D6ACD8ACA98F9D48BFD.e.1854","type":"node","value":{"attributes":{"class":"relative overflow-hidden","style":"width: 19rem; height: 100%; transition: width 0.3s;"},"childNodeCount":2,"localName":"div","namespaceURI":"http://www.w3.org/1999/xhtml","nodeType":1,"shadowRoot":null}},{"sharedId":"f.8AA54734AA77FC8FA71C50576EE7DE7A.d.81896DEF35B35D6ACD8ACA98F9D48BFD.e.1855","type":"node","value":{"attributes":{"class":"absolute inset-0 z-0 h-full hidden"},"childNodeCount":1,"localName":"div","namespaceURI":"http://www.w3.org/1999/xhtml","nodeType":1,"shadowRoot":null}},{"sharedId":"f.8AA54734AA77FC8FA71C50576EE7DE7A.d.81896DEF35B35D6ACD8ACA98F9D48BFD.e.1856","type":"node","value":{"attributes":{"class":"absolute inset-0 flex h-full items-center justify-center overflow-hidden text-ellipsis break-words p-[0.5rem] text-center","style":"width: 19rem; background-color: rgb(66, 66, 66); border-radius: 0.4rem;"},"childNodeCount":1,"localName":"div","namespaceURI":"http://www.w3.org/1999/xhtml","nodeType":1,"shadowRoot":null}},{"sharedId":"f.8AA54734AA77FC8FA71C50576EE7DE7A.d.81896DEF35B35D6ACD8ACA98F9D48BFD.e.1857","type":"node","value":{"attributes":{"class":"max-w-full whitespace-normal break-words text-[2.4rem] font-semibold"},"childNodeCount":1,"localName":"p","namespaceURI":"http://www.w3.org/1999/xhtml","nodeType":1,"shadowRoot":null}},{"sharedId":"f.8AA54734AA77FC8FA71C50576EE7DE7A.d.81896DEF35B35D6ACD8ACA98F9D48BFD.e.1858","type":"node","value":{"attributes":{"alt":"Best of the Philippines with Erwan Heussaff","class":"absolute inset-0 z-10 h-full w-full","src":"https://pql-static.abs-cbn.com/images/bestofthephilswitherwan.thumb-portrait.v3.JPG?im_policy=portraitThumb_tv_fhd","style":"object-fit: cover; border-radius: 0.4rem;"},"childNodeCount":0,"localName":"img","namespaceURI":"http://www.w3.org/1999/xhtml","nodeType":1,"shadowRoot":null}},{"sharedId":"f.8AA54734AA77FC8FA71C50576EE7DE7A.d.81896DEF35B35D6ACD8ACA98F9D48BFD.e.1859","type":"node","value":{"attributes":{"class":"absolute left-0 top-0 z-10"},"childNodeCount":1,"localName":"div","namespaceURI":"http://www.w3.org/1999/xhtml","nodeType":1,"shadowRoot":null}},{"sharedId":"f.8AA54734AA77FC8FA71C50576EE7DE7A.d.81896DEF35B35D6ACD8ACA98F9D48BFD.e.1860","type":"node","value":{"attributes":{"alt":"https://pql-static.iwanttfc.com/static/uat/common/images/monetisation/free.png","class":"h-[3.2rem] w-auto object-contain","src":"https://pql-static.iwanttfc.com/static/uat/common/images/monetisation/free.png"},"childNodeCount":0,"localName":"img","namespaceURI":"http://www.w3.org/1999/xhtml","nodeType":1,"shadowRoot":null}},{"sharedId":"f.8AA54734AA77FC8FA71C50576EE7DE7A.d.81896DEF35B35D6ACD8ACA98F9D48BFD.e.1861","type":"node","value":{"attributes":{"class":"rail relative h-full w-full pb-[3.2rem]","style":"width: 100%; margin-top: 0px; margin-bottom: 0px; margin-left: 0px; padding-left: 0px; padding-top: 3.2rem; background-size: cover; background-repeat: no-repeat; background-position: center center;"},"childNodeCount":2,"localName":"div","namespaceURI":"http://www.w3.org/1999/xhtml","nodeType":1,"shadowRoot":null}},{"sharedId":"f.8AA54734AA77FC8FA71C50576EE7DE7A.d.81896DEF35B35D6ACD8ACA98F9D48BFD.e.1862","type":"node","value":{"attributes":{"class":"title mb-[3.2rem]"},"childNodeCount":1,"localName":"div","namespaceURI":"http://www.w3.org/1999/xhtml","nodeType":1,"shadowRoot":null}},{"sharedId":"f.8AA54734AA77FC8FA71C50576EE7DE7A.d.81896DEF35B35D6ACD8ACA98F9D48BFD.e.1863","type":"node","value":{"attributes":{"class":"text-[2.8rem] font-medium leading-[3.5rem]"},"childNodeCount":1,"localName":"p","namespaceURI":"http://www.w3.org/1999/xhtml","nodeType":1,"shadowRoot":null}},{"sharedId":"f.8AA54734AA77FC8FA71C50576EE7DE7A.d.81896DEF35B35D6ACD8ACA98F9D48BFD.e.1864","type":"node","value":{"attributes":{"class":"rail-container pointer-events-none relative","style":"margin-top: 0px; margin-bottom: -3rem;"},"childNodeCount":1,"localName":"div","namespaceURI":"http://www.w3.org/1999/xhtml","nodeType":1,"shadowRoot":null}},{"sharedId":"f.8AA54734AA77FC8FA71C50576EE7DE7A.d.81896DEF35B35D6ACD8ACA98F9D48BFD.e.1865","type":"node","value":{"attributes":{"class":"scrollable-list pointer-events-auto flex gap-[1.6rem] overflow-x-auto scroll-smooth","style":"padding-top: 0px; padding-bottom: 3rem;"},"childNodeCount":19,"localName":"div","namespaceURI":"http://www.w3.org/1999/xhtml","nodeType":1,"shadowRoot":null}},{"sharedId":"f.8AA54734AA77FC8FA71C50576EE7DE7A.d.81896DEF35B35D6ACD8ACA98F9D48BFD.e.1866","type":"node","value":{"attributes":{"class":"thumbnail relative cursor-pointer outline-none"},"childNodeCount":1,"localName":"div","namespaceURI":"http://www.w3.org/1999/xhtml","nodeType":1,"shadowRoot":null}},{"sharedId":"f.8AA54734AA77FC8FA71C50576EE7DE7A.d.81896DEF35B35D6ACD8ACA98F9D48BFD.e.1867","type":"node","value":{"attributes":{"class":"relative","style":"height: 28.5rem; min-width: 19rem; border-radius: 0.4rem; box-shadow: transparent 0px 0px 0px 0.3rem; transform: scale(1); transition: box-shadow 0.2s, transform 0.2s ease-in;"},"childNodeCount":2,"localName":"div","namespaceURI":"http://www.w3.org/1999/xhtml","nodeType":1,"shadowRoot":null}},{"sharedId":"f.8AA54734AA77FC8FA71C50576EE7DE7A.d.81896DEF35B35D6ACD8ACA98F9D48BFD.e.1868","type":"node","value":{"attributes":{"class":"relative overflow-hidden","style":"width: 19rem; height: 100%; transition: width 0.3s;"},"childNodeCount":2,"localName":"div","namespaceURI":"http://www.w3.org/1999/xhtml","nodeType":1,"shadowRoot":null}},{"sharedId":"f.8AA54734AA77FC8FA71C50576EE7DE7A.d.81896DEF35B35D6ACD8ACA98F9D48BFD.e.1869","type":"node","value":{"attributes":{"class":"absolute inset-0 z-0 h-full hidden"},"childNodeCount":1,"localName":"div","namespaceURI":"http://www.w3.org/1999/xhtml","nodeType":1,"shadowRoot":null}},{"sharedId":"f.8AA54734AA77FC8FA71C50576EE7DE7A.d.81896DEF35B35D6ACD8ACA98F9D48BFD.e.1870","type":"node","value":{"attributes":{"class":"absolute inset-0 flex h-full items-center justify-center overflow-hidden text-ellipsis break-words p-[0.5rem] text-center","style":"width: 19rem; background-color: rgb(66, 66, 66); border-radius: 0.4rem;"},"childNodeCount":1,"localName":"div","namespaceURI":"http://www.w3.org/1999/xhtml","nodeType":1,"shadowRoot":null}},{"sharedId":"f.8AA54734AA77FC8FA71C50576EE7DE7A.d.81896DEF35B35D6ACD8ACA98F9D48BFD.e.1871","type":"node","value":{"attributes":{"class":"max-w-full whitespace-normal break-words text-[2.4rem] font-semibold"},"childNodeCount":1,"localName":"p","namespaceURI":"http://www.w3.org/1999/xhtml","nodeType":1,"shadowRoot":null}},{"sharedId":"f.8AA54734AA77FC8FA71C50576EE7DE7A.d.81896DEF35B35D6ACD8ACA98F9D48BFD.e.1872","type":"node","value":{"attributes":{"alt":"How the Aeta People Forage in the Philippines (Pampanga)","class":"absolute inset-0 z-10 h-full w-full","src":"https://pql-static.abs-cbn.com/images/howtheaetapeopleforageinphils.thumb-portrait.JPG?im_policy=portraitThumb_tv_fhd","style":"object-fit: cover; border-radius: 0.4rem;"},"childNodeCount":0,"localName":"img","namespaceURI":"http://www.w3.org/1999/xhtml","nodeType":1,"shadowRoot":null}},{"sharedId":"f.8AA54734AA77FC8FA71C50576EE7DE7A.d.81896DEF35B35D6ACD8ACA98F9D48BFD.e.1873","type":"node","value":{"attributes":{"class":"absolute left-0 top-0 z-10"},"childNodeCount":1,"localName":"div","namespaceURI":"http://www.w3.org/1999/xhtml","nodeType":1,"shadowRoot":null}},{"sharedId":"f.8AA54734AA77FC8FA71C50576EE7DE7A.d.81896DEF35B35D6ACD8ACA98F9D48BFD.e.1874","type":"node","value":{"attributes":{"alt":"https://pql-static.iwanttfc.com/static/uat/common/images/monetisation/free.png","class":"h-[3.2rem] w-auto object-contain","src":"https://pql-static.iwanttfc.com/static/uat/common/images/monetisation/free.png"},"childNodeCount":0,"localName":"img","namespaceURI":"http://www.w3.org/1999/xhtml","nodeType":1,"shadowRoot":null}},{"sharedId":"f.8AA54734AA77FC8FA71C50576EE7DE7A.d.81896DEF35B35D6ACD8ACA98F9D48BFD.e.1875","type":"node","value":{"attributes":{"class":"thumbnail relative cursor-pointer outline-none"},"childNodeCount":1,"localName":"div","namespaceURI":"http://www.w3.org/1999/xhtml","nodeType":1,"shadowRoot":null}},{"sharedId":"f.8AA54734AA77FC8FA71C50576EE7DE7A.d.81896DEF35B35D6ACD8ACA98F9D48BFD.e.1876","type":"node","value":{"attributes":{"class":"relative","style":"height: 28.5rem; min-width: 19rem; border-radius: 0.4rem; box-shadow: transparent 0px 0px 0px 0.3rem; transform: scale(1); transition: box-shadow 0.2s, transform 0.2s ease-in;"},"childNodeCount":2,"localName":"div","namespaceURI":"http://www.w3.org/1999/xhtml","nodeType":1,"shadowRoot":null}},{"sharedId":"f.8AA54734AA77FC8FA71C50576EE7DE7A.d.81896DEF35B35D6ACD8ACA98F9D48BFD.e.1877","type":"node","value":{"attributes":{"class":"relative overflow-hidden","style":"width: 19rem; height: 100%; transition: width 0.3s;"},"childNodeCount":2,"localName":"div","namespaceURI":"http://www.w3.org/1999/xhtml","nodeType":1,"shadowRoot":null}},{"sharedId":"f.8AA54734AA77FC8FA71C50576EE7DE7A.d.81896DEF35B35D6ACD8ACA98F9D48BFD.e.1878","type":"node","value":{"attributes":{"class":"absolute inset-0 z-0 h-full hidden"},"childNodeCount":1,"localName":"div","namespaceURI":"http://www.w3.org/1999/xhtml","nodeType":1,"shadowRoot":null}},{"sharedId":"f.8AA54734AA77FC8FA71C50576EE7DE7A.d.81896DEF35B35D6ACD8ACA98F9D48BFD.e.1879","type":"node","value":{"attributes":{"class":"absolute inset-0 flex h-full items-center justify-center overflow-hidden text-ellipsis break-words p-[0.5rem] text-center","style":"width: 19rem; background-color: rgb(66, 66, 66); border-radius: 0.4rem;"},"childNodeCount":1,"localName":"div","namespaceURI":"http://www.w3.org/1999/xhtml","nodeType":1,"shadowRoot":null}},{"sharedId":"f.8AA54734AA77FC8FA71C50576EE7DE7A.d.81896DEF35B35D6ACD8ACA98F9D48BFD.e.1880","type":"node","value":{"attributes":{"class":"max-w-full whitespace-normal break-words text-[2.4rem] font-semibold"},"childNodeCount":1,"localName":"p","namespaceURI":"http://www.w3.org/1999/xhtml","nodeType":1,"shadowRoot":null}},{"sharedId":"f.8AA54734AA77FC8FA71C50576EE7DE7A.d.81896DEF35B35D6ACD8ACA98F9D48BFD.e.1881","type":"node","value":{"attributes":{"alt":"Rarely Seen Mountain Wedding Rituals (Ibayyo Wedding in Bontoc, Philippines)","class":"absolute inset-0 z-10 h-full w-full","src":"https://pql-static.abs-cbn.com/images/rarelyseenmountainwedrituals.thumb-portrait.JPG?im_policy=portraitThumb_tv_fhd","style":"object-fit: cover; border-radius: 0.4rem;"},"childNodeCount":0,"localName":"img","namespaceURI":"http://www.w3.org/1999/xhtml","nodeType":1,"shadowRoot":null}},{"sharedId":"f.8AA54734AA77FC8FA71C50576EE7DE7A.d.81896DEF35B35D6ACD8ACA98F9D48BFD.e.1882","type":"node","value":{"attributes":{"class":"absolute left-0 top-0 z-10"},"childNodeCount":1,"localName":"div","namespaceURI":"http://www.w3.org/1999/xhtml","nodeType":1,"shadowRoot":null}},{"sharedId":"f.8AA54734AA77FC8FA71C50576EE7DE7A.d.81896DEF35B35D6ACD8ACA98F9D48BFD.e.1883","type":"node","value":{"attributes":{"alt":"https://pql-static.iwanttfc.com/static/uat/common/images/monetisation/free.png","class":"h-[3.2rem] w-auto object-contain","src":"https://pql-static.iwanttfc.com/static/uat/common/images/monetisation/free.png"},"childNodeCount":0,"localName":"img","namespaceURI":"http://www.w3.org/1999/xhtml","nodeType":1,"shadowRoot":null}},{"sharedId":"f.8AA54734AA77FC8FA71C50576EE7DE7A.d.81896DEF35B35D6ACD8ACA98F9D48BFD.e.1884","type":"node","value":{"attributes":{"class":"thumbnail relative cursor-pointer outline-none"},"childNodeCount":1,"localName":"div","namespaceURI":"http://www.w3.org/1999/xhtml","nodeType":1,"shadowRoot":null}},{"sharedId":"f.8AA54734AA77FC8FA71C50576EE7DE7A.d.81896DEF35B35D6ACD8ACA98F9D48BFD.e.1885","type":"node","value":{"attributes":{"class":"relative","style":"height: 28.5rem; min-width: 19rem; border-radius: 0.4rem; box-shadow: transparent 0px 0px 0px 0.3rem; transform: scale(1); transition: box-shadow 0.2s, transform 0.2s ease-in;"},"childNodeCount":2,"localName":"div","namespaceURI":"http://www.w3.org/1999/xhtml","nodeType":1,"shadowRoot":null}},{"sharedId":"f.8AA54734AA77FC8FA71C50576EE7DE7A.d.81896DEF35B35D6ACD8ACA98F9D48BFD.e.1886","type":"node","value":{"attributes":{"class":"relative overflow-hidden","style":"width: 19rem; height: 100%; transition: width 0.3s;"},"childNodeCount":2,"localName":"div","namespaceURI":"http://www.w3.org/1999/xhtml","nodeType":1,"shadowRoot":null}},{"sharedId":"f.8AA54734AA77FC8FA71C50576EE7DE7A.d.81896DEF35B35D6ACD8ACA98F9D48BFD.e.1887","type":"node","value":{"attributes":{"class":"absolute inset-0 z-0 h-full hidden"},"childNodeCount":1,"localName":"div","namespaceURI":"http://www.w3.org/1999/xhtml","nodeType":1,"shadowRoot":null}},{"sharedId":"f.8AA54734AA77FC8FA71C50576EE7DE7A.d.81896DEF35B35D6ACD8ACA98F9D48BFD.e.1888","type":"node","value":{"attributes":{"class":"absolute inset-0 flex h-full items-center justify-center overflow-hidden text-ellipsis break-words p-[0.5rem] text-center","style":"width: 19rem; background-color: rgb(66, 66, 66); border-radius: 0.4rem;"},"childNodeCount":1,"localName":"div","namespaceURI":"http://www.w3.org/1999/xhtml","nodeType":1,"shadowRoot":null}},{"sharedId":"f.8AA54734AA77FC8FA71C50576EE7DE7A.d.81896DEF35B35D6ACD8ACA98F9D48BFD.e.1889","type":"node","value":{"attributes":{"class":"max-w-full whitespace-normal break-words text-[2.4rem] font-semibold"},"childNodeCount":1,"localName":"p","namespaceURI":"http://www.w3.org/1999/xhtml","nodeType":1,"shadowRoot":null}},{"sharedId":"f.8AA54734AA77FC8FA71C50576EE7DE7A.d.81896DEF35B35D6ACD8ACA98F9D48BFD.e.1890","type":"node","value":{"attributes":{"alt":"The Cleanest City in the Philippines","class":"absolute inset-0 z-10 h-full w-full","src":"https://pql-static.abs-cbn.com/images/thecleanestcityinthephils.thumb-portrait.JPG?im_policy=portraitThumb_tv_fhd","style":"object-fit: cover; border-radius: 0.4rem;"},"childNodeCount":0,"localName":"img","namespaceURI":"http://www.w3.org/1999/xhtml","nodeType":1,"shadowRoot":null}},{"sharedId":"f.8AA54734AA77FC8FA71C50576EE7DE7A.d.81896DEF35B35D6ACD8ACA98F9D48BFD.e.1891","type":"node","value":{"attributes":{"class":"absolute left-0 top-0 z-10"},"childNodeCount":1,"localName":"div","namespaceURI":"http://www.w3.org/1999/xhtml","nodeType":1,"shadowRoot":null}},{"sharedId":"f.8AA54734AA77FC8FA71C50576EE7DE7A.d.81896DEF35B35D6ACD8ACA98F9D48BFD.e.1892","type":"node","value":{"attributes":{"alt":"https://pql-static.iwanttfc.com/static/uat/common/images/monetisation/free.png","class":"h-[3.2rem] w-auto object-contain","src":"https://pql-static.iwanttfc.com/static/uat/common/images/monetisation/free.png"},"childNodeCount":0,"localName":"img","namespaceURI":"http://www.w3.org/1999/xhtml","nodeType":1,"shadowRoot":null}},{"sharedId":"f.8AA54734AA77FC8FA71C50576EE7DE7A.d.81896DEF35B35D6ACD8ACA98F9D48BFD.e.1893","type":"node","value":{"attributes":{"class":"thumbnail relative cursor-pointer outline-none"},"childNodeCount":1,"localName":"div","namespaceURI":"http://www.w3.org/1999/xhtml","nodeType":1,"shadowRoot":null}},{"sharedId":"f.8AA54734AA77FC8FA71C50576EE7DE7A.d.81896DEF35B35D6ACD8ACA98F9D48BFD.e.1894","type":"node","value":{"attributes":{"class":"relative","style":"height: 28.5rem; min-width: 19rem; border-radius: 0.4rem; box-shadow: transparent 0px 0px 0px 0.3rem; transform: scale(1); transition: box-shadow 0.2s, transform 0.2s ease-in;"},"childNodeCount":2,"localName":"div","namespaceURI":"http://www.w3.org/1999/xhtml","nodeType":1,"shadowRoot":null}},{"sharedId":"f.8AA54734AA77FC8FA71C50576EE7DE7A.d.81896DEF35B35D6ACD8ACA98F9D48BFD.e.1895","type":"node","value":{"attributes":{"class":"relative overflow-hidden","style":"width: 19rem; height: 100%; transition: width 0.3s;"},"childNodeCount":2,"localName":"div","namespaceURI":"http://www.w3.org/1999/xhtml","nodeType":1,"shadowRoot":null}},{"sharedId":"f.8AA54734AA77FC8FA71C50576EE7DE7A.d.81896DEF35B35D6ACD8ACA98F9D48BFD.e.1896","type":"node","value":{"attributes":{"class":"absolute inset-0 z-0 h-full hidden"},"childNodeCount":1,"localName":"div","namespaceURI":"http://www.w3.org/1999/xhtml","nodeType":1,"shadowRoot":null}},{"sharedId":"f.8AA54734AA77FC8FA71C50576EE7DE7A.d.81896DEF35B35D6ACD8ACA98F9D48BFD.e.1897","type":"node","value":{"attributes":{"class":"absolute inset-0 flex h-full items-center justify-center overflow-hidden text-ellipsis break-words p-[0.5rem] text-center","style":"width: 19rem; background-color: rgb(66, 66, 66); border-radius: 0.4rem;"},"childNodeCount":1,"localName":"div","namespaceURI":"http://www.w3.org/1999/xhtml","nodeType":1,"shadowRoot":null}},{"sharedId":"f.8AA54734AA77FC8FA71C50576EE7DE7A.d.81896DEF35B35D6ACD8ACA98F9D48BFD.e.1898","type":"node","value":{"attributes":{"class":"max-w-full whitespace-normal break-words text-[2.4rem] font-semibold"},"childNodeCount":1,"localName":"p","namespaceURI":"http://www.w3.org/1999/xhtml","nodeType":1,"shadowRoot":null}},{"sharedId":"f.8AA54734AA77FC8FA71C50576EE7DE7A.d.81896DEF35B35D6ACD8ACA98F9D48BFD.e.1899","type":"node","value":{"attributes":{"alt":"How Kaong is Harvested and Made from Scratch (Sugar Palm Candy)","class":"absolute inset-0 z-10 h-full w-full","src":"https://pql-static.abs-cbn.com/images/howkaongisharvestedandmade.thumb-portrait.JPG?im_policy=portraitThumb_tv_fhd","style":"object-fit: cover; border-radius: 0.4rem;"},"childNodeCount":0,"localName":"img","namespaceURI":"http://www.w3.org/1999/xhtml","nodeType":1,"shadowRoot":null}},{"sharedId":"f.8AA54734AA77FC8FA71C50576EE7DE7A.d.81896DEF35B35D6ACD8ACA98F9D48BFD.e.1900","type":"node","value":{"attributes":{"class":"absolute left-0 top-0 z-10"},"childNodeCount":1,"localName":"div","namespaceURI":"http://www.w3.org/1999/xhtml","nodeType":1,"shadowRoot":null}},{"sharedId":"f.8AA54734AA77FC8FA71C50576EE7DE7A.d.81896DEF35B35D6ACD8ACA98F9D48BFD.e.1901","type":"node","value":{"attributes":{"alt":"https://pql-static.iwanttfc.com/static/uat/common/images/monetisation/free.png","class":"h-[3.2rem] w-auto object-contain","src":"https://pql-static.iwanttfc.com/static/uat/common/images/monetisation/free.png"},"childNodeCount":0,"localName":"img","namespaceURI":"http://www.w3.org/1999/xhtml","nodeType":1,"shadowRoot":null}},{"sharedId":"f.8AA54734AA77FC8FA71C50576EE7DE7A.d.81896DEF35B35D6ACD8ACA98F9D48BFD.e.1902","type":"node","value":{"attributes":{"class":"thumbnail relative cursor-pointer outline-none"},"childNodeCount":1,"localName":"div","namespaceURI":"http://www.w3.org/1999/xhtml","nodeType":1,"shadowRoot":null}},{"sharedId":"f.8AA54734AA77FC8FA71C50576EE7DE7A.d.81896DEF35B35D6ACD8ACA98F9D48BFD.e.1903","type":"node","value":{"attributes":{"class":"relative","style":"height: 28.5rem; min-width: 19rem; border-radius: 0.4rem; box-shadow: transparent 0px 0px 0px 0.3rem; transform: scale(1); transition: box-shadow 0.2s, transform 0.2s ease-in;"},"childNodeCount":2,"localName":"div","namespaceURI":"http://www.w3.org/1999/xhtml","nodeType":1,"shadowRoot":null}},{"sharedId":"f.8AA54734AA77FC8FA71C50576EE7DE7A.d.81896DEF35B35D6ACD8ACA98F9D48BFD.e.1904","type":"node","value":{"attributes":{"class":"relative overflow-hidden","style":"width: 19rem; height: 100%; transition: width 0.3s;"},"childNodeCount":2,"localName":"div","namespaceURI":"http://www.w3.org/1999/xhtml","nodeType":1,"shadowRoot":null}},{"sharedId":"f.8AA54734AA77FC8FA71C50576EE7DE7A.d.81896DEF35B35D6ACD8ACA98F9D48BFD.e.1905","type":"node","value":{"attributes":{"class":"absolute inset-0 z-0 h-full hidden"},"childNodeCount":1,"localName":"div","namespaceURI":"http://www.w3.org/1999/xhtml","nodeType":1,"shadowRoot":null}},{"sharedId":"f.8AA54734AA77FC8FA71C50576EE7DE7A.d.81896DEF35B35D6ACD8ACA98F9D48BFD.e.1906","type":"node","value":{"attributes":{"class":"absolute inset-0 flex h-full items-center justify-center overflow-hidden text-ellipsis break-words p-[0.5rem] text-center","style":"width: 19rem; background-color: rgb(66, 66, 66); border-radius: 0.4rem;"},"childNodeCount":1,"localName":"div","namespaceURI":"http://www.w3.org/1999/xhtml","nodeType":1,"shadowRoot":null}},{"sharedId":"f.8AA54734AA77FC8FA71C50576EE7DE7A.d.81896DEF35B35D6ACD8ACA98F9D48BFD.e.1907","type":"node","value":{"attributes":{"class":"max-w-full whitespace-normal break-words text-[2.4rem] font-semibold"},"childNodeCount":1,"localName":"p","namespaceURI":"http://www.w3.org/1999/xhtml","nodeType":1,"shadowRoot":null}},{"sharedId":"f.8AA54734AA77FC8FA71C50576EE7DE7A.d.81896DEF35B35D6ACD8ACA98F9D48BFD.e.1908","type":"node","value":{"attributes":{"alt":"Rare Tapioca from the Philippines (Landang aka Native Sago)","class":"absolute inset-0 z-10 h-full w-full","src":"https://pql-static.abs-cbn.com/images/raretapiocafromthephils.thumb-portrait.JPG?im_policy=portraitThumb_tv_fhd","style":"object-fit: cover; border-radius: 0.4rem;"},"childNodeCount":0,"localName":"img","namespaceURI":"http://www.w3.org/1999/xhtml","nodeType":1,"shadowRoot":null}},{"sharedId":"f.8AA54734AA77FC8FA71C50576EE7DE7A.d.81896DEF35B35D6ACD8ACA98F9D48BFD.e.1909","type":"node","value":{"attributes":{"class":"absolute left-0 top-0 z-10"},"childNodeCount":1,"localName":"div","namespaceURI":"http://www.w3.org/1999/xhtml","nodeType":1,"shadowRoot":null}},{"sharedId":"f.8AA54734AA77FC8FA71C50576EE7DE7A.d.81896DEF35B35D6ACD8ACA98F9D48BFD.e.1910","type":"node","value":{"attributes":{"alt":"https://pql-static.iwanttfc.com/static/uat/common/images/monetisation/free.png","class":"h-[3.2rem] w-auto object-contain","src":"https://pql-static.iwanttfc.com/static/uat/common/images/monetisation/free.png"},"childNodeCount":0,"localName":"img","namespaceURI":"http://www.w3.org/1999/xhtml","nodeType":1,"shadowRoot":null}},{"sharedId":"f.8AA54734AA77FC8FA71C50576EE7DE7A.d.81896DEF35B35D6ACD8ACA98F9D48BFD.e.1911","type":"node","value":{"attributes":{"class":"thumbnail relative cursor-pointer outline-none"},"childNodeCount":1,"localName":"div","namespaceURI":"http://www.w3.org/1999/xhtml","nodeType":1,"shadowRoot":null}},{"sharedId":"f.8AA54734AA77FC8FA71C50576EE7DE7A.d.81896DEF35B35D6ACD8ACA98F9D48BFD.e.1912","type":"node","value":{"attributes":{"class":"relative","style":"height: 28.5rem; min-width: 19rem; border-radius: 0.4rem; box-shadow: transparent 0px 0px 0px 0.3rem; transform: scale(1); transition: box-shadow 0.2s, transform 0.2s ease-in;"},"childNodeCount":2,"localName":"div","namespaceURI":"http://www.w3.org/1999/xhtml","nodeType":1,"shadowRoot":null}},{"sharedId":"f.8AA54734AA77FC8FA71C50576EE7DE7A.d.81896DEF35B35D6ACD8ACA98F9D48BFD.e.1913","type":"node","value":{"attributes":{"class":"relative overflow-hidden","style":"width: 19rem; height: 100%; transition: width 0.3s;"},"childNodeCount":2,"localName":"div","namespaceURI":"http://www.w3.org/1999/xhtml","nodeType":1,"shadowRoot":null}},{"sharedId":"f.8AA54734AA77FC8FA71C50576EE7DE7A.d.81896DEF35B35D6ACD8ACA98F9D48BFD.e.1914","type":"node","value":{"attributes":{"class":"absolute inset-0 z-0 h-full hidden"},"childNodeCount":1,"localName":"div","namespaceURI":"http://www.w3.org/1999/xhtml","nodeType":1,"shadowRoot":null}},{"sharedId":"f.8AA54734AA77FC8FA71C50576EE7DE7A.d.81896DEF35B35D6ACD8ACA98F9D48BFD.e.1915","type":"node","value":{"attributes":{"class":"absolute inset-0 flex h-full items-center justify-center overflow-hidden text-ellipsis break-words p-[0.5rem] text-center","style":"width: 19rem; background-color: rgb(66, 66, 66); border-radius: 0.4rem;"},"childNodeCount":1,"localName":"div","namespaceURI":"http://www.w3.org/1999/xhtml","nodeType":1,"shadowRoot":null}},{"sharedId":"f.8AA54734AA77FC8FA71C50576EE7DE7A.d.81896DEF35B35D6ACD8ACA98F9D48BFD.e.1916","type":"node","value":{"attributes":{"class":"max-w-full whitespace-normal break-words text-[2.4rem] font-semibold"},"childNodeCount":1,"localName":"p","namespaceURI":"http://www.w3.org/1999/xhtml","nodeType":1,"shadowRoot":null}},{"sharedId":"f.8AA54734AA77FC8FA71C50576EE7DE7A.d.81896DEF35B35D6ACD8ACA98F9D48BFD.e.1917","type":"node","value":{"attributes":{"alt":"Former Rockstar Sells Pancit Hab-Hab in Poblacion Makati in a Secret Shop","class":"absolute inset-0 z-10 h-full w-full","src":"https://pql-static.abs-cbn.com/images/formerrockstarsellspancithabhab.thumb-portrait.JPG?im_policy=portraitThumb_tv_fhd","style":"object-fit: cover; border-radius: 0.4rem;"},"childNodeCount":0,"localName":"img","namespaceURI":"http://www.w3.org/1999/xhtml","nodeType":1,"shadowRoot":null}},{"sharedId":"f.8AA54734AA77FC8FA71C50576EE7DE7A.d.81896DEF35B35D6ACD8ACA98F9D48BFD.e.1918","type":"node","value":{"attributes":{"class":"absolute left-0 top-0 z-10"},"childNodeCount":1,"localName":"div","namespaceURI":"http://www.w3.org/1999/xhtml","nodeType":1,"shadowRoot":null}},{"sharedId":"f.8AA54734AA77FC8FA71C50576EE7DE7A.d.81896DEF35B35D6ACD8ACA98F9D48BFD.e.1919","type":"node","value":{"attributes":{"alt":"https://pql-static.iwanttfc.com/static/uat/common/images/monetisation/free.png","class":"h-[3.2rem] w-auto object-contain","src":"https://pql-static.iwanttfc.com/static/uat/common/images/monetisation/free.png"},"childNodeCount":0,"localName":"img","namespaceURI":"http://www.w3.org/1999/xhtml","nodeType":1,"shadowRoot":null}},{"sharedId":"f.8AA54734AA77FC8FA71C50576EE7DE7A.d.81896DEF35B35D6ACD8ACA98F9D48BFD.e.1920","type":"node","value":{"attributes":{"class":"thumbnail relative cursor-pointer outline-none"},"childNodeCount":1,"localName":"div","namespaceURI":"http://www.w3.org/1999/xhtml","nodeType":1,"shadowRoot":null}},{"sharedId":"f.8AA54734AA77FC8FA71C50576EE7DE7A.d.81896DEF35B35D6ACD8ACA98F9D48BFD.e.1921","type":"node","value":{"attributes":{"class":"relative","style":"height: 28.5rem; min-width: 19rem; border-radius: 0.4rem; box-shadow: transparent 0px 0px 0px 0.3rem; transform: scale(1); transition: box-shadow 0.2s, transform 0.2s ease-in;"},"childNodeCount":2,"localName":"div","namespaceURI":"http://www.w3.org/1999/xhtml","nodeType":1,"shadowRoot":null}},{"sharedId":"f.8AA54734AA77FC8FA71C50576EE7DE7A.d.81896DEF35B35D6ACD8ACA98F9D48BFD.e.1922","type":"node","value":{"attributes":{"class":"relative overflow-hidden","style":"width: 19rem; height: 100%; transition: width 0.3s;"},"childNodeCount":2,"localName":"div","namespaceURI":"http://www.w3.org/1999/xhtml","nodeType":1,"shadowRoot":null}},{"sharedId":"f.8AA54734AA77FC8FA71C50576EE7DE7A.d.81896DEF35B35D6ACD8ACA98F9D48BFD.e.1923","type":"node","value":{"attributes":{"class":"absolute inset-0 z-0 h-full hidden"},"childNodeCount":1,"localName":"div","namespaceURI":"http://www.w3.org/1999/xhtml","nodeType":1,"shadowRoot":null}},{"sharedId":"f.8AA54734AA77FC8FA71C50576EE7DE7A.d.81896DEF35B35D6ACD8ACA98F9D48BFD.e.1924","type":"node","value":{"attributes":{"class":"absolute inset-0 flex h-full items-center justify-center overflow-hidden text-ellipsis break-words p-[0.5rem] text-center","style":"width: 19rem; background-color: rgb(66, 66, 66); border-radius: 0.4rem;"},"childNodeCount":1,"localName":"div","namespaceURI":"http://www.w3.org/1999/xhtml","nodeType":1,"shadowRoot":null}},{"sharedId":"f.8AA54734AA77FC8FA71C50576EE7DE7A.d.81896DEF35B35D6ACD8ACA98F9D48BFD.e.1925","type":"node","value":{"attributes":{"class":"max-w-full whitespace-normal break-words text-[2.4rem] font-semibold"},"childNodeCount":1,"localName":"p","namespaceURI":"http://www.w3.org/1999/xhtml","nodeType":1,"shadowRoot":null}},{"sharedId":"f.8AA54734AA77FC8FA71C50576EE7DE7A.d.81896DEF35B35D6ACD8ACA98F9D48BFD.e.1926","type":"node","value":{"attributes":{"alt":"The Most Famous Kinilaw in Siargao Philippines (CEV)","class":"absolute inset-0 z-10 h-full w-full","src":"https://pql-static.abs-cbn.com/images/mostfamouskinilawinsiargao.thumb-portrait.JPG?im_policy=portraitThumb_tv_fhd","style":"object-fit: cover; border-radius: 0.4rem;"},"childNodeCount":0,"localName":"img","namespaceURI":"http://www.w3.org/1999/xhtml","nodeType":1,"shadowRoot":null}},{"sharedId":"f.8AA54734AA77FC8FA71C50576EE7DE7A.d.81896DEF35B35D6ACD8ACA98F9D48BFD.e.1927","type":"node","value":{"attributes":{"class":"absolute left-0 top-0 z-10"},"childNodeCount":1,"localName":"div","namespaceURI":"http://www.w3.org/1999/xhtml","nodeType":1,"shadowRoot":null}},{"sharedId":"f.8AA54734AA77FC8FA71C50576EE7DE7A.d.81896DEF35B35D6ACD8ACA98F9D48BFD.e.1928","type":"node","value":{"attributes":{"alt":"https://pql-static.iwanttfc.com/static/uat/common/images/monetisation/free.png","class":"h-[3.2rem] w-auto object-contain","src":"https://pql-static.iwanttfc.com/static/uat/common/images/monetisation/free.png"},"childNodeCount":0,"localName":"img","namespaceURI":"http://www.w3.org/1999/xhtml","nodeType":1,"shadowRoot":null}},{"sharedId":"f.8AA54734AA77FC8FA71C50576EE7DE7A.d.81896DEF35B35D6ACD8ACA98F9D48BFD.e.1929","type":"node","value":{"attributes":{"class":"thumbnail relative cursor-pointer outline-none"},"childNodeCount":1,"localName":"div","namespaceURI":"http://www.w3.org/1999/xhtml","nodeType":1,"shadowRoot":null}},{"sharedId":"f.8AA54734AA77FC8FA71C50576EE7DE7A.d.81896DEF35B35D6ACD8ACA98F9D48BFD.e.1930","type":"node","value":{"attributes":{"class":"relative","style":"height: 28.5rem; min-width: 19rem; border-radius: 0.4rem; box-shadow: transparent 0px 0px 0px 0.3rem; transform: scale(1); transition: box-shadow 0.2s, transform 0.2s ease-in;"},"childNodeCount":2,"localName":"div","namespaceURI":"http://www.w3.org/1999/xhtml","nodeType":1,"shadowRoot":null}},{"sharedId":"f.8AA54734AA77FC8FA71C50576EE7DE7A.d.81896DEF35B35D6ACD8ACA98F9D48BFD.e.1931","type":"node","value":{"attributes":{"class":"relative overflow-hidden","style":"width: 19rem; height: 100%; transition: width 0.3s;"},"childNodeCount":2,"localName":"div","namespaceURI":"http://www.w3.org/1999/xhtml","nodeType":1,"shadowRoot":null}},{"sharedId":"f.8AA54734AA77FC8FA71C50576EE7DE7A.d.81896DEF35B35D6ACD8ACA98F9D48BFD.e.1932","type":"node","value":{"attributes":{"class":"absolute inset-0 z-0 h-full hidden"},"childNodeCount":1,"localName":"div","namespaceURI":"http://www.w3.org/1999/xhtml","nodeType":1,"shadowRoot":null}},{"sharedId":"f.8AA54734AA77FC8FA71C50576EE7DE7A.d.81896DEF35B35D6ACD8ACA98F9D48BFD.e.1933","type":"node","value":{"attributes":{"class":"absolute inset-0 flex h-full items-center justify-center overflow-hidden text-ellipsis break-words p-[0.5rem] text-center","style":"width: 19rem; background-color: rgb(66, 66, 66); border-radius: 0.4rem;"},"childNodeCount":1,"localName":"div","namespaceURI":"http://www.w3.org/1999/xhtml","nodeType":1,"shadowRoot":null}},{"sharedId":"f.8AA54734AA77FC8FA71C50576EE7DE7A.d.81896DEF35B35D6ACD8ACA98F9D48BFD.e.1934","type":"node","value":{"attributes":{"class":"max-w-full whitespace-normal break-words text-[2.4rem] font-semibold"},"childNodeCount":1,"localName":"p","namespaceURI":"http://www.w3.org/1999/xhtml","nodeType":1,"shadowRoot":null}},{"sharedId":"f.8AA54734AA77FC8FA71C50576EE7DE7A.d.81896DEF35B35D6ACD8ACA98F9D48BFD.e.1935","type":"node","value":{"attributes":{"alt":"Chinese Filipino Food with China Mommy","class":"absolute inset-0 z-10 h-full w-full","src":"https://pql-static.abs-cbn.com/images/chinesefilfoodwithchinamommy.thumb-portrait.JPG?im_policy=portraitThumb_tv_fhd","style":"object-fit: cover; border-radius: 0.4rem;"},"childNodeCount":0,"localName":"img","namespaceURI":"http://www.w3.org/1999/xhtml","nodeType":1,"shadowRoot":null}},{"sharedId":"f.8AA54734AA77FC8FA71C50576EE7DE7A.d.81896DEF35B35D6ACD8ACA98F9D48BFD.e.1936","type":"node","value":{"attributes":{"class":"absolute left-0 top-0 z-10"},"childNodeCount":1,"localName":"div","namespaceURI":"http://www.w3.org/1999/xhtml","nodeType":1,"shadowRoot":null}},{"sharedId":"f.8AA54734AA77FC8FA71C50576EE7DE7A.d.81896DEF35B35D6ACD8ACA98F9D48BFD.e.1937","type":"node","value":{"attributes":{"alt":"https://pql-static.iwanttfc.com/static/uat/common/images/monetisation/free.png","class":"h-[3.2rem] w-auto object-contain","src":"https://pql-static.iwanttfc.com/static/uat/common/images/monetisation/free.png"},"childNodeCount":0,"localName":"img","namespaceURI":"http://www.w3.org/1999/xhtml","nodeType":1,"shadowRoot":null}},{"sharedId":"f.8AA54734AA77FC8FA71C50576EE7DE7A.d.81896DEF35B35D6ACD8ACA98F9D48BFD.e.1938","type":"node","value":{"attributes":{"class":"thumbnail relative cursor-pointer outline-none"},"childNodeCount":1,"localName":"div","namespaceURI":"http://www.w3.org/1999/xhtml","nodeType":1,"shadowRoot":null}},{"sharedId":"f.8AA54734AA77FC8FA71C50576EE7DE7A.d.81896DEF35B35D6ACD8ACA98F9D48BFD.e.1939","type":"node","value":{"attributes":{"class":"relative","style":"height: 28.5rem; min-width: 19rem; border-radius: 0.4rem; box-shadow: transparent 0px 0px 0px 0.3rem; transform: scale(1); transition: box-shadow 0.2s, transform 0.2s ease-in;"},"childNodeCount":2,"localName":"div","namespaceURI":"http://www.w3.org/1999/xhtml","nodeType":1,"shadowRoot":null}},{"sharedId":"f.8AA54734AA77FC8FA71C50576EE7DE7A.d.81896DEF35B35D6ACD8ACA98F9D48BFD.e.1940","type":"node","value":{"attributes":{"class":"relative overflow-hidden","style":"width: 19rem; height: 100%; transition: width 0.3s;"},"childNodeCount":2,"localName":"div","namespaceURI":"http://www.w3.org/1999/xhtml","nodeType":1,"shadowRoot":null}},{"sharedId":"f.8AA54734AA77FC8FA71C50576EE7DE7A.d.81896DEF35B35D6ACD8ACA98F9D48BFD.e.1941","type":"node","value":{"attributes":{"class":"absolute inset-0 z-0 h-full hidden"},"childNodeCount":1,"localName":"div","namespaceURI":"http://www.w3.org/1999/xhtml","nodeType":1,"shadowRoot":null}},{"sharedId":"f.8AA54734AA77FC8FA71C50576EE7DE7A.d.81896DEF35B35D6ACD8ACA98F9D48BFD.e.1942","type":"node","value":{"attributes":{"class":"absolute inset-0 flex h-full items-center justify-center overflow-hidden text-ellipsis break-words p-[0.5rem] text-center","style":"width: 19rem; background-color: rgb(66, 66, 66); border-radius: 0.4rem;"},"childNodeCount":1,"localName":"div","namespaceURI":"http://www.w3.org/1999/xhtml","nodeType":1,"shadowRoot":null}},{"sharedId":"f.8AA54734AA77FC8FA71C50576EE7DE7A.d.81896DEF35B35D6ACD8ACA98F9D48BFD.e.1943","type":"node","value":{"attributes":{"class":"max-w-full whitespace-normal break-words text-[2.4rem] font-semibold"},"childNodeCount":1,"localName":"p","namespaceURI":"http://www.w3.org/1999/xhtml","nodeType":1,"shadowRoot":null}},{"sharedId":"f.8AA54734AA77FC8FA71C50576EE7DE7A.d.81896DEF35B35D6ACD8ACA98F9D48BFD.e.1944","type":"node","value":{"attributes":{"alt":"The Most Dangerous Sport in the Philippines (Ligiron Racing)","class":"absolute inset-0 z-10 h-full w-full","src":"https://pql-static.abs-cbn.com/images/themostdangeroussport.thumb-portrait.JPG?im_policy=portraitThumb_tv_fhd","style":"object-fit: cover; border-radius: 0.4rem;"},"childNodeCount":0,"localName":"img","namespaceURI":"http://www.w3.org/1999/xhtml","nodeType":1,"shadowRoot":null}},{"sharedId":"f.8AA54734AA77FC8FA71C50576EE7DE7A.d.81896DEF35B35D6ACD8ACA98F9D48BFD.e.1945","type":"node","value":{"attributes":{"class":"absolute left-0 top-0 z-10"},"childNodeCount":1,"localName":"div","namespaceURI":"http://www.w3.org/1999/xhtml","nodeType":1,"shadowRoot":null}},{"sharedId":"f.8AA54734AA77FC8FA71C50576EE7DE7A.d.81896DEF35B35D6ACD8ACA98F9D48BFD.e.1946","type":"node","value":{"attributes":{"alt":"https://pql-static.iwanttfc.com/static/uat/common/images/monetisation/free.png","class":"h-[3.2rem] w-auto object-contain","src":"https://pql-static.iwanttfc.com/static/uat/common/images/monetisation/free.png"},"childNodeCount":0,"localName":"img","namespaceURI":"http://www.w3.org/1999/xhtml","nodeType":1,"shadowRoot":null}},{"sharedId":"f.8AA54734AA77FC8FA71C50576EE7DE7A.d.81896DEF35B35D6ACD8ACA98F9D48BFD.e.1947","type":"node","value":{"attributes":{"class":"thumbnail relative cursor-pointer outline-none"},"childNodeCount":1,"localName":"div","namespaceURI":"http://www.w3.org/1999/xhtml","nodeType":1,"shadowRoot":null}},{"sharedId":"f.8AA54734AA77FC8FA71C50576EE7DE7A.d.81896DEF35B35D6ACD8ACA98F9D48BFD.e.1948","type":"node","value":{"attributes":{"class":"relative","style":"height: 28.5rem; min-width: 19rem; border-radius: 0.4rem; box-shadow: transparent 0px 0px 0px 0.3rem; transform: scale(1); transition: box-shadow 0.2s, transform 0.2s ease-in;"},"childNodeCount":2,"localName":"div","namespaceURI":"http://www.w3.org/1999/xhtml","nodeType":1,"shadowRoot":null}},{"sharedId":"f.8AA54734AA77FC8FA71C50576EE7DE7A.d.81896DEF35B35D6ACD8ACA98F9D48BFD.e.1949","type":"node","value":{"attributes":{"class":"relative overflow-hidden","style":"width: 19rem; height: 100%; transition: width 0.3s;"},"childNodeCount":2,"localName":"div","namespaceURI":"http://www.w3.org/1999/xhtml","nodeType":1,"shadowRoot":null}},{"sharedId":"f.8AA54734AA77FC8FA71C50576EE7DE7A.d.81896DEF35B35D6ACD8ACA98F9D48BFD.e.1950","type":"node","value":{"attributes":{"class":"absolute inset-0 z-0 h-full hidden"},"childNodeCount":1,"localName":"div","namespaceURI":"http://www.w3.org/1999/xhtml","nodeType":1,"shadowRoot":null}},{"sharedId":"f.8AA54734AA77FC8FA71C50576EE7DE7A.d.81896DEF35B35D6ACD8ACA98F9D48BFD.e.1951","type":"node","value":{"attributes":{"class":"absolute inset-0 flex h-full items-center justify-center overflow-hidden text-ellipsis break-words p-[0.5rem] text-center","style":"width: 19rem; background-color: rgb(66, 66, 66); border-radius: 0.4rem;"},"childNodeCount":1,"localName":"div","namespaceURI":"http://www.w3.org/1999/xhtml","nodeType":1,"shadowRoot":null}},{"sharedId":"f.8AA54734AA77FC8FA71C50576EE7DE7A.d.81896DEF35B35D6ACD8ACA98F9D48BFD.e.1952","type":"node","value":{"attributes":{"class":"max-w-full whitespace-normal break-words text-[2.4rem] font-semibold"},"childNodeCount":1,"localName":"p","namespaceURI":"http://www.w3.org/1999/xhtml","nodeType":1,"shadowRoot":null}},{"sharedId":"f.8AA54734AA77FC8FA71C50576EE7DE7A.d.81896DEF35B35D6ACD8ACA98F9D48BFD.e.1953","type":"node","value":{"attributes":{"alt":"This Rare Green Gold Rice is Disappearing from the Philippines (Duman)","class":"absolute inset-0 z-10 h-full w-full","src":"https://pql-static.abs-cbn.com/images/thisraregreengoldrice.thumb-portrait.JPG?im_policy=portraitThumb_tv_fhd","style":"object-fit: cover; border-radius: 0.4rem;"},"childNodeCount":0,"localName":"img","namespaceURI":"http://www.w3.org/1999/xhtml","nodeType":1,"shadowRoot":null}},{"sharedId":"f.8AA54734AA77FC8FA71C50576EE7DE7A.d.81896DEF35B35D6ACD8ACA98F9D48BFD.e.1954","type":"node","value":{"attributes":{"class":"absolute left-0 top-0 z-10"},"childNodeCount":1,"localName":"div","namespaceURI":"http://www.w3.org/1999/xhtml","nodeType":1,"shadowRoot":null}},{"sharedId":"f.8AA54734AA77FC8FA71C50576EE7DE7A.d.81896DEF35B35D6ACD8ACA98F9D48BFD.e.1955","type":"node","value":{"attributes":{"alt":"https://pql-static.iwanttfc.com/static/uat/common/images/monetisation/free.png","class":"h-[3.2rem] w-auto object-contain","src":"https://pql-static.iwanttfc.com/static/uat/common/images/monetisation/free.png"},"childNodeCount":0,"localName":"img","namespaceURI":"http://www.w3.org/1999/xhtml","nodeType":1,"shadowRoot":null}},{"sharedId":"f.8AA54734AA77FC8FA71C50576EE7DE7A.d.81896DEF35B35D6ACD8ACA98F9D48BFD.e.1956","type":"node","value":{"attributes":{"class":"thumbnail relative cursor-pointer outline-none"},"childNodeCount":1,"localName":"div","namespaceURI":"http://www.w3.org/1999/xhtml","nodeType":1,"shadowRoot":null}},{"sharedId":"f.8AA54734AA77FC8FA71C50576EE7DE7A.d.81896DEF35B35D6ACD8ACA98F9D48BFD.e.1957","type":"node","value":{"attributes":{"class":"relative","style":"height: 28.5rem; min-width: 19rem; border-radius: 0.4rem; box-shadow: transparent 0px 0px 0px 0.3rem; transform: scale(1); transition: box-shadow 0.2s, transform 0.2s ease-in;"},"childNodeCount":2,"localName":"div","namespaceURI":"http://www.w3.org/1999/xhtml","nodeType":1,"shadowRoot":null}},{"sharedId":"f.8AA54734AA77FC8FA71C50576EE7DE7A.d.81896DEF35B35D6ACD8ACA98F9D48BFD.e.1958","type":"node","value":{"attributes":{"class":"relative overflow-hidden","style":"width: 19rem; height: 100%; transition: width 0.3s;"},"childNodeCount":2,"localName":"div","namespaceURI":"http://www.w3.org/1999/xhtml","nodeType":1,"shadowRoot":null}},{"sharedId":"f.8AA54734AA77FC8FA71C50576EE7DE7A.d.81896DEF35B35D6ACD8ACA98F9D48BFD.e.1959","type":"node","value":{"attributes":{"class":"absolute inset-0 z-0 h-full hidden"},"childNodeCount":1,"localName":"div","namespaceURI":"http://www.w3.org/1999/xhtml","nodeType":1,"shadowRoot":null}},{"sharedId":"f.8AA54734AA77FC8FA71C50576EE7DE7A.d.81896DEF35B35D6ACD8ACA98F9D48BFD.e.1960","type":"node","value":{"attributes":{"class":"absolute inset-0 flex h-full items-center justify-center overflow-hidden text-ellipsis break-words p-[0.5rem] text-center","style":"width: 19rem; background-color: rgb(66, 66, 66); border-radius: 0.4rem;"},"childNodeCount":1,"localName":"div","namespaceURI":"http://www.w3.org/1999/xhtml","nodeType":1,"shadowRoot":null}},{"sharedId":"f.8AA54734AA77FC8FA71C50576EE7DE7A.d.81896DEF35B35D6ACD8ACA98F9D48BFD.e.1961","type":"node","value":{"attributes":{"class":"max-w-full whitespace-normal break-words text-[2.4rem] font-semibold"},"childNodeCount":1,"localName":"p","namespaceURI":"http://www.w3.org/1999/xhtml","nodeType":1,"shadowRoot":null}},{"sharedId":"f.8AA54734AA77FC8FA71C50576EE7DE7A.d.81896DEF35B35D6ACD8ACA98F9D48BFD.e.1962","type":"node","value":{"attributes":{"alt":"The Mysterious Water World of the Philippines (Agusan Marsh)","class":"absolute inset-0 z-10 h-full w-full","src":"https://pql-static.abs-cbn.com/images/themysteriouswaterworld.thumb-portrait.JPG?im_policy=portraitThumb_tv_fhd","style":"object-fit: cover; border-radius: 0.4rem;"},"childNodeCount":0,"localName":"img","namespaceURI":"http://www.w3.org/1999/xhtml","nodeType":1,"shadowRoot":null}},{"sharedId":"f.8AA54734AA77FC8FA71C50576EE7DE7A.d.81896DEF35B35D6ACD8ACA98F9D48BFD.e.1963","type":"node","value":{"attributes":{"class":"absolute left-0 top-0 z-10"},"childNodeCount":1,"localName":"div","namespaceURI":"http://www.w3.org/1999/xhtml","nodeType":1,"shadowRoot":null}},{"sharedId":"f.8AA54734AA77FC8FA71C50576EE7DE7A.d.81896DEF35B35D6ACD8ACA98F9D48BFD.e.1964","type":"node","value":{"attributes":{"alt":"https://pql-static.iwanttfc.com/static/uat/common/images/monetisation/free.png","class":"h-[3.2rem] w-auto object-contain","src":"https://pql-static.iwanttfc.com/static/uat/common/images/monetisation/free.png"},"childNodeCount":0,"localName":"img","namespaceURI":"http://www.w3.org/1999/xhtml","nodeType":1,"shadowRoot":null}},{"sharedId":"f.8AA54734AA77FC8FA71C50576EE7DE7A.d.81896DEF35B35D6ACD8ACA98F9D48BFD.e.1965","type":"node","value":{"attributes":{"class":"thumbnail relative cursor-pointer outline-none"},"childNodeCount":1,"localName":"div","namespaceURI":"http://www.w3.org/1999/xhtml","nodeType":1,"shadowRoot":null}},{"sharedId":"f.8AA54734AA77FC8FA71C50576EE7DE7A.d.81896DEF35B35D6ACD8ACA98F9D48BFD.e.1966","type":"node","value":{"attributes":{"class":"relative","style":"height: 28.5rem; min-width: 19rem; border-radius: 0.4rem; box-shadow: transparent 0px 0px 0px 0.3rem; transform: scale(1); transition: box-shadow 0.2s, transform 0.2s ease-in;"},"childNodeCount":2,"localName":"div","namespaceURI":"http://www.w3.org/1999/xhtml","nodeType":1,"shadowRoot":null}},{"sharedId":"f.8AA54734AA77FC8FA71C50576EE7DE7A.d.81896DEF35B35D6ACD8ACA98F9D48BFD.e.1967","type":"node","value":{"attributes":{"class":"relative overflow-hidden","style":"width: 19rem; height: 100%; transition: width 0.3s;"},"childNodeCount":2,"localName":"div","namespaceURI":"http://www.w3.org/1999/xhtml","nodeType":1,"shadowRoot":null}},{"sharedId":"f.8AA54734AA77FC8FA71C50576EE7DE7A.d.81896DEF35B35D6ACD8ACA98F9D48BFD.e.1968","type":"node","value":{"attributes":{"class":"absolute inset-0 z-0 h-full hidden"},"childNodeCount":1,"localName":"div","namespaceURI":"http://www.w3.org/1999/xhtml","nodeType":1,"shadowRoot":null}},{"sharedId":"f.8AA54734AA77FC8FA71C50576EE7DE7A.d.81896DEF35B35D6ACD8ACA98F9D48BFD.e.1969","type":"node","value":{"attributes":{"class":"absolute inset-0 flex h-full items-center justify-center overflow-hidden text-ellipsis break-words p-[0.5rem] text-center","style":"width: 19rem; background-color: rgb(66, 66, 66); border-radius: 0.4rem;"},"childNodeCount":1,"localName":"div","namespaceURI":"http://www.w3.org/1999/xhtml","nodeType":1,"shadowRoot":null}},{"sharedId":"f.8AA54734AA77FC8FA71C50576EE7DE7A.d.81896DEF35B35D6ACD8ACA98F9D48BFD.e.1970","type":"node","value":{"attributes":{"class":"max-w-full whitespace-normal break-words text-[2.4rem] font-semibold"},"childNodeCount":1,"localName":"p","namespaceURI":"http://www.w3.org/1999/xhtml","nodeType":1,"shadowRoot":null}},{"sharedId":"f.8AA54734AA77FC8FA71C50576EE7DE7A.d.81896DEF35B35D6ACD8ACA98F9D48BFD.e.1971","type":"node","value":{"attributes":{"alt":"The Best Traditional Vinegar in the Philippines (Sukang Paombong)","class":"absolute inset-0 z-10 h-full w-full","src":"https://pql-static.abs-cbn.com/images/thebesttradlvinegar.thumb-portrait.JPG?im_policy=portraitThumb_tv_fhd","style":"object-fit: cover; border-radius: 0.4rem;"},"childNodeCount":0,"localName":"img","namespaceURI":"http://www.w3.org/1999/xhtml","nodeType":1,"shadowRoot":null}},{"sharedId":"f.8AA54734AA77FC8FA71C50576EE7DE7A.d.81896DEF35B35D6ACD8ACA98F9D48BFD.e.1972","type":"node","value":{"attributes":{"class":"absolute left-0 top-0 z-10"},"childNodeCount":1,"localName":"div","namespaceURI":"http://www.w3.org/1999/xhtml","nodeType":1,"shadowRoot":null}},{"sharedId":"f.8AA54734AA77FC8FA71C50576EE7DE7A.d.81896DEF35B35D6ACD8ACA98F9D48BFD.e.1973","type":"node","value":{"attributes":{"alt":"https://pql-static.iwanttfc.com/static/uat/common/images/monetisation/free.png","class":"h-[3.2rem] w-auto object-contain","src":"https://pql-static.iwanttfc.com/static/uat/common/images/monetisation/free.png"},"childNodeCount":0,"localName":"img","namespaceURI":"http://www.w3.org/1999/xhtml","nodeType":1,"shadowRoot":null}},{"sharedId":"f.8AA54734AA77FC8FA71C50576EE7DE7A.d.81896DEF35B35D6ACD8ACA98F9D48BFD.e.1974","type":"node","value":{"attributes":{"class":"thumbnail relative cursor-pointer outline-none"},"childNodeCount":1,"localName":"div","namespaceURI":"http://www.w3.org/1999/xhtml","nodeType":1,"shadowRoot":null}},{"sharedId":"f.8AA54734AA77FC8FA71C50576EE7DE7A.d.81896DEF35B35D6ACD8ACA98F9D48BFD.e.1975","type":"node","value":{"attributes":{"class":"relative","style":"height: 28.5rem; min-width: 19rem; border-radius: 0.4rem; box-shadow: transparent 0px 0px 0px 0.3rem; transform: scale(1); transition: box-shadow 0.2s, transform 0.2s ease-in;"},"childNodeCount":2,"localName":"div","namespaceURI":"http://www.w3.org/1999/xhtml","nodeType":1,"shadowRoot":null}},{"sharedId":"f.8AA54734AA77FC8FA71C50576EE7DE7A.d.81896DEF35B35D6ACD8ACA98F9D48BFD.e.1976","type":"node","value":{"attributes":{"class":"relative overflow-hidden","style":"width: 19rem; height: 100%; transition: width 0.3s;"},"childNodeCount":2,"localName":"div","namespaceURI":"http://www.w3.org/1999/xhtml","nodeType":1,"shadowRoot":null}},{"sharedId":"f.8AA54734AA77FC8FA71C50576EE7DE7A.d.81896DEF35B35D6ACD8ACA98F9D48BFD.e.1977","type":"node","value":{"attributes":{"class":"absolute inset-0 z-0 h-full hidden"},"childNodeCount":1,"localName":"div","namespaceURI":"http://www.w3.org/1999/xhtml","nodeType":1,"shadowRoot":null}},{"sharedId":"f.8AA54734AA77FC8FA71C50576EE7DE7A.d.81896DEF35B35D6ACD8ACA98F9D48BFD.e.1978","type":"node","value":{"attributes":{"class":"absolute inset-0 flex h-full items-center justify-center overflow-hidden text-ellipsis break-words p-[0.5rem] text-center","style":"width: 19rem; background-color: rgb(66, 66, 66); border-radius: 0.4rem;"},"childNodeCount":1,"localName":"div","namespaceURI":"http://www.w3.org/1999/xhtml","nodeType":1,"shadowRoot":null}},{"sharedId":"f.8AA54734AA77FC8FA71C50576EE7DE7A.d.81896DEF35B35D6ACD8ACA98F9D48BFD.e.1979","type":"node","value":{"attributes":{"class":"max-w-full whitespace-normal break-words text-[2.4rem] font-semibold"},"childNodeCount":1,"localName":"p","namespaceURI":"http://www.w3.org/1999/xhtml","nodeType":1,"shadowRoot":null}},{"sharedId":"f.8AA54734AA77FC8FA71C50576EE7DE7A.d.81896DEF35B35D6ACD8ACA98F9D48BFD.e.1980","type":"node","value":{"attributes":{"alt":"Best of Dishes in Manila","class":"absolute inset-0 z-10 h-full w-full","src":"https://pql-static.abs-cbn.com/images/featrbestofdishes.thumb-portrait.JPG?im_policy=portraitThumb_tv_fhd","style":"object-fit: cover; border-radius: 0.4rem;"},"childNodeCount":0,"localName":"img","namespaceURI":"http://www.w3.org/1999/xhtml","nodeType":1,"shadowRoot":null}},{"sharedId":"f.8AA54734AA77FC8FA71C50576EE7DE7A.d.81896DEF35B35D6ACD8ACA98F9D48BFD.e.1981","type":"node","value":{"attributes":{"class":"absolute left-0 top-0 z-10"},"childNodeCount":1,"localName":"div","namespaceURI":"http://www.w3.org/1999/xhtml","nodeType":1,"shadowRoot":null}},{"sharedId":"f.8AA54734AA77FC8FA71C50576EE7DE7A.d.81896DEF35B35D6ACD8ACA98F9D48BFD.e.1982","type":"node","value":{"attributes":{"alt":"https://pql-static.iwanttfc.com/static/uat/common/images/monetisation/free.png","class":"h-[3.2rem] w-auto object-contain","src":"https://pql-static.iwanttfc.com/static/uat/common/images/monetisation/free.png"},"childNodeCount":0,"localName":"img","namespaceURI":"http://www.w3.org/1999/xhtml","nodeType":1,"shadowRoot":null}},{"sharedId":"f.8AA54734AA77FC8FA71C50576EE7DE7A.d.81896DEF35B35D6ACD8ACA98F9D48BFD.e.1983","type":"node","value":{"attributes":{"class":"thumbnail relative cursor-pointer outline-none"},"childNodeCount":1,"localName":"div","namespaceURI":"http://www.w3.org/1999/xhtml","nodeType":1,"shadowRoot":null}},{"sharedId":"f.8AA54734AA77FC8FA71C50576EE7DE7A.d.81896DEF35B35D6ACD8ACA98F9D48BFD.e.1984","type":"node","value":{"attributes":{"class":"relative","style":"height: 28.5rem; min-width: 19rem; border-radius: 0.4rem; box-shadow: transparent 0px 0px 0px 0.3rem; transform: scale(1); transition: box-shadow 0.2s, transform 0.2s ease-in;"},"childNodeCount":2,"localName":"div","namespaceURI":"http://www.w3.org/1999/xhtml","nodeType":1,"shadowRoot":null}},{"sharedId":"f.8AA54734AA77FC8FA71C50576EE7DE7A.d.81896DEF35B35D6ACD8ACA98F9D48BFD.e.1985","type":"node","value":{"attributes":{"class":"relative overflow-hidden","style":"width: 19rem; height: 100%; transition: width 0.3s;"},"childNodeCount":2,"localName":"div","namespaceURI":"http://www.w3.org/1999/xhtml","nodeType":1,"shadowRoot":null}},{"sharedId":"f.8AA54734AA77FC8FA71C50576EE7DE7A.d.81896DEF35B35D6ACD8ACA98F9D48BFD.e.1986","type":"node","value":{"attributes":{"class":"absolute inset-0 z-0 h-full hidden"},"childNodeCount":1,"localName":"div","namespaceURI":"http://www.w3.org/1999/xhtml","nodeType":1,"shadowRoot":null}},{"sharedId":"f.8AA54734AA77FC8FA71C50576EE7DE7A.d.81896DEF35B35D6ACD8ACA98F9D48BFD.e.1987","type":"node","value":{"attributes":{"class":"absolute inset-0 flex h-full items-center justify-center overflow-hidden text-ellipsis break-words p-[0.5rem] text-center","style":"width: 19rem; background-color: rgb(66, 66, 66); border-radius: 0.4rem;"},"childNodeCount":1,"localName":"div","namespaceURI":"http://www.w3.org/1999/xhtml","nodeType":1,"shadowRoot":null}},{"sharedId":"f.8AA54734AA77FC8FA71C50576EE7DE7A.d.81896DEF35B35D6ACD8ACA98F9D48BFD.e.1988","type":"node","value":{"attributes":{"class":"max-w-full whitespace-normal break-words text-[2.4rem] font-semibold"},"childNodeCount":1,"localName":"p","namespaceURI":"http://www.w3.org/1999/xhtml","nodeType":1,"shadowRoot":null}},{"sharedId":"f.8AA54734AA77FC8FA71C50576EE7DE7A.d.81896DEF35B35D6ACD8ACA98F9D48BFD.e.1989","type":"node","value":{"attributes":{"alt":"How This Rare Ingredient from Butuan Kept a Community Alive","class":"absolute inset-0 z-10 h-full w-full","src":"https://pql-static.abs-cbn.com/images/rareingredientfrombutuan.thumb-portrait.JPG?im_policy=portraitThumb_tv_fhd","style":"object-fit: cover; border-radius: 0.4rem;"},"childNodeCount":0,"localName":"img","namespaceURI":"http://www.w3.org/1999/xhtml","nodeType":1,"shadowRoot":null}},{"sharedId":"f.8AA54734AA77FC8FA71C50576EE7DE7A.d.81896DEF35B35D6ACD8ACA98F9D48BFD.e.1990","type":"node","value":{"attributes":{"class":"absolute left-0 top-0 z-10"},"childNodeCount":1,"localName":"div","namespaceURI":"http://www.w3.org/1999/xhtml","nodeType":1,"shadowRoot":null}},{"sharedId":"f.8AA54734AA77FC8FA71C50576EE7DE7A.d.81896DEF35B35D6ACD8ACA98F9D48BFD.e.1991","type":"node","value":{"attributes":{"alt":"https://pql-static.iwanttfc.com/static/uat/common/images/monetisation/free.png","class":"h-[3.2rem] w-auto object-contain","src":"https://pql-static.iwanttfc.com/static/uat/common/images/monetisation/free.png"},"childNodeCount":0,"localName":"img","namespaceURI":"http://www.w3.org/1999/xhtml","nodeType":1,"shadowRoot":null}},{"sharedId":"f.8AA54734AA77FC8FA71C50576EE7DE7A.d.81896DEF35B35D6ACD8ACA98F9D48BFD.e.1992","type":"node","value":{"attributes":{"class":"thumbnail relative cursor-pointer outline-none"},"childNodeCount":1,"localName":"div","namespaceURI":"http://www.w3.org/1999/xhtml","nodeType":1,"shadowRoot":null}},{"sharedId":"f.8AA54734AA77FC8FA71C50576EE7DE7A.d.81896DEF35B35D6ACD8ACA98F9D48BFD.e.1993","type":"node","value":{"attributes":{"class":"relative","style":"height: 28.5rem; min-width: 19rem; border-radius: 0.4rem; box-shadow: transparent 0px 0px 0px 0.3rem; transform: scale(1); transition: box-shadow 0.2s, transform 0.2s ease-in;"},"childNodeCount":2,"localName":"div","namespaceURI":"http://www.w3.org/1999/xhtml","nodeType":1,"shadowRoot":null}},{"sharedId":"f.8AA54734AA77FC8FA71C50576EE7DE7A.d.81896DEF35B35D6ACD8ACA98F9D48BFD.e.1994","type":"node","value":{"attributes":{"class":"relative overflow-hidden","style":"width: 19rem; height: 100%; transition: width 0.3s;"},"childNodeCount":2,"localName":"div","namespaceURI":"http://www.w3.org/1999/xhtml","nodeType":1,"shadowRoot":null}},{"sharedId":"f.8AA54734AA77FC8FA71C50576EE7DE7A.d.81896DEF35B35D6ACD8ACA98F9D48BFD.e.1995","type":"node","value":{"attributes":{"class":"absolute inset-0 z-0 h-full hidden"},"childNodeCount":1,"localName":"div","namespaceURI":"http://www.w3.org/1999/xhtml","nodeType":1,"shadowRoot":null}},{"sharedId":"f.8AA54734AA77FC8FA71C50576EE7DE7A.d.81896DEF35B35D6ACD8ACA98F9D48BFD.e.1996","type":"node","value":{"attributes":{"class":"absolute inset-0 flex h-full items-center justify-center overflow-hidden text-ellipsis break-words p-[0.5rem] text-center","style":"width: 19rem; background-color: rgb(66, 66, 66); border-radius: 0.4rem;"},"childNodeCount":1,"localName":"div","namespaceURI":"http://www.w3.org/1999/xhtml","nodeType":1,"shadowRoot":null}},{"sharedId":"f.8AA54734AA77FC8FA71C50576EE7DE7A.d.81896DEF35B35D6ACD8ACA98F9D48BFD.e.1997","type":"node","value":{"attributes":{"class":"max-w-full whitespace-normal break-words text-[2.4rem] font-semibold"},"childNodeCount":1,"localName":"p","namespaceURI":"http://www.w3.org/1999/xhtml","nodeType":1,"shadowRoot":null}},{"sharedId":"f.8AA54734AA77FC8FA71C50576EE7DE7A.d.81896DEF35B35D6ACD8ACA98F9D48BFD.e.1998","type":"node","value":{"attributes":{"alt":"Why is Filipino Rum Becoming so Popular?","class":"absolute inset-0 z-10 h-full w-full","src":"https://pql-static.abs-cbn.com/images/whyisfilrumbecomingpopular.thumb-portrait.JPG?im_policy=portraitThumb_tv_fhd","style":"object-fit: cover; border-radius: 0.4rem;"},"childNodeCount":0,"localName":"img","namespaceURI":"http://www.w3.org/1999/xhtml","nodeType":1,"shadowRoot":null}},{"sharedId":"f.8AA54734AA77FC8FA71C50576EE7DE7A.d.81896DEF35B35D6ACD8ACA98F9D48BFD.e.1999","type":"node","value":{"attributes":{"class":"absolute left-0 top-0 z-10"},"childNodeCount":1,"localName":"div","namespaceURI":"http://www.w3.org/1999/xhtml","nodeType":1,"shadowRoot":null}},{"sharedId":"f.8AA54734AA77FC8FA71C50576EE7DE7A.d.81896DEF35B35D6ACD8ACA98F9D48BFD.e.2000","type":"node","value":{"attributes":{"alt":"https://pql-static.iwanttfc.com/static/uat/common/images/monetisation/free.png","class":"h-[3.2rem] w-auto object-contain","src":"https://pql-static.iwanttfc.com/static/uat/common/images/monetisation/free.png"},"childNodeCount":0,"localName":"img","namespaceURI":"http://www.w3.org/1999/xhtml","nodeType":1,"shadowRoot":null}},{"sharedId":"f.8AA54734AA77FC8FA71C50576EE7DE7A.d.81896DEF35B35D6ACD8ACA98F9D48BFD.e.2001","type":"node","value":{"attributes":{"class":"thumbnail relative cursor-pointer outline-none"},"childNodeCount":1,"localName":"div","namespaceURI":"http://www.w3.org/1999/xhtml","nodeType":1,"shadowRoot":null}},{"sharedId":"f.8AA54734AA77FC8FA71C50576EE7DE7A.d.81896DEF35B35D6ACD8ACA98F9D48BFD.e.2002","type":"node","value":{"attributes":{"class":"relative","style":"height: 28.5rem; min-width: 19rem; border-radius: 0.4rem; box-shadow: transparent 0px 0px 0px 0.3rem; transform: scale(1); transition: box-shadow 0.2s, transform 0.2s ease-in;"},"childNodeCount":2,"localName":"div","namespaceURI":"http://www.w3.org/1999/xhtml","nodeType":1,"shadowRoot":null}},{"sharedId":"f.8AA54734AA77FC8FA71C50576EE7DE7A.d.81896DEF35B35D6ACD8ACA98F9D48BFD.e.2003","type":"node","value":{"attributes":{"class":"relative overflow-hidden","style":"width: 19rem; height: 100%; transition: width 0.3s;"},"childNodeCount":2,"localName":"div","namespaceURI":"http://www.w3.org/1999/xhtml","nodeType":1,"shadowRoot":null}},{"sharedId":"f.8AA54734AA77FC8FA71C50576EE7DE7A.d.81896DEF35B35D6ACD8ACA98F9D48BFD.e.2004","type":"node","value":{"attributes":{"class":"absolute inset-0 z-0 h-full hidden"},"childNodeCount":1,"localName":"div","namespaceURI":"http://www.w3.org/1999/xhtml","nodeType":1,"shadowRoot":null}},{"sharedId":"f.8AA54734AA77FC8FA71C50576EE7DE7A.d.81896DEF35B35D6ACD8ACA98F9D48BFD.e.2005","type":"node","value":{"attributes":{"class":"absolute inset-0 flex h-full items-center justify-center overflow-hidden text-ellipsis break-words p-[0.5rem] text-center","style":"width: 19rem; background-color: rgb(66, 66, 66); border-radius: 0.4rem;"},"childNodeCount":1,"localName":"div","namespaceURI":"http://www.w3.org/1999/xhtml","nodeType":1,"shadowRoot":null}},{"sharedId":"f.8AA54734AA77FC8FA71C50576EE7DE7A.d.81896DEF35B35D6ACD8ACA98F9D48BFD.e.2006","type":"node","value":{"attributes":{"class":"max-w-full whitespace-normal break-words text-[2.4rem] font-semibold"},"childNodeCount":1,"localName":"p","namespaceURI":"http://www.w3.org/1999/xhtml","nodeType":1,"shadowRoot":null}},{"sharedId":"f.8AA54734AA77FC8FA71C50576EE7DE7A.d.81896DEF35B35D6ACD8ACA98F9D48BFD.e.2007","type":"node","value":{"attributes":{"alt":"FEATR Documentaries with Erwan Heussaff","class":"absolute inset-0 z-10 h-full w-full","src":"https://pql-static.abs-cbn.com/images/featrfulldocu.thumb-portrait.JPG?im_policy=portraitThumb_tv_fhd","style":"object-fit: cover; border-radius: 0.4rem;"},"childNodeCount":0,"localName":"img","namespaceURI":"http://www.w3.org/1999/xhtml","nodeType":1,"shadowRoot":null}},{"sharedId":"f.8AA54734AA77FC8FA71C50576EE7DE7A.d.81896DEF35B35D6ACD8ACA98F9D48BFD.e.2008","type":"node","value":{"attributes":{"class":"absolute left-0 top-0 z-10"},"childNodeCount":1,"localName":"div","namespaceURI":"http://www.w3.org/1999/xhtml","nodeType":1,"shadowRoot":null}},{"sharedId":"f.8AA54734AA77FC8FA71C50576EE7DE7A.d.81896DEF35B35D6ACD8ACA98F9D48BFD.e.2009","type":"node","value":{"attributes":{"alt":"https://pql-static.iwanttfc.com/static/uat/common/images/monetisation/free.png","class":"h-[3.2rem] w-auto object-contain","src":"https://pql-static.iwanttfc.com/static/uat/common/images/monetisation/free.png"},"childNodeCount":0,"localName":"img","namespaceURI":"http://www.w3.org/1999/xhtml","nodeType":1,"shadowRoot":null}},{"sharedId":"f.8AA54734AA77FC8FA71C50576EE7DE7A.d.81896DEF35B35D6ACD8ACA98F9D48BFD.e.2010","type":"node","value":{"attributes":{"class":"thumbnail relative cursor-pointer outline-none"},"childNodeCount":1,"localName":"div","namespaceURI":"http://www.w3.org/1999/xhtml","nodeType":1,"shadowRoot":null}},{"sharedId":"f.8AA54734AA77FC8FA71C50576EE7DE7A.d.81896DEF35B35D6ACD8ACA98F9D48BFD.e.2011","type":"node","value":{"attributes":{"class":"relative","style":"height: 28.5rem; min-width: 19rem; border-radius: 0.4rem; box-shadow: transparent 0px 0px 0px 0.3rem; transform: scale(1); transition: box-shadow 0.2s, transform 0.2s ease-in;"},"childNodeCount":2,"localName":"div","namespaceURI":"http://www.w3.org/1999/xhtml","nodeType":1,"shadowRoot":null}},{"sharedId":"f.8AA54734AA77FC8FA71C50576EE7DE7A.d.81896DEF35B35D6ACD8ACA98F9D48BFD.e.2012","type":"node","value":{"attributes":{"class":"relative overflow-hidden","style":"width: 19rem; height: 100%; transition: width 0.3s;"},"childNodeCount":2,"localName":"div","namespaceURI":"http://www.w3.org/1999/xhtml","nodeType":1,"shadowRoot":null}},{"sharedId":"f.8AA54734AA77FC8FA71C50576EE7DE7A.d.81896DEF35B35D6ACD8ACA98F9D48BFD.e.2013","type":"node","value":{"attributes":{"class":"absolute inset-0 z-0 h-full hidden"},"childNodeCount":1,"localName":"div","namespaceURI":"http://www.w3.org/1999/xhtml","nodeType":1,"shadowRoot":null}},{"sharedId":"f.8AA54734AA77FC8FA71C50576EE7DE7A.d.81896DEF35B35D6ACD8ACA98F9D48BFD.e.2014","type":"node","value":{"attributes":{"class":"absolute inset-0 flex h-full items-center justify-center overflow-hidden text-ellipsis break-words p-[0.5rem] text-center","style":"width: 19rem; background-color: rgb(66, 66, 66); border-radius: 0.4rem;"},"childNodeCount":1,"localName":"div","namespaceURI":"http://www.w3.org/1999/xhtml","nodeType":1,"shadowRoot":null}},{"sharedId":"f.8AA54734AA77FC8FA71C50576EE7DE7A.d.81896DEF35B35D6ACD8ACA98F9D48BFD.e.2015","type":"node","value":{"attributes":{"class":"max-w-full whitespace-normal break-words text-[2.4rem] font-semibold"},"childNodeCount":1,"localName":"p","namespaceURI":"http://www.w3.org/1999/xhtml","nodeType":1,"shadowRoot":null}},{"sharedId":"f.8AA54734AA77FC8FA71C50576EE7DE7A.d.81896DEF35B35D6ACD8ACA98F9D48BFD.e.2016","type":"node","value":{"attributes":{"alt":"The Heart of Manila QUIAPO","class":"absolute inset-0 z-10 h-full w-full","src":"https://pql-static.abs-cbn.com/images/theheartofmanila.thumb-portrait.JPG?im_policy=portraitThumb_tv_fhd","style":"object-fit: cover; border-radius: 0.4rem;"},"childNodeCount":0,"localName":"img","namespaceURI":"http://www.w3.org/1999/xhtml","nodeType":1,"shadowRoot":null}},{"sharedId":"f.8AA54734AA77FC8FA71C50576EE7DE7A.d.81896DEF35B35D6ACD8ACA98F9D48BFD.e.2017","type":"node","value":{"attributes":{"class":"absolute left-0 top-0 z-10"},"childNodeCount":1,"localName":"div","namespaceURI":"http://www.w3.org/1999/xhtml","nodeType":1,"shadowRoot":null}},{"sharedId":"f.8AA54734AA77FC8FA71C50576EE7DE7A.d.81896DEF35B35D6ACD8ACA98F9D48BFD.e.2018","type":"node","value":{"attributes":{"alt":"https://pql-static.iwanttfc.com/static/uat/common/images/monetisation/free.png","class":"h-[3.2rem] w-auto object-contain","src":"https://pql-static.iwanttfc.com/static/uat/common/images/monetisation/free.png"},"childNodeCount":0,"localName":"img","namespaceURI":"http://www.w3.org/1999/xhtml","nodeType":1,"shadowRoot":null}},{"sharedId":"f.8AA54734AA77FC8FA71C50576EE7DE7A.d.81896DEF35B35D6ACD8ACA98F9D48BFD.e.2019","type":"node","value":{"attributes":{"class":"thumbnail relative cursor-pointer outline-none"},"childNodeCount":1,"localName":"div","namespaceURI":"http://www.w3.org/1999/xhtml","nodeType":1,"shadowRoot":null}},{"sharedId":"f.8AA54734AA77FC8FA71C50576EE7DE7A.d.81896DEF35B35D6ACD8ACA98F9D48BFD.e.2020","type":"node","value":{"attributes":{"class":"relative","style":"height: 28.5rem; min-width: 19rem; border-radius: 0.4rem; box-shadow: transparent 0px 0px 0px 0.3rem; transform: scale(1); transition: box-shadow 0.2s, transform 0.2s ease-in;"},"childNodeCount":2,"localName":"div","namespaceURI":"http://www.w3.org/1999/xhtml","nodeType":1,"shadowRoot":null}},{"sharedId":"f.8AA54734AA77FC8FA71C50576EE7DE7A.d.81896DEF35B35D6ACD8ACA98F9D48BFD.e.2021","type":"node","value":{"attributes":{"class":"relative overflow-hidden","style":"width: 19rem; height: 100%; transition: width 0.3s;"},"childNodeCount":2,"localName":"div","namespaceURI":"http://www.w3.org/1999/xhtml","nodeType":1,"shadowRoot":null}},{"sharedId":"f.8AA54734AA77FC8FA71C50576EE7DE7A.d.81896DEF35B35D6ACD8ACA98F9D48BFD.e.2022","type":"node","value":{"attributes":{"class":"absolute inset-0 z-0 h-full hidden"},"childNodeCount":1,"localName":"div","namespaceURI":"http://www.w3.org/1999/xhtml","nodeType":1,"shadowRoot":null}},{"sharedId":"f.8AA54734AA77FC8FA71C50576EE7DE7A.d.81896DEF35B35D6ACD8ACA98F9D48BFD.e.2023","type":"node","value":{"attributes":{"class":"absolute inset-0 flex h-full items-center justify-center overflow-hidden text-ellipsis break-words p-[0.5rem] text-center","style":"width: 19rem; background-color: rgb(66, 66, 66); border-radius: 0.4rem;"},"childNodeCount":1,"localName":"div","namespaceURI":"http://www.w3.org/1999/xhtml","nodeType":1,"shadowRoot":null}},{"sharedId":"f.8AA54734AA77FC8FA71C50576EE7DE7A.d.81896DEF35B35D6ACD8ACA98F9D48BFD.e.2024","type":"node","value":{"attributes":{"class":"max-w-full whitespace-normal break-words text-[2.4rem] font-semibold"},"childNodeCount":1,"localName":"p","namespaceURI":"http://www.w3.org/1999/xhtml","nodeType":1,"shadowRoot":null}},{"sharedId":"f.8AA54734AA77FC8FA71C50576EE7DE7A.d.81896DEF35B35D6ACD8ACA98F9D48BFD.e.2025","type":"node","value":{"attributes":{"alt":"Heirloom Crab Dish from Butuan (Bunta'a) Filipino Cooking","class":"absolute inset-0 z-10 h-full w-full","src":"https://pql-static.abs-cbn.com/images/heirloomcrabdish.thumb-portrait.JPG?im_policy=portraitThumb_tv_fhd","style":"object-fit: cover; border-radius: 0.4rem;"},"childNodeCount":0,"localName":"img","namespaceURI":"http://www.w3.org/1999/xhtml","nodeType":1,"shadowRoot":null}},{"sharedId":"f.8AA54734AA77FC8FA71C50576EE7DE7A.d.81896DEF35B35D6ACD8ACA98F9D48BFD.e.2026","type":"node","value":{"attributes":{"class":"absolute left-0 top-0 z-10"},"childNodeCount":1,"localName":"div","namespaceURI":"http://www.w3.org/1999/xhtml","nodeType":1,"shadowRoot":null}},{"sharedId":"f.8AA54734AA77FC8FA71C50576EE7DE7A.d.81896DEF35B35D6ACD8ACA98F9D48BFD.e.2027","type":"node","value":{"attributes":{"alt":"https://pql-static.iwanttfc.com/static/uat/common/images/monetisation/free.png","class":"h-[3.2rem] w-auto object-contain","src":"https://pql-static.iwanttfc.com/static/uat/common/images/monetisation/free.png"},"childNodeCount":0,"localName":"img","namespaceURI":"http://www.w3.org/1999/xhtml","nodeType":1,"shadowRoot":null}},{"sharedId":"f.8AA54734AA77FC8FA71C50576EE7DE7A.d.81896DEF35B35D6ACD8ACA98F9D48BFD.e.2028","type":"node","value":{"attributes":{"class":"thumbnail relative cursor-pointer outline-none"},"childNodeCount":1,"localName":"div","namespaceURI":"http://www.w3.org/1999/xhtml","nodeType":1,"shadowRoot":null}},{"sharedId":"f.8AA54734AA77FC8FA71C50576EE7DE7A.d.81896DEF35B35D6ACD8ACA98F9D48BFD.e.2029","type":"node","value":{"attributes":{"class":"relative","style":"height: 28.5rem; min-width: 19rem; border-radius: 0.4rem; box-shadow: transparent 0px 0px 0px 0.3rem; transform: scale(1); transition: box-shadow 0.2s, transform 0.2s ease-in;"},"childNodeCount":2,"localName":"div","namespaceURI":"http://www.w3.org/1999/xhtml","nodeType":1,"shadowRoot":null}},{"sharedId":"f.8AA54734AA77FC8FA71C50576EE7DE7A.d.81896DEF35B35D6ACD8ACA98F9D48BFD.e.2030","type":"node","value":{"attributes":{"class":"relative overflow-hidden","style":"width: 19rem; height: 100%; transition: width 0.3s;"},"childNodeCount":2,"localName":"div","namespaceURI":"http://www.w3.org/1999/xhtml","nodeType":1,"shadowRoot":null}},{"sharedId":"f.8AA54734AA77FC8FA71C50576EE7DE7A.d.81896DEF35B35D6ACD8ACA98F9D48BFD.e.2031","type":"node","value":{"attributes":{"class":"absolute inset-0 z-0 h-full hidden"},"childNodeCount":1,"localName":"div","namespaceURI":"http://www.w3.org/1999/xhtml","nodeType":1,"shadowRoot":null}},{"sharedId":"f.8AA54734AA77FC8FA71C50576EE7DE7A.d.81896DEF35B35D6ACD8ACA98F9D48BFD.e.2032","type":"node","value":{"attributes":{"class":"absolute inset-0 flex h-full items-center justify-center overflow-hidden text-ellipsis break-words p-[0.5rem] text-center","style":"width: 19rem; background-color: rgb(66, 66, 66); border-radius: 0.4rem;"},"childNodeCount":1,"localName":"div","namespaceURI":"http://www.w3.org/1999/xhtml","nodeType":1,"shadowRoot":null}},{"sharedId":"f.8AA54734AA77FC8FA71C50576EE7DE7A.d.81896DEF35B35D6ACD8ACA98F9D48BFD.e.2033","type":"node","value":{"attributes":{"class":"max-w-full whitespace-normal break-words text-[2.4rem] font-semibold"},"childNodeCount":1,"localName":"p","namespaceURI":"http://www.w3.org/1999/xhtml","nodeType":1,"shadowRoot":null}},{"sharedId":"f.8AA54734AA77FC8FA71C50576EE7DE7A.d.81896DEF35B35D6ACD8ACA98F9D48BFD.e.2034","type":"node","value":{"attributes":{"alt":"Forager","class":"absolute inset-0 z-10 h-full w-full","src":"https://pql-static.abs-cbn.com/images/featrforager.thumb-portrait.v3.JPG?im_policy=portraitThumb_tv_fhd","style":"object-fit: cover; border-radius: 0.4rem;"},"childNodeCount":0,"localName":"img","namespaceURI":"http://www.w3.org/1999/xhtml","nodeType":1,"shadowRoot":null}},{"sharedId":"f.8AA54734AA77FC8FA71C50576EE7DE7A.d.81896DEF35B35D6ACD8ACA98F9D48BFD.e.2035","type":"node","value":{"attributes":{"class":"absolute left-0 top-0 z-10"},"childNodeCount":1,"localName":"div","namespaceURI":"http://www.w3.org/1999/xhtml","nodeType":1,"shadowRoot":null}},{"sharedId":"f.8AA54734AA77FC8FA71C50576EE7DE7A.d.81896DEF35B35D6ACD8ACA98F9D48BFD.e.2036","type":"node","value":{"attributes":{"alt":"https://pql-static.iwanttfc.com/static/uat/common/images/monetisation/free.png","class":"h-[3.2rem] w-auto object-contain","src":"https://pql-static.iwanttfc.com/static/uat/common/images/monetisation/free.png"},"childNodeCount":0,"localName":"img","namespaceURI":"http://www.w3.org/1999/xhtml","nodeType":1,"shadowRoot":null}},{"sharedId":"f.8AA54734AA77FC8FA71C50576EE7DE7A.d.81896DEF35B35D6ACD8ACA98F9D48BFD.e.2037","type":"node","value":{"attributes":{"class":"rail relative h-full w-full pb-[3.2rem]","style":"width: calc(100% + 6rem); margin-top: 2.4rem; margin-bottom: 2.4rem; margin-left: -6rem; padding-left: 6rem; padding-top: 6.4rem; background-image: url(\"https://pql-static.abs-cbn.com/static/uat/common/images/sponsor/sponsor_backdrop.png\"); background-size: cover; background-repeat: no-repeat; background-position: center center;"},"childNodeCount":2,"localName":"div","namespaceURI":"http://www.w3.org/1999/xhtml","nodeType":1,"shadowRoot":null}},{"sharedId":"f.8AA54734AA77FC8FA71C50576EE7DE7A.d.81896DEF35B35D6ACD8ACA98F9D48BFD.e.2038","type":"node","value":{"attributes":{"class":"title mb-[3.2rem]"},"childNodeCount":1,"localName":"div","namespaceURI":"http://www.w3.org/1999/xhtml","nodeType":1,"shadowRoot":null}},{"sharedId":"f.8AA54734AA77FC8FA71C50576EE7DE7A.d.81896DEF35B35D6ACD8ACA98F9D48BFD.e.2039","type":"node","value":{"attributes":{"alt":"Universal Robina","class":"absolute top-[3rem] h-[4.5rem] w-auto object-contain","src":"https://pql-static.abs-cbn.com/images/live/Rail_Title_36px_in_96px__20250814150609.png"},"childNodeCount":0,"localName":"img","namespaceURI":"http://www.w3.org/1999/xhtml","nodeType":1,"shadowRoot":null}},{"sharedId":"f.8AA54734AA77FC8FA71C50576EE7DE7A.d.81896DEF35B35D6ACD8ACA98F9D48BFD.e.2040","type":"node","value":{"attributes":{"class":"rail-container pointer-events-none relative","style":"margin-top: 0px; margin-bottom: -3rem;"},"childNodeCount":1,"localName":"div","namespaceURI":"http://www.w3.org/1999/xhtml","nodeType":1,"shadowRoot":null}},{"sharedId":"f.8AA54734AA77FC8FA71C50576EE7DE7A.d.81896DEF35B35D6ACD8ACA98F9D48BFD.e.2041","type":"node","value":{"attributes":{"class":"scrollable-list pointer-events-auto flex gap-[1.6rem] overflow-x-auto scroll-smooth","style":"padding-top: 0px; padding-bottom: 3rem;"},"childNodeCount":17,"localName":"div","namespaceURI":"http://www.w3.org/1999/xhtml","nodeType":1,"shadowRoot":null}},{"sharedId":"f.8AA54734AA77FC8FA71C50576EE7DE7A.d.81896DEF35B35D6ACD8ACA98F9D48BFD.e.2042","type":"node","value":{"attributes":{"class":"thumbnail relative cursor-pointer outline-none"},"childNodeCount":1,"localName":"div","namespaceURI":"http://www.w3.org/1999/xhtml","nodeType":1,"shadowRoot":null}},{"sharedId":"f.8AA54734AA77FC8FA71C50576EE7DE7A.d.81896DEF35B35D6ACD8ACA98F9D48BFD.e.2043","type":"node","value":{"attributes":{"class":"relative","style":"height: 38.6rem; min-width: 25.2rem; border-radius: 0.4rem; box-shadow: transparent 0px 0px 0px 0.3rem; transform: scale(1); transition: box-shadow 0.2s, transform 0.2s ease-in;"},"childNodeCount":1,"localName":"div","namespaceURI":"http://www.w3.org/1999/xhtml","nodeType":1,"shadowRoot":null}},{"sharedId":"f.8AA54734AA77FC8FA71C50576EE7DE7A.d.81896DEF35B35D6ACD8ACA98F9D48BFD.e.2044","type":"node","value":{"attributes":{"class":"relative overflow-hidden","style":"width: 25.2rem; height: 100%; transition: width 0.3s;"},"childNodeCount":2,"localName":"div","namespaceURI":"http://www.w3.org/1999/xhtml","nodeType":1,"shadowRoot":null}},{"sharedId":"f.8AA54734AA77FC8FA71C50576EE7DE7A.d.81896DEF35B35D6ACD8ACA98F9D48BFD.e.2045","type":"node","value":{"attributes":{"class":"absolute inset-0 z-0 h-full hidden"},"childNodeCount":1,"localName":"div","namespaceURI":"http://www.w3.org/1999/xhtml","nodeType":1,"shadowRoot":null}},{"sharedId":"f.8AA54734AA77FC8FA71C50576EE7DE7A.d.81896DEF35B35D6ACD8ACA98F9D48BFD.e.2046","type":"node","value":{"attributes":{"class":"absolute inset-0 flex h-full items-center justify-center overflow-hidden text-ellipsis break-words p-[0.5rem] text-center","style":"width: 25.2rem; background-color: rgb(66, 66, 66); border-radius: 0.4rem;"},"childNodeCount":1,"localName":"div","namespaceURI":"http://www.w3.org/1999/xhtml","nodeType":1,"shadowRoot":null}},{"sharedId":"f.8AA54734AA77FC8FA71C50576EE7DE7A.d.81896DEF35B35D6ACD8ACA98F9D48BFD.e.2047","type":"node","value":{"attributes":{"class":"max-w-full whitespace-normal break-words text-[2.4rem] font-semibold"},"childNodeCount":1,"localName":"p","namespaceURI":"http://www.w3.org/1999/xhtml","nodeType":1,"shadowRoot":null}},{"sharedId":"f.8AA54734AA77FC8FA71C50576EE7DE7A.d.81896DEF35B35D6ACD8ACA98F9D48BFD.e.2048","type":"node","value":{"attributes":{"alt":"All Of Me","class":"absolute inset-0 z-10 h-full w-full","src":"https://pql-static.abs-cbn.com/images/allofmeisd.thumb-portrait.jpg?im_policy=portraitThumb_tv_fhd","style":"object-fit: cover; border-radius: 0.4rem;"},"childNodeCount":0,"localName":"img","namespaceURI":"http://www.w3.org/1999/xhtml","nodeType":1,"shadowRoot":null}},{"sharedId":"f.8AA54734AA77FC8FA71C50576EE7DE7A.d.81896DEF35B35D6ACD8ACA98F9D48BFD.e.2049","type":"node","value":{"attributes":{"class":"thumbnail relative cursor-pointer outline-none"},"childNodeCount":1,"localName":"div","namespaceURI":"http://www.w3.org/1999/xhtml","nodeType":1,"shadowRoot":null}},{"sharedId":"f.8AA54734AA77FC8FA71C50576EE7DE7A.d.81896DEF35B35D6ACD8ACA98F9D48BFD.e.2050","type":"node","value":{"attributes":{"class":"relative","style":"height: 38.6rem; min-width: 25.2rem; border-radius: 0.4rem; box-shadow: transparent 0px 0px 0px 0.3rem; transform: scale(1); transition: box-shadow 0.2s, transform 0.2s ease-in;"},"childNodeCount":2,"localName":"div","namespaceURI":"http://www.w3.org/1999/xhtml","nodeType":1,"shadowRoot":null}},{"sharedId":"f.8AA54734AA77FC8FA71C50576EE7DE7A.d.81896DEF35B35D6ACD8ACA98F9D48BFD.e.2051","type":"node","value":{"attributes":{"class":"relative overflow-hidden","style":"width: 25.2rem; height: 100%; transition: width 0.3s;"},"childNodeCount":2,"localName":"div","namespaceURI":"http://www.w3.org/1999/xhtml","nodeType":1,"shadowRoot":null}},{"sharedId":"f.8AA54734AA77FC8FA71C50576EE7DE7A.d.81896DEF35B35D6ACD8ACA98F9D48BFD.e.2052","type":"node","value":{"attributes":{"class":"absolute inset-0 z-0 h-full hidden"},"childNodeCount":1,"localName":"div","namespaceURI":"http://www.w3.org/1999/xhtml","nodeType":1,"shadowRoot":null}},{"sharedId":"f.8AA54734AA77FC8FA71C50576EE7DE7A.d.81896DEF35B35D6ACD8ACA98F9D48BFD.e.2053","type":"node","value":{"attributes":{"class":"absolute inset-0 flex h-full items-center justify-center overflow-hidden text-ellipsis break-words p-[0.5rem] text-center","style":"width: 25.2rem; background-color: rgb(66, 66, 66); border-radius: 0.4rem;"},"childNodeCount":1,"localName":"div","namespaceURI":"http://www.w3.org/1999/xhtml","nodeType":1,"shadowRoot":null}},{"sharedId":"f.8AA54734AA77FC8FA71C50576EE7DE7A.d.81896DEF35B35D6ACD8ACA98F9D48BFD.e.2054","type":"node","value":{"attributes":{"class":"max-w-full whitespace-normal break-words text-[2.4rem] font-semibold"},"childNodeCount":1,"localName":"p","namespaceURI":"http://www.w3.org/1999/xhtml","nodeType":1,"shadowRoot":null}},{"sharedId":"f.8AA54734AA77FC8FA71C50576EE7DE7A.d.81896DEF35B35D6ACD8ACA98F9D48BFD.e.2055","type":"node","value":{"attributes":{"alt":"Return to Paradise","class":"absolute inset-0 z-10 h-full w-full","src":"https://pql-static.abs-cbn.com/images/returntoparadise.thumb-portrait.jpg?im_policy=portraitThumb_tv_fhd","style":"object-fit: cover; border-radius: 0.4rem;"},"childNodeCount":0,"localName":"img","namespaceURI":"http://www.w3.org/1999/xhtml","nodeType":1,"shadowRoot":null}},{"sharedId":"f.8AA54734AA77FC8FA71C50576EE7DE7A.d.81896DEF35B35D6ACD8ACA98F9D48BFD.e.2056","type":"node","value":{"attributes":{"class":"absolute left-0 top-0 z-10"},"childNodeCount":1,"localName":"div","namespaceURI":"http://www.w3.org/1999/xhtml","nodeType":1,"shadowRoot":null}},{"sharedId":"f.8AA54734AA77FC8FA71C50576EE7DE7A.d.81896DEF35B35D6ACD8ACA98F9D48BFD.e.2057","type":"node","value":{"attributes":{"alt":"https://pql-static.iwanttfc.com/static/uat/common/images/monetisation/gma.png","class":"h-[3.2rem] w-auto object-contain","src":"https://pql-static.iwanttfc.com/static/uat/common/images/monetisation/gma.png"},"childNodeCount":0,"localName":"img","namespaceURI":"http://www.w3.org/1999/xhtml","nodeType":1,"shadowRoot":null}},{"sharedId":"f.8AA54734AA77FC8FA71C50576EE7DE7A.d.81896DEF35B35D6ACD8ACA98F9D48BFD.e.2058","type":"node","value":{"attributes":{"class":"thumbnail relative cursor-pointer outline-none"},"childNodeCount":1,"localName":"div","namespaceURI":"http://www.w3.org/1999/xhtml","nodeType":1,"shadowRoot":null}},{"sharedId":"f.8AA54734AA77FC8FA71C50576EE7DE7A.d.81896DEF35B35D6ACD8ACA98F9D48BFD.e.2059","type":"node","value":{"attributes":{"class":"relative","style":"height: 38.6rem; min-width: 25.2rem; border-radius: 0.4rem; box-shadow: transparent 0px 0px 0px 0.3rem; transform: scale(1); transition: box-shadow 0.2s, transform 0.2s ease-in;"},"childNodeCount":2,"localName":"div","namespaceURI":"http://www.w3.org/1999/xhtml","nodeType":1,"shadowRoot":null}},{"sharedId":"f.8AA54734AA77FC8FA71C50576EE7DE7A.d.81896DEF35B35D6ACD8ACA98F9D48BFD.e.2060","type":"node","value":{"attributes":{"class":"relative overflow-hidden","style":"width: 25.2rem; height: 100%; transition: width 0.3s;"},"childNodeCount":2,"localName":"div","namespaceURI":"http://www.w3.org/1999/xhtml","nodeType":1,"shadowRoot":null}},{"sharedId":"f.8AA54734AA77FC8FA71C50576EE7DE7A.d.81896DEF35B35D6ACD8ACA98F9D48BFD.e.2061","type":"node","value":{"attributes":{"class":"absolute inset-0 z-0 h-full hidden"},"childNodeCount":1,"localName":"div","namespaceURI":"http://www.w3.org/1999/xhtml","nodeType":1,"shadowRoot":null}},{"sharedId":"f.8AA54734AA77FC8FA71C50576EE7DE7A.d.81896DEF35B35D6ACD8ACA98F9D48BFD.e.2062","type":"node","value":{"attributes":{"class":"absolute inset-0 flex h-full items-center justify-center overflow-hidden text-ellipsis break-words p-[0.5rem] text-center","style":"width: 25.2rem; background-color: rgb(66, 66, 66); border-radius: 0.4rem;"},"childNodeCount":1,"localName":"div","namespaceURI":"http://www.w3.org/1999/xhtml","nodeType":1,"shadowRoot":null}},{"sharedId":"f.8AA54734AA77FC8FA71C50576EE7DE7A.d.81896DEF35B35D6ACD8ACA98F9D48BFD.e.2063","type":"node","value":{"attributes":{"class":"max-w-full whitespace-normal break-words text-[2.4rem] font-semibold"},"childNodeCount":1,"localName":"p","namespaceURI":"http://www.w3.org/1999/xhtml","nodeType":1,"shadowRoot":null}},{"sharedId":"f.8AA54734AA77FC8FA71C50576EE7DE7A.d.81896DEF35B35D6ACD8ACA98F9D48BFD.e.2064","type":"node","value":{"attributes":{"alt":"The Lost Recipe","class":"absolute inset-0 z-10 h-full w-full","src":"https://pql-static.abs-cbn.com/images/thelostrecipe.thumb-portrait.jpg?im_policy=portraitThumb_tv_fhd","style":"object-fit: cover; border-radius: 0.4rem;"},"childNodeCount":0,"localName":"img","namespaceURI":"http://www.w3.org/1999/xhtml","nodeType":1,"shadowRoot":null}},{"sharedId":"f.8AA54734AA77FC8FA71C50576EE7DE7A.d.81896DEF35B35D6ACD8ACA98F9D48BFD.e.2065","type":"node","value":{"attributes":{"class":"absolute left-0 top-0 z-10"},"childNodeCount":1,"localName":"div","namespaceURI":"http://www.w3.org/1999/xhtml","nodeType":1,"shadowRoot":null}},{"sharedId":"f.8AA54734AA77FC8FA71C50576EE7DE7A.d.81896DEF35B35D6ACD8ACA98F9D48BFD.e.2066","type":"node","value":{"attributes":{"alt":"https://pql-static.iwanttfc.com/static/uat/common/images/monetisation/gma.png","class":"h-[3.2rem] w-auto object-contain","src":"https://pql-static.iwanttfc.com/static/uat/common/images/monetisation/gma.png"},"childNodeCount":0,"localName":"img","namespaceURI":"http://www.w3.org/1999/xhtml","nodeType":1,"shadowRoot":null}},{"sharedId":"f.8AA54734AA77FC8FA71C50576EE7DE7A.d.81896DEF35B35D6ACD8ACA98F9D48BFD.e.2067","type":"node","value":{"attributes":{"class":"thumbnail relative cursor-pointer outline-none"},"childNodeCount":1,"localName":"div","namespaceURI":"http://www.w3.org/1999/xhtml","nodeType":1,"shadowRoot":null}},{"sharedId":"f.8AA54734AA77FC8FA71C50576EE7DE7A.d.81896DEF35B35D6ACD8ACA98F9D48BFD.e.2068","type":"node","value":{"attributes":{"class":"relative","style":"height: 38.6rem; min-width: 25.2rem; border-radius: 0.4rem; box-shadow: transparent 0px 0px 0px 0.3rem; transform: scale(1); transition: box-shadow 0.2s, transform 0.2s ease-in;"},"childNodeCount":2,"localName":"div","namespaceURI":"http://www.w3.org/1999/xhtml","nodeType":1,"shadowRoot":null}},{"sharedId":"f.8AA54734AA77FC8FA71C50576EE7DE7A.d.81896DEF35B35D6ACD8ACA98F9D48BFD.e.2069","type":"node","value":{"attributes":{"class":"relative overflow-hidden","style":"width: 25.2rem; height: 100%; transition: width 0.3s;"},"childNodeCount":2,"localName":"div","namespaceURI":"http://www.w3.org/1999/xhtml","nodeType":1,"shadowRoot":null}},{"sharedId":"f.8AA54734AA77FC8FA71C50576EE7DE7A.d.81896DEF35B35D6ACD8ACA98F9D48BFD.e.2070","type":"node","value":{"attributes":{"class":"absolute inset-0 z-0 h-full hidden"},"childNodeCount":1,"localName":"div","namespaceURI":"http://www.w3.org/1999/xhtml","nodeType":1,"shadowRoot":null}},{"sharedId":"f.8AA54734AA77FC8FA71C50576EE7DE7A.d.81896DEF35B35D6ACD8ACA98F9D48BFD.e.2071","type":"node","value":{"attributes":{"class":"absolute inset-0 flex h-full items-center justify-center overflow-hidden text-ellipsis break-words p-[0.5rem] text-center","style":"width: 25.2rem; background-color: rgb(66, 66, 66); border-radius: 0.4rem;"},"childNodeCount":1,"localName":"div","namespaceURI":"http://www.w3.org/1999/xhtml","nodeType":1,"shadowRoot":null}},{"sharedId":"f.8AA54734AA77FC8FA71C50576EE7DE7A.d.81896DEF35B35D6ACD8ACA98F9D48BFD.e.2072","type":"node","value":{"attributes":{"class":"max-w-full whitespace-normal break-words text-[2.4rem] font-semibold"},"childNodeCount":1,"localName":"p","namespaceURI":"http://www.w3.org/1999/xhtml","nodeType":1,"shadowRoot":null}},{"sharedId":"f.8AA54734AA77FC8FA71C50576EE7DE7A.d.81896DEF35B35D6ACD8ACA98F9D48BFD.e.2073","type":"node","value":{"attributes":{"alt":"Sigaw","class":"absolute inset-0 z-10 h-full w-full","src":"https://pql-static.abs-cbn.com/images/sigaw.thumb-portrait.jpg?im_policy=portraitThumb_tv_fhd","style":"object-fit: cover; border-radius: 0.4rem;"},"childNodeCount":0,"localName":"img","namespaceURI":"http://www.w3.org/1999/xhtml","nodeType":1,"shadowRoot":null}},{"sharedId":"f.8AA54734AA77FC8FA71C50576EE7DE7A.d.81896DEF35B35D6ACD8ACA98F9D48BFD.e.2074","type":"node","value":{"attributes":{"class":"absolute left-0 top-0 z-10"},"childNodeCount":1,"localName":"div","namespaceURI":"http://www.w3.org/1999/xhtml","nodeType":1,"shadowRoot":null}},{"sharedId":"f.8AA54734AA77FC8FA71C50576EE7DE7A.d.81896DEF35B35D6ACD8ACA98F9D48BFD.e.2075","type":"node","value":{"attributes":{"alt":"https://pql-static.iwanttfc.com/static/uat/common/images/monetisation/free.png","class":"h-[3.2rem] w-auto object-contain","src":"https://pql-static.iwanttfc.com/static/uat/common/images/monetisation/free.png"},"childNodeCount":0,"localName":"img","namespaceURI":"http://www.w3.org/1999/xhtml","nodeType":1,"shadowRoot":null}},{"sharedId":"f.8AA54734AA77FC8FA71C50576EE7DE7A.d.81896DEF35B35D6ACD8ACA98F9D48BFD.e.2076","type":"node","value":{"attributes":{"class":"thumbnail relative cursor-pointer outline-none"},"childNodeCount":1,"localName":"div","namespaceURI":"http://www.w3.org/1999/xhtml","nodeType":1,"shadowRoot":null}},{"sharedId":"f.8AA54734AA77FC8FA71C50576EE7DE7A.d.81896DEF35B35D6ACD8ACA98F9D48BFD.e.2077","type":"node","value":{"attributes":{"class":"relative","style":"height: 38.6rem; min-width: 25.2rem; border-radius: 0.4rem; box-shadow: transparent 0px 0px 0px 0.3rem; transform: scale(1); transition: box-shadow 0.2s, transform 0.2s ease-in;"},"childNodeCount":1,"localName":"div","namespaceURI":"http://www.w3.org/1999/xhtml","nodeType":1,"shadowRoot":null}},{"sharedId":"f.8AA54734AA77FC8FA71C50576EE7DE7A.d.81896DEF35B35D6ACD8ACA98F9D48BFD.e.2078","type":"node","value":{"attributes":{"class":"relative overflow-hidden","style":"width: 25.2rem; height: 100%; transition: width 0.3s;"},"childNodeCount":2,"localName":"div","namespaceURI":"http://www.w3.org/1999/xhtml","nodeType":1,"shadowRoot":null}},{"sharedId":"f.8AA54734AA77FC8FA71C50576EE7DE7A.d.81896DEF35B35D6ACD8ACA98F9D48BFD.e.2079","type":"node","value":{"attributes":{"class":"absolute inset-0 z-0 h-full hidden"},"childNodeCount":1,"localName":"div","namespaceURI":"http://www.w3.org/1999/xhtml","nodeType":1,"shadowRoot":null}},{"sharedId":"f.8AA54734AA77FC8FA71C50576EE7DE7A.d.81896DEF35B35D6ACD8ACA98F9D48BFD.e.2080","type":"node","value":{"attributes":{"class":"absolute inset-0 flex h-full items-center justify-center overflow-hidden text-ellipsis break-words p-[0.5rem] text-center","style":"width: 25.2rem; background-color: rgb(66, 66, 66); border-radius: 0.4rem;"},"childNodeCount":1,"localName":"div","namespaceURI":"http://www.w3.org/1999/xhtml","nodeType":1,"shadowRoot":null}},{"sharedId":"f.8AA54734AA77FC8FA71C50576EE7DE7A.d.81896DEF35B35D6ACD8ACA98F9D48BFD.e.2081","type":"node","value":{"attributes":{"class":"max-w-full whitespace-normal break-words text-[2.4rem] font-semibold"},"childNodeCount":1,"localName":"p","namespaceURI":"http://www.w3.org/1999/xhtml","nodeType":1,"shadowRoot":null}},{"sharedId":"f.8AA54734AA77FC8FA71C50576EE7DE7A.d.81896DEF35B35D6ACD8ACA98F9D48BFD.e.2082","type":"node","value":{"attributes":{"alt":"Supahpapalicious","class":"absolute inset-0 z-10 h-full w-full","src":"https://pql-static.abs-cbn.com/images/supahpapalicious.thumb-portrait.jpg?im_policy=portraitThumb_tv_fhd","style":"object-fit: cover; border-radius: 0.4rem;"},"childNodeCount":0,"localName":"img","namespaceURI":"http://www.w3.org/1999/xhtml","nodeType":1,"shadowRoot":null}},{"sharedId":"f.8AA54734AA77FC8FA71C50576EE7DE7A.d.81896DEF35B35D6ACD8ACA98F9D48BFD.e.2083","type":"node","value":{"attributes":{"class":"thumbnail relative cursor-pointer outline-none"},"childNodeCount":1,"localName":"div","namespaceURI":"http://www.w3.org/1999/xhtml","nodeType":1,"shadowRoot":null}},{"sharedId":"f.8AA54734AA77FC8FA71C50576EE7DE7A.d.81896DEF35B35D6ACD8ACA98F9D48BFD.e.2084","type":"node","value":{"attributes":{"class":"relative","style":"height: 38.6rem; min-width: 25.2rem; border-radius: 0.4rem; box-shadow: transparent 0px 0px 0px 0.3rem; transform: scale(1); transition: box-shadow 0.2s, transform 0.2s ease-in;"},"childNodeCount":1,"localName":"div","namespaceURI":"http://www.w3.org/1999/xhtml","nodeType":1,"shadowRoot":null}},{"sharedId":"f.8AA54734AA77FC8FA71C50576EE7DE7A.d.81896DEF35B35D6ACD8ACA98F9D48BFD.e.2085","type":"node","value":{"attributes":{"class":"relative overflow-hidden","style":"width: 25.2rem; height: 100%; transition: width 0.3s;"},"childNodeCount":2,"localName":"div","namespaceURI":"http://www.w3.org/1999/xhtml","nodeType":1,"shadowRoot":null}},{"sharedId":"f.8AA54734AA77FC8FA71C50576EE7DE7A.d.81896DEF35B35D6ACD8ACA98F9D48BFD.e.2086","type":"node","value":{"attributes":{"class":"absolute inset-0 z-0 h-full hidden"},"childNodeCount":1,"localName":"div","namespaceURI":"http://www.w3.org/1999/xhtml","nodeType":1,"shadowRoot":null}},{"sharedId":"f.8AA54734AA77FC8FA71C50576EE7DE7A.d.81896DEF35B35D6ACD8ACA98F9D48BFD.e.2087","type":"node","value":{"attributes":{"class":"absolute inset-0 flex h-full items-center justify-center overflow-hidden text-ellipsis break-words p-[0.5rem] text-center","style":"width: 25.2rem; background-color: rgb(66, 66, 66); border-radius: 0.4rem;"},"childNodeCount":1,"localName":"div","namespaceURI":"http://www.w3.org/1999/xhtml","nodeType":1,"shadowRoot":null}},{"sharedId":"f.8AA54734AA77FC8FA71C50576EE7DE7A.d.81896DEF35B35D6ACD8ACA98F9D48BFD.e.2088","type":"node","value":{"attributes":{"class":"max-w-full whitespace-normal break-words text-[2.4rem] font-semibold"},"childNodeCount":1,"localName":"p","namespaceURI":"http://www.w3.org/1999/xhtml","nodeType":1,"shadowRoot":null}},{"sharedId":"f.8AA54734AA77FC8FA71C50576EE7DE7A.d.81896DEF35B35D6ACD8ACA98F9D48BFD.e.2089","type":"node","value":{"attributes":{"alt":"Esprit De Corps","class":"absolute inset-0 z-10 h-full w-full","src":"https://pql-static.abs-cbn.com/images/espritdecorps.thumb-portrait.jpg?im_policy=portraitThumb_tv_fhd","style":"object-fit: cover; border-radius: 0.4rem;"},"childNodeCount":0,"localName":"img","namespaceURI":"http://www.w3.org/1999/xhtml","nodeType":1,"shadowRoot":null}},{"sharedId":"f.8AA54734AA77FC8FA71C50576EE7DE7A.d.81896DEF35B35D6ACD8ACA98F9D48BFD.e.2090","type":"node","value":{"attributes":{"class":"thumbnail relative cursor-pointer outline-none"},"childNodeCount":1,"localName":"div","namespaceURI":"http://www.w3.org/1999/xhtml","nodeType":1,"shadowRoot":null}},{"sharedId":"f.8AA54734AA77FC8FA71C50576EE7DE7A.d.81896DEF35B35D6ACD8ACA98F9D48BFD.e.2091","type":"node","value":{"attributes":{"class":"relative","style":"height: 38.6rem; min-width: 25.2rem; border-radius: 0.4rem; box-shadow: transparent 0px 0px 0px 0.3rem; transform: scale(1); transition: box-shadow 0.2s, transform 0.2s ease-in;"},"childNodeCount":2,"localName":"div","namespaceURI":"http://www.w3.org/1999/xhtml","nodeType":1,"shadowRoot":null}},{"sharedId":"f.8AA54734AA77FC8FA71C50576EE7DE7A.d.81896DEF35B35D6ACD8ACA98F9D48BFD.e.2092","type":"node","value":{"attributes":{"class":"relative overflow-hidden","style":"width: 25.2rem; height: 100%; transition: width 0.3s;"},"childNodeCount":2,"localName":"div","namespaceURI":"http://www.w3.org/1999/xhtml","nodeType":1,"shadowRoot":null}},{"sharedId":"f.8AA54734AA77FC8FA71C50576EE7DE7A.d.81896DEF35B35D6ACD8ACA98F9D48BFD.e.2093","type":"node","value":{"attributes":{"class":"absolute inset-0 z-0 h-full hidden"},"childNodeCount":1,"localName":"div","namespaceURI":"http://www.w3.org/1999/xhtml","nodeType":1,"shadowRoot":null}},{"sharedId":"f.8AA54734AA77FC8FA71C50576EE7DE7A.d.81896DEF35B35D6ACD8ACA98F9D48BFD.e.2094","type":"node","value":{"attributes":{"class":"absolute inset-0 flex h-full items-center justify-center overflow-hidden text-ellipsis break-words p-[0.5rem] text-center","style":"width: 25.2rem; background-color: rgb(66, 66, 66); border-radius: 0.4rem;"},"childNodeCount":1,"localName":"div","namespaceURI":"http://www.w3.org/1999/xhtml","nodeType":1,"shadowRoot":null}},{"sharedId":"f.8AA54734AA77FC8FA71C50576EE7DE7A.d.81896DEF35B35D6ACD8ACA98F9D48BFD.e.2095","type":"node","value":{"attributes":{"class":"max-w-full whitespace-normal break-words text-[2.4rem] font-semibold"},"childNodeCount":1,"localName":"p","namespaceURI":"http://www.w3.org/1999/xhtml","nodeType":1,"shadowRoot":null}},{"sharedId":"f.8AA54734AA77FC8FA71C50576EE7DE7A.d.81896DEF35B35D6ACD8ACA98F9D48BFD.e.2096","type":"node","value":{"attributes":{"alt":"Pak! Pak! My Dr. Kwak!","class":"absolute inset-0 z-10 h-full w-full","src":"https://pql-static.abs-cbn.com/images/pakpakmydrkwak.thumb-portrait.jpg?im_policy=portraitThumb_tv_fhd","style":"object-fit: cover; border-radius: 0.4rem;"},"childNodeCount":0,"localName":"img","namespaceURI":"http://www.w3.org/1999/xhtml","nodeType":1,"shadowRoot":null}},{"sharedId":"f.8AA54734AA77FC8FA71C50576EE7DE7A.d.81896DEF35B35D6ACD8ACA98F9D48BFD.e.2097","type":"node","value":{"attributes":{"class":"absolute left-0 top-0 z-10"},"childNodeCount":1,"localName":"div","namespaceURI":"http://www.w3.org/1999/xhtml","nodeType":1,"shadowRoot":null}},{"sharedId":"f.8AA54734AA77FC8FA71C50576EE7DE7A.d.81896DEF35B35D6ACD8ACA98F9D48BFD.e.2098","type":"node","value":{"attributes":{"alt":"https://pql-static.iwanttfc.com/static/uat/common/images/monetisation/free.png","class":"h-[3.2rem] w-auto object-contain","src":"https://pql-static.iwanttfc.com/static/uat/common/images/monetisation/free.png"},"childNodeCount":0,"localName":"img","namespaceURI":"http://www.w3.org/1999/xhtml","nodeType":1,"shadowRoot":null}},{"sharedId":"f.8AA54734AA77FC8FA71C50576EE7DE7A.d.81896DEF35B35D6ACD8ACA98F9D48BFD.e.2099","type":"node","value":{"attributes":{"class":"thumbnail relative cursor-pointer outline-none"},"childNodeCount":1,"localName":"div","namespaceURI":"http://www.w3.org/1999/xhtml","nodeType":1,"shadowRoot":null}},{"sharedId":"f.8AA54734AA77FC8FA71C50576EE7DE7A.d.81896DEF35B35D6ACD8ACA98F9D48BFD.e.2100","type":"node","value":{"attributes":{"class":"relative","style":"height: 38.6rem; min-width: 25.2rem; border-radius: 0.4rem; box-shadow: transparent 0px 0px 0px 0.3rem; transform: scale(1); transition: box-shadow 0.2s, transform 0.2s ease-in;"},"childNodeCount":1,"localName":"div","namespaceURI":"http://www.w3.org/1999/xhtml","nodeType":1,"shadowRoot":null}},{"sharedId":"f.8AA54734AA77FC8FA71C50576EE7DE7A.d.81896DEF35B35D6ACD8ACA98F9D48BFD.e.2101","type":"node","value":{"attributes":{"class":"relative overflow-hidden","style":"width: 25.2rem; height: 100%; transition: width 0.3s;"},"childNodeCount":2,"localName":"div","namespaceURI":"http://www.w3.org/1999/xhtml","nodeType":1,"shadowRoot":null}},{"sharedId":"f.8AA54734AA77FC8FA71C50576EE7DE7A.d.81896DEF35B35D6ACD8ACA98F9D48BFD.e.2102","type":"node","value":{"attributes":{"class":"absolute inset-0 z-0 h-full hidden"},"childNodeCount":1,"localName":"div","namespaceURI":"http://www.w3.org/1999/xhtml","nodeType":1,"shadowRoot":null}},{"sharedId":"f.8AA54734AA77FC8FA71C50576EE7DE7A.d.81896DEF35B35D6ACD8ACA98F9D48BFD.e.2103","type":"node","value":{"attributes":{"class":"absolute inset-0 flex h-full items-center justify-center overflow-hidden text-ellipsis break-words p-[0.5rem] text-center","style":"width: 25.2rem; background-color: rgb(66, 66, 66); border-radius: 0.4rem;"},"childNodeCount":1,"localName":"div","namespaceURI":"http://www.w3.org/1999/xhtml","nodeType":1,"shadowRoot":null}},{"sharedId":"f.8AA54734AA77FC8FA71C50576EE7DE7A.d.81896DEF35B35D6ACD8ACA98F9D48BFD.e.2104","type":"node","value":{"attributes":{"class":"max-w-full whitespace-normal break-words text-[2.4rem] font-semibold"},"childNodeCount":1,"localName":"p","namespaceURI":"http://www.w3.org/1999/xhtml","nodeType":1,"shadowRoot":null}},{"sharedId":"f.8AA54734AA77FC8FA71C50576EE7DE7A.d.81896DEF35B35D6ACD8ACA98F9D48BFD.e.2105","type":"node","value":{"attributes":{"alt":"Mr. Suave","class":"absolute inset-0 z-10 h-full w-full","src":"https://pql-static.abs-cbn.com/images/mrsuave.thumb-portrait.jpg?im_policy=portraitThumb_tv_fhd","style":"object-fit: cover; border-radius: 0.4rem;"},"childNodeCount":0,"localName":"img","namespaceURI":"http://www.w3.org/1999/xhtml","nodeType":1,"shadowRoot":null}},{"sharedId":"f.8AA54734AA77FC8FA71C50576EE7DE7A.d.81896DEF35B35D6ACD8ACA98F9D48BFD.e.2106","type":"node","value":{"attributes":{"class":"thumbnail relative cursor-pointer outline-none"},"childNodeCount":1,"localName":"div","namespaceURI":"http://www.w3.org/1999/xhtml","nodeType":1,"shadowRoot":null}},{"sharedId":"f.8AA54734AA77FC8FA71C50576EE7DE7A.d.81896DEF35B35D6ACD8ACA98F9D48BFD.e.2107","type":"node","value":{"attributes":{"class":"relative","style":"height: 38.6rem; min-width: 25.2rem; border-radius: 0.4rem; box-shadow: transparent 0px 0px 0px 0.3rem; transform: scale(1); transition: box-shadow 0.2s, transform 0.2s ease-in;"},"childNodeCount":1,"localName":"div","namespaceURI":"http://www.w3.org/1999/xhtml","nodeType":1,"shadowRoot":null}},{"sharedId":"f.8AA54734AA77FC8FA71C50576EE7DE7A.d.81896DEF35B35D6ACD8ACA98F9D48BFD.e.2108","type":"node","value":{"attributes":{"class":"relative overflow-hidden","style":"width: 25.2rem; height: 100%; transition: width 0.3s;"},"childNodeCount":2,"localName":"div","namespaceURI":"http://www.w3.org/1999/xhtml","nodeType":1,"shadowRoot":null}},{"sharedId":"f.8AA54734AA77FC8FA71C50576EE7DE7A.d.81896DEF35B35D6ACD8ACA98F9D48BFD.e.2109","type":"node","value":{"attributes":{"class":"absolute inset-0 z-0 h-full hidden"},"childNodeCount":1,"localName":"div","namespaceURI":"http://www.w3.org/1999/xhtml","nodeType":1,"shadowRoot":null}},{"sharedId":"f.8AA54734AA77FC8FA71C50576EE7DE7A.d.81896DEF35B35D6ACD8ACA98F9D48BFD.e.2110","type":"node","value":{"attributes":{"class":"absolute inset-0 flex h-full items-center justify-center overflow-hidden text-ellipsis break-words p-[0.5rem] text-center","style":"width: 25.2rem; background-color: rgb(66, 66, 66); border-radius: 0.4rem;"},"childNodeCount":1,"localName":"div","namespaceURI":"http://www.w3.org/1999/xhtml","nodeType":1,"shadowRoot":null}},{"sharedId":"f.8AA54734AA77FC8FA71C50576EE7DE7A.d.81896DEF35B35D6ACD8ACA98F9D48BFD.e.2111","type":"node","value":{"attributes":{"class":"max-w-full whitespace-normal break-words text-[2.4rem] font-semibold"},"childNodeCount":1,"localName":"p","namespaceURI":"http://www.w3.org/1999/xhtml","nodeType":1,"shadowRoot":null}},{"sharedId":"f.8AA54734AA77FC8FA71C50576EE7DE7A.d.81896DEF35B35D6ACD8ACA98F9D48BFD.e.2112","type":"node","value":{"attributes":{"alt":"2 Cool 2 Be 4gotten","class":"absolute inset-0 z-10 h-full w-full","src":"https://pql-static.abs-cbn.com/images/2cool2beforgottensubeng.thumb-portrait.jpg?im_policy=portraitThumb_tv_fhd","style":"object-fit: cover; border-radius: 0.4rem;"},"childNodeCount":0,"localName":"img","namespaceURI":"http://www.w3.org/1999/xhtml","nodeType":1,"shadowRoot":null}},{"sharedId":"f.8AA54734AA77FC8FA71C50576EE7DE7A.d.81896DEF35B35D6ACD8ACA98F9D48BFD.e.2113","type":"node","value":{"attributes":{"class":"thumbnail relative cursor-pointer outline-none"},"childNodeCount":1,"localName":"div","namespaceURI":"http://www.w3.org/1999/xhtml","nodeType":1,"shadowRoot":null}},{"sharedId":"f.8AA54734AA77FC8FA71C50576EE7DE7A.d.81896DEF35B35D6ACD8ACA98F9D48BFD.e.2114","type":"node","value":{"attributes":{"class":"relative","style":"height: 38.6rem; min-width: 25.2rem; border-radius: 0.4rem; box-shadow: transparent 0px 0px 0px 0.3rem; transform: scale(1); transition: box-shadow 0.2s, transform 0.2s ease-in;"},"childNodeCount":1,"localName":"div","namespaceURI":"http://www.w3.org/1999/xhtml","nodeType":1,"shadowRoot":null}},{"sharedId":"f.8AA54734AA77FC8FA71C50576EE7DE7A.d.81896DEF35B35D6ACD8ACA98F9D48BFD.e.2115","type":"node","value":{"attributes":{"class":"relative overflow-hidden","style":"width: 25.2rem; height: 100%; transition: width 0.3s;"},"childNodeCount":2,"localName":"div","namespaceURI":"http://www.w3.org/1999/xhtml","nodeType":1,"shadowRoot":null}},{"sharedId":"f.8AA54734AA77FC8FA71C50576EE7DE7A.d.81896DEF35B35D6ACD8ACA98F9D48BFD.e.2116","type":"node","value":{"attributes":{"class":"absolute inset-0 z-0 h-full hidden"},"childNodeCount":1,"localName":"div","namespaceURI":"http://www.w3.org/1999/xhtml","nodeType":1,"shadowRoot":null}},{"sharedId":"f.8AA54734AA77FC8FA71C50576EE7DE7A.d.81896DEF35B35D6ACD8ACA98F9D48BFD.e.2117","type":"node","value":{"attributes":{"class":"absolute inset-0 flex h-full items-center justify-center overflow-hidden text-ellipsis break-words p-[0.5rem] text-center","style":"width: 25.2rem; background-color: rgb(66, 66, 66); border-radius: 0.4rem;"},"childNodeCount":1,"localName":"div","namespaceURI":"http://www.w3.org/1999/xhtml","nodeType":1,"shadowRoot":null}},{"sharedId":"f.8AA54734AA77FC8FA71C50576EE7DE7A.d.81896DEF35B35D6ACD8ACA98F9D48BFD.e.2118","type":"node","value":{"attributes":{"class":"max-w-full whitespace-normal break-words text-[2.4rem] font-semibold"},"childNodeCount":1,"localName":"p","namespaceURI":"http://www.w3.org/1999/xhtml","nodeType":1,"shadowRoot":null}},{"sharedId":"f.8AA54734AA77FC8FA71C50576EE7DE7A.d.81896DEF35B35D6ACD8ACA98F9D48BFD.e.2119","type":"node","value":{"attributes":{"alt":"Can We Still Be Friends?","class":"absolute inset-0 z-10 h-full w-full","src":"https://pql-static.abs-cbn.com/images/lovingintandem.thumb-portrait.jpg?im_policy=portraitThumb_tv_fhd","style":"object-fit: cover; border-radius: 0.4rem;"},"childNodeCount":0,"localName":"img","namespaceURI":"http://www.w3.org/1999/xhtml","nodeType":1,"shadowRoot":null}},{"sharedId":"f.8AA54734AA77FC8FA71C50576EE7DE7A.d.81896DEF35B35D6ACD8ACA98F9D48BFD.e.2120","type":"node","value":{"attributes":{"class":"thumbnail relative cursor-pointer outline-none"},"childNodeCount":1,"localName":"div","namespaceURI":"http://www.w3.org/1999/xhtml","nodeType":1,"shadowRoot":null}},{"sharedId":"f.8AA54734AA77FC8FA71C50576EE7DE7A.d.81896DEF35B35D6ACD8ACA98F9D48BFD.e.2121","type":"node","value":{"attributes":{"class":"relative","style":"height: 38.6rem; min-width: 25.2rem; border-radius: 0.4rem; box-shadow: transparent 0px 0px 0px 0.3rem; transform: scale(1); transition: box-shadow 0.2s, transform 0.2s ease-in;"},"childNodeCount":1,"localName":"div","namespaceURI":"http://www.w3.org/1999/xhtml","nodeType":1,"shadowRoot":null}},{"sharedId":"f.8AA54734AA77FC8FA71C50576EE7DE7A.d.81896DEF35B35D6ACD8ACA98F9D48BFD.e.2122","type":"node","value":{"attributes":{"class":"relative overflow-hidden","style":"width: 25.2rem; height: 100%; transition: width 0.3s;"},"childNodeCount":2,"localName":"div","namespaceURI":"http://www.w3.org/1999/xhtml","nodeType":1,"shadowRoot":null}},{"sharedId":"f.8AA54734AA77FC8FA71C50576EE7DE7A.d.81896DEF35B35D6ACD8ACA98F9D48BFD.e.2123","type":"node","value":{"attributes":{"class":"absolute inset-0 z-0 h-full hidden"},"childNodeCount":1,"localName":"div","namespaceURI":"http://www.w3.org/1999/xhtml","nodeType":1,"shadowRoot":null}},{"sharedId":"f.8AA54734AA77FC8FA71C50576EE7DE7A.d.81896DEF35B35D6ACD8ACA98F9D48BFD.e.2124","type":"node","value":{"attributes":{"class":"absolute inset-0 flex h-full items-center justify-center overflow-hidden text-ellipsis break-words p-[0.5rem] text-center","style":"width: 25.2rem; background-color: rgb(66, 66, 66); border-radius: 0.4rem;"},"childNodeCount":1,"localName":"div","namespaceURI":"http://www.w3.org/1999/xhtml","nodeType":1,"shadowRoot":null}},{"sharedId":"f.8AA54734AA77FC8FA71C50576EE7DE7A.d.81896DEF35B35D6ACD8ACA98F9D48BFD.e.2125","type":"node","value":{"attributes":{"class":"max-w-full whitespace-normal break-words text-[2.4rem] font-semibold"},"childNodeCount":1,"localName":"p","namespaceURI":"http://www.w3.org/1999/xhtml","nodeType":1,"shadowRoot":null}},{"sharedId":"f.8AA54734AA77FC8FA71C50576EE7DE7A.d.81896DEF35B35D6ACD8ACA98F9D48BFD.e.2126","type":"node","value":{"attributes":{"alt":"Finally Found Someone","class":"absolute inset-0 z-10 h-full w-full","src":"https://pql-static.abs-cbn.com/images/finallyfoundsomeone.thumb-portrait.jpg?im_policy=portraitThumb_tv_fhd","style":"object-fit: cover; border-radius: 0.4rem;"},"childNodeCount":0,"localName":"img","namespaceURI":"http://www.w3.org/1999/xhtml","nodeType":1,"shadowRoot":null}},{"sharedId":"f.8AA54734AA77FC8FA71C50576EE7DE7A.d.81896DEF35B35D6ACD8ACA98F9D48BFD.e.2127","type":"node","value":{"attributes":{"class":"thumbnail relative cursor-pointer outline-none"},"childNodeCount":1,"localName":"div","namespaceURI":"http://www.w3.org/1999/xhtml","nodeType":1,"shadowRoot":null}},{"sharedId":"f.8AA54734AA77FC8FA71C50576EE7DE7A.d.81896DEF35B35D6ACD8ACA98F9D48BFD.e.2128","type":"node","value":{"attributes":{"class":"relative","style":"height: 38.6rem; min-width: 25.2rem; border-radius: 0.4rem; box-shadow: transparent 0px 0px 0px 0.3rem; transform: scale(1); transition: box-shadow 0.2s, transform 0.2s ease-in;"},"childNodeCount":1,"localName":"div","namespaceURI":"http://www.w3.org/1999/xhtml","nodeType":1,"shadowRoot":null}},{"sharedId":"f.8AA54734AA77FC8FA71C50576EE7DE7A.d.81896DEF35B35D6ACD8ACA98F9D48BFD.e.2129","type":"node","value":{"attributes":{"class":"relative overflow-hidden","style":"width: 25.2rem; height: 100%; transition: width 0.3s;"},"childNodeCount":2,"localName":"div","namespaceURI":"http://www.w3.org/1999/xhtml","nodeType":1,"shadowRoot":null}},{"sharedId":"f.8AA54734AA77FC8FA71C50576EE7DE7A.d.81896DEF35B35D6ACD8ACA98F9D48BFD.e.2130","type":"node","value":{"attributes":{"class":"absolute inset-0 z-0 h-full hidden"},"childNodeCount":1,"localName":"div","namespaceURI":"http://www.w3.org/1999/xhtml","nodeType":1,"shadowRoot":null}},{"sharedId":"f.8AA54734AA77FC8FA71C50576EE7DE7A.d.81896DEF35B35D6ACD8ACA98F9D48BFD.e.2131","type":"node","value":{"attributes":{"class":"absolute inset-0 flex h-full items-center justify-center overflow-hidden text-ellipsis break-words p-[0.5rem] text-center","style":"width: 25.2rem; background-color: rgb(66, 66, 66); border-radius: 0.4rem;"},"childNodeCount":1,"localName":"div","namespaceURI":"http://www.w3.org/1999/xhtml","nodeType":1,"shadowRoot":null}},{"sharedId":"f.8AA54734AA77FC8FA71C50576EE7DE7A.d.81896DEF35B35D6ACD8ACA98F9D48BFD.e.2132","type":"node","value":{"attributes":{"class":"max-w-full whitespace-normal break-words text-[2.4rem] font-semibold"},"childNodeCount":1,"localName":"p","namespaceURI":"http://www.w3.org/1999/xhtml","nodeType":1,"shadowRoot":null}},{"sharedId":"f.8AA54734AA77FC8FA71C50576EE7DE7A.d.81896DEF35B35D6ACD8ACA98F9D48BFD.e.2133","type":"node","value":{"attributes":{"alt":"Yanggaw","class":"absolute inset-0 z-10 h-full w-full","src":"https://pql-static.abs-cbn.com/images/yanggaw.thumb-portrait.jpg?im_policy=portraitThumb_tv_fhd","style":"object-fit: cover; border-radius: 0.4rem;"},"childNodeCount":0,"localName":"img","namespaceURI":"http://www.w3.org/1999/xhtml","nodeType":1,"shadowRoot":null}},{"sharedId":"f.8AA54734AA77FC8FA71C50576EE7DE7A.d.81896DEF35B35D6ACD8ACA98F9D48BFD.e.2134","type":"node","value":{"attributes":{"class":"thumbnail relative cursor-pointer outline-none"},"childNodeCount":1,"localName":"div","namespaceURI":"http://www.w3.org/1999/xhtml","nodeType":1,"shadowRoot":null}},{"sharedId":"f.8AA54734AA77FC8FA71C50576EE7DE7A.d.81896DEF35B35D6ACD8ACA98F9D48BFD.e.2135","type":"node","value":{"attributes":{"class":"relative","style":"height: 38.6rem; min-width: 25.2rem; border-radius: 0.4rem; box-shadow: transparent 0px 0px 0px 0.3rem; transform: scale(1); transition: box-shadow 0.2s, transform 0.2s ease-in;"},"childNodeCount":1,"localName":"div","namespaceURI":"http://www.w3.org/1999/xhtml","nodeType":1,"shadowRoot":null}},{"sharedId":"f.8AA54734AA77FC8FA71C50576EE7DE7A.d.81896DEF35B35D6ACD8ACA98F9D48BFD.e.2136","type":"node","value":{"attributes":{"class":"relative overflow-hidden","style":"width: 25.2rem; height: 100%; transition: width 0.3s;"},"childNodeCount":2,"localName":"div","namespaceURI":"http://www.w3.org/1999/xhtml","nodeType":1,"shadowRoot":null}},{"sharedId":"f.8AA54734AA77FC8FA71C50576EE7DE7A.d.81896DEF35B35D6ACD8ACA98F9D48BFD.e.2137","type":"node","value":{"attributes":{"class":"absolute inset-0 z-0 h-full hidden"},"childNodeCount":1,"localName":"div","namespaceURI":"http://www.w3.org/1999/xhtml","nodeType":1,"shadowRoot":null}},{"sharedId":"f.8AA54734AA77FC8FA71C50576EE7DE7A.d.81896DEF35B35D6ACD8ACA98F9D48BFD.e.2138","type":"node","value":{"attributes":{"class":"absolute inset-0 flex h-full items-center justify-center overflow-hidden text-ellipsis break-words p-[0.5rem] text-center","style":"width: 25.2rem; background-color: rgb(66, 66, 66); border-radius: 0.4rem;"},"childNodeCount":1,"localName":"div","namespaceURI":"http://www.w3.org/1999/xhtml","nodeType":1,"shadowRoot":null}},{"sharedId":"f.8AA54734AA77FC8FA71C50576EE7DE7A.d.81896DEF35B35D6ACD8ACA98F9D48BFD.e.2139","type":"node","value":{"attributes":{"class":"max-w-full whitespace-normal break-words text-[2.4rem] font-semibold"},"childNodeCount":1,"localName":"p","namespaceURI":"http://www.w3.org/1999/xhtml","nodeType":1,"shadowRoot":null}},{"sharedId":"f.8AA54734AA77FC8FA71C50576EE7DE7A.d.81896DEF35B35D6ACD8ACA98F9D48BFD.e.2140","type":"node","value":{"attributes":{"alt":"Paano na Kaya","class":"absolute inset-0 z-10 h-full w-full","src":"https://pql-static.abs-cbn.com/images/paanonakaya.thumb-portrait.jpg?im_policy=portraitThumb_tv_fhd","style":"object-fit: cover; border-radius: 0.4rem;"},"childNodeCount":0,"localName":"img","namespaceURI":"http://www.w3.org/1999/xhtml","nodeType":1,"shadowRoot":null}},{"sharedId":"f.8AA54734AA77FC8FA71C50576EE7DE7A.d.81896DEF35B35D6ACD8ACA98F9D48BFD.e.2141","type":"node","value":{"attributes":{"class":"thumbnail relative cursor-pointer outline-none"},"childNodeCount":1,"localName":"div","namespaceURI":"http://www.w3.org/1999/xhtml","nodeType":1,"shadowRoot":null}},{"sharedId":"f.8AA54734AA77FC8FA71C50576EE7DE7A.d.81896DEF35B35D6ACD8ACA98F9D48BFD.e.2142","type":"node","value":{"attributes":{"class":"relative","style":"height: 38.6rem; min-width: 25.2rem; border-radius: 0.4rem; box-shadow: transparent 0px 0px 0px 0.3rem; transform: scale(1); transition: box-shadow 0.2s, transform 0.2s ease-in;"},"childNodeCount":2,"localName":"div","namespaceURI":"http://www.w3.org/1999/xhtml","nodeType":1,"shadowRoot":null}},{"sharedId":"f.8AA54734AA77FC8FA71C50576EE7DE7A.d.81896DEF35B35D6ACD8ACA98F9D48BFD.e.2143","type":"node","value":{"attributes":{"class":"relative overflow-hidden","style":"width: 25.2rem; height: 100%; transition: width 0.3s;"},"childNodeCount":2,"localName":"div","namespaceURI":"http://www.w3.org/1999/xhtml","nodeType":1,"shadowRoot":null}},{"sharedId":"f.8AA54734AA77FC8FA71C50576EE7DE7A.d.81896DEF35B35D6ACD8ACA98F9D48BFD.e.2144","type":"node","value":{"attributes":{"class":"absolute inset-0 z-0 h-full hidden"},"childNodeCount":1,"localName":"div","namespaceURI":"http://www.w3.org/1999/xhtml","nodeType":1,"shadowRoot":null}},{"sharedId":"f.8AA54734AA77FC8FA71C50576EE7DE7A.d.81896DEF35B35D6ACD8ACA98F9D48BFD.e.2145","type":"node","value":{"attributes":{"class":"absolute inset-0 flex h-full items-center justify-center overflow-hidden text-ellipsis break-words p-[0.5rem] text-center","style":"width: 25.2rem; background-color: rgb(66, 66, 66); border-radius: 0.4rem;"},"childNodeCount":1,"localName":"div","namespaceURI":"http://www.w3.org/1999/xhtml","nodeType":1,"shadowRoot":null}},{"sharedId":"f.8AA54734AA77FC8FA71C50576EE7DE7A.d.81896DEF35B35D6ACD8ACA98F9D48BFD.e.2146","type":"node","value":{"attributes":{"class":"max-w-full whitespace-normal break-words text-[2.4rem] font-semibold"},"childNodeCount":1,"localName":"p","namespaceURI":"http://www.w3.org/1999/xhtml","nodeType":1,"shadowRoot":null}},{"sharedId":"f.8AA54734AA77FC8FA71C50576EE7DE7A.d.81896DEF35B35D6ACD8ACA98F9D48BFD.e.2147","type":"node","value":{"attributes":{"alt":"A Love Story","class":"absolute inset-0 z-10 h-full w-full","src":"https://pql-static.abs-cbn.com/images/alovestory.thumb-portrait.jpg?im_policy=portraitThumb_tv_fhd","style":"object-fit: cover; border-radius: 0.4rem;"},"childNodeCount":0,"localName":"img","namespaceURI":"http://www.w3.org/1999/xhtml","nodeType":1,"shadowRoot":null}},{"sharedId":"f.8AA54734AA77FC8FA71C50576EE7DE7A.d.81896DEF35B35D6ACD8ACA98F9D48BFD.e.2148","type":"node","value":{"attributes":{"class":"absolute top-0 right-0 z-10"},"childNodeCount":1,"localName":"div","namespaceURI":"http://www.w3.org/1999/xhtml","nodeType":1,"shadowRoot":null}},{"sharedId":"f.8AA54734AA77FC8FA71C50576EE7DE7A.d.81896DEF35B35D6ACD8ACA98F9D48BFD.e.2149","type":"node","value":{"attributes":{"alt":"top_10","class":"h-[3.2rem] max-w-min object-contain","src":"https://pql-static.iwanttfc.com/static/uat/common/images/labels/top_10_new.png"},"childNodeCount":0,"localName":"img","namespaceURI":"http://www.w3.org/1999/xhtml","nodeType":1,"shadowRoot":null}},{"sharedId":"f.8AA54734AA77FC8FA71C50576EE7DE7A.d.81896DEF35B35D6ACD8ACA98F9D48BFD.e.2150","type":"node","value":{"attributes":{"class":"thumbnail relative cursor-pointer outline-none"},"childNodeCount":1,"localName":"div","namespaceURI":"http://www.w3.org/1999/xhtml","nodeType":1,"shadowRoot":null}},{"sharedId":"f.8AA54734AA77FC8FA71C50576EE7DE7A.d.81896DEF35B35D6ACD8ACA98F9D48BFD.e.2151","type":"node","value":{"attributes":{"class":"relative","style":"height: 38.6rem; min-width: 25.2rem; border-radius: 0.4rem; box-shadow: transparent 0px 0px 0px 0.3rem; transform: scale(1); transition: box-shadow 0.2s, transform 0.2s ease-in;"},"childNodeCount":1,"localName":"div","namespaceURI":"http://www.w3.org/1999/xhtml","nodeType":1,"shadowRoot":null}},{"sharedId":"f.8AA54734AA77FC8FA71C50576EE7DE7A.d.81896DEF35B35D6ACD8ACA98F9D48BFD.e.2152","type":"node","value":{"attributes":{"class":"relative overflow-hidden","style":"width: 25.2rem; height: 100%; transition: width 0.3s;"},"childNodeCount":2,"localName":"div","namespaceURI":"http://www.w3.org/1999/xhtml","nodeType":1,"shadowRoot":null}},{"sharedId":"f.8AA54734AA77FC8FA71C50576EE7DE7A.d.81896DEF35B35D6ACD8ACA98F9D48BFD.e.2153","type":"node","value":{"attributes":{"class":"absolute inset-0 z-0 h-full hidden"},"childNodeCount":1,"localName":"div","namespaceURI":"http://www.w3.org/1999/xhtml","nodeType":1,"shadowRoot":null}},{"sharedId":"f.8AA54734AA77FC8FA71C50576EE7DE7A.d.81896DEF35B35D6ACD8ACA98F9D48BFD.e.2154","type":"node","value":{"attributes":{"class":"absolute inset-0 flex h-full items-center justify-center overflow-hidden text-ellipsis break-words p-[0.5rem] text-center","style":"width: 25.2rem; background-color: rgb(66, 66, 66); border-radius: 0.4rem;"},"childNodeCount":1,"localName":"div","namespaceURI":"http://www.w3.org/1999/xhtml","nodeType":1,"shadowRoot":null}},{"sharedId":"f.8AA54734AA77FC8FA71C50576EE7DE7A.d.81896DEF35B35D6ACD8ACA98F9D48BFD.e.2155","type":"node","value":{"attributes":{"class":"max-w-full whitespace-normal break-words text-[2.4rem] font-semibold"},"childNodeCount":1,"localName":"p","namespaceURI":"http://www.w3.org/1999/xhtml","nodeType":1,"shadowRoot":null}},{"sharedId":"f.8AA54734AA77FC8FA71C50576EE7DE7A.d.81896DEF35B35D6ACD8ACA98F9D48BFD.e.2156","type":"node","value":{"attributes":{"alt":"Patikim ng Pinya","class":"absolute inset-0 z-10 h-full w-full","src":"https://pql-static.abs-cbn.com/images/patikimngpinya.thumb-portrait.jpg?im_policy=portraitThumb_tv_fhd","style":"object-fit: cover; border-radius: 0.4rem;"},"childNodeCount":0,"localName":"img","namespaceURI":"http://www.w3.org/1999/xhtml","nodeType":1,"shadowRoot":null}},{"sharedId":"f.8AA54734AA77FC8FA71C50576EE7DE7A.d.81896DEF35B35D6ACD8ACA98F9D48BFD.e.2157","type":"node","value":{"attributes":{"class":"thumbnail relative cursor-pointer outline-none"},"childNodeCount":1,"localName":"div","namespaceURI":"http://www.w3.org/1999/xhtml","nodeType":1,"shadowRoot":null}},{"sharedId":"f.8AA54734AA77FC8FA71C50576EE7DE7A.d.81896DEF35B35D6ACD8ACA98F9D48BFD.e.2158","type":"node","value":{"attributes":{"class":"relative","style":"height: 38.6rem; min-width: 25.2rem; border-radius: 0.4rem; box-shadow: transparent 0px 0px 0px 0.3rem; transform: scale(1); transition: box-shadow 0.2s, transform 0.2s ease-in;"},"childNodeCount":1,"localName":"div","namespaceURI":"http://www.w3.org/1999/xhtml","nodeType":1,"shadowRoot":null}},{"sharedId":"f.8AA54734AA77FC8FA71C50576EE7DE7A.d.81896DEF35B35D6ACD8ACA98F9D48BFD.e.2159","type":"node","value":{"attributes":{"class":"relative overflow-hidden","style":"width: 25.2rem; height: 100%; transition: width 0.3s;"},"childNodeCount":2,"localName":"div","namespaceURI":"http://www.w3.org/1999/xhtml","nodeType":1,"shadowRoot":null}},{"sharedId":"f.8AA54734AA77FC8FA71C50576EE7DE7A.d.81896DEF35B35D6ACD8ACA98F9D48BFD.e.2160","type":"node","value":{"attributes":{"class":"absolute inset-0 z-0 h-full hidden"},"childNodeCount":1,"localName":"div","namespaceURI":"http://www.w3.org/1999/xhtml","nodeType":1,"shadowRoot":null}},{"sharedId":"f.8AA54734AA77FC8FA71C50576EE7DE7A.d.81896DEF35B35D6ACD8ACA98F9D48BFD.e.2161","type":"node","value":{"attributes":{"class":"absolute inset-0 flex h-full items-center justify-center overflow-hidden text-ellipsis break-words p-[0.5rem] text-center","style":"width: 25.2rem; background-color: rgb(66, 66, 66); border-radius: 0.4rem;"},"childNodeCount":1,"localName":"div","namespaceURI":"http://www.w3.org/1999/xhtml","nodeType":1,"shadowRoot":null}},{"sharedId":"f.8AA54734AA77FC8FA71C50576EE7DE7A.d.81896DEF35B35D6ACD8ACA98F9D48BFD.e.2162","type":"node","value":{"attributes":{"class":"max-w-full whitespace-normal break-words text-[2.4rem] font-semibold"},"childNodeCount":1,"localName":"p","namespaceURI":"http://www.w3.org/1999/xhtml","nodeType":1,"shadowRoot":null}},{"sharedId":"f.8AA54734AA77FC8FA71C50576EE7DE7A.d.81896DEF35B35D6ACD8ACA98F9D48BFD.e.2163","type":"node","value":{"attributes":{"alt":"Kasal","class":"absolute inset-0 z-10 h-full w-full","src":"https://pql-static.abs-cbn.com/images/kasal2018.thumb-portrait.jpg?im_policy=portraitThumb_tv_fhd","style":"object-fit: cover; border-radius: 0.4rem;"},"childNodeCount":0,"localName":"img","namespaceURI":"http://www.w3.org/1999/xhtml","nodeType":1,"shadowRoot":null}},{"sharedId":"f.8AA54734AA77FC8FA71C50576EE7DE7A.d.81896DEF35B35D6ACD8ACA98F9D48BFD.e.2164","type":"node","value":{"attributes":{"class":"thumbnail relative cursor-pointer outline-none"},"childNodeCount":1,"localName":"div","namespaceURI":"http://www.w3.org/1999/xhtml","nodeType":1,"shadowRoot":null}},{"sharedId":"f.8AA54734AA77FC8FA71C50576EE7DE7A.d.81896DEF35B35D6ACD8ACA98F9D48BFD.e.2165","type":"node","value":{"attributes":{"class":"relative","style":"height: 38.6rem; min-width: 25.2rem; border-radius: 0.4rem; box-shadow: transparent 0px 0px 0px 0.3rem; transform: scale(1); transition: box-shadow 0.2s, transform 0.2s ease-in;"},"childNodeCount":1,"localName":"div","namespaceURI":"http://www.w3.org/1999/xhtml","nodeType":1,"shadowRoot":null}},{"sharedId":"f.8AA54734AA77FC8FA71C50576EE7DE7A.d.81896DEF35B35D6ACD8ACA98F9D48BFD.e.2166","type":"node","value":{"attributes":{"class":"relative overflow-hidden","style":"width: 25.2rem; height: 100%; transition: width 0.3s;"},"childNodeCount":2,"localName":"div","namespaceURI":"http://www.w3.org/1999/xhtml","nodeType":1,"shadowRoot":null}},{"sharedId":"f.8AA54734AA77FC8FA71C50576EE7DE7A.d.81896DEF35B35D6ACD8ACA98F9D48BFD.e.2167","type":"node","value":{"attributes":{"class":"absolute inset-0 z-0 h-full hidden"},"childNodeCount":1,"localName":"div","namespaceURI":"http://www.w3.org/1999/xhtml","nodeType":1,"shadowRoot":null}},{"sharedId":"f.8AA54734AA77FC8FA71C50576EE7DE7A.d.81896DEF35B35D6ACD8ACA98F9D48BFD.e.2168","type":"node","value":{"attributes":{"class":"absolute inset-0 flex h-full items-center justify-center overflow-hidden text-ellipsis break-words p-[0.5rem] text-center","style":"width: 25.2rem; background-color: rgb(66, 66, 66); border-radius: 0.4rem;"},"childNodeCount":1,"localName":"div","namespaceURI":"http://www.w3.org/1999/xhtml","nodeType":1,"shadowRoot":null}},{"sharedId":"f.8AA54734AA77FC8FA71C50576EE7DE7A.d.81896DEF35B35D6ACD8ACA98F9D48BFD.e.2169","type":"node","value":{"attributes":{"class":"max-w-full whitespace-normal break-words text-[2.4rem] font-semibold"},"childNodeCount":1,"localName":"p","namespaceURI":"http://www.w3.org/1999/xhtml","nodeType":1,"shadowRoot":null}},{"sharedId":"f.8AA54734AA77FC8FA71C50576EE7DE7A.d.81896DEF35B35D6ACD8ACA98F9D48BFD.e.2170","type":"node","value":{"attributes":{"alt":"Loving in Tandem","class":"absolute inset-0 z-10 h-full w-full","src":"https://pql-static.abs-cbn.com/images/lovingintandem.thumb-portrait.jpg?im_policy=portraitThumb_tv_fhd","style":"object-fit: cover; border-radius: 0.4rem;"},"childNodeCount":0,"localName":"img","namespaceURI":"http://www.w3.org/1999/xhtml","nodeType":1,"shadowRoot":null}},{"sharedId":"f.8AA54734AA77FC8FA71C50576EE7DE7A.d.81896DEF35B35D6ACD8ACA98F9D48BFD.e.2171","type":"node","value":{"attributes":{"class":"extra-space h-[10rem] w-full bg-iw-black"},"childNodeCount":0,"localName":"div","namespaceURI":"http://www.w3.org/1999/xhtml","nodeType":1,"shadowRoot":null}},{"sharedId":"f.8AA54734AA77FC8FA71C50576EE7DE7A.d.81896DEF35B35D6ACD8ACA98F9D48BFD.e.2172","type":"node","value":{"attributes":{"class":"footer font-poppins bottom-0 flex h-[36rem] w-full flex-col items-center justify-center bg-iw-black text-iw-white","style":"position: relative;"},"childNodeCount":5,"localName":"div","namespaceURI":"http://www.w3.org/1999/xhtml","nodeType":1,"shadowRoot":null}},{"sharedId":"f.8AA54734AA77FC8FA71C50576EE7DE7A.d.81896DEF35B35D6ACD8ACA98F9D48BFD.e.2173","type":"node","value":{"attributes":{"class":"logo relative m-[2.4rem] flex h-[5.6rem] w-[14rem] items-center justify-center"},"childNodeCount":1,"localName":"div","namespaceURI":"http://www.w3.org/1999/xhtml","nodeType":1,"shadowRoot":null}},{"sharedId":"f.8AA54734AA77FC8FA71C50576EE7DE7A.d.81896DEF35B35D6ACD8ACA98F9D48BFD.e.2174","type":"node","value":{"attributes":{"alt":"iWant","class":"h-auto max-h-full w-auto max-w-full object-contain","data-nimg":"fill","decoding":"async","src":"/iwant_full_logo.svg","style":"position: absolute; height: 100%; width: 100%; inset: 0px; color: transparent;"},"childNodeCount":0,"localName":"img","namespaceURI":"http://www.w3.org/1999/xhtml","nodeType":1,"shadowRoot":null}},{"sharedId":"f.8AA54734AA77FC8FA71C50576EE7DE7A.d.81896DEF35B35D6ACD8ACA98F9D48BFD.e.2175","type":"node","value":{"attributes":{"class":"flex items-center justify-center"},"childNodeCount":1,"localName":"div","namespaceURI":"http://www.w3.org/1999/xhtml","nodeType":1,"shadowRoot":null}},{"sharedId":"f.8AA54734AA77FC8FA71C50576EE7DE7A.d.81896DEF35B35D6ACD8ACA98F9D48BFD.e.2176","type":"node","value":{"attributes":{"class":"text-[1.6rem] text-iw-white"},"childNodeCount":2,"localName":"p","namespaceURI":"http://www.w3.org/1999/xhtml","nodeType":1,"shadowRoot":null}},{"sharedId":"f.8AA54734AA77FC8FA71C50576EE7DE7A.d.81896DEF35B35D6ACD8ACA98F9D48BFD.e.2177","type":"node","value":{"attributes":{"class":"footer-actions m-[2.4rem] flex h-[2.4rem] max-w-[90%] items-center text-[1.6rem] font-medium leading-normal tracking-[0.32px]"},"childNodeCount":4,"localName":"div","namespaceURI":"http://www.w3.org/1999/xhtml","nodeType":1,"shadowRoot":null}},{"sharedId":"f.8AA54734AA77FC8FA71C50576EE7DE7A.d.81896DEF35B35D6ACD8ACA98F9D48BFD.e.2178","type":"node","value":{"attributes":{"class":"px-[3.2rem]"},"childNodeCount":1,"localName":"div","namespaceURI":"http://www.w3.org/1999/xhtml","nodeType":1,"shadowRoot":null}},{"sharedId":"f.8AA54734AA77FC8FA71C50576EE7DE7A.d.81896DEF35B35D6ACD8ACA98F9D48BFD.e.2179","type":"node","value":{"attributes":{"href":"https://help.iwanttfc.com/support/home","target":"_blank"},"childNodeCount":1,"localName":"a","namespaceURI":"http://www.w3.org/1999/xhtml","nodeType":1,"shadowRoot":null}},{"sharedId":"f.8AA54734AA77FC8FA71C50576EE7DE7A.d.81896DEF35B35D6ACD8ACA98F9D48BFD.e.2180","type":"node","value":{"attributes":{"class":"px-[3.2rem]"},"childNodeCount":1,"localName":"div","namespaceURI":"http://www.w3.org/1999/xhtml","nodeType":1,"shadowRoot":null}},{"sharedId":"f.8AA54734AA77FC8FA71C50576EE7DE7A.d.81896DEF35B35D6ACD8ACA98F9D48BFD.e.2181","type":"node","value":{"attributes":{"href":"https://www.iwanttfc.com/legal/terms-and-conditions/introduction/","target":"_blank"},"childNodeCount":1,"localName":"a","namespaceURI":"http://www.w3.org/1999/xhtml","nodeType":1,"shadowRoot":null}},{"sharedId":"f.8AA54734AA77FC8FA71C50576EE7DE7A.d.81896DEF35B35D6ACD8ACA98F9D48BFD.e.2182","type":"node","value":{"attributes":{"class":"px-[3.2rem]"},"childNodeCount":1,"localName":"div","namespaceURI":"http://www.w3.org/1999/xhtml","nodeType":1,"shadowRoot":null}},{"sharedId":"f.8AA54734AA77FC8FA71C50576EE7DE7A.d.81896DEF35B35D6ACD8ACA98F9D48BFD.e.2183","type":"node","value":{"attributes":{"href":"https://www.iwanttfc.com/legal/privacy-notice/introduction","target":"_blank"},"childNodeCount":1,"localName":"a","namespaceURI":"http://www.w3.org/1999/xhtml","nodeType":1,"shadowRoot":null}},{"sharedId":"f.8AA54734AA77FC8FA71C50576EE7DE7A.d.81896DEF35B35D6ACD8ACA98F9D48BFD.e.2184","type":"node","value":{"attributes":{"class":"px-[3.2rem]"},"childNodeCount":1,"localName":"div","namespaceURI":"http://www.w3.org/1999/xhtml","nodeType":1,"shadowRoot":null}},{"sharedId":"f.8AA54734AA77FC8FA71C50576EE7DE7A.d.81896DEF35B35D6ACD8ACA98F9D48BFD.e.2185","type":"node","value":{"attributes":{"href":"https://www.iwanttfc.com/legal/cookie-policy","target":"_blank"},"childNodeCount":1,"localName":"a","namespaceURI":"http://www.w3.org/1999/xhtml","nodeType":1,"shadowRoot":null}},{"sharedId":"f.8AA54734AA77FC8FA71C50576EE7DE7A.d.81896DEF35B35D6ACD8ACA98F9D48BFD.e.2186","type":"node","value":{"attributes":{"class":"footer-social-media relative m-[2.4rem] flex h-[3.2rem] w-[30rem] justify-between"},"childNodeCount":5,"localName":"div","namespaceURI":"http://www.w3.org/1999/xhtml","nodeType":1,"shadowRoot":null}},{"sharedId":"f.8AA54734AA77FC8FA71C50576EE7DE7A.d.81896DEF35B35D6ACD8ACA98F9D48BFD.e.2187","type":"node","value":{"attributes":{"class":"flex h-[3.2rem] w-[3.2rem] items-center justify-center"},"childNodeCount":1,"localName":"span","namespaceURI":"http://www.w3.org/1999/xhtml","nodeType":1,"shadowRoot":null}},{"sharedId":"f.8AA54734AA77FC8FA71C50576EE7DE7A.d.81896DEF35B35D6ACD8ACA98F9D48BFD.e.2188","type":"node","value":{"attributes":{"href":"https://web.facebook.com/OfficialiWant","target":"_blank"},"childNodeCount":1,"localName":"a","namespaceURI":"http://www.w3.org/1999/xhtml","nodeType":1,"shadowRoot":null}},{"sharedId":"f.8AA54734AA77FC8FA71C50576EE7DE7A.d.81896DEF35B35D6ACD8ACA98F9D48BFD.e.2189","type":"node","value":{"attributes":{"alt":"Facebook","class":"h-auto max-h-full w-auto max-w-full object-contain","data-nimg":"1","decoding":"async","height":"32","src":"/assets/icons/facebook.svg","style":"color: transparent;","width":"32"},"childNodeCount":0,"localName":"img","namespaceURI":"http://www.w3.org/1999/xhtml","nodeType":1,"shadowRoot":null}},{"sharedId":"f.8AA54734AA77FC8FA71C50576EE7DE7A.d.81896DEF35B35D6ACD8ACA98F9D48BFD.e.2190","type":"node","value":{"attributes":{"class":"flex h-[3.2rem] w-[3.2rem] items-center justify-center"},"childNodeCount":1,"localName":"span","namespaceURI":"http://www.w3.org/1999/xhtml","nodeType":1,"shadowRoot":null}},{"sharedId":"f.8AA54734AA77FC8FA71C50576EE7DE7A.d.81896DEF35B35D6ACD8ACA98F9D48BFD.e.2191","type":"node","value":{"attributes":{"href":"https://www.instagram.com/iwantofficial","target":"_blank"},"childNodeCount":1,"localName":"a","namespaceURI":"http://www.w3.org/1999/xhtml","nodeType":1,"shadowRoot":null}},{"sharedId":"f.8AA54734AA77FC8FA71C50576EE7DE7A.d.81896DEF35B35D6ACD8ACA98F9D48BFD.e.2192","type":"node","value":{"attributes":{"alt":"Instagram","class":"h-auto max-h-full w-auto max-w-full object-contain","data-nimg":"1","decoding":"async","height":"32","src":"/assets/icons/instagram.svg","style":"color: transparent;","width":"32"},"childNodeCount":0,"localName":"img","namespaceURI":"http://www.w3.org/1999/xhtml","nodeType":1,"shadowRoot":null}},{"sharedId":"f.8AA54734AA77FC8FA71C50576EE7DE7A.d.81896DEF35B35D6ACD8ACA98F9D48BFD.e.2193","type":"node","value":{"attributes":{"class":"flex h-[3.2rem] w-[3.2rem] items-center justify-center"},"childNodeCount":1,"localName":"span","namespaceURI":"http://www.w3.org/1999/xhtml","nodeType":1,"shadowRoot":null}},{"sharedId":"f.8AA54734AA77FC8FA71C50576EE7DE7A.d.81896DEF35B35D6ACD8ACA98F9D48BFD.e.2194","type":"node","value":{"attributes":{"href":"https://www.tiktok.com/@officialiwant","target":"_blank"},"childNodeCount":1,"localName":"a","namespaceURI":"http://www.w3.org/1999/xhtml","nodeType":1,"shadowRoot":null}},{"sharedId":"f.8AA54734AA77FC8FA71C50576EE7DE7A.d.81896DEF35B35D6ACD8ACA98F9D48BFD.e.2195","type":"node","value":{"attributes":{"alt":"TikTok","class":"h-auto max-h-full w-auto max-w-full object-contain","data-nimg":"1","decoding":"async","height":"32","src":"/assets/icons/tiktok.svg","style":"color: transparent;","width":"32"},"childNodeCount":0,"localName":"img","namespaceURI":"http://www.w3.org/1999/xhtml","nodeType":1,"shadowRoot":null}},{"sharedId":"f.8AA54734AA77FC8FA71C50576EE7DE7A.d.81896DEF35B35D6ACD8ACA98F9D48BFD.e.2196","type":"node","value":{"attributes":{"class":"flex h-[3.2rem] w-[3.2rem] items-center justify-center"},"childNodeCount":1,"localName":"span","namespaceURI":"http://www.w3.org/1999/xhtml","nodeType":1,"shadowRoot":null}},{"sharedId":"f.8AA54734AA77FC8FA71C50576EE7DE7A.d.81896DEF35B35D6ACD8ACA98F9D48BFD.e.2197","type":"node","value":{"attributes":{"href":"https://x.com/ofc_iwant","target":"_blank"},"childNodeCount":1,"localName":"a","namespaceURI":"http://www.w3.org/1999/xhtml","nodeType":1,"shadowRoot":null}},{"sharedId":"f.8AA54734AA77FC8FA71C50576EE7DE7A.d.81896DEF35B35D6ACD8ACA98F9D48BFD.e.2198","type":"node","value":{"attributes":{"alt":"X","class":"h-auto max-h-full w-auto max-w-full object-contain","data-nimg":"1","decoding":"async","height":"32","src":"/assets/icons/twitter.svg","style":"color: transparent;","width":"32"},"childNodeCount":0,"localName":"img","namespaceURI":"http://www.w3.org/1999/xhtml","nodeType":1,"shadowRoot":null}},{"sharedId":"f.8AA54734AA77FC8FA71C50576EE7DE7A.d.81896DEF35B35D6ACD8ACA98F9D48BFD.e.2199","type":"node","value":{"attributes":{"class":"flex h-[3.2rem] w-[3.2rem] items-center justify-center"},"childNodeCount":1,"localName":"span","namespaceURI":"http://www.w3.org/1999/xhtml","nodeType":1,"shadowRoot":null}},{"sharedId":"f.8AA54734AA77FC8FA71C50576EE7DE7A.d.81896DEF35B35D6ACD8ACA98F9D48BFD.e.2200","type":"node","value":{"attributes":{"href":"https://www.youtube.com/@iWant","target":"_blank"},"childNodeCount":1,"localName":"a","namespaceURI":"http://www.w3.org/1999/xhtml","nodeType":1,"shadowRoot":null}},{"sharedId":"f.8AA54734AA77FC8FA71C50576EE7DE7A.d.81896DEF35B35D6ACD8ACA98F9D48BFD.e.2201","type":"node","value":{"attributes":{"alt":"Youtube","class":"h-auto max-h-full w-auto max-w-full object-contain","data-nimg":"1","decoding":"async","height":"32","src":"/assets/icons/youtube.svg","style":"color: transparent;","width":"32"},"childNodeCount":0,"localName":"img","namespaceURI":"http://www.w3.org/1999/xhtml","nodeType":1,"shadowRoot":null}},{"sharedId":"f.8AA54734AA77FC8FA71C50576EE7DE7A.d.81896DEF35B35D6ACD8ACA98F9D48BFD.e.2202","type":"node","value":{"attributes":{"class":"footer-copyright decoration-skip-ink-none m-[2.4rem] flex text-center text-[1.2rem] font-normal leading-[1.8rem] tracking-[0.04em] opacity-80"},"childNodeCount":1,"localName":"div","namespaceURI":"http://www.w3.org/1999/xhtml","nodeType":1,"shadowRoot":null}},{"sharedId":"f.8AA54734AA77FC8FA71C50576EE7DE7A.d.81896DEF35B35D6ACD8ACA98F9D48BFD.e.2203","type":"node","value":{"attributes":{"class":"flex items-center"},"childNodeCount":1,"localName":"div","namespaceURI":"http://www.w3.org/1999/xhtml","nodeType":1,"shadowRoot":null}},{"sharedId":"f.8AA54734AA77FC8FA71C50576EE7DE7A.d.81896DEF35B35D6ACD8ACA98F9D48BFD.e.2204","type":"node","value":{"attributes":{},"childNodeCount":1,"localName":"p","namespaceURI":"http://www.w3.org/1999/xhtml","nodeType":1,"shadowRoot":null}},{"sharedId":"f.8AA54734AA77FC8FA71C50576EE7DE7A.d.81896DEF35B35D6ACD8ACA98F9D48BFD.e.2205","type":"node","value":{"attributes":{"id":"goog_plcm_frame","src":"https://cm.g.doubleclick.net/partnerpixels?gdpr=0&url=https%3A%2F%2Fuat.iwanttfc.com%2F","style":"display: none;"},"childNodeCount":0,"localName":"iframe","namespaceURI":"http://www.w3.org/1999/xhtml","nodeType":1,"shadowRoot":null}},{"sharedId":"f.8AA54734AA77FC8FA71C50576EE7DE7A.d.81896DEF35B35D6ACD8ACA98F9D48BFD.e.2206","type":"node","value":{"attributes":{"aria-live":"assertive","id":"__next-route-announcer__","role":"alert","style":"position: absolute; border: 0px; height: 1px; margin: -1px; padding: 0px; width: 1px; clip: rect(0px, 0px, 0px, 0px); overflow: hidden; white-space: nowrap; overflow-wrap: normal;"},"childNodeCount":0,"localName":"div","namespaceURI":"http://www.w3.org/1999/xhtml","nodeType":1,"shadowRoot":null}}]},"type":"success"}
[0-0] 
[0-0] ===== SEARCHING FOR "SIGN IN" TEXT =====
[0-0] 
[0-0] 2026-02-16T07:37:43.352Z INFO webdriver: COMMAND getElementText("f.8AA54734AA77FC8FA71C50576EE7DE7A.d.81896DEF35B35D6ACD8ACA98F9D48BFD.e.38")
[0-0] 2026-02-16T07:37:43.353Z INFO webdriver: [GET] http://localhost:57033/session/b76876907725149ab99c7c8c36f96a74/element/f.8AA54734AA77FC8FA71C50576EE7DE7A.d.81896DEF35B35D6ACD8ACA98F9D48BFD.e.38/text
[0-0] 2026-02-16T07:37:43.846Z INFO webdriver: RESULT 
[0-0] 2026-02-16T07:37:43.847Z INFO webdriver: COMMAND getElementText("f.8AA54734AA77FC8FA71C50576EE7DE7A.d.81896DEF35B35D6ACD8ACA98F9D48BFD.e.39")
[0-0] 2026-02-16T07:37:43.847Z INFO webdriver: [GET] http://localhost:57033/session/b76876907725149ab99c7c8c36f96a74/element/f.8AA54734AA77FC8FA71C50576EE7DE7A.d.81896DEF35B35D6ACD8ACA98F9D48BFD.e.39/text
[0-0] 2026-02-16T07:37:43.864Z INFO webdriver: RESULT 
[0-0] 2026-02-16T07:37:43.865Z INFO webdriver: COMMAND getElementText("f.8AA54734AA77FC8FA71C50576EE7DE7A.d.81896DEF35B35D6ACD8ACA98F9D48BFD.e.40")
[0-0] 2026-02-16T07:37:43.865Z INFO webdriver: [GET] http://localhost:57033/session/b76876907725149ab99c7c8c36f96a74/element/f.8AA54734AA77FC8FA71C50576EE7DE7A.d.81896DEF35B35D6ACD8ACA98F9D48BFD.e.40/text
[0-0] 2026-02-16T07:37:43.877Z INFO webdriver: RESULT 
[0-0] 2026-02-16T07:37:43.877Z INFO webdriver: COMMAND getElementText("f.8AA54734AA77FC8FA71C50576EE7DE7A.d.81896DEF35B35D6ACD8ACA98F9D48BFD.e.41")
[0-0] 2026-02-16T07:37:43.878Z INFO webdriver: [GET] http://localhost:57033/session/b76876907725149ab99c7c8c36f96a74/element/f.8AA54734AA77FC8FA71C50576EE7DE7A.d.81896DEF35B35D6ACD8ACA98F9D48BFD.e.41/text
[0-0] 2026-02-16T07:37:43.889Z INFO webdriver: RESULT 
[0-0] 2026-02-16T07:37:43.889Z INFO webdriver: COMMAND getElementText("f.8AA54734AA77FC8FA71C50576EE7DE7A.d.81896DEF35B35D6ACD8ACA98F9D48BFD.e.42")
[0-0] 2026-02-16T07:37:43.892Z INFO webdriver: [GET] http://localhost:57033/session/b76876907725149ab99c7c8c36f96a74/element/f.8AA54734AA77FC8FA71C50576EE7DE7A.d.81896DEF35B35D6ACD8ACA98F9D48BFD.e.42/text
[0-0] 2026-02-16T07:37:43.902Z INFO webdriver: RESULT 
[0-0] 2026-02-16T07:37:43.903Z INFO webdriver: COMMAND getElementText("f.8AA54734AA77FC8FA71C50576EE7DE7A.d.81896DEF35B35D6ACD8ACA98F9D48BFD.e.43")
[0-0] 2026-02-16T07:37:43.904Z INFO webdriver: [GET] http://localhost:57033/session/b76876907725149ab99c7c8c36f96a74/element/f.8AA54734AA77FC8FA71C50576EE7DE7A.d.81896DEF35B35D6ACD8ACA98F9D48BFD.e.43/text
[0-0] 2026-02-16T07:37:43.916Z INFO webdriver: RESULT 
[0-0] 2026-02-16T07:37:43.917Z INFO webdriver: COMMAND getElementText("f.8AA54734AA77FC8FA71C50576EE7DE7A.d.81896DEF35B35D6ACD8ACA98F9D48BFD.e.44")
[0-0] 2026-02-16T07:37:43.917Z INFO webdriver: [GET] http://localhost:57033/session/b76876907725149ab99c7c8c36f96a74/element/f.8AA54734AA77FC8FA71C50576EE7DE7A.d.81896DEF35B35D6ACD8ACA98F9D48BFD.e.44/text
[0-0] 2026-02-16T07:37:43.927Z INFO webdriver: RESULT 
[0-0] 2026-02-16T07:37:43.928Z INFO webdriver: COMMAND getElementText("f.8AA54734AA77FC8FA71C50576EE7DE7A.d.81896DEF35B35D6ACD8ACA98F9D48BFD.e.45")
[0-0] 2026-02-16T07:37:43.928Z INFO webdriver: [GET] http://localhost:57033/session/b76876907725149ab99c7c8c36f96a74/element/f.8AA54734AA77FC8FA71C50576EE7DE7A.d.81896DEF35B35D6ACD8ACA98F9D48BFD.e.45/text
[0-0] 2026-02-16T07:37:43.936Z INFO webdriver: RESULT 
[0-0] 2026-02-16T07:37:43.938Z INFO webdriver: COMMAND getElementText("f.8AA54734AA77FC8FA71C50576EE7DE7A.d.81896DEF35B35D6ACD8ACA98F9D48BFD.e.46")
[0-0] 2026-02-16T07:37:43.940Z INFO webdriver: [GET] http://localhost:57033/session/b76876907725149ab99c7c8c36f96a74/element/f.8AA54734AA77FC8FA71C50576EE7DE7A.d.81896DEF35B35D6ACD8ACA98F9D48BFD.e.46/text
[0-0] 2026-02-16T07:37:43.949Z INFO webdriver: RESULT 
[0-0] 2026-02-16T07:37:43.949Z INFO webdriver: COMMAND getElementText("f.8AA54734AA77FC8FA71C50576EE7DE7A.d.81896DEF35B35D6ACD8ACA98F9D48BFD.e.47")
[0-0] 2026-02-16T07:37:43.950Z INFO webdriver: [GET] http://localhost:57033/session/b76876907725149ab99c7c8c36f96a74/element/f.8AA54734AA77FC8FA71C50576EE7DE7A.d.81896DEF35B35D6ACD8ACA98F9D48BFD.e.47/text
[0-0] 2026-02-16T07:37:43.958Z INFO webdriver: RESULT 
[0-0] 2026-02-16T07:37:43.959Z INFO webdriver: COMMAND getElementText("f.8AA54734AA77FC8FA71C50576EE7DE7A.d.81896DEF35B35D6ACD8ACA98F9D48BFD.e.48")
[0-0] 2026-02-16T07:37:43.959Z INFO webdriver: [GET] http://localhost:57033/session/b76876907725149ab99c7c8c36f96a74/element/f.8AA54734AA77FC8FA71C50576EE7DE7A.d.81896DEF35B35D6ACD8ACA98F9D48BFD.e.48/text
[0-0] 2026-02-16T07:37:43.967Z INFO webdriver: RESULT 
[0-0] 2026-02-16T07:37:43.968Z INFO webdriver: COMMAND getElementText("f.8AA54734AA77FC8FA71C50576EE7DE7A.d.81896DEF35B35D6ACD8ACA98F9D48BFD.e.49")
[0-0] 2026-02-16T07:37:43.968Z INFO webdriver: [GET] http://localhost:57033/session/b76876907725149ab99c7c8c36f96a74/element/f.8AA54734AA77FC8FA71C50576EE7DE7A.d.81896DEF35B35D6ACD8ACA98F9D48BFD.e.49/text
[0-0] 2026-02-16T07:37:43.976Z INFO webdriver: RESULT 
[0-0] 2026-02-16T07:37:43.977Z INFO webdriver: COMMAND getElementText("f.8AA54734AA77FC8FA71C50576EE7DE7A.d.81896DEF35B35D6ACD8ACA98F9D48BFD.e.50")
[0-0] 2026-02-16T07:37:43.977Z INFO webdriver: [GET] http://localhost:57033/session/b76876907725149ab99c7c8c36f96a74/element/f.8AA54734AA77FC8FA71C50576EE7DE7A.d.81896DEF35B35D6ACD8ACA98F9D48BFD.e.50/text
[0-0] 2026-02-16T07:37:43.983Z INFO webdriver: RESULT 
[0-0] 2026-02-16T07:37:43.984Z INFO webdriver: COMMAND getElementText("f.8AA54734AA77FC8FA71C50576EE7DE7A.d.81896DEF35B35D6ACD8ACA98F9D48BFD.e.51")
[0-0] 2026-02-16T07:37:43.984Z INFO webdriver: [GET] http://localhost:57033/session/b76876907725149ab99c7c8c36f96a74/element/f.8AA54734AA77FC8FA71C50576EE7DE7A.d.81896DEF35B35D6ACD8ACA98F9D48BFD.e.51/text
[0-0] 2026-02-16T07:37:43.990Z INFO webdriver: RESULT 
[0-0] 2026-02-16T07:37:43.991Z INFO webdriver: COMMAND getElementText("f.8AA54734AA77FC8FA71C50576EE7DE7A.d.81896DEF35B35D6ACD8ACA98F9D48BFD.e.52")
[0-0] 2026-02-16T07:37:43.991Z INFO webdriver: [GET] http://localhost:57033/session/b76876907725149ab99c7c8c36f96a74/element/f.8AA54734AA77FC8FA71C50576EE7DE7A.d.81896DEF35B35D6ACD8ACA98F9D48BFD.e.52/text
[0-0] 2026-02-16T07:37:43.998Z INFO webdriver: RESULT 
[0-0] 2026-02-16T07:37:43.999Z INFO webdriver: COMMAND getElementText("f.8AA54734AA77FC8FA71C50576EE7DE7A.d.81896DEF35B35D6ACD8ACA98F9D48BFD.e.53")
[0-0] 2026-02-16T07:37:43.999Z INFO webdriver: [GET] http://localhost:57033/session/b76876907725149ab99c7c8c36f96a74/element/f.8AA54734AA77FC8FA71C50576EE7DE7A.d.81896DEF35B35D6ACD8ACA98F9D48BFD.e.53/text
[0-0] 2026-02-16T07:37:44.005Z INFO webdriver: RESULT 
[0-0] 2026-02-16T07:37:44.007Z INFO webdriver: COMMAND getElementText("f.8AA54734AA77FC8FA71C50576EE7DE7A.d.81896DEF35B35D6ACD8ACA98F9D48BFD.e.54")
[0-0] 2026-02-16T07:37:44.007Z INFO webdriver: [GET] http://localhost:57033/session/b76876907725149ab99c7c8c36f96a74/element/f.8AA54734AA77FC8FA71C50576EE7DE7A.d.81896DEF35B35D6ACD8ACA98F9D48BFD.e.54/text
[0-0] 2026-02-16T07:37:44.016Z INFO webdriver: RESULT 
[0-0] 2026-02-16T07:37:44.018Z INFO webdriver: COMMAND getElementText("f.8AA54734AA77FC8FA71C50576EE7DE7A.d.81896DEF35B35D6ACD8ACA98F9D48BFD.e.55")
[0-0] 2026-02-16T07:37:44.018Z INFO webdriver: [GET] http://localhost:57033/session/b76876907725149ab99c7c8c36f96a74/element/f.8AA54734AA77FC8FA71C50576EE7DE7A.d.81896DEF35B35D6ACD8ACA98F9D48BFD.e.55/text
[0-0] 2026-02-16T07:37:44.044Z INFO webdriver: RESULT 
[0-0] 2026-02-16T07:37:44.045Z INFO webdriver: COMMAND getElementText("f.8AA54734AA77FC8FA71C50576EE7DE7A.d.81896DEF35B35D6ACD8ACA98F9D48BFD.e.56")
[0-0] 2026-02-16T07:37:44.045Z INFO webdriver: [GET] http://localhost:57033/session/b76876907725149ab99c7c8c36f96a74/element/f.8AA54734AA77FC8FA71C50576EE7DE7A.d.81896DEF35B35D6ACD8ACA98F9D48BFD.e.56/text
[0-0] 2026-02-16T07:37:44.055Z INFO webdriver: RESULT 
[0-0] 2026-02-16T07:37:44.056Z INFO webdriver: COMMAND getElementText("f.8AA54734AA77FC8FA71C50576EE7DE7A.d.81896DEF35B35D6ACD8ACA98F9D48BFD.e.57")
[0-0] 2026-02-16T07:37:44.056Z INFO webdriver: [GET] http://localhost:57033/session/b76876907725149ab99c7c8c36f96a74/element/f.8AA54734AA77FC8FA71C50576EE7DE7A.d.81896DEF35B35D6ACD8ACA98F9D48BFD.e.57/text
[0-0] 2026-02-16T07:37:44.067Z INFO webdriver: RESULT 
[0-0] 2026-02-16T07:37:44.069Z INFO webdriver: COMMAND getElementText("f.8AA54734AA77FC8FA71C50576EE7DE7A.d.81896DEF35B35D6ACD8ACA98F9D48BFD.e.58")
[0-0] 2026-02-16T07:37:44.069Z INFO webdriver: [GET] http://localhost:57033/session/b76876907725149ab99c7c8c36f96a74/element/f.8AA54734AA77FC8FA71C50576EE7DE7A.d.81896DEF35B35D6ACD8ACA98F9D48BFD.e.58/text
[0-0] 2026-02-16T07:37:44.077Z INFO webdriver: RESULT 
[0-0] 2026-02-16T07:37:44.078Z INFO webdriver: COMMAND getElementText("f.8AA54734AA77FC8FA71C50576EE7DE7A.d.81896DEF35B35D6ACD8ACA98F9D48BFD.e.59")
[0-0] 2026-02-16T07:37:44.079Z INFO webdriver: [GET] http://localhost:57033/session/b76876907725149ab99c7c8c36f96a74/element/f.8AA54734AA77FC8FA71C50576EE7DE7A.d.81896DEF35B35D6ACD8ACA98F9D48BFD.e.59/text
[0-0] 2026-02-16T07:37:44.088Z INFO webdriver: RESULT 
[0-0] 2026-02-16T07:37:44.090Z INFO webdriver: COMMAND getElementText("f.8AA54734AA77FC8FA71C50576EE7DE7A.d.81896DEF35B35D6ACD8ACA98F9D48BFD.e.60")
[0-0] 2026-02-16T07:37:44.091Z INFO webdriver: [GET] http://localhost:57033/session/b76876907725149ab99c7c8c36f96a74/element/f.8AA54734AA77FC8FA71C50576EE7DE7A.d.81896DEF35B35D6ACD8ACA98F9D48BFD.e.60/text
[0-0] 2026-02-16T07:37:44.099Z INFO webdriver: RESULT 
[0-0] 2026-02-16T07:37:44.101Z INFO webdriver: COMMAND getElementText("f.8AA54734AA77FC8FA71C50576EE7DE7A.d.81896DEF35B35D6ACD8ACA98F9D48BFD.e.61")
[0-0] 2026-02-16T07:37:44.101Z INFO webdriver: [GET] http://localhost:57033/session/b76876907725149ab99c7c8c36f96a74/element/f.8AA54734AA77FC8FA71C50576EE7DE7A.d.81896DEF35B35D6ACD8ACA98F9D48BFD.e.61/text
[0-0] 2026-02-16T07:37:44.129Z INFO webdriver: RESULT 
[0-0] 2026-02-16T07:37:44.130Z INFO webdriver: COMMAND getElementText("f.8AA54734AA77FC8FA71C50576EE7DE7A.d.81896DEF35B35D6ACD8ACA98F9D48BFD.e.62")
[0-0] 2026-02-16T07:37:44.130Z INFO webdriver: [GET] http://localhost:57033/session/b76876907725149ab99c7c8c36f96a74/element/f.8AA54734AA77FC8FA71C50576EE7DE7A.d.81896DEF35B35D6ACD8ACA98F9D48BFD.e.62/text
[0-0] 2026-02-16T07:37:44.143Z INFO webdriver: RESULT 
[0-0] 2026-02-16T07:37:44.147Z INFO webdriver: COMMAND getElementText("f.8AA54734AA77FC8FA71C50576EE7DE7A.d.81896DEF35B35D6ACD8ACA98F9D48BFD.e.63")
[0-0] 2026-02-16T07:37:44.148Z INFO webdriver: [GET] http://localhost:57033/session/b76876907725149ab99c7c8c36f96a74/element/f.8AA54734AA77FC8FA71C50576EE7DE7A.d.81896DEF35B35D6ACD8ACA98F9D48BFD.e.63/text
[0-0] 2026-02-16T07:37:44.160Z INFO webdriver: RESULT 
[0-0] 2026-02-16T07:37:44.162Z INFO webdriver: COMMAND getElementText("f.8AA54734AA77FC8FA71C50576EE7DE7A.d.81896DEF35B35D6ACD8ACA98F9D48BFD.e.64")
[0-0] 2026-02-16T07:37:44.162Z INFO webdriver: [GET] http://localhost:57033/session/b76876907725149ab99c7c8c36f96a74/element/f.8AA54734AA77FC8FA71C50576EE7DE7A.d.81896DEF35B35D6ACD8ACA98F9D48BFD.e.64/text
[0-0] 2026-02-16T07:37:44.170Z INFO webdriver: RESULT 
[0-0] 2026-02-16T07:37:44.173Z INFO webdriver: COMMAND getElementText("f.8AA54734AA77FC8FA71C50576EE7DE7A.d.81896DEF35B35D6ACD8ACA98F9D48BFD.e.65")
[0-0] 2026-02-16T07:37:44.174Z INFO webdriver: [GET] http://localhost:57033/session/b76876907725149ab99c7c8c36f96a74/element/f.8AA54734AA77FC8FA71C50576EE7DE7A.d.81896DEF35B35D6ACD8ACA98F9D48BFD.e.65/text
[0-0] 2026-02-16T07:37:44.201Z INFO webdriver: RESULT 
[0-0] 2026-02-16T07:37:44.202Z INFO webdriver: COMMAND getElementText("f.8AA54734AA77FC8FA71C50576EE7DE7A.d.81896DEF35B35D6ACD8ACA98F9D48BFD.e.66")
[0-0] 2026-02-16T07:37:44.202Z INFO webdriver: [GET] http://localhost:57033/session/b76876907725149ab99c7c8c36f96a74/element/f.8AA54734AA77FC8FA71C50576EE7DE7A.d.81896DEF35B35D6ACD8ACA98F9D48BFD.e.66/text
[0-0] 2026-02-16T07:37:44.214Z INFO webdriver: RESULT 
[0-0] 2026-02-16T07:37:44.215Z INFO webdriver: COMMAND getElementText("f.8AA54734AA77FC8FA71C50576EE7DE7A.d.81896DEF35B35D6ACD8ACA98F9D48BFD.e.67")
[0-0] 2026-02-16T07:37:44.216Z INFO webdriver: [GET] http://localhost:57033/session/b76876907725149ab99c7c8c36f96a74/element/f.8AA54734AA77FC8FA71C50576EE7DE7A.d.81896DEF35B35D6ACD8ACA98F9D48BFD.e.67/text
[0-0] 2026-02-16T07:37:44.224Z INFO webdriver: RESULT 
[0-0] 2026-02-16T07:37:44.227Z INFO webdriver: COMMAND getElementText("f.8AA54734AA77FC8FA71C50576EE7DE7A.d.81896DEF35B35D6ACD8ACA98F9D48BFD.e.68")
[0-0] 2026-02-16T07:37:44.229Z INFO webdriver: [GET] http://localhost:57033/session/b76876907725149ab99c7c8c36f96a74/element/f.8AA54734AA77FC8FA71C50576EE7DE7A.d.81896DEF35B35D6ACD8ACA98F9D48BFD.e.68/text
[0-0] 2026-02-16T07:37:44.237Z INFO webdriver: RESULT 
[0-0] 2026-02-16T07:37:44.239Z INFO webdriver: COMMAND getElementText("f.8AA54734AA77FC8FA71C50576EE7DE7A.d.81896DEF35B35D6ACD8ACA98F9D48BFD.e.69")
[0-0] 2026-02-16T07:37:44.239Z INFO webdriver: [GET] http://localhost:57033/session/b76876907725149ab99c7c8c36f96a74/element/f.8AA54734AA77FC8FA71C50576EE7DE7A.d.81896DEF35B35D6ACD8ACA98F9D48BFD.e.69/text
[0-0] 2026-02-16T07:37:44.264Z INFO webdriver: RESULT 
[0-0] 2026-02-16T07:37:44.266Z INFO webdriver: COMMAND getElementText("f.8AA54734AA77FC8FA71C50576EE7DE7A.d.81896DEF35B35D6ACD8ACA98F9D48BFD.e.70")
[0-0] 2026-02-16T07:37:44.266Z INFO webdriver: [GET] http://localhost:57033/session/b76876907725149ab99c7c8c36f96a74/element/f.8AA54734AA77FC8FA71C50576EE7DE7A.d.81896DEF35B35D6ACD8ACA98F9D48BFD.e.70/text
[0-0] 2026-02-16T07:37:44.281Z INFO webdriver: RESULT 
[0-0] 2026-02-16T07:37:44.283Z INFO webdriver: COMMAND getElementText("f.8AA54734AA77FC8FA71C50576EE7DE7A.d.81896DEF35B35D6ACD8ACA98F9D48BFD.e.71")
[0-0] 2026-02-16T07:37:44.283Z INFO webdriver: [GET] http://localhost:57033/session/b76876907725149ab99c7c8c36f96a74/element/f.8AA54734AA77FC8FA71C50576EE7DE7A.d.81896DEF35B35D6ACD8ACA98F9D48BFD.e.71/text
[0-0] 2026-02-16T07:37:44.296Z INFO webdriver: RESULT 
[0-0] 2026-02-16T07:37:44.298Z INFO webdriver: COMMAND getElementText("f.8AA54734AA77FC8FA71C50576EE7DE7A.d.81896DEF35B35D6ACD8ACA98F9D48BFD.e.72")
[0-0] 2026-02-16T07:37:44.298Z INFO webdriver: [GET] http://localhost:57033/session/b76876907725149ab99c7c8c36f96a74/element/f.8AA54734AA77FC8FA71C50576EE7DE7A.d.81896DEF35B35D6ACD8ACA98F9D48BFD.e.72/text
[0-0] 2026-02-16T07:37:44.325Z INFO webdriver: RESULT 
[0-0] 2026-02-16T07:37:44.327Z INFO webdriver: COMMAND getElementText("f.8AA54734AA77FC8FA71C50576EE7DE7A.d.81896DEF35B35D6ACD8ACA98F9D48BFD.e.73")
[0-0] 2026-02-16T07:37:44.328Z INFO webdriver: [GET] http://localhost:57033/session/b76876907725149ab99c7c8c36f96a74/element/f.8AA54734AA77FC8FA71C50576EE7DE7A.d.81896DEF35B35D6ACD8ACA98F9D48BFD.e.73/text
[0-0] 2026-02-16T07:37:44.337Z INFO webdriver: RESULT 
[0-0] 2026-02-16T07:37:44.339Z INFO webdriver: COMMAND getElementText("f.8AA54734AA77FC8FA71C50576EE7DE7A.d.81896DEF35B35D6ACD8ACA98F9D48BFD.e.74")
[0-0] 2026-02-16T07:37:44.339Z INFO webdriver: [GET] http://localhost:57033/session/b76876907725149ab99c7c8c36f96a74/element/f.8AA54734AA77FC8FA71C50576EE7DE7A.d.81896DEF35B35D6ACD8ACA98F9D48BFD.e.74/text
[0-0] 2026-02-16T07:37:44.354Z INFO webdriver: RESULT 
[0-0] 2026-02-16T07:37:44.356Z INFO webdriver: COMMAND getElementText("f.8AA54734AA77FC8FA71C50576EE7DE7A.d.81896DEF35B35D6ACD8ACA98F9D48BFD.e.75")
[0-0] 2026-02-16T07:37:44.357Z INFO webdriver: [GET] http://localhost:57033/session/b76876907725149ab99c7c8c36f96a74/element/f.8AA54734AA77FC8FA71C50576EE7DE7A.d.81896DEF35B35D6ACD8ACA98F9D48BFD.e.75/text
[0-0] 2026-02-16T07:37:44.371Z INFO webdriver: RESULT 
[0-0] 2026-02-16T07:37:44.373Z INFO webdriver: COMMAND getElementText("f.8AA54734AA77FC8FA71C50576EE7DE7A.d.81896DEF35B35D6ACD8ACA98F9D48BFD.e.76")
[0-0] 2026-02-16T07:37:44.373Z INFO webdriver: [GET] http://localhost:57033/session/b76876907725149ab99c7c8c36f96a74/element/f.8AA54734AA77FC8FA71C50576EE7DE7A.d.81896DEF35B35D6ACD8ACA98F9D48BFD.e.76/text
[0-0] 2026-02-16T07:37:44.382Z INFO webdriver: RESULT 
[0-0] 2026-02-16T07:37:44.384Z INFO webdriver: COMMAND getElementText("f.8AA54734AA77FC8FA71C50576EE7DE7A.d.81896DEF35B35D6ACD8ACA98F9D48BFD.e.77")
[0-0] 2026-02-16T07:37:44.384Z INFO webdriver: [GET] http://localhost:57033/session/b76876907725149ab99c7c8c36f96a74/element/f.8AA54734AA77FC8FA71C50576EE7DE7A.d.81896DEF35B35D6ACD8ACA98F9D48BFD.e.77/text
[0-0] 2026-02-16T07:37:44.394Z INFO webdriver: RESULT 
[0-0] 2026-02-16T07:37:44.397Z INFO webdriver: COMMAND getElementText("f.8AA54734AA77FC8FA71C50576EE7DE7A.d.81896DEF35B35D6ACD8ACA98F9D48BFD.e.78")
[0-0] 2026-02-16T07:37:44.398Z INFO webdriver: [GET] http://localhost:57033/session/b76876907725149ab99c7c8c36f96a74/element/f.8AA54734AA77FC8FA71C50576EE7DE7A.d.81896DEF35B35D6ACD8ACA98F9D48BFD.e.78/text
[0-0] 2026-02-16T07:37:44.423Z INFO webdriver: RESULT 
[0-0] 2026-02-16T07:37:44.426Z INFO webdriver: COMMAND getElementText("f.8AA54734AA77FC8FA71C50576EE7DE7A.d.81896DEF35B35D6ACD8ACA98F9D48BFD.e.79")
[0-0] 2026-02-16T07:37:44.426Z INFO webdriver: [GET] http://localhost:57033/session/b76876907725149ab99c7c8c36f96a74/element/f.8AA54734AA77FC8FA71C50576EE7DE7A.d.81896DEF35B35D6ACD8ACA98F9D48BFD.e.79/text
[0-0] 2026-02-16T07:37:44.438Z INFO webdriver: RESULT 
[0-0] 2026-02-16T07:37:44.440Z INFO webdriver: COMMAND getElementText("f.8AA54734AA77FC8FA71C50576EE7DE7A.d.81896DEF35B35D6ACD8ACA98F9D48BFD.e.80")
[0-0] 2026-02-16T07:37:44.441Z INFO webdriver: [GET] http://localhost:57033/session/b76876907725149ab99c7c8c36f96a74/element/f.8AA54734AA77FC8FA71C50576EE7DE7A.d.81896DEF35B35D6ACD8ACA98F9D48BFD.e.80/text
[0-0] 2026-02-16T07:37:44.452Z INFO webdriver: RESULT 
[0-0] 2026-02-16T07:37:44.454Z INFO webdriver: COMMAND getElementText("f.8AA54734AA77FC8FA71C50576EE7DE7A.d.81896DEF35B35D6ACD8ACA98F9D48BFD.e.81")
[0-0] 2026-02-16T07:37:44.454Z INFO webdriver: [GET] http://localhost:57033/session/b76876907725149ab99c7c8c36f96a74/element/f.8AA54734AA77FC8FA71C50576EE7DE7A.d.81896DEF35B35D6ACD8ACA98F9D48BFD.e.81/text
[0-0] 2026-02-16T07:37:44.464Z INFO webdriver: RESULT 
[0-0] 2026-02-16T07:37:44.465Z INFO webdriver: COMMAND getElementText("f.8AA54734AA77FC8FA71C50576EE7DE7A.d.81896DEF35B35D6ACD8ACA98F9D48BFD.e.82")
[0-0] 2026-02-16T07:37:44.466Z INFO webdriver: [GET] http://localhost:57033/session/b76876907725149ab99c7c8c36f96a74/element/f.8AA54734AA77FC8FA71C50576EE7DE7A.d.81896DEF35B35D6ACD8ACA98F9D48BFD.e.82/text
[0-0] 2026-02-16T07:37:44.478Z INFO webdriver: RESULT 
[0-0] 2026-02-16T07:37:44.480Z INFO webdriver: COMMAND getElementText("f.8AA54734AA77FC8FA71C50576EE7DE7A.d.81896DEF35B35D6ACD8ACA98F9D48BFD.e.83")
[0-0] 2026-02-16T07:37:44.480Z INFO webdriver: [GET] http://localhost:57033/session/b76876907725149ab99c7c8c36f96a74/element/f.8AA54734AA77FC8FA71C50576EE7DE7A.d.81896DEF35B35D6ACD8ACA98F9D48BFD.e.83/text
[0-0] 2026-02-16T07:37:44.488Z INFO webdriver: RESULT 
[0-0] 2026-02-16T07:37:44.490Z INFO webdriver: COMMAND getElementText("f.8AA54734AA77FC8FA71C50576EE7DE7A.d.81896DEF35B35D6ACD8ACA98F9D48BFD.e.84")
[0-0] 2026-02-16T07:37:44.490Z INFO webdriver: [GET] http://localhost:57033/session/b76876907725149ab99c7c8c36f96a74/element/f.8AA54734AA77FC8FA71C50576EE7DE7A.d.81896DEF35B35D6ACD8ACA98F9D48BFD.e.84/text
[0-0] 2026-02-16T07:37:44.499Z INFO webdriver: RESULT 
[0-0] 2026-02-16T07:37:44.500Z INFO webdriver: COMMAND getElementText("f.8AA54734AA77FC8FA71C50576EE7DE7A.d.81896DEF35B35D6ACD8ACA98F9D48BFD.e.85")
[0-0] 2026-02-16T07:37:44.500Z INFO webdriver: [GET] http://localhost:57033/session/b76876907725149ab99c7c8c36f96a74/element/f.8AA54734AA77FC8FA71C50576EE7DE7A.d.81896DEF35B35D6ACD8ACA98F9D48BFD.e.85/text
[0-0] 2026-02-16T07:37:44.510Z INFO webdriver: RESULT 
[0-0] 2026-02-16T07:37:44.512Z INFO webdriver: COMMAND getElementText("f.8AA54734AA77FC8FA71C50576EE7DE7A.d.81896DEF35B35D6ACD8ACA98F9D48BFD.e.86")
[0-0] 2026-02-16T07:37:44.512Z INFO webdriver: [GET] http://localhost:57033/session/b76876907725149ab99c7c8c36f96a74/element/f.8AA54734AA77FC8FA71C50576EE7DE7A.d.81896DEF35B35D6ACD8ACA98F9D48BFD.e.86/text
[0-0] 2026-02-16T07:37:44.521Z INFO webdriver: RESULT 
[0-0] 2026-02-16T07:37:44.524Z INFO webdriver: COMMAND getElementText("f.8AA54734AA77FC8FA71C50576EE7DE7A.d.81896DEF35B35D6ACD8ACA98F9D48BFD.e.87")
[0-0] 2026-02-16T07:37:44.525Z INFO webdriver: [GET] http://localhost:57033/session/b76876907725149ab99c7c8c36f96a74/element/f.8AA54734AA77FC8FA71C50576EE7DE7A.d.81896DEF35B35D6ACD8ACA98F9D48BFD.e.87/text
[0-0] 2026-02-16T07:37:44.537Z INFO webdriver: RESULT 
[0-0] 2026-02-16T07:37:44.549Z INFO webdriver: COMMAND deleteSession()
[0-0] 2026-02-16T07:37:44.550Z INFO webdriver: [DELETE] http://localhost:57033/session/b76876907725149ab99c7c8c36f96a74
[0-0] 2026-02-16T07:37:45.093Z INFO webdriver: RESULT null
[0-0] 2026-02-16T07:37:45.093Z INFO webdriver: Close Bidi connection to ws://127.0.0.1:57033/session/b76876907725149ab99c7c8c36f96a74
[0-0] 2026-02-16T07:37:45.094Z INFO webdriver: Kill driver process with PID 23064
[0-0] PASSED in chrome - file:///C:/MobileAutomation/igs-wdio-framework-main/test/specs/signUpIwant.spec.ts
2026-02-16T07:37:45.297Z INFO @wdio/cli:launcher: Run onWorkerEnd hook

 "spec" Reporter:
------------------------------------------------------------------
[chrome 144.0.7559.110 windows #0-0] Running: chrome (v144.0.7559.110) on windows
[chrome 144.0.7559.110 windows #0-0] Session ID: b76876907725149ab99c7c8c36f96a74
[chrome 144.0.7559.110 windows #0-0]
[chrome 144.0.7559.110 windows #0-0] ┬╗ test\specs\signUpIwant.spec.ts
[chrome 144.0.7559.110 windows #0-0] Login Test
[chrome 144.0.7559.110 windows #0-0]    Ô£ô should capture signin button attributes
[chrome 144.0.7559.110 windows #0-0]
[chrome 144.0.7559.110 windows #0-0] 1 passing (11.7s)


Spec Files:	 1 passed, 1 total (100% completed) in 00:00:16  

2026-02-16T07:37:45.401Z INFO @wdio/local-runner: Shutting down spawned worker
2026-02-16T07:37:45.664Z INFO @wdio/local-runner: Waiting for 0 to shut down gracefully
2026-02-16T07:37:45.664Z INFO @wdio/local-runner: shutting down
2026-02-16T07:37:45.665Z INFO @wdio/cli:launcher: Run onComplete hook
Test execution completed
